> Task :app:preBuild UP-TO-DATE
> Task :app:preDebugBuild UP-TO-DATE
> Task :app:mergeDebugNativeDebugMetadata NO-SOURCE
> Task :app:generateDebugResources UP-TO-DATE
> Task :app:packageDebugResources UP-TO-DATE
> Task :app:processDebugNavigationResources UP-TO-DATE
> Task :app:parseDebugLocalResources UP-TO-DATE
> Task :app:generateDebugRFile UP-TO-DATE
> Task :app:compileDebugKotlin NO-SOURCE
> Task :app:javaPreCompileDebug UP-TO-DATE

> Task :app:compileDebugJavaWithJavac FAILED
D:\MEox\UITer\DOAN\Mosco_Megre\Mosco\client\app\src\main\java\com\vn\jet\mosco\fragment\HomeFragment.java:203: error: cannot find symbol
            ivHomeAvatar = v.findViewById(R.id.iv_home_avatar);
            ^
  symbol:   variable ivHomeAvatar
  location: class HomeFragment
D:\MEox\UITer\DOAN\Mosco_Megre\Mosco\client\app\src\main\java\com\vn\jet\mosco\fragment\HomeFragment.java:907: error: cannot find symbol
            if (ivHomeAvatar != null) {
                ^
  symbol:   variable ivHomeAvatar
  location: class HomeFragment
D:\MEox\UITer\DOAN\Mosco_Megre\Mosco\client\app\src\main\java\com\vn\jet\mosco\fragment\HomeFragment.java:919: error: cannot find symbol
                            .into(ivHomeAvatar);
                                  ^
  symbol:   variable ivHomeAvatar
  location: class HomeFragment
D:\MEox\UITer\DOAN\Mosco_Megre\Mosco\client\app\src\main\java\com\vn\jet\mosco\fragment\HomeFragment.java:921: error: cannot find symbol
                    ivHomeAvatar.setImageResource(R.drawable.ic_user);
                    ^
  symbol:   variable ivHomeAvatar
  location: class HomeFragment
Note: Some input files use or override a deprecated API.
Note: Recompile with -Xlint:deprecation for details.
4 errors

[Incubating] Problems report is available at: file:///D:/MEox/UITer/DOAN/Mosco_Megre/Mosco/client/build/reports/problems/problems-report.html

FAILURE: Build failed with an exception.

* What went wrong:
Execution failed for task ':app:compileDebugJavaWithJavac'.
> Compilation failed; see the compiler output below.
  Note: Recompile with -Xlint:deprecation for details.
  D:\MEox\UITer\DOAN\Mosco_Megre\Mosco\client\app\src\main\java\com\vn\jet\mosco\fragment\HomeFragment.java:203: error: cannot find symbol
              ivHomeAvatar = v.findViewById(R.id.iv_home_avatar);
              ^
    symbol:   variable ivHomeAvatar
    location: class HomeFragment
  D:\MEox\UITer\DOAN\Mosco_Megre\Mosco\client\app\src\main\java\com\vn\jet\mosco\fragment\HomeFragment.java:907: error: cannot find symbol
              if (ivHomeAvatar != null) {
                  ^
    symbol:   variable ivHomeAvatar
    location: class HomeFragment
  D:\MEox\UITer\DOAN\Mosco_Megre\Mosco\client\app\src\main\java\com\vn\jet\mosco\fragment\HomeFragment.java:919: error: cannot find symbol
                              .into(ivHomeAvatar);
                                    ^
    symbol:   variable ivHomeAvatar
    location: class HomeFragment
  D:\MEox\UITer\DOAN\Mosco_Megre\Mosco\client\app\src\main\java\com\vn\jet\mosco\fragment\HomeFragment.java:921: error: cannot find symbol
                      ivHomeAvatar.setImageResource(R.drawable.ic_user);
                      ^
    symbol:   variable ivHomeAvatar
    location: class HomeFragment
  Note: Some input files use or override a deprecated API.
  4 errors

* Try:
> Check your code and dependencies to fix the compilation error(s)
> Run with --scan to get full insights from a Build Scan (powered by Develocity).

Deprecated Gradle features were used in this build, making it incompatible with Gradle 10.

You can use '--warning-mode all' to show the individual deprecation warnings and determine if they come from your own scripts or plugins.

For more on this, please refer to https://docs.gradle.org/9.3.1/userguide/command_line_interface.html#sec:command_line_warnings in the Gradle documentation.

BUILD FAILED in 5s
7 actionable tasks: 1 executed, 6 up-to-date
