#
# There is insufficient memory for the Java Runtime Environment to continue.
# Native memory allocation (mmap) failed to map 67108864 bytes. Error detail: G1 virtual space
# Possible reasons:
#   The system is out of physical RAM or swap space
#   This process is running with CompressedOops enabled, and the Java Heap may be blocking the growth of the native heap
# Possible solutions:
#   Reduce memory load on the system
#   Increase physical memory or swap space
#   Check if swap backing store is full
#   Decrease Java heap size (-Xmx/-Xms)
#   Decrease number of Java threads
#   Decrease Java thread stack sizes (-Xss)
#   Set larger code cache with -XX:ReservedCodeCacheSize=
#   JVM is running with Unscaled Compressed Oops mode in which the Java heap is
#     placed in the first 4GB address space. The Java Heap base address is the
#     maximum limit for the native heap growth. Please use -XX:HeapBaseMinAddress
#     to set the Java Heap base and to place the Java Heap above 4GB virtual address.
# This output file may be truncated or incomplete.
#
#  Out of Memory Error (os_windows.cpp:3925), pid=36728, tid=17228
#
# JRE version:  (21.0.9) (build )
# Java VM: OpenJDK 64-Bit Server VM (21.0.9+-14787801-b1163.94, mixed mode, sharing, tiered, compressed oops, compressed class ptrs, g1 gc, windows-amd64)
# No core dump will be written. Minidumps are not enabled by default on client versions of Windows
#

---------------  S U M M A R Y ------------

Command Line: -Xmx64m -Xms64m -Dorg.gradle.appname=gradlew D:\MEox\UITer\DOAN\Mosco_Megre\Mosco\client\\gradle\wrapper\gradle-wrapper.jar installDebug

Host: 12th Gen Intel(R) Core(TM) i5-1235U, 12 cores, 15G,  Windows 11 , 64 bit Build 26100 (10.0.26100.8246)
Time: Sat May  9 00:02:03 2026 SE Asia Standard Time elapsed time: 1.072224 seconds (0d 0h 0m 1s)

---------------  T H R E A D  ---------------

Current thread (0x000001e61191d3f0):  JavaThread "Unknown thread" [_thread_in_vm, id=17228, stack(0x00000046c4600000,0x00000046c4700000) (1024K)]

Stack: [0x00000046c4600000,0x00000046c4700000]
Native frames: (J=compiled Java code, j=interpreted, Vv=VM code, C=native code)
V  [jvm.dll+0x6d6c99]
V  [jvm.dll+0x866b83]
V  [jvm.dll+0x8691ae]
V  [jvm.dll+0x869893]
V  [jvm.dll+0x280776]
V  [jvm.dll+0x6d3555]
V  [jvm.dll+0x6c6bea]
V  [jvm.dll+0x3587fb]
V  [jvm.dll+0x360476]
V  [jvm.dll+0x3b2646]
V  [jvm.dll+0x3b2918]
V  [jvm.dll+0x32af0c]
V  [jvm.dll+0x32bbfb]
V  [jvm.dll+0x82e839]
V  [jvm.dll+0x3bf818]
V  [jvm.dll+0x8179d8]
V  [jvm.dll+0x453cbe]
V  [jvm.dll+0x455421]
C  [jli.dll+0x52ab]
C  [ucrtbase.dll+0x37b0]
C  [KERNEL32.DLL+0x2e8d7]
C  [ntdll.dll+0x8c3fc]


---------------  P R O C E S S  ---------------

Threads class SMR info:
_java_thread_list=0x00007ff88080b988, length=0, elements={
}

Java Threads: ( => current thread )
Total: 0

Other Threads:
  0x000001e613d967b0 WorkerThread "GC Thread#0"                     [id=43444, stack(0x00000046c4700000,0x00000046c4800000) (1024K)]
  0x000001e613d97f90 ConcurrentGCThread "G1 Main Marker"            [id=61340, stack(0x00000046c4800000,0x00000046c4900000) (1024K)]
  0x000001e613d98a90 WorkerThread "G1 Conc#0"                       [id=53896, stack(0x00000046c4900000,0x00000046c4a00000) (1024K)]

[error occurred during error reporting (printing all threads), id 0xc0000005, EXCEPTION_ACCESS_VIOLATION (0xc0000005) at pc=0x00007ff87fffdee7]
VM state: not at safepoint (not fully initialized)

VM Mutex/Monitor currently owned by a thread:  ([mutex/lock_event])
[0x00007ff880878790] Heap_lock - owner thread: 0x000001e61191d3f0

Heap address: 0x00000000fc000000, size: 64 MB, Compressed Oops mode: 32-bit

CDS archive(s) mapped at: [0x0000000000000000-0x0000000000000000-0x0000000000000000), size 0, SharedBaseAddress: 0x0000000800000000, ArchiveRelocationMode: 1.
Narrow klass base: 0x0000000000000000, Narrow klass shift: 0, Narrow klass range: 0x0

GC Precious Log:
 CardTable entry size: 512
 Card Set container configuration: InlinePtr #cards 5 size 8 Array Of Cards #cards 12 size 40 Howl #buckets 4 coarsen threshold 1843 Howl Bitmap #cards 512 size 80 coarsen threshold 460 Card regions per heap region 1 cards per card region 2048

Heap:
 garbage-first heap   total 0K, used 0K [0x00000000fc000000, 0x0000000100000000)
  region size 1024K, 0 young (0K), 0 survivors (0K)
 Metaspace       used 0K, committed 0K, reserved 0K
  class space    used 0K, committed 0K, reserved 0K

Heap Regions: E=young(eden), S=young(survivor), O=old, HS=humongous(starts), HC=humongous(continues), CS=collection set, F=free, TAMS=top-at-mark-start, PB=parsable bottom

Card table byte_map: [0x000001e611c20000,0x000001e611c40000] _byte_map_base: 0x000001e611440000

Marking Bits: (CMBitMap*) 0x000001e613d96eb0
 Bits: [0x000001e626440000, 0x000001e626540000)

GC Heap History (0 events):
No events

Dll operation events (1 events):
Event: 0.007 Loaded shared library C:\Program Files\Android\Android Studio\jbr\bin\java.dll

Deoptimization events (0 events):
No events

Classes loaded (0 events):
No events

Classes unloaded (0 events):
No events

Classes redefined (0 events):
No events

Internal exceptions (0 events):
No events

ZGC Phase Switch (0 events):
No events

VM Operations (0 events):
No events

Memory protections (0 events):
No events

Nmethod flushes (0 events):
No events

Events (0 events):
No events


Dynamic libraries:
0x00007ff733260000 - 0x00007ff73326a000 	C:\Program Files\Android\Android Studio\jbr\bin\java.exe
0x00007ff92eee0000 - 0x00007ff92f147000 	C:\WINDOWS\SYSTEM32\ntdll.dll
0x00007ff92dae0000 - 0x00007ff92dba9000 	C:\WINDOWS\System32\KERNEL32.DLL
0x00007ff92c020000 - 0x00007ff92c414000 	C:\WINDOWS\System32\KERNELBASE.dll
0x00007ff92c690000 - 0x00007ff92c7db000 	C:\WINDOWS\System32\ucrtbase.dll
0x00007ff8f29a0000 - 0x00007ff8f29bb000 	C:\Program Files\Android\Android Studio\jbr\bin\VCRUNTIME140.dll
0x00007ff8f29c0000 - 0x00007ff8f29d8000 	C:\Program Files\Android\Android Studio\jbr\bin\jli.dll
0x00007ff92e0a0000 - 0x00007ff92e265000 	C:\WINDOWS\System32\USER32.dll
0x00007ff9141a0000 - 0x00007ff914433000 	C:\WINDOWS\WinSxS\amd64_microsoft.windows.common-controls_6595b64144ccf1df_6.0.26100.8115_none_3e075c82e3354f9c\COMCTL32.dll
0x00007ff92cb80000 - 0x00007ff92cba7000 	C:\WINDOWS\System32\win32u.dll
0x00007ff92d990000 - 0x00007ff92da39000 	C:\WINDOWS\System32\msvcrt.dll
0x00007ff92e920000 - 0x00007ff92e94b000 	C:\WINDOWS\System32\GDI32.dll
0x00007ff92c4b0000 - 0x00007ff92c5db000 	C:\WINDOWS\System32\gdi32full.dll
0x00007ff92c5e0000 - 0x00007ff92c683000 	C:\WINDOWS\System32\msvcp_win.dll
0x00007ff92ed60000 - 0x00007ff92ed92000 	C:\WINDOWS\System32\IMM32.DLL
0x00007ff915190000 - 0x00007ff91519c000 	C:\Program Files\Android\Android Studio\jbr\bin\vcruntime140_1.dll
0x00007ff8ecd40000 - 0x00007ff8ecdcd000 	C:\Program Files\Android\Android Studio\jbr\bin\msvcp140.dll
0x00007ff87fcc0000 - 0x00007ff880956000 	C:\Program Files\Android\Android Studio\jbr\bin\server\jvm.dll
0x00007ff92eca0000 - 0x00007ff92ed56000 	C:\WINDOWS\System32\ADVAPI32.dll
0x00007ff92ebf0000 - 0x00007ff92ec97000 	C:\WINDOWS\System32\sechost.dll
0x00007ff92e980000 - 0x00007ff92ea98000 	C:\WINDOWS\System32\RPCRT4.dll
0x00007ff92cf30000 - 0x00007ff92cfb0000 	C:\WINDOWS\System32\WS2_32.dll
0x00007ff926800000 - 0x00007ff926836000 	C:\WINDOWS\SYSTEM32\WINMM.dll
0x00007ff92b630000 - 0x00007ff92b68e000 	C:\WINDOWS\SYSTEM32\POWRPROF.dll
0x00007ff915de0000 - 0x00007ff915deb000 	C:\WINDOWS\SYSTEM32\VERSION.dll
0x00007ff92b610000 - 0x00007ff92b624000 	C:\WINDOWS\SYSTEM32\UMPDC.dll
0x00007ff92a4a0000 - 0x00007ff92a4bb000 	C:\WINDOWS\SYSTEM32\kernel.appcore.dll
0x00007ff91a2c0000 - 0x00007ff91a2ca000 	C:\Program Files\Android\Android Studio\jbr\bin\jimage.dll
0x00007ff929580000 - 0x00007ff9297c2000 	C:\WINDOWS\SYSTEM32\DBGHELP.DLL
0x00007ff92dd10000 - 0x00007ff92e092000 	C:\WINDOWS\System32\combase.dll
0x00007ff92cc80000 - 0x00007ff92cd58000 	C:\WINDOWS\System32\OLEAUT32.dll
0x00007ff90f020000 - 0x00007ff90f05b000 	C:\WINDOWS\SYSTEM32\dbgcore.DLL
0x00007ff92c950000 - 0x00007ff92c9f5000 	C:\WINDOWS\System32\bcryptPrimitives.dll
0x00007ff91a2a0000 - 0x00007ff91a2c0000 	C:\Program Files\Android\Android Studio\jbr\bin\java.dll

JVMTI agents: none

dbghelp: loaded successfully - version: 4.0.5 - missing functions: none
symbol engine: initialized successfully - sym options: 0x614 - pdb path: .;C:\Program Files\Android\Android Studio\jbr\bin;C:\WINDOWS\SYSTEM32;C:\WINDOWS\WinSxS\amd64_microsoft.windows.common-controls_6595b64144ccf1df_6.0.26100.8115_none_3e075c82e3354f9c;C:\Program Files\Android\Android Studio\jbr\bin\server

VM Arguments:
jvm_args: -Xmx64m -Xms64m -Dorg.gradle.appname=gradlew 
java_command: D:\MEox\UITer\DOAN\Mosco_Megre\Mosco\client\\gradle\wrapper\gradle-wrapper.jar installDebug
java_class_path (initial): D:\MEox\UITer\DOAN\Mosco_Megre\Mosco\client\\gradle\wrapper\gradle-wrapper.jar
Launcher Type: SUN_STANDARD

[Global flags]
     intx CICompilerCount                          = 4                                         {product} {ergonomic}
     uint ConcGCThreads                            = 3                                         {product} {ergonomic}
     uint G1ConcRefinementThreads                  = 10                                        {product} {ergonomic}
   size_t G1HeapRegionSize                         = 1048576                                   {product} {ergonomic}
    uintx GCDrainStackTargetSize                   = 64                                        {product} {ergonomic}
   size_t InitialHeapSize                          = 67108864                                  {product} {command line}
   size_t MarkStackSize                            = 4194304                                   {product} {ergonomic}
   size_t MaxHeapSize                              = 67108864                                  {product} {command line}
   size_t MinHeapDeltaBytes                        = 1048576                                   {product} {ergonomic}
   size_t MinHeapSize                              = 67108864                                  {product} {command line}
    uintx NonNMethodCodeHeapSize                   = 5839372                                {pd product} {ergonomic}
    uintx NonProfiledCodeHeapSize                  = 122909434                              {pd product} {ergonomic}
    uintx ProfiledCodeHeapSize                     = 122909434                              {pd product} {ergonomic}
    uintx ReservedCodeCacheSize                    = 251658240                              {pd product} {ergonomic}
     bool SegmentedCodeCache                       = true                                      {product} {ergonomic}
   size_t SoftMaxHeapSize                          = 67108864                               {manageable} {ergonomic}
     bool UseCompressedOops                        = true                           {product lp64_product} {ergonomic}
     bool UseG1GC                                  = true                                      {product} {ergonomic}
     bool UseLargePagesIndividualAllocation        = false                                  {pd product} {ergonomic}

Logging:
Log output configuration:
 #0: stdout all=warning uptime,level,tags foldmultilines=false
 #1: stderr all=off uptime,level,tags foldmultilines=false

Release file:
<release file has not been read>
Environment Variables:
JAVA_HOME=C:\Program Files\Android\Android Studio\jbr
PATH=C:\Program Files (x86)\Common Files\Oracle\Java\java8path;C:\Program Files (x86)\Common Files\Oracle\Java\javapath;C:\Program Files\Microsoft MPI\Bin\;C:\WINDOWS\system32;C:\WINDOWS;C:\WINDOWS\System32\Wbem;C:\WINDOWS\System32\WindowsPowerShell\v1.0\;C:\WINDOWS\System32\OpenSSH\;C:\Program Files\dotnet\;C:\msys64\ucrt64\bin;C:\Program Files (x86)\Windows Kits\10\Windows Performance Toolkit\;C:\Program Files (x86)\Microsoft SQL Server\160\Tools\Binn\;C:\Program Files\Microsoft SQL Server\160\Tools\Binn\;C:\Program Files\Microsoft SQL Server\Client SDK\ODBC\170\Tools\Binn\;C:\Program Files\Microsoft SQL Server\160\DTS\Binn\;C:\Program Files (x86)\Microsoft SQL Server\160\DTS\Binn\;C:\Program Files\Microsoft SQL Server\170\DTS\Binn\;C:\Program Files\Git\cmd;C:\Users\DELL\AppData\Local\Muse Hub\lib;C:\Program Files\PuTTY\;C:\Program Files\nodejs\;C:\Program Files\Void\bin;C:\Program Files\MySQL\MySQL Shell 8.0\bin\;C:\Users\DELL\AppData\Local\Programs\Python\Python310\Scripts\;C:\Users\DELL\AppData\Local\Programs\Python\Python310\;C:\Users\DELL\AppData\Local\Microsoft\WindowsApps;C:\Users\DELL\.dotnet\tools;C:\Users\DELL\AppData\Local\Programs\Microsoft VS Code\bin;C:\Users\DELL\AppData\Local\Pandoc\;C:\Users\DELL\AppData\Roaming\npm;C:\Program Files\MySQL\MySQL Server 8.0\bin;C:\Users\DELL\AppData\Local\Programs\cursor\resources\app\bin;C:\Users\DELL\AppData\Local\Programs\Antigravity\bin;C:\Users\DELL\AppData\Local\Microsoft\WindowsApps;C:\Program Files\Android\Android Studio\jbr\bin;
USERNAME=DELL
OS=Windows_NT
PROCESSOR_IDENTIFIER=Intel64 Family 6 Model 154 Stepping 4, GenuineIntel
TMP=C:\Users\DELL\AppData\Local\Temp
TEMP=C:\Users\DELL\AppData\Local\Temp




Periodic native trim disabled

JNI global refs:
JNI global refs: 0, weak refs: 0

JNI global refs memory usage: 0, weak refs: 0

Process memory usage:
Resident Set Size: 12816K (0% of 16454388K total physical memory with 888044K free physical memory)

OOME stack traces (most recent first):
Classloader memory used:

---------------  S Y S T E M  ---------------

OS:
 Windows 11 , 64 bit Build 26100 (10.0.26100.8246)
OS uptime: 1 days 9:02 hours

CPU: total 12 (initial active 12) (6 cores per cpu, 2 threads per core) family 6 model 154 stepping 4 microcode 0x43b, cx8, cmov, fxsr, ht, mmx, 3dnowpref, sse, sse2, sse3, ssse3, sse4.1, sse4.2, popcnt, lzcnt, tsc, tscinvbit, avx, avx2, aes, erms, clmul, bmi1, bmi2, adx, sha, fma, vzeroupper, clflush, clflushopt, clwb, serialize, rdtscp, rdpid, fsrm, f16c, pku, cet_ibt, cet_ss
Processor Information for the first 12 processors :
  Max Mhz: 1300, Current Mhz: 1300, Mhz Limit: 1300

Memory: 4k page, system-wide physical 16068M (867M free)
TotalPageFile size 31428M (AvailPageFile size 61M)
current process WorkingSet (physical memory assigned to process): 12M, peak: 12M
current process commit charge ("private bytes"): 63M, peak: 127M

vm_info: OpenJDK 64-Bit Server VM (21.0.9+-14787801-b1163.94) for windows-amd64 JRE (21.0.9+-14787801-b1163.94), built on 2026-01-27T21:15:44Z by "builder" with MS VC++ 16.10 / 16.11 (VS2019)

END.
