#
# There is insufficient memory for the Java Runtime Environment to continue.
# Native memory allocation (mmap) failed to map 67108864 bytes. Error detail: G1 virtual space
# Possible reasons:
#   The system is out of physical RAM or swap space
#   This process is running with CompressedOops enabled, and the Java Heap may be blocking the growth of the native heap
# Possible solutions:
#   Reduce memory load on the system
#   Increase physical memory or swap space
#   Check if swap backing store is full
#   Decrease Java heap size (-Xmx/-Xms)
#   Decrease number of Java threads
#   Decrease Java thread stack sizes (-Xss)
#   Set larger code cache with -XX:ReservedCodeCacheSize=
#   JVM is running with Unscaled Compressed Oops mode in which the Java heap is
#     placed in the first 4GB address space. The Java Heap base address is the
#     maximum limit for the native heap growth. Please use -XX:HeapBaseMinAddress
#     to set the Java Heap base and to place the Java Heap above 4GB virtual address.
# This output file may be truncated or incomplete.
#
#  Out of Memory Error (os_windows.cpp:3717), pid=23420, tid=22116
#
# JRE version:  (21.0.11+10) (build )
# Java VM: OpenJDK 64-Bit Server VM (21.0.11+10-LTS, mixed mode, sharing, tiered, compressed oops, compressed class ptrs, g1 gc, windows-amd64)
# No core dump will be written. Minidumps are not enabled by default on client versions of Windows
#

---------------  S U M M A R Y ------------

Command Line: -Xmx64m -Xms64m -Dorg.gradle.appname=gradlew D:\MEox\UITer\DOAN\Mosco_Megre\Mosco\client\\gradle\wrapper\gradle-wrapper.jar clean assembleDebug

Host: 12th Gen Intel(R) Core(TM) i5-1235U, 12 cores, 15G,  Windows 11 , 64 bit Build 26100 (10.0.26100.8328)
Time: Sat May 16 14:51:50 2026 SE Asia Standard Time elapsed time: 1.116170 seconds (0d 0h 0m 1s)

---------------  T H R E A D  ---------------

Current thread (0x0000019ab7efff60):  JavaThread "Unknown thread" [_thread_in_vm, id=22116, stack(0x000000900b000000,0x000000900b100000) (1024K)]

Stack: [0x000000900b000000,0x000000900b100000]
Native frames: (J=compiled Java code, j=interpreted, Vv=VM code, C=native code)
V  [jvm.dll+0x6e0429]  (no source info available)
V  [jvm.dll+0x8c057b]  (no source info available)
V  [jvm.dll+0x8c2b0a]  (no source info available)
V  [jvm.dll+0x8c31e3]  (no source info available)
V  [jvm.dll+0x28ac66]  (no source info available)
V  [jvm.dll+0x6df8d5]  (no source info available)
V  [jvm.dll+0x6d36aa]  (no source info available)
V  [jvm.dll+0x367b8e]  (no source info available)
V  [jvm.dll+0x36fa5b]  (no source info available)
V  [jvm.dll+0x3c1539]  (no source info available)
V  [jvm.dll+0x3c17db]  (no source info available)
V  [jvm.dll+0x33b447]  (no source info available)
V  [jvm.dll+0x33bf8b]  (no source info available)
V  [jvm.dll+0x88aaae]  (no source info available)
V  [jvm.dll+0x3ce491]  (no source info available)
V  [jvm.dll+0x8739bc]  (no source info available)
V  [jvm.dll+0x4620a1]  (no source info available)
V  [jvm.dll+0x463ce1]  (no source info available)
C  [jli.dll+0x52f8]  (no source info available)
C  [ucrtbase.dll+0x37b0]  (no source info available)
C  [KERNEL32.DLL+0x2e957]  (no source info available)
C  [ntdll.dll+0x427c]  (no source info available)


---------------  P R O C E S S  ---------------

Threads class SMR info:
_java_thread_list=0x00007ff90a107288, length=0, elements={
}

Java Threads: ( => current thread )
Total: 0

Other Threads:
  0x0000019aba4376c0 WorkerThread "GC Thread#0"                     [id=24924, stack(0x000000900b100000,0x000000900b200000) (1024K)]
  0x0000019aba4396c0 ConcurrentGCThread "G1 Main Marker"            [id=24304, stack(0x000000900b200000,0x000000900b300000) (1024K)]
  0x0000019aba43b050 WorkerThread "G1 Conc#0"                       [id=8484, stack(0x000000900b300000,0x000000900b400000) (1024K)]

[error occurred during error reporting (printing all threads), id 0xc0000005, EXCEPTION_ACCESS_VIOLATION (0xc0000005) at pc=0x00007ff9097fdf07]
VM state: not at safepoint (not fully initialized)

VM Mutex/Monitor currently owned by a thread:  ([mutex/lock_event])
[0x00007ff90a17b9b0] Heap_lock - owner thread: 0x0000019ab7efff60

Heap address: 0x00000000fc000000, size: 64 MB, Compressed Oops mode: 32-bit

CDS archive(s) mapped at: [0x0000000000000000-0x0000000000000000-0x0000000000000000), size 0, SharedBaseAddress: 0x0000000800000000, ArchiveRelocationMode: 1.
Narrow klass base: 0x0000000000000000, Narrow klass shift: 0, Narrow klass range: 0x0

GC Precious Log:
 CardTable entry size: 512
 Card Set container configuration: InlinePtr #cards 5 size 8 Array Of Cards #cards 12 size 40 Howl #buckets 4 coarsen threshold 1843 Howl Bitmap #cards 512 size 80 coarsen threshold 460 Card regions per heap region 1 cards per card region 2048

Heap:
 garbage-first heap   total 0K, used 0K [0x00000000fc000000, 0x0000000100000000)
  region size 1024K, 0 young (0K), 0 survivors (0K)

[error occurred during error reporting (printing heap information), id 0xc0000005, EXCEPTION_ACCESS_VIOLATION (0xc0000005) at pc=0x00007ff909bed3c9]
GC Heap History (0 events):
No events

Dll operation events (1 events):
Event: 0.015 Loaded shared library C:\Program Files\Microsoft\jdk-21.0.11.10-hotspot\bin\java.dll

Deoptimization events (0 events):
No events

Classes loaded (0 events):
No events

Classes unloaded (0 events):
No events

Classes redefined (0 events):
No events

Internal exceptions (0 events):
No events

ZGC Phase Switch (0 events):
No events

VM Operations (0 events):
No events

Memory protections (0 events):
No events

Nmethod flushes (0 events):
No events

Events (0 events):
No events


Dynamic libraries:
0x00007ff795700000 - 0x00007ff79570e000 	C:\Program Files\Microsoft\jdk-21.0.11.10-hotspot\bin\java.exe
0x00007ff9f09c0000 - 0x00007ff9f0c27000 	C:\WINDOWS\SYSTEM32\ntdll.dll
0x00007ff9ef6d0000 - 0x00007ff9ef799000 	C:\WINDOWS\System32\KERNEL32.DLL
0x00007ff9ed5a0000 - 0x00007ff9ed997000 	C:\WINDOWS\System32\KERNELBASE.dll
0x00007ff9eda60000 - 0x00007ff9edbab000 	C:\WINDOWS\System32\ucrtbase.dll
0x00007ff9d7bc0000 - 0x00007ff9d7bde000 	C:\Program Files\Microsoft\jdk-21.0.11.10-hotspot\bin\VCRUNTIME140.dll
0x00007ff9d7ba0000 - 0x00007ff9d7bb8000 	C:\Program Files\Microsoft\jdk-21.0.11.10-hotspot\bin\jli.dll
0x00007ff9ef450000 - 0x00007ff9ef616000 	C:\WINDOWS\System32\USER32.dll
0x00007ff9d5dc0000 - 0x00007ff9d6052000 	C:\WINDOWS\WinSxS\amd64_microsoft.windows.common-controls_6595b64144ccf1df_6.0.26100.8457_none_3e0b2faee331e92d\COMCTL32.dll
0x00007ff9ed570000 - 0x00007ff9ed597000 	C:\WINDOWS\System32\win32u.dll
0x00007ff9f08a0000 - 0x00007ff9f0949000 	C:\WINDOWS\System32\msvcrt.dll
0x00007ff9f0950000 - 0x00007ff9f097b000 	C:\WINDOWS\System32\GDI32.dll
0x00007ff9edcf0000 - 0x00007ff9ede1c000 	C:\WINDOWS\System32\gdi32full.dll
0x00007ff9ede20000 - 0x00007ff9edec3000 	C:\WINDOWS\System32\msvcp_win.dll
0x00007ff9ef620000 - 0x00007ff9ef652000 	C:\WINDOWS\System32\IMM32.DLL
0x00007ff9d7b90000 - 0x00007ff9d7b9c000 	C:\Program Files\Microsoft\jdk-21.0.11.10-hotspot\bin\vcruntime140_1.dll
0x00007ff9aec50000 - 0x00007ff9aecd9000 	C:\Program Files\Microsoft\jdk-21.0.11.10-hotspot\bin\msvcp140.dll
0x00007ff9094b0000 - 0x00007ff90a25e000 	C:\Program Files\Microsoft\jdk-21.0.11.10-hotspot\bin\server\jvm.dll
0x00007ff9ef270000 - 0x00007ff9ef326000 	C:\WINDOWS\System32\ADVAPI32.dll
0x00007ff9efb80000 - 0x00007ff9efc27000 	C:\WINDOWS\System32\sechost.dll
0x00007ff9ef330000 - 0x00007ff9ef448000 	C:\WINDOWS\System32\RPCRT4.dll
0x00007ff9eee40000 - 0x00007ff9eeec0000 	C:\WINDOWS\System32\WS2_32.dll
0x00007ff9ed250000 - 0x00007ff9ed2ae000 	C:\WINDOWS\SYSTEM32\POWRPROF.dll
0x00007ff9e8460000 - 0x00007ff9e8496000 	C:\WINDOWS\SYSTEM32\WINMM.dll
0x00007ff9d7080000 - 0x00007ff9d708b000 	C:\WINDOWS\SYSTEM32\VERSION.dll
0x00007ff9ed230000 - 0x00007ff9ed244000 	C:\WINDOWS\SYSTEM32\UMPDC.dll
0x00007ff9ec0e0000 - 0x00007ff9ec0fb000 	C:\WINDOWS\SYSTEM32\kernel.appcore.dll
0x00007ff9d7b80000 - 0x00007ff9d7b8a000 	C:\Program Files\Microsoft\jdk-21.0.11.10-hotspot\bin\jimage.dll
0x00007ff9eb050000 - 0x00007ff9eb292000 	C:\WINDOWS\SYSTEM32\DBGHELP.DLL
0x00007ff9efc30000 - 0x00007ff9effb3000 	C:\WINDOWS\System32\combase.dll
0x00007ff9eeed0000 - 0x00007ff9eefa9000 	C:\WINDOWS\System32\OLEAUT32.dll
0x00007ff9cf010000 - 0x00007ff9cf04b000 	C:\WINDOWS\SYSTEM32\dbgcore.DLL
0x00007ff9edc40000 - 0x00007ff9edce8000 	C:\WINDOWS\System32\bcryptPrimitives.dll
0x00007ff9c9d30000 - 0x00007ff9c9d51000 	C:\Program Files\Microsoft\jdk-21.0.11.10-hotspot\bin\java.dll

JVMTI agents: none

dbghelp: loaded successfully - version: 4.0.5 - missing functions: none
symbol engine: initialized successfully - sym options: 0x614 - pdb path: .;C:\Program Files\Microsoft\jdk-21.0.11.10-hotspot\bin;C:\WINDOWS\SYSTEM32;C:\WINDOWS\WinSxS\amd64_microsoft.windows.common-controls_6595b64144ccf1df_6.0.26100.8457_none_3e0b2faee331e92d;C:\Program Files\Microsoft\jdk-21.0.11.10-hotspot\bin\server

VM Arguments:
jvm_args: -Xmx64m -Xms64m -Dorg.gradle.appname=gradlew 
java_command: D:\MEox\UITer\DOAN\Mosco_Megre\Mosco\client\\gradle\wrapper\gradle-wrapper.jar clean assembleDebug
java_class_path (initial): D:\MEox\UITer\DOAN\Mosco_Megre\Mosco\client\\gradle\wrapper\gradle-wrapper.jar
Launcher Type: SUN_STANDARD

[Global flags]
     intx CICompilerCount                          = 4                                         {product} {ergonomic}
     uint ConcGCThreads                            = 3                                         {product} {ergonomic}
     uint G1ConcRefinementThreads                  = 10                                        {product} {ergonomic}
   size_t G1HeapRegionSize                         = 1048576                                   {product} {ergonomic}
    uintx GCDrainStackTargetSize                   = 64                                        {product} {ergonomic}
   size_t InitialHeapSize                          = 67108864                                  {product} {command line}
   size_t MarkStackSize                            = 4194304                                   {product} {ergonomic}
   size_t MaxHeapSize                              = 67108864                                  {product} {command line}
   size_t MinHeapDeltaBytes                        = 1048576                                   {product} {ergonomic}
   size_t MinHeapSize                              = 67108864                                  {product} {command line}
    uintx NonNMethodCodeHeapSize                   = 5839372                                {pd product} {ergonomic}
    uintx NonProfiledCodeHeapSize                  = 122909434                              {pd product} {ergonomic}
    uintx ProfiledCodeHeapSize                     = 122909434                              {pd product} {ergonomic}
    uintx ReservedCodeCacheSize                    = 251658240                              {pd product} {ergonomic}
     bool SegmentedCodeCache                       = true                                      {product} {ergonomic}
   size_t SoftMaxHeapSize                          = 67108864                               {manageable} {ergonomic}
     bool UseCompressedOops                        = true                           {product lp64_product} {ergonomic}
     bool UseG1GC                                  = true                                      {product} {ergonomic}
     bool UseLargePagesIndividualAllocation        = false                                  {pd product} {ergonomic}

Logging:
Log output configuration:
 #0: stdout all=warning uptime,level,tags foldmultilines=false
 #1: stderr all=off uptime,level,tags foldmultilines=false

Release file:
<release file has not been read>
Environment Variables:
JAVA_HOME=C:\Program Files\Microsoft\jdk-21.0.11.10-hotspot\
PATH=C:\Program Files\Microsoft\jdk-21.0.11.10-hotspot\bin;C:\Program Files (x86)\Common Files\Oracle\Java\java8path;C:\Program Files (x86)\Common Files\Oracle\Java\javapath;C:\Program Files\Microsoft MPI\Bin\;C:\WINDOWS\system32;C:\WINDOWS;C:\WINDOWS\System32\Wbem;C:\WINDOWS\System32\WindowsPowerShell\v1.0\;C:\WINDOWS\System32\OpenSSH\;C:\Program Files\dotnet\;C:\msys64\ucrt64\bin;C:\Program Files (x86)\Windows Kits\10\Windows Performance Toolkit\;C:\Program Files (x86)\Microsoft SQL Server\160\Tools\Binn\;C:\Program Files\Microsoft SQL Server\160\Tools\Binn\;C:\Program Files\Microsoft SQL Server\Client SDK\ODBC\170\Tools\Binn\;C:\Program Files\Microsoft SQL Server\160\DTS\Binn\;C:\Program Files (x86)\Microsoft SQL Server\160\DTS\Binn\;C:\Program Files\Microsoft SQL Server\170\DTS\Binn\;C:\Program Files\Git\cmd;C:\WINDOWS\system32\config\systemprofile\AppData\Local\Muse Hub\lib;C:\Program Files\PuTTY\;C:\Program Files\nodejs\;C:\Program Files\Void\bin;C:\Program Files\Docker\Docker\resources\bin;C:\Program Files\MySQL\MySQL Shell 8.0\bin\;C:\Users\DELL\AppData\Local\Programs\Python\Python310\Scripts\;C:\Users\DELL\AppData\Local\Programs\Python\Python310\;C:\Users\DELL\AppData\Local\Microsoft\WindowsApps;C:\Users\DELL\.dotnet\tools;C:\Users\DELL\AppData\Local\Programs\Microsoft VS Code\bin;C:\Users\DELL\AppData\Local\Pandoc\;C:\Users\DELL\AppData\Roaming\npm;C:\Program Files\MySQL\MySQL Server 8.0\bin;C:\Users\DELL\AppData\Local\Programs\cursor\resources\app\bin;C:\Users\DELL\AppData\Local\Programs\Antigravity\bin;C:\Users\DELL\AppData\Local\Microsoft\WindowsApps;C:\Program Files\Microsoft\jdk-21.0.11.10-hotspot\\bin;
USERNAME=DELL
OS=Windows_NT
PROCESSOR_IDENTIFIER=Intel64 Family 6 Model 154 Stepping 4, GenuineIntel
TMP=C:\Users\DELL\AppData\Local\Temp
TEMP=C:\Users\DELL\AppData\Local\Temp




Periodic native trim disabled

---------------  S Y S T E M  ---------------

OS:
 Windows 11 , 64 bit Build 26100 (10.0.26100.8328)
OS uptime: 0 days 1:20 hours

CPU: total 12 (initial active 12) (6 cores per cpu, 2 threads per core) family 6 model 154 stepping 4 microcode 0x43b, cx8, cmov, fxsr, ht, mmx, 3dnowpref, sse, sse2, sse3, ssse3, sse4.1, sse4.2, popcnt, lzcnt, tsc, tscinvbit, avx, avx2, aes, erms, clmul, bmi1, bmi2, adx, sha, fma, vzeroupper, clflush, clflushopt, clwb, serialize, rdtscp, rdpid, fsrm, f16c, pku, cet_ibt, cet_ss
Processor Information for the first 12 processors :
  Max Mhz: 1300, Current Mhz: 1300, Mhz Limit: 1300

Memory: 4k page, system-wide physical 16068M (1152M free)
TotalPageFile size 31428M (AvailPageFile size 62M)
current process WorkingSet (physical memory assigned to process): 12M, peak: 12M
current process commit charge ("private bytes"): 63M, peak: 127M

vm_info: OpenJDK 64-Bit Server VM (21.0.11+10-LTS) for windows-amd64 JRE (21.0.11+10-LTS), built on 2026-04-18T18:13:49Z by "MicrosoftCorporation" with MS VC++ 17.14 (VS2022)

END.
