#
# There is insufficient memory for the Java Runtime Environment to continue.
# Native memory allocation (malloc) failed to allocate 1048576 bytes. Error detail: AllocateHeap
# Possible reasons:
#   The system is out of physical RAM or swap space
#   This process is running with CompressedOops enabled, and the Java Heap may be blocking the growth of the native heap
# Possible solutions:
#   Reduce memory load on the system
#   Increase physical memory or swap space
#   Check if swap backing store is full
#   Decrease Java heap size (-Xmx/-Xms)
#   Decrease number of Java threads
#   Decrease Java thread stack sizes (-Xss)
#   Set larger code cache with -XX:ReservedCodeCacheSize=
#   JVM is running with Unscaled Compressed Oops mode in which the Java heap is
#     placed in the first 4GB address space. The Java Heap base address is the
#     maximum limit for the native heap growth. Please use -XX:HeapBaseMinAddress
#     to set the Java Heap base and to place the Java Heap above 4GB virtual address.
# This output file may be truncated or incomplete.
#
#  Out of Memory Error (allocation.cpp:44), pid=20788, tid=8716
#
# JRE version: OpenJDK Runtime Environment Temurin-21.0.10+7 (21.0.10+7) (build 21.0.10+7-LTS)
# Java VM: OpenJDK 64-Bit Server VM Temurin-21.0.10+7 (21.0.10+7-LTS, mixed mode, sharing, tiered, compressed oops, compressed class ptrs, parallel gc, windows-amd64)
# No core dump will be written. Minidumps are not enabled by default on client versions of Windows
#

---------------  S U M M A R Y ------------

Command Line: --add-modules=ALL-SYSTEM --add-opens=java.base/java.util=ALL-UNNAMED --add-opens=java.base/java.lang=ALL-UNNAMED --add-opens=java.base/sun.nio.fs=ALL-UNNAMED -Declipse.application=org.eclipse.jdt.ls.core.id1 -Dosgi.bundles.defaultStartLevel=4 -Declipse.product=org.eclipse.jdt.ls.core.product -Djava.import.generatesMetadataFilesAtProjectRoot=false -DDetectVMInstallationsJob.disabled=true -Dfile.encoding=utf8 -XX:+UseParallelGC -XX:GCTimeRatio=4 -XX:AdaptiveSizePolicyWeight=90 -Dsun.zip.disableMemoryMapping=true -Xmx2G -Xms100m -Xlog:disable -javaagent:c:\Users\DELL\.trae\extensions\redhat.java-1.53.0-win32-x64\lombok\lombok-1.18.39-4050.jar -XX:+HeapDumpOnOutOfMemoryError -XX:HeapDumpPath=c:\Users\DELL\AppData\Roaming\Trae\User\workspaceStorage\bca5830d03f387f6f4a6f536d87e4393\redhat.java -Daether.dependencyCollector.impl=bf c:\Users\DELL\.trae\extensions\redhat.java-1.53.0-win32-x64\server\plugins\org.eclipse.equinox.launcher_1.7.100.v20251111-0406.jar -configuration c:\Users\DELL\AppData\Roaming\Trae\User\globalStorage\redhat.java\1.53.0\config_win -data c:\Users\DELL\AppData\Roaming\Trae\User\workspaceStorage\bca5830d03f387f6f4a6f536d87e4393\redhat.java\jdt_ws --pipe=\\.\pipe\lsp-dafbec3f744f1654ad7d19b840224bc1-sock

Host: 12th Gen Intel(R) Core(TM) i5-1235U, 12 cores, 15G,  Windows 11 , 64 bit Build 26100 (10.0.26100.7920)
Time: Fri Mar 27 15:27:32 2026 SE Asia Standard Time elapsed time: 2942.341650 seconds (0d 0h 49m 2s)

---------------  T H R E A D  ---------------

Current thread (0x00000262e7509b70):  JavaThread "Attach Listener" daemon [_thread_in_vm, id=8716, stack(0x000000af4b000000,0x000000af4b100000) (1024K)]

Stack: [0x000000af4b000000,0x000000af4b100000]
Native frames: (J=compiled Java code, j=interpreted, Vv=VM code, C=native code)
V  [jvm.dll+0x6d7a39]
V  [jvm.dll+0x8b4b26]
V  [jvm.dll+0x8b70de]
V  [jvm.dll+0x8b77c3]
V  [jvm.dll+0x284346]
V  [jvm.dll+0xc1277]
V  [jvm.dll+0x6d82e9]
V  [jvm.dll+0x1334a6]
V  [jvm.dll+0x3f857e]
V  [jvm.dll+0x85f59d]
V  [jvm.dll+0x6d626d]
C  [ucrtbase.dll+0x37b0]
C  [KERNEL32.DLL+0x2e8d7]
C  [ntdll.dll+0x8c48c]


---------------  P R O C E S S  ---------------

Threads class SMR info:
_java_thread_list=0x00000262f14e6a70, length=46, elements={
0x00000262ce815730, 0x00000262cee6e3b0, 0x00000262e74ff580, 0x00000262e7506e80,
0x00000262e7509b70, 0x00000262e750b390, 0x00000262e750bf20, 0x00000262e89938d0,
0x00000262e899bc10, 0x00000262e8bb93f0, 0x00000262e8c68d90, 0x00000262ee4baf30,
0x00000262eea2a9d0, 0x00000262eea2b060, 0x00000262eea27be0, 0x00000262eea29cb0,
0x00000262eea28270, 0x00000262eea28900, 0x00000262eea2a340, 0x00000262f0d97b90,
0x00000262f0d98f40, 0x00000262f0d99c60, 0x00000262f0d995d0, 0x00000262f0d97500,
0x00000262f0d967e0, 0x00000262f0d9d0e0, 0x00000262f0d9b010, 0x00000262f0d9a980,
0x00000262f0d9ca50, 0x00000262f0d9bd30, 0x00000262f0d9c3c0, 0x00000262f0d9b6a0,
0x00000262f0d9d770, 0x00000262f0d9a2f0, 0x00000262f0d9de00, 0x00000262f0dd9c70,
0x00000262f0dd88c0, 0x00000262f0ddd0f0, 0x00000262ee8b55d0, 0x00000262ee8b3b90,
0x00000262ee8b7010, 0x00000262ee8b4f40, 0x00000262ee8b8a50, 0x00000262ee8b76a0,
0x00000262f0dd6e80, 0x00000262f0dd7510
}

Java Threads: ( => current thread )
  0x00000262ce815730 JavaThread "main"                              [_thread_blocked, id=12128, stack(0x000000af4a900000,0x000000af4aa00000) (1024K)]
  0x00000262cee6e3b0 JavaThread "Reference Handler"          daemon [_thread_blocked, id=22464, stack(0x000000af4ad00000,0x000000af4ae00000) (1024K)]
  0x00000262e74ff580 JavaThread "Finalizer"                  daemon [_thread_blocked, id=21108, stack(0x000000af4ae00000,0x000000af4af00000) (1024K)]
  0x00000262e7506e80 JavaThread "Signal Dispatcher"          daemon [_thread_blocked, id=24832, stack(0x000000af4af00000,0x000000af4b000000) (1024K)]
=>0x00000262e7509b70 JavaThread "Attach Listener"            daemon [_thread_in_vm, id=8716, stack(0x000000af4b000000,0x000000af4b100000) (1024K)]
  0x00000262e750b390 JavaThread "Service Thread"             daemon [_thread_blocked, id=26232, stack(0x000000af4b100000,0x000000af4b200000) (1024K)]
  0x00000262e750bf20 JavaThread "Monitor Deflation Thread"   daemon [_thread_blocked, id=22564, stack(0x000000af4b200000,0x000000af4b300000) (1024K)]
  0x00000262e89938d0 JavaThread "C2 CompilerThread0"         daemon [_thread_blocked, id=8916, stack(0x000000af4b300000,0x000000af4b400000) (1024K)]
  0x00000262e899bc10 JavaThread "C1 CompilerThread0"         daemon [_thread_blocked, id=12484, stack(0x000000af4b400000,0x000000af4b500000) (1024K)]
  0x00000262e8bb93f0 JavaThread "Common-Cleaner"             daemon [_thread_blocked, id=6352, stack(0x000000af4b500000,0x000000af4b600000) (1024K)]
  0x00000262e8c68d90 JavaThread "Notification Thread"        daemon [_thread_blocked, id=24564, stack(0x000000af4b600000,0x000000af4b700000) (1024K)]
  0x00000262ee4baf30 JavaThread "Active Thread: Equinox Container: 6cbba7a8-3337-4a7b-b488-a7f9530625fd"        [_thread_blocked, id=26132, stack(0x000000af4c400000,0x000000af4c500000) (1024K)]
  0x00000262eea2a9d0 JavaThread "Framework Event Dispatcher: Equinox Container: 6cbba7a8-3337-4a7b-b488-a7f9530625fd" daemon [_thread_blocked, id=23268, stack(0x000000af4c500000,0x000000af4c600000) (1024K)]
  0x00000262eea2b060 JavaThread "Start Level: Equinox Container: 6cbba7a8-3337-4a7b-b488-a7f9530625fd" daemon [_thread_blocked, id=10900, stack(0x000000af4c600000,0x000000af4c700000) (1024K)]
  0x00000262eea27be0 JavaThread "Bundle File Closer"         daemon [_thread_blocked, id=23312, stack(0x000000af4b700000,0x000000af4b800000) (1024K)]
  0x00000262eea29cb0 JavaThread "Refresh Thread: Equinox Container: 6cbba7a8-3337-4a7b-b488-a7f9530625fd" daemon [_thread_blocked, id=24904, stack(0x000000af4c800000,0x000000af4c900000) (1024K)]
  0x00000262eea28270 JavaThread "SCR Component Actor"        daemon [_thread_blocked, id=6300, stack(0x000000af4bf00000,0x000000af4c000000) (1024K)]
  0x00000262eea28900 JavaThread "Worker-JM"                         [_thread_blocked, id=22040, stack(0x000000af4b800000,0x000000af4b900000) (1024K)]
  0x00000262eea2a340 JavaThread "Java indexing"              daemon [_thread_blocked, id=24788, stack(0x000000af4c900000,0x000000af4ca00000) (1024K)]
  0x00000262f0d97b90 JavaThread "JNA Cleaner"                daemon [_thread_blocked, id=10516, stack(0x000000af4cc00000,0x000000af4cd00000) (1024K)]
  0x00000262f0d98f40 JavaThread "Worker-5"                          [_thread_blocked, id=23000, stack(0x000000af4d200000,0x000000af4d300000) (1024K)]
  0x00000262f0d99c60 JavaThread "Thread-1"                   daemon [_thread_in_native, id=25184, stack(0x000000af4d300000,0x000000af4d400000) (1024K)]
  0x00000262f0d995d0 JavaThread "Thread-2"                   daemon [_thread_in_native, id=6116, stack(0x000000af4d400000,0x000000af4d500000) (1024K)]
  0x00000262f0d97500 JavaThread "Thread-3"                   daemon [_thread_in_native, id=16588, stack(0x000000af4d500000,0x000000af4d600000) (1024K)]
  0x00000262f0d967e0 JavaThread "Thread-4"                   daemon [_thread_in_native, id=3776, stack(0x000000af4d600000,0x000000af4d700000) (1024K)]
  0x00000262f0d9d0e0 JavaThread "Thread-5"                   daemon [_thread_in_native, id=13520, stack(0x000000af4d700000,0x000000af4d800000) (1024K)]
  0x00000262f0d9b010 JavaThread "Thread-6"                   daemon [_thread_in_native, id=14936, stack(0x000000af4d800000,0x000000af4d900000) (1024K)]
  0x00000262f0d9a980 JavaThread "Thread-7"                   daemon [_thread_in_native, id=11484, stack(0x000000af4d900000,0x000000af4da00000) (1024K)]
  0x00000262f0d9ca50 JavaThread "Thread-8"                   daemon [_thread_in_native, id=11540, stack(0x000000af4da00000,0x000000af4db00000) (1024K)]
  0x00000262f0d9bd30 JavaThread "Thread-9"                   daemon [_thread_in_native, id=27044, stack(0x000000af4db00000,0x000000af4dc00000) (1024K)]
  0x00000262f0d9c3c0 JavaThread "Thread-10"                  daemon [_thread_in_native, id=12592, stack(0x000000af4dc00000,0x000000af4dd00000) (1024K)]
  0x00000262f0d9b6a0 JavaThread "Thread-11"                  daemon [_thread_in_native, id=12824, stack(0x000000af4dd00000,0x000000af4de00000) (1024K)]
  0x00000262f0d9d770 JavaThread "Thread-12"                  daemon [_thread_in_native, id=17956, stack(0x000000af4de00000,0x000000af4df00000) (1024K)]
  0x00000262f0d9a2f0 JavaThread "Thread-13"                  daemon [_thread_in_native, id=11056, stack(0x000000af4df00000,0x000000af4e000000) (1024K)]
  0x00000262f0d9de00 JavaThread "pool-2-thread-1"                   [_thread_blocked, id=5652, stack(0x000000af4e000000,0x000000af4e100000) (1024K)]
  0x00000262f0dd9c70 JavaThread "WorkspaceEventsHandler"            [_thread_blocked, id=7708, stack(0x000000af4e200000,0x000000af4e300000) (1024K)]
  0x00000262f0dd88c0 JavaThread "pool-1-thread-1"                   [_thread_blocked, id=25824, stack(0x000000af4e300000,0x000000af4e400000) (1024K)]
  0x00000262f0ddd0f0 JavaThread "Timer-0"                           [_thread_blocked, id=11488, stack(0x000000af4c200000,0x000000af4c300000) (1024K)]
  0x00000262ee8b55d0 JavaThread "Timer-1"                           [_thread_blocked, id=10944, stack(0x000000af4f000000,0x000000af4f100000) (1024K)]
  0x00000262ee8b3b90 JavaThread "Timer-2"                           [_thread_blocked, id=13176, stack(0x000000af4f200000,0x000000af4f300000) (1024K)]
  0x00000262ee8b7010 JavaThread "Timer-3"                           [_thread_blocked, id=25736, stack(0x000000af4f300000,0x000000af4f400000) (1024K)]
  0x00000262ee8b4f40 JavaThread "Timer-4"                           [_thread_blocked, id=21540, stack(0x000000af4f100000,0x000000af4f200000) (1024K)]
  0x00000262ee8b8a50 JavaThread "Timer-5"                           [_thread_blocked, id=12796, stack(0x000000af4f400000,0x000000af4f500000) (1024K)]
  0x00000262ee8b76a0 JavaThread "Timer-6"                           [_thread_blocked, id=13336, stack(0x000000af4fa00000,0x000000af4fb00000) (1024K)]
  0x00000262f0dd6e80 JavaThread "Worker-6"                          [_thread_blocked, id=27892, stack(0x000000af4a700000,0x000000af4a800000) (1024K)]
  0x00000262f0dd7510 JavaThread "ForkJoinPool.commonPool-worker-6" daemon [_thread_blocked, id=30524, stack(0x000000af4a600000,0x000000af4a700000) (1024K)]
Total: 46

Other Threads:
  0x00000262e74f4970 VMThread "VM Thread"                           [id=12732, stack(0x000000af4ac00000,0x000000af4ad00000) (1024K)]
  0x00000262e73eca00 WatcherThread "VM Periodic Task Thread"        [id=20980, stack(0x000000af4ab00000,0x000000af4ac00000) (1024K)]
  0x00000262cedd7d00 WorkerThread "GC Thread#0"                     [id=11780, stack(0x000000af4aa00000,0x000000af4ab00000) (1024K)]
  0x00000262ee4281b0 WorkerThread "GC Thread#1"                     [id=25656, stack(0x000000af4b900000,0x000000af4ba00000) (1024K)]
  0x00000262ee53f690 WorkerThread "GC Thread#2"                     [id=22972, stack(0x000000af4ba00000,0x000000af4bb00000) (1024K)]
  0x00000262ee53fa40 WorkerThread "GC Thread#3"                     [id=26084, stack(0x000000af4bb00000,0x000000af4bc00000) (1024K)]
  0x00000262ee53fdf0 WorkerThread "GC Thread#4"                     [id=11728, stack(0x000000af4bc00000,0x000000af4bd00000) (1024K)]
  0x00000262ee5401a0 WorkerThread "GC Thread#5"                     [id=27228, stack(0x000000af4bd00000,0x000000af4be00000) (1024K)]
  0x00000262ee540960 WorkerThread "GC Thread#6"                     [id=26912, stack(0x000000af4be00000,0x000000af4bf00000) (1024K)]
  0x00000262eeaab8b0 WorkerThread "GC Thread#7"                     [id=12064, stack(0x000000af4c700000,0x000000af4c800000) (1024K)]
  0x00000262ee9f9c20 WorkerThread "GC Thread#8"                     [id=22712, stack(0x000000af4ca00000,0x000000af4cb00000) (1024K)]
  0x00000262ef0932a0 WorkerThread "GC Thread#9"                     [id=10924, stack(0x000000af4d100000,0x000000af4d200000) (1024K)]
Total: 12

Threads with active compile tasks:
Total: 0

VM state: not at safepoint (normal execution)

VM Mutex/Monitor currently owned by a thread: None

Heap address: 0x0000000080000000, size: 2048 MB, Compressed Oops mode: 32-bit

CDS archive(s) mapped at: [0x0000026280000000-0x0000026280ba0000-0x0000026280ba0000), size 12189696, SharedBaseAddress: 0x0000026280000000, ArchiveRelocationMode: 1.
Compressed class space mapped at: 0x0000026281000000-0x00000262c1000000, reserved size: 1073741824
Narrow klass base: 0x0000026280000000, Narrow klass shift: 0, Narrow klass range: 0x100000000

GC Precious Log:
 CardTable entry size: 512
 CPUs: 12 total, 12 available
 Memory: 16068M
 Large Page Support: Disabled
 NUMA Support: Disabled
 Compressed Oops: Enabled (32-bit)
 Alignments: Space 512K, Generation 512K, Heap 2M
 Heap Min Capacity: 100M
 Heap Initial Capacity: 100M
 Heap Max Capacity: 2G
 Pre-touch: Disabled
 Parallel Workers: 10

Heap:
 PSYoungGen      total 16384K, used 15936K [0x00000000d5580000, 0x00000000d6780000, 0x0000000100000000)
  eden space 15872K, 98% used [0x00000000d5580000,0x00000000d64c01d8,0x00000000d6500000)
  from space 512K, 62% used [0x00000000d6700000,0x00000000d6750000,0x00000000d6780000)
  to   space 512K, 0% used [0x00000000d6680000,0x00000000d6680000,0x00000000d6700000)
 ParOldGen       total 68608K, used 48117K [0x0000000080000000, 0x0000000084300000, 0x00000000d5580000)
  object space 68608K, 70% used [0x0000000080000000,0x0000000082efd418,0x0000000084300000)
 Metaspace       used 73555K, committed 75136K, reserved 1114112K
  class space    used 9149K, committed 9792K, reserved 1048576K

Card table byte_map: [0x00000262e2850000,0x00000262e2c60000] _byte_map_base: 0x00000262e2450000

Marking Bits: (ParMarkBitMap*) 0x00007ffa86293450
 Begin Bits: [0x00000262e2f10000, 0x00000262e4f10000)
 End Bits:   [0x00000262e4f10000, 0x00000262e6f10000)

Polling page: 0x00000262ceae0000

Metaspace:

Usage:
  Non-class:     62.90 MB used.
      Class:      8.94 MB used.
       Both:     71.83 MB used.

Virtual space:
  Non-class space:       64.00 MB reserved,      63.81 MB (>99%) committed,  1 nodes.
      Class space:        1.00 GB reserved,       9.56 MB ( <1%) committed,  1 nodes.
             Both:        1.06 GB reserved,      73.38 MB (  7%) committed. 

Chunk freelists:
   Non-Class:  254.00 KB
       Class:  6.45 MB
        Both:  6.70 MB

MaxMetaspaceSize: unlimited
CompressedClassSpaceSize: 1.00 GB
Initial GC threshold: 21.00 MB
Current GC threshold: 97.31 MB
CDS: on
 - commit_granule_bytes: 65536.
 - commit_granule_words: 8192.
 - virtual_space_node_default_size: 8388608.
 - enlarge_chunks_in_place: 1.
 - use_allocation_guard: 0.


Internal statistics:

num_allocs_failed_limit: 9.
num_arena_births: 1208.
num_arena_deaths: 26.
num_vsnodes_births: 2.
num_vsnodes_deaths: 0.
num_space_committed: 1173.
num_space_uncommitted: 0.
num_chunks_returned_to_freelist: 40.
num_chunks_taken_from_freelist: 4274.
num_chunk_merges: 13.
num_chunk_splits: 2743.
num_chunks_enlarged: 1715.
num_inconsistent_stats: 0.

CodeHeap 'non-profiled nmethods': size=120000Kb used=6622Kb max_used=6622Kb free=113377Kb
 bounds [0x00000262db140000, 0x00000262db7c0000, 0x00000262e2670000]
CodeHeap 'profiled nmethods': size=120000Kb used=19092Kb max_used=19092Kb free=100907Kb
 bounds [0x00000262d3670000, 0x00000262d4920000, 0x00000262daba0000]
CodeHeap 'non-nmethods': size=5760Kb used=1433Kb max_used=1506Kb free=4326Kb
 bounds [0x00000262daba0000, 0x00000262dae10000, 0x00000262db140000]
CodeCache: size=245760Kb, used=27147Kb, max_used=27220Kb, free=218610Kb
 total_blobs=9830, nmethods=9090, adapters=646, full_count=0
Compilation: enabled, stopped_count=0, restarted_count=0

Compilation events (20 events):
Event: 2859.097 Thread 0x00000262e89938d0 9985       4       java.nio.ByteBuffer::<init> (47 bytes)
Event: 2859.098 Thread 0x00000262e89938d0 nmethod 9985 0x00000262db7b6d10 code [0x00000262db7b6ea0, 0x00000262db7b7038]
Event: 2859.461 Thread 0x00000262e89938d0 9986       4       java.nio.ByteBuffer::flip (7 bytes)
Event: 2859.461 Thread 0x00000262e89938d0 nmethod 9986 0x00000262db7b7190 code [0x00000262db7b7320, 0x00000262db7b73c0]
Event: 2860.458 Thread 0x00000262e899bc10 9987       3       com.google.gson.internal.bind.TypeAdapters$7::read (6 bytes)
Event: 2860.458 Thread 0x00000262e899bc10 nmethod 9987 0x00000262d490d890 code [0x00000262d490daa0, 0x00000262d490e008]
Event: 2860.458 Thread 0x00000262e899bc10 9988   !   3       com.google.gson.internal.bind.TypeAdapters$7::read (34 bytes)
Event: 2860.459 Thread 0x00000262e899bc10 nmethod 9988 0x00000262d490e210 code [0x00000262d490e440, 0x00000262d490eb90]
Event: 2860.459 Thread 0x00000262e899bc10 9989       1       org.eclipse.lsp4j.jsonrpc.messages.ResponseMessage::setResult (6 bytes)
Event: 2860.459 Thread 0x00000262e899bc10 nmethod 9989 0x00000262db7b7490 code [0x00000262db7b7620, 0x00000262db7b7700]
Event: 2860.459 Thread 0x00000262e899bc10 9990       1       org.eclipse.lsp4j.jsonrpc.messages.ResponseMessage::getResult (5 bytes)
Event: 2860.459 Thread 0x00000262e899bc10 nmethod 9990 0x00000262db7b7790 code [0x00000262db7b7920, 0x00000262db7b79e8]
Event: 2860.459 Thread 0x00000262e899bc10 9991       3       java.util.concurrent.ForkJoinPool::awaitWork (321 bytes)
Event: 2860.461 Thread 0x00000262e899bc10 nmethod 9991 0x00000262d490ee10 code [0x00000262d490f160, 0x00000262d4910598]
Event: 2861.027 Thread 0x00000262e899bc10 9992       3       java.io.InputStreamReader::<init> (33 bytes)
Event: 2861.028 Thread 0x00000262e899bc10 nmethod 9992 0x00000262d4910b90 code [0x00000262d4910e00, 0x00000262d4911890]
Event: 2861.028 Thread 0x00000262e899bc10 9993   !   3       sun.nio.cs.StreamDecoder::forInputStreamReader (24 bytes)
Event: 2861.028 Thread 0x00000262e899bc10 nmethod 9993 0x00000262d4911c90 code [0x00000262d4911e80, 0x00000262d4912320]
Event: 2861.028 Thread 0x00000262e899bc10 9994   !   3       java.util.concurrent.CompletableFuture$UniApply::tryFire (149 bytes)
Event: 2861.030 Thread 0x00000262e899bc10 nmethod 9994 0x00000262d4912590 code [0x00000262d49129c0, 0x00000262d49147e0]

GC Heap History (20 events):
Event: 38.957 GC heap before
{Heap before GC invocations=58 (full 3):
 PSYoungGen      total 16384K, used 16269K [0x00000000d5580000, 0x00000000d6980000, 0x0000000100000000)
  eden space 15872K, 100% used [0x00000000d5580000,0x00000000d6500000,0x00000000d6500000)
  from space 512K, 77% used [0x00000000d6900000,0x00000000d6963430,0x00000000d6980000)
  to   space 1024K, 0% used [0x00000000d6780000,0x00000000d6780000,0x00000000d6880000)
 ParOldGen       total 68608K, used 45341K [0x0000000080000000, 0x0000000084300000, 0x00000000d5580000)
  object space 68608K, 66% used [0x0000000080000000,0x0000000082c474e8,0x0000000084300000)
 Metaspace       used 66660K, committed 67904K, reserved 1114112K
  class space    used 8298K, committed 8832K, reserved 1048576K
}
Event: 38.958 GC heap after
{Heap after GC invocations=58 (full 3):
 PSYoungGen      total 16896K, used 1003K [0x00000000d5580000, 0x00000000d6980000, 0x0000000100000000)
  eden space 15872K, 0% used [0x00000000d5580000,0x00000000d5580000,0x00000000d6500000)
  from space 1024K, 98% used [0x00000000d6780000,0x00000000d687ae78,0x00000000d6880000)
  to   space 1024K, 0% used [0x00000000d6880000,0x00000000d6880000,0x00000000d6980000)
 ParOldGen       total 68608K, used 45431K [0x0000000080000000, 0x0000000084300000, 0x00000000d5580000)
  object space 68608K, 66% used [0x0000000080000000,0x0000000082c5dd50,0x0000000084300000)
 Metaspace       used 66660K, committed 67904K, reserved 1114112K
  class space    used 8298K, committed 8832K, reserved 1048576K
}
Event: 39.107 GC heap before
{Heap before GC invocations=59 (full 3):
 PSYoungGen      total 16896K, used 16875K [0x00000000d5580000, 0x00000000d6980000, 0x0000000100000000)
  eden space 15872K, 100% used [0x00000000d5580000,0x00000000d6500000,0x00000000d6500000)
  from space 1024K, 98% used [0x00000000d6780000,0x00000000d687ae78,0x00000000d6880000)
  to   space 1024K, 0% used [0x00000000d6880000,0x00000000d6880000,0x00000000d6980000)
 ParOldGen       total 68608K, used 45431K [0x0000000080000000, 0x0000000084300000, 0x00000000d5580000)
  object space 68608K, 66% used [0x0000000080000000,0x0000000082c5dd50,0x0000000084300000)
 Metaspace       used 66660K, committed 67904K, reserved 1114112K
  class space    used 8298K, committed 8832K, reserved 1048576K
}
Event: 39.108 GC heap after
{Heap after GC invocations=59 (full 3):
 PSYoungGen      total 16896K, used 997K [0x00000000d5580000, 0x00000000d6980000, 0x0000000100000000)
  eden space 15872K, 0% used [0x00000000d5580000,0x00000000d5580000,0x00000000d6500000)
  from space 1024K, 97% used [0x00000000d6880000,0x00000000d6979510,0x00000000d6980000)
  to   space 1536K, 0% used [0x00000000d6680000,0x00000000d6680000,0x00000000d6800000)
 ParOldGen       total 68608K, used 45539K [0x0000000080000000, 0x0000000084300000, 0x00000000d5580000)
  object space 68608K, 66% used [0x0000000080000000,0x0000000082c78e08,0x0000000084300000)
 Metaspace       used 66660K, committed 67904K, reserved 1114112K
  class space    used 8298K, committed 8832K, reserved 1048576K
}
Event: 39.242 GC heap before
{Heap before GC invocations=60 (full 3):
 PSYoungGen      total 16896K, used 16869K [0x00000000d5580000, 0x00000000d6980000, 0x0000000100000000)
  eden space 15872K, 99% used [0x00000000d5580000,0x00000000d64fffe0,0x00000000d6500000)
  from space 1024K, 97% used [0x00000000d6880000,0x00000000d6979510,0x00000000d6980000)
  to   space 1536K, 0% used [0x00000000d6680000,0x00000000d6680000,0x00000000d6800000)
 ParOldGen       total 68608K, used 45539K [0x0000000080000000, 0x0000000084300000, 0x00000000d5580000)
  object space 68608K, 66% used [0x0000000080000000,0x0000000082c78e08,0x0000000084300000)
 Metaspace       used 66660K, committed 67904K, reserved 1114112K
  class space    used 8298K, committed 8832K, reserved 1048576K
}
Event: 39.243 GC heap after
{Heap after GC invocations=60 (full 3):
 PSYoungGen      total 17408K, used 294K [0x00000000d5580000, 0x00000000d6900000, 0x0000000100000000)
  eden space 15872K, 0% used [0x00000000d5580000,0x00000000d5580000,0x00000000d6500000)
  from space 1536K, 19% used [0x00000000d6680000,0x00000000d66c9a10,0x00000000d6800000)
  to   space 1024K, 0% used [0x00000000d6800000,0x00000000d6800000,0x00000000d6900000)
 ParOldGen       total 68608K, used 45579K [0x0000000080000000, 0x0000000084300000, 0x00000000d5580000)
  object space 68608K, 66% used [0x0000000080000000,0x0000000082c82e08,0x0000000084300000)
 Metaspace       used 66660K, committed 67904K, reserved 1114112K
  class space    used 8298K, committed 8832K, reserved 1048576K
}
Event: 39.349 GC heap before
{Heap before GC invocations=61 (full 3):
 PSYoungGen      total 17408K, used 16166K [0x00000000d5580000, 0x00000000d6900000, 0x0000000100000000)
  eden space 15872K, 100% used [0x00000000d5580000,0x00000000d6500000,0x00000000d6500000)
  from space 1536K, 19% used [0x00000000d6680000,0x00000000d66c9a10,0x00000000d6800000)
  to   space 1024K, 0% used [0x00000000d6800000,0x00000000d6800000,0x00000000d6900000)
 ParOldGen       total 68608K, used 45579K [0x0000000080000000, 0x0000000084300000, 0x00000000d5580000)
  object space 68608K, 66% used [0x0000000080000000,0x0000000082c82e08,0x0000000084300000)
 Metaspace       used 66660K, committed 67904K, reserved 1114112K
  class space    used 8298K, committed 8832K, reserved 1048576K
}
Event: 39.349 GC heap after
{Heap after GC invocations=61 (full 3):
 PSYoungGen      total 16896K, used 1021K [0x00000000d5580000, 0x00000000d6900000, 0x0000000100000000)
  eden space 15872K, 0% used [0x00000000d5580000,0x00000000d5580000,0x00000000d6500000)
  from space 1024K, 99% used [0x00000000d6800000,0x00000000d68ff4a8,0x00000000d6900000)
  to   space 1536K, 0% used [0x00000000d6600000,0x00000000d6600000,0x00000000d6780000)
 ParOldGen       total 68608K, used 45745K [0x0000000080000000, 0x0000000084300000, 0x00000000d5580000)
  object space 68608K, 66% used [0x0000000080000000,0x0000000082cac410,0x0000000084300000)
 Metaspace       used 66660K, committed 67904K, reserved 1114112K
  class space    used 8298K, committed 8832K, reserved 1048576K
}
Event: 39.545 GC heap before
{Heap before GC invocations=62 (full 3):
 PSYoungGen      total 16896K, used 16893K [0x00000000d5580000, 0x00000000d6900000, 0x0000000100000000)
  eden space 15872K, 100% used [0x00000000d5580000,0x00000000d6500000,0x00000000d6500000)
  from space 1024K, 99% used [0x00000000d6800000,0x00000000d68ff4a8,0x00000000d6900000)
  to   space 1536K, 0% used [0x00000000d6600000,0x00000000d6600000,0x00000000d6780000)
 ParOldGen       total 68608K, used 45745K [0x0000000080000000, 0x0000000084300000, 0x00000000d5580000)
  object space 68608K, 66% used [0x0000000080000000,0x0000000082cac410,0x0000000084300000)
 Metaspace       used 68220K, committed 69504K, reserved 1114112K
  class space    used 8506K, committed 9024K, reserved 1048576K
}
Event: 39.546 GC heap after
{Heap after GC invocations=62 (full 3):
 PSYoungGen      total 17408K, used 544K [0x00000000d5580000, 0x00000000d6880000, 0x0000000100000000)
  eden space 15872K, 0% used [0x00000000d5580000,0x00000000d5580000,0x00000000d6500000)
  from space 1536K, 35% used [0x00000000d6600000,0x00000000d6688010,0x00000000d6780000)
  to   space 1024K, 0% used [0x00000000d6780000,0x00000000d6780000,0x00000000d6880000)
 ParOldGen       total 68608K, used 45817K [0x0000000080000000, 0x0000000084300000, 0x00000000d5580000)
  object space 68608K, 66% used [0x0000000080000000,0x0000000082cbe420,0x0000000084300000)
 Metaspace       used 68220K, committed 69504K, reserved 1114112K
  class space    used 8506K, committed 9024K, reserved 1048576K
}
Event: 39.871 GC heap before
{Heap before GC invocations=63 (full 3):
 PSYoungGen      total 17408K, used 16416K [0x00000000d5580000, 0x00000000d6880000, 0x0000000100000000)
  eden space 15872K, 100% used [0x00000000d5580000,0x00000000d6500000,0x00000000d6500000)
  from space 1536K, 35% used [0x00000000d6600000,0x00000000d6688010,0x00000000d6780000)
  to   space 1024K, 0% used [0x00000000d6780000,0x00000000d6780000,0x00000000d6880000)
 ParOldGen       total 68608K, used 45817K [0x0000000080000000, 0x0000000084300000, 0x00000000d5580000)
  object space 68608K, 66% used [0x0000000080000000,0x0000000082cbe420,0x0000000084300000)
 Metaspace       used 69634K, committed 70976K, reserved 1114112K
  class space    used 8718K, committed 9280K, reserved 1048576K
}
Event: 39.873 GC heap after
{Heap after GC invocations=63 (full 3):
 PSYoungGen      total 16384K, used 416K [0x00000000d5580000, 0x00000000d6800000, 0x0000000100000000)
  eden space 15872K, 0% used [0x00000000d5580000,0x00000000d5580000,0x00000000d6500000)
  from space 512K, 81% used [0x00000000d6780000,0x00000000d67e8000,0x00000000d6800000)
  to   space 512K, 0% used [0x00000000d6700000,0x00000000d6700000,0x00000000d6780000)
 ParOldGen       total 68608K, used 46209K [0x0000000080000000, 0x0000000084300000, 0x00000000d5580000)
  object space 68608K, 67% used [0x0000000080000000,0x0000000082d20450,0x0000000084300000)
 Metaspace       used 69634K, committed 70976K, reserved 1114112K
  class space    used 8718K, committed 9280K, reserved 1048576K
}
Event: 41.825 GC heap before
{Heap before GC invocations=64 (full 3):
 PSYoungGen      total 16384K, used 16288K [0x00000000d5580000, 0x00000000d6800000, 0x0000000100000000)
  eden space 15872K, 100% used [0x00000000d5580000,0x00000000d6500000,0x00000000d6500000)
  from space 512K, 81% used [0x00000000d6780000,0x00000000d67e8000,0x00000000d6800000)
  to   space 512K, 0% used [0x00000000d6700000,0x00000000d6700000,0x00000000d6780000)
 ParOldGen       total 68608K, used 46209K [0x0000000080000000, 0x0000000084300000, 0x00000000d5580000)
  object space 68608K, 67% used [0x0000000080000000,0x0000000082d20450,0x0000000084300000)
 Metaspace       used 70358K, committed 71680K, reserved 1114112K
  class space    used 8806K, committed 9344K, reserved 1048576K
}
Event: 41.826 GC heap after
{Heap after GC invocations=64 (full 3):
 PSYoungGen      total 16384K, used 512K [0x00000000d5580000, 0x00000000d6800000, 0x0000000100000000)
  eden space 15872K, 0% used [0x00000000d5580000,0x00000000d5580000,0x00000000d6500000)
  from space 512K, 100% used [0x00000000d6700000,0x00000000d6780000,0x00000000d6780000)
  to   space 512K, 0% used [0x00000000d6780000,0x00000000d6780000,0x00000000d6800000)
 ParOldGen       total 68608K, used 46492K [0x0000000080000000, 0x0000000084300000, 0x00000000d5580000)
  object space 68608K, 67% used [0x0000000080000000,0x0000000082d670f0,0x0000000084300000)
 Metaspace       used 70358K, committed 71680K, reserved 1114112K
  class space    used 8806K, committed 9344K, reserved 1048576K
}
Event: 42.006 GC heap before
{Heap before GC invocations=65 (full 3):
 PSYoungGen      total 16384K, used 16383K [0x00000000d5580000, 0x00000000d6800000, 0x0000000100000000)
  eden space 15872K, 99% used [0x00000000d5580000,0x00000000d64ffc78,0x00000000d6500000)
  from space 512K, 100% used [0x00000000d6700000,0x00000000d6780000,0x00000000d6780000)
  to   space 512K, 0% used [0x00000000d6780000,0x00000000d6780000,0x00000000d6800000)
 ParOldGen       total 68608K, used 46492K [0x0000000080000000, 0x0000000084300000, 0x00000000d5580000)
  object space 68608K, 67% used [0x0000000080000000,0x0000000082d670f0,0x0000000084300000)
 Metaspace       used 71373K, committed 72832K, reserved 1114112K
  class space    used 8920K, committed 9536K, reserved 1048576K
}
Event: 42.007 GC heap after
{Heap after GC invocations=65 (full 3):
 PSYoungGen      total 16384K, used 504K [0x00000000d5580000, 0x00000000d6800000, 0x0000000100000000)
  eden space 15872K, 0% used [0x00000000d5580000,0x00000000d5580000,0x00000000d6500000)
  from space 512K, 98% used [0x00000000d6780000,0x00000000d67fe1a8,0x00000000d6800000)
  to   space 1536K, 0% used [0x00000000d6500000,0x00000000d6500000,0x00000000d6680000)
 ParOldGen       total 68608K, used 47132K [0x0000000080000000, 0x0000000084300000, 0x00000000d5580000)
  object space 68608K, 68% used [0x0000000080000000,0x0000000082e070f0,0x0000000084300000)
 Metaspace       used 71373K, committed 72832K, reserved 1114112K
  class space    used 8920K, committed 9536K, reserved 1048576K
}
Event: 42.431 GC heap before
{Heap before GC invocations=66 (full 3):
 PSYoungGen      total 16384K, used 16376K [0x00000000d5580000, 0x00000000d6800000, 0x0000000100000000)
  eden space 15872K, 100% used [0x00000000d5580000,0x00000000d6500000,0x00000000d6500000)
  from space 512K, 98% used [0x00000000d6780000,0x00000000d67fe1a8,0x00000000d6800000)
  to   space 1536K, 0% used [0x00000000d6500000,0x00000000d6500000,0x00000000d6680000)
 ParOldGen       total 68608K, used 47132K [0x0000000080000000, 0x0000000084300000, 0x00000000d5580000)
  object space 68608K, 68% used [0x0000000080000000,0x0000000082e070f0,0x0000000084300000)
 Metaspace       used 72352K, committed 73792K, reserved 1114112K
  class space    used 9047K, committed 9664K, reserved 1048576K
}
Event: 42.434 GC heap after
{Heap after GC invocations=66 (full 3):
 PSYoungGen      total 17408K, used 704K [0x00000000d5580000, 0x00000000d6800000, 0x0000000100000000)
  eden space 15872K, 0% used [0x00000000d5580000,0x00000000d5580000,0x00000000d6500000)
  from space 1536K, 45% used [0x00000000d6500000,0x00000000d65b0000,0x00000000d6680000)
  to   space 1024K, 0% used [0x00000000d6700000,0x00000000d6700000,0x00000000d6800000)
 ParOldGen       total 68608K, used 47606K [0x0000000080000000, 0x0000000084300000, 0x00000000d5580000)
  object space 68608K, 69% used [0x0000000080000000,0x0000000082e7d9b0,0x0000000084300000)
 Metaspace       used 72352K, committed 73792K, reserved 1114112K
  class space    used 9047K, committed 9664K, reserved 1048576K
}
Event: 2797.724 GC heap before
{Heap before GC invocations=67 (full 3):
 PSYoungGen      total 17408K, used 16576K [0x00000000d5580000, 0x00000000d6800000, 0x0000000100000000)
  eden space 15872K, 100% used [0x00000000d5580000,0x00000000d6500000,0x00000000d6500000)
  from space 1536K, 45% used [0x00000000d6500000,0x00000000d65b0000,0x00000000d6680000)
  to   space 1024K, 0% used [0x00000000d6700000,0x00000000d6700000,0x00000000d6800000)
 ParOldGen       total 68608K, used 47606K [0x0000000080000000, 0x0000000084300000, 0x00000000d5580000)
  object space 68608K, 69% used [0x0000000080000000,0x0000000082e7d9b0,0x0000000084300000)
 Metaspace       used 72609K, committed 74112K, reserved 1114112K
  class space    used 9061K, committed 9728K, reserved 1048576K
}
Event: 2797.760 GC heap after
{Heap after GC invocations=67 (full 3):
 PSYoungGen      total 16384K, used 320K [0x00000000d5580000, 0x00000000d6780000, 0x0000000100000000)
  eden space 15872K, 0% used [0x00000000d5580000,0x00000000d5580000,0x00000000d6500000)
  from space 512K, 62% used [0x00000000d6700000,0x00000000d6750000,0x00000000d6780000)
  to   space 512K, 0% used [0x00000000d6680000,0x00000000d6680000,0x00000000d6700000)
 ParOldGen       total 68608K, used 48117K [0x0000000080000000, 0x0000000084300000, 0x00000000d5580000)
  object space 68608K, 70% used [0x0000000080000000,0x0000000082efd418,0x0000000084300000)
 Metaspace       used 72609K, committed 74112K, reserved 1114112K
  class space    used 9061K, committed 9728K, reserved 1048576K
}

Dll operation events (15 events):
Event: 0.029 Loaded shared library c:\Users\DELL\.trae\extensions\redhat.java-1.53.0-win32-x64\jre\21.0.10-win32-x86_64\bin\java.dll
Event: 0.135 Loaded shared library c:\Users\DELL\.trae\extensions\redhat.java-1.53.0-win32-x64\jre\21.0.10-win32-x86_64\bin\zip.dll
Event: 0.185 Loaded shared library C:\Users\DELL\.trae\extensions\redhat.java-1.53.0-win32-x64\jre\21.0.10-win32-x86_64\bin\instrument.dll
Event: 0.194 Loaded shared library C:\Users\DELL\.trae\extensions\redhat.java-1.53.0-win32-x64\jre\21.0.10-win32-x86_64\bin\net.dll
Event: 0.200 Loaded shared library C:\Users\DELL\.trae\extensions\redhat.java-1.53.0-win32-x64\jre\21.0.10-win32-x86_64\bin\nio.dll
Event: 0.207 Loaded shared library C:\Users\DELL\.trae\extensions\redhat.java-1.53.0-win32-x64\jre\21.0.10-win32-x86_64\bin\zip.dll
Event: 0.246 Loaded shared library C:\Users\DELL\.trae\extensions\redhat.java-1.53.0-win32-x64\jre\21.0.10-win32-x86_64\bin\jimage.dll
Event: 0.522 Loaded shared library c:\Users\DELL\.trae\extensions\redhat.java-1.53.0-win32-x64\jre\21.0.10-win32-x86_64\bin\verify.dll
Event: 4.527 Loaded shared library C:\Users\DELL\AppData\Roaming\Trae\User\globalStorage\redhat.java\1.53.0\config_win\org.eclipse.equinox.launcher\org.eclipse.equinox.launcher.win32.win32.x86_64_1.3.0.v20260203-2149\eclipse_11919.dll
Event: 21.678 Loaded shared library C:\Users\DELL\.trae\extensions\redhat.java-1.53.0-win32-x64\jre\21.0.10-win32-x86_64\bin\management.dll
Event: 21.685 Loaded shared library C:\Users\DELL\.trae\extensions\redhat.java-1.53.0-win32-x64\jre\21.0.10-win32-x86_64\bin\management_ext.dll
Event: 23.618 Loaded shared library C:\Users\DELL\AppData\Local\Temp\jna-2094529\jna13410899086064674801.dll
Event: 24.229 Loaded shared library C:\Users\DELL\.trae\extensions\redhat.java-1.53.0-win32-x64\jre\21.0.10-win32-x86_64\bin\sunmscapi.dll
Event: 24.374 Loaded shared library C:\Users\DELL\.trae\extensions\redhat.java-1.53.0-win32-x64\jre\21.0.10-win32-x86_64\bin\extnet.dll
Event: 33.282 Loaded shared library C:\Users\DELL\.gradle\native\660c5614fbf4a5f2a75b1949f50a0caf5cd603558e7d8a26e50b933a0cfb79d1\windows-amd64\native-platform.dll

Deoptimization events (20 events):
Event: 1958.523 Thread 0x00000262f0dd9c70 Uncommon trap: trap_request=0xffffff45 fr.pc=0x00000262db65ca70 relative=0x0000000000000390
Event: 1958.523 Thread 0x00000262f0dd9c70 Uncommon trap: reason=unstable_if action=reinterpret pc=0x00000262db65ca70 method=java.net.URI.equalIgnoringCase(Ljava/lang/String;Ljava/lang/String;)Z @ 8 c2
Event: 1958.523 Thread 0x00000262f0dd9c70 DEOPT PACKING pc=0x00000262db65ca70 sp=0x000000af4e2fefd0
Event: 1958.523 Thread 0x00000262f0dd9c70 DEOPT UNPACKING pc=0x00000262dabf3aa2 sp=0x000000af4e2fef80 mode 2
Event: 2687.918 Thread 0x00000262f0dd6e80 Uncommon trap: trap_request=0xffffffc6 fr.pc=0x00000262db75539c relative=0x000000000000143c
Event: 2687.918 Thread 0x00000262f0dd6e80 Uncommon trap: reason=bimorphic_or_optimized_type_check action=maybe_recompile pc=0x00000262db75539c method=org.eclipse.core.internal.dtree.AbstractDataTreeNode.assembleWith([Lorg/eclipse/core/internal/dtree/AbstractDataTreeNode;[Lorg/eclipse/core/interna
Event: 2687.918 Thread 0x00000262f0dd6e80 DEOPT PACKING pc=0x00000262db75539c sp=0x000000af4a7feac0
Event: 2687.918 Thread 0x00000262f0dd6e80 DEOPT UNPACKING pc=0x00000262dabf3aa2 sp=0x000000af4a7fea90 mode 2
Event: 2797.506 Thread 0x00000262f0dd88c0 Uncommon trap: trap_request=0xffffff45 fr.pc=0x00000262db6c25a4 relative=0x0000000000001964
Event: 2797.506 Thread 0x00000262f0dd88c0 Uncommon trap: reason=unstable_if action=reinterpret pc=0x00000262db6c25a4 method=java.lang.AbstractStringBuilder.appendChars([CII)V @ 10 c2
Event: 2797.506 Thread 0x00000262f0dd88c0 DEOPT PACKING pc=0x00000262db6c25a4 sp=0x000000af4e3fe410
Event: 2797.507 Thread 0x00000262f0dd88c0 DEOPT UNPACKING pc=0x00000262dabf3aa2 sp=0x000000af4e3fe278 mode 2
Event: 2797.507 Thread 0x00000262f0dd88c0 Uncommon trap: trap_request=0xffffff45 fr.pc=0x00000262db3f2114 relative=0x00000000000002d4
Event: 2797.507 Thread 0x00000262f0dd88c0 Uncommon trap: reason=unstable_if action=reinterpret pc=0x00000262db3f2114 method=java.lang.AbstractStringBuilder.appendChars([CII)V @ 10 c2
Event: 2797.507 Thread 0x00000262f0dd88c0 DEOPT PACKING pc=0x00000262db3f2114 sp=0x000000af4e3fe2f0
Event: 2797.507 Thread 0x00000262f0dd88c0 DEOPT UNPACKING pc=0x00000262dabf3aa2 sp=0x000000af4e3fe268 mode 2
Event: 2815.149 Thread 0x00000262f0ddb020 Uncommon trap: trap_request=0xffffff45 fr.pc=0x00000262db54d118 relative=0x00000000000001d8
Event: 2815.149 Thread 0x00000262f0ddb020 Uncommon trap: reason=unstable_if action=reinterpret pc=0x00000262db54d118 method=java.io.BufferedOutputStream.implWrite([BII)V @ 5 c2
Event: 2815.149 Thread 0x00000262f0ddb020 DEOPT PACKING pc=0x00000262db54d118 sp=0x000000af4a8fda90
Event: 2815.149 Thread 0x00000262f0ddb020 DEOPT UNPACKING pc=0x00000262dabf3aa2 sp=0x000000af4a8fda38 mode 2

Classes loaded (20 events):
Event: 42.091 Loading class java/util/stream/ReduceOps$1ReducingSink
Event: 42.092 Loading class java/util/stream/ReduceOps$1ReducingSink done
Event: 42.142 Loading class java/io/SequenceInputStream
Event: 42.142 Loading class java/io/SequenceInputStream done
Event: 42.144 Loading class java/util/concurrent/CompletableFuture$UniApply
Event: 42.145 Loading class java/util/concurrent/CompletableFuture$UniCompletion
Event: 42.145 Loading class java/util/concurrent/CompletableFuture$UniCompletion done
Event: 42.145 Loading class java/util/concurrent/CompletableFuture$UniApply done
Event: 42.146 Loading class java/util/concurrent/CompletableFuture$UniAccept
Event: 42.147 Loading class java/util/concurrent/CompletableFuture$UniAccept done
Event: 42.147 Loading class java/util/concurrent/CompletableFuture$UniExceptionally
Event: 42.147 Loading class java/util/concurrent/CompletableFuture$UniExceptionally done
Event: 42.157 Loading class java/util/regex/PatternSyntaxException
Event: 42.158 Loading class java/util/regex/PatternSyntaxException done
Event: 1958.423 Loading class java/util/stream/DistinctOps
Event: 1958.430 Loading class java/util/stream/DistinctOps done
Event: 1958.430 Loading class java/util/stream/DistinctOps$1
Event: 1958.440 Loading class java/util/stream/DistinctOps$1 done
Event: 1958.478 Loading class java/util/stream/DistinctOps$1$2
Event: 1958.480 Loading class java/util/stream/DistinctOps$1$2 done

Classes unloaded (13 events):
Event: 22.687 Thread 0x00000262e74f4970 Unloading class 0x00000262811b8800 'java/lang/invoke/LambdaForm$MH+0x00000262811b8800'
Event: 22.687 Thread 0x00000262e74f4970 Unloading class 0x00000262811b8400 'java/lang/invoke/LambdaForm$MH+0x00000262811b8400'
Event: 22.687 Thread 0x00000262e74f4970 Unloading class 0x00000262811b8000 'java/lang/invoke/LambdaForm$MH+0x00000262811b8000'
Event: 22.687 Thread 0x00000262e74f4970 Unloading class 0x00000262811b7c00 'java/lang/invoke/LambdaForm$MH+0x00000262811b7c00'
Event: 22.687 Thread 0x00000262e74f4970 Unloading class 0x00000262811b7800 'java/lang/invoke/LambdaForm$BMH+0x00000262811b7800'
Event: 22.687 Thread 0x00000262e74f4970 Unloading class 0x00000262811b7400 'java/lang/invoke/LambdaForm$DMH+0x00000262811b7400'
Event: 22.687 Thread 0x00000262e74f4970 Unloading class 0x00000262811b6000 'java/lang/invoke/LambdaForm$DMH+0x00000262811b6000'
Event: 23.972 Thread 0x00000262e74f4970 Unloading class 0x000002628131a800 'java/lang/invoke/LambdaForm$MH+0x000002628131a800'
Event: 23.972 Thread 0x00000262e74f4970 Unloading class 0x000002628131a400 'java/lang/invoke/LambdaForm$MH+0x000002628131a400'
Event: 23.972 Thread 0x00000262e74f4970 Unloading class 0x0000026281319800 'java/lang/invoke/LambdaForm$MH+0x0000026281319800'
Event: 23.972 Thread 0x00000262e74f4970 Unloading class 0x0000026281319000 'java/lang/invoke/LambdaForm$MH+0x0000026281319000'
Event: 23.972 Thread 0x00000262e74f4970 Unloading class 0x0000026281318c00 'java/lang/invoke/LambdaForm$DMH+0x0000026281318c00'
Event: 23.972 Thread 0x00000262e74f4970 Unloading class 0x0000026281318000 'java/lang/invoke/LambdaForm$MH+0x0000026281318000'

Classes redefined (0 events):
No events

Internal exceptions (20 events):
Event: 41.969 Thread 0x00000262f0dd88c0 Exception <a 'sun/nio/fs/WindowsException'{0x00000000d61aaaa0}> (0x00000000d61aaaa0) 
thrown [s\src\hotspot\share\prims\jni.cpp, line 520]
Event: 41.970 Thread 0x00000262f0dd88c0 Exception <a 'sun/nio/fs/WindowsException'{0x00000000d61abf60}> (0x00000000d61abf60) 
thrown [s\src\hotspot\share\prims\jni.cpp, line 520]
Event: 41.970 Thread 0x00000262f0dd88c0 Exception <a 'sun/nio/fs/WindowsException'{0x00000000d61ac980}> (0x00000000d61ac980) 
thrown [s\src\hotspot\share\prims\jni.cpp, line 520]
Event: 42.000 Thread 0x00000262f0d96e70 Exception <a 'java/lang/NoSuchMethodError'{0x00000000d64b8070}: 'java.lang.Object java.lang.invoke.DirectMethodHandle$Holder.newInvokeSpecial(java.lang.Object, java.lang.Object, java.lang.Object, java.lang.Object, java.lang.Object, java.lang.Object, java.lang.Object, java.lang.Object)'> (0x00000000d64b8070) 
thrown [s\src\hotspot\share\interpreter\linkResolver.cpp, line 773]
Event: 42.010 Thread 0x00000262f0d96e70 Exception <a 'sun/nio/fs/WindowsException'{0x00000000d5597a90}> (0x00000000d5597a90) 
thrown [s\src\hotspot\share\prims\jni.cpp, line 520]
Event: 42.010 Thread 0x00000262f0d96e70 Exception <a 'sun/nio/fs/WindowsException'{0x00000000d55b7e68}> (0x00000000d55b7e68) 
thrown [s\src\hotspot\share\prims\jni.cpp, line 520]
Event: 42.111 Thread 0x00000262f0d98f40 Exception <a 'java/lang/NoSuchMethodError'{0x00000000d5a95e90}: 'java.lang.Object java.lang.invoke.DirectMethodHandle$Holder.invokeStatic(java.lang.Object, java.lang.Object, int, java.lang.Object)'> (0x00000000d5a95e90) 
thrown [s\src\hotspot\share\interpreter\linkResolver.cpp, line 773]
Event: 42.142 Thread 0x00000262f0dd88c0 Exception <a 'java/lang/IncompatibleClassChangeError'{0x00000000d5bccf48}: Found class java.lang.Object, but interface was expected> (0x00000000d5bccf48) 
thrown [s\src\hotspot\share\interpreter\linkResolver.cpp, line 840]
Event: 42.191 Thread 0x00000262f0d98f40 Exception <a 'java/io/FileNotFoundException'{0x00000000d5f798e0}> (0x00000000d5f798e0) 
thrown [s\src\hotspot\share\prims\jni.cpp, line 520]
Event: 42.191 Thread 0x00000262f0d98f40 Exception <a 'java/io/FileNotFoundException'{0x00000000d5f7a640}> (0x00000000d5f7a640) 
thrown [s\src\hotspot\share\prims\jni.cpp, line 520]
Event: 113.871 Thread 0x00000262f0dd88c0 Exception <a 'java/lang/IncompatibleClassChangeError'{0x00000000d5d73238}: Found class java.lang.Object, but interface was expected> (0x00000000d5d73238) 
thrown [s\src\hotspot\share\interpreter\linkResolver.cpp, line 840]
Event: 1958.505 Thread 0x00000262f0dd9c70 Implicit null exception at 0x00000262db68d8c4 to 0x00000262db68e8fc
Event: 1958.523 Thread 0x00000262f0dd9c70 Implicit null exception at 0x00000262db65c70d to 0x00000262db65ca60
Event: 2814.345 Thread 0x00000262f0dd88c0 Exception <a 'java/lang/IncompatibleClassChangeError'{0x00000000d55f6f98}: Found class java.lang.Object, but interface was expected> (0x00000000d55f6f98) 
thrown [s\src\hotspot\share\interpreter\linkResolver.cpp, line 840]
Event: 2814.594 Thread 0x00000262f0dd88c0 Exception <a 'java/lang/IncompatibleClassChangeError'{0x00000000d5a5f388}: Found class java.lang.Object, but interface was expected> (0x00000000d5a5f388) 
thrown [s\src\hotspot\share\interpreter\linkResolver.cpp, line 840]
Event: 2814.623 Thread 0x00000262f0dd88c0 Exception <a 'java/lang/IncompatibleClassChangeError'{0x00000000d5aa51f8}: Found class java.lang.Object, but interface was expected> (0x00000000d5aa51f8) 
thrown [s\src\hotspot\share\interpreter\linkResolver.cpp, line 840]
Event: 2814.677 Thread 0x00000262f0dd88c0 Exception <a 'java/lang/IncompatibleClassChangeError'{0x00000000d5aec728}: Found class java.lang.Object, but interface was expected> (0x00000000d5aec728) 
thrown [s\src\hotspot\share\interpreter\linkResolver.cpp, line 840]
Event: 2814.819 Thread 0x00000262f0dd88c0 Exception <a 'java/lang/IncompatibleClassChangeError'{0x00000000d5b222b8}: Found class java.lang.Object, but interface was expected> (0x00000000d5b222b8) 
thrown [s\src\hotspot\share\interpreter\linkResolver.cpp, line 840]
Event: 2815.019 Thread 0x00000262f0dd88c0 Exception <a 'java/lang/IncompatibleClassChangeError'{0x00000000d5ccb928}: Found class java.lang.Object, but interface was expected> (0x00000000d5ccb928) 
thrown [s\src\hotspot\share\interpreter\linkResolver.cpp, line 840]
Event: 2830.361 Thread 0x00000262f0dd88c0 Exception <a 'java/lang/IncompatibleClassChangeError'{0x00000000d5e8d7f8}: Found class java.lang.Object, but interface was expected> (0x00000000d5e8d7f8) 
thrown [s\src\hotspot\share\interpreter\linkResolver.cpp, line 840]

ZGC Phase Switch (0 events):
No events

VM Operations (20 events):
Event: 2830.927 Executing safepoint VM operation: Cleanup
Event: 2830.927 Executing safepoint VM operation: Cleanup done
Event: 2846.937 Executing safepoint VM operation: Cleanup
Event: 2846.937 Executing safepoint VM operation: Cleanup done
Event: 2848.939 Executing safepoint VM operation: Cleanup
Event: 2848.940 Executing safepoint VM operation: Cleanup done
Event: 2850.941 Executing safepoint VM operation: Cleanup
Event: 2850.941 Executing safepoint VM operation: Cleanup done
Event: 2851.942 Executing safepoint VM operation: Cleanup
Event: 2851.942 Executing safepoint VM operation: Cleanup done
Event: 2856.946 Executing safepoint VM operation: Cleanup
Event: 2856.946 Executing safepoint VM operation: Cleanup done
Event: 2859.949 Executing safepoint VM operation: Cleanup
Event: 2859.949 Executing safepoint VM operation: Cleanup done
Event: 2861.950 Executing safepoint VM operation: Cleanup
Event: 2861.950 Executing safepoint VM operation: Cleanup done
Event: 2888.094 Executing non-safepoint VM operation: HandshakeAllThreads (HandshakeForDeflation)
Event: 2888.094 Executing non-safepoint VM operation: HandshakeAllThreads (HandshakeForDeflation) done
Event: 2888.094 Executing non-safepoint VM operation: RendezvousGCThreads
Event: 2888.094 Executing non-safepoint VM operation: RendezvousGCThreads done

Memory protections (0 events):
No events

Nmethod flushes (20 events):
Event: 35.861 Thread 0x00000262e74f4970 flushing  nmethod 0x00000262d4034c10
Event: 35.861 Thread 0x00000262e74f4970 flushing  nmethod 0x00000262d403d110
Event: 35.861 Thread 0x00000262e74f4970 flushing  nmethod 0x00000262d405e590
Event: 35.861 Thread 0x00000262e74f4970 flushing  nmethod 0x00000262d4062410
Event: 35.861 Thread 0x00000262e74f4970 flushing  nmethod 0x00000262d4065d90
Event: 35.861 Thread 0x00000262e74f4970 flushing  nmethod 0x00000262d4066490
Event: 35.861 Thread 0x00000262e74f4970 flushing  nmethod 0x00000262d406b590
Event: 35.861 Thread 0x00000262e74f4970 flushing  nmethod 0x00000262d406bd10
Event: 35.861 Thread 0x00000262e74f4970 flushing  nmethod 0x00000262d406c310
Event: 35.861 Thread 0x00000262e74f4970 flushing  nmethod 0x00000262d406c790
Event: 35.861 Thread 0x00000262e74f4970 flushing  nmethod 0x00000262d406e510
Event: 35.861 Thread 0x00000262e74f4970 flushing  nmethod 0x00000262d4076d90
Event: 35.861 Thread 0x00000262e74f4970 flushing  nmethod 0x00000262d407aa10
Event: 35.861 Thread 0x00000262e74f4970 flushing  nmethod 0x00000262d4089410
Event: 35.861 Thread 0x00000262e74f4970 flushing  nmethod 0x00000262d4098910
Event: 35.861 Thread 0x00000262e74f4970 flushing  nmethod 0x00000262d4098f10
Event: 35.861 Thread 0x00000262e74f4970 flushing  nmethod 0x00000262d40abf90
Event: 35.861 Thread 0x00000262e74f4970 flushing  nmethod 0x00000262d40b5210
Event: 35.861 Thread 0x00000262e74f4970 flushing  nmethod 0x00000262d40e2e10
Event: 35.861 Thread 0x00000262e74f4970 flushing  nmethod 0x00000262d4117590

Events (20 events):
Event: 222.179 Thread 0x00000262ee8ba490 Thread exited: 0x00000262ee8ba490
Event: 282.180 Thread 0x00000262ee8b90e0 Thread exited: 0x00000262ee8b90e0
Event: 342.181 Thread 0x00000262ee8b6980 Thread exited: 0x00000262ee8b6980
Event: 342.617 Thread 0x00000262f0d98f40 Thread added: 0x00000262f0dd6e80
Event: 342.619 Thread 0x00000262f0d98f40 Thread added: 0x00000262f0dd7ba0
Event: 342.620 Thread 0x00000262f0dd7ba0 Thread exited: 0x00000262f0dd7ba0
Event: 342.620 Thread 0x00000262f0d98f40 Thread added: 0x00000262f0dd7ba0
Event: 342.621 Thread 0x00000262f0dd7ba0 Thread exited: 0x00000262f0dd7ba0
Event: 342.630 Thread 0x00000262eea28f90 Thread exited: 0x00000262eea28f90
Event: 2258.677 Thread 0x00000262f0d98f40 Thread added: 0x00000262f0dd7510
Event: 2258.681 Thread 0x00000262f0dd7510 Thread exited: 0x00000262f0dd7510
Event: 2258.686 Thread 0x00000262f0d98f40 Thread added: 0x00000262f0dda300
Event: 2258.686 Thread 0x00000262f0dda300 Thread exited: 0x00000262f0dda300
Event: 2687.912 Thread 0x00000262f0dd6e80 Thread added: 0x00000262f0dda300
Event: 2687.913 Thread 0x00000262f0dda300 Thread exited: 0x00000262f0dda300
Event: 2687.914 Thread 0x00000262f0dd6e80 Thread added: 0x00000262f0dda300
Event: 2687.914 Thread 0x00000262f0dda300 Thread exited: 0x00000262f0dda300
Event: 2814.320 Thread 0x00000262f0dd88c0 Thread added: 0x00000262f0dd7510
Event: 2814.629 Thread 0x00000262f0dd88c0 Thread added: 0x00000262f0ddb020
Event: 2921.029 Thread 0x00000262f0ddb020 Thread exited: 0x00000262f0ddb020


Dynamic libraries:
0x00007ff609560000 - 0x00007ff60956e000 	c:\Users\DELL\.trae\extensions\redhat.java-1.53.0-win32-x64\jre\21.0.10-win32-x86_64\bin\java.exe
0x00007ffad9780000 - 0x00007ffad99e7000 	C:\WINDOWS\SYSTEM32\ntdll.dll
0x00007ffad8110000 - 0x00007ffad81d9000 	C:\WINDOWS\System32\KERNEL32.DLL
0x00007ffad70f0000 - 0x00007ffad74e1000 	C:\WINDOWS\System32\KERNELBASE.dll
0x00007ffad2960000 - 0x00007ffad29ff000 	C:\WINDOWS\SYSTEM32\apphelp.dll
0x00007ffad61c0000 - 0x00007ffad630b000 	C:\WINDOWS\System32\ucrtbase.dll
0x00007ffac0030000 - 0x00007ffac0048000 	c:\Users\DELL\.trae\extensions\redhat.java-1.53.0-win32-x64\jre\21.0.10-win32-x86_64\bin\jli.dll
0x00007ffabe340000 - 0x00007ffabe35e000 	c:\Users\DELL\.trae\extensions\redhat.java-1.53.0-win32-x64\jre\21.0.10-win32-x86_64\bin\VCRUNTIME140.dll
0x00007ffad75a0000 - 0x00007ffad7765000 	C:\WINDOWS\System32\USER32.dll
0x00007ffad74f0000 - 0x00007ffad7517000 	C:\WINDOWS\System32\win32u.dll
0x00007ffabc3e0000 - 0x00007ffabc673000 	C:\WINDOWS\WinSxS\amd64_microsoft.windows.common-controls_6595b64144ccf1df_6.0.26100.8037_none_3e092faae333b53b\COMCTL32.dll
0x00007ffad8c40000 - 0x00007ffad8ce9000 	C:\WINDOWS\System32\msvcrt.dll
0x00007ffad81e0000 - 0x00007ffad820b000 	C:\WINDOWS\System32\GDI32.dll
0x00007ffad6db0000 - 0x00007ffad6edb000 	C:\WINDOWS\System32\gdi32full.dll
0x00007ffad6060000 - 0x00007ffad6103000 	C:\WINDOWS\System32\msvcp_win.dll
0x00007ffad9040000 - 0x00007ffad9071000 	C:\WINDOWS\System32\IMM32.DLL
0x00007ffac0020000 - 0x00007ffac002c000 	c:\Users\DELL\.trae\extensions\redhat.java-1.53.0-win32-x64\jre\21.0.10-win32-x86_64\bin\vcruntime140_1.dll
0x00007ffab45e0000 - 0x00007ffab466d000 	c:\Users\DELL\.trae\extensions\redhat.java-1.53.0-win32-x64\jre\21.0.10-win32-x86_64\bin\msvcp140.dll
0x00007ffa855d0000 - 0x00007ffa86371000 	c:\Users\DELL\.trae\extensions\redhat.java-1.53.0-win32-x64\jre\21.0.10-win32-x86_64\bin\server\jvm.dll
0x00007ffad8b80000 - 0x00007ffad8c3b000 	C:\WINDOWS\System32\ADVAPI32.dll
0x00007ffad8210000 - 0x00007ffad82b7000 	C:\WINDOWS\System32\sechost.dll
0x00007ffad8380000 - 0x00007ffad8498000 	C:\WINDOWS\System32\RPCRT4.dll
0x00007ffad7520000 - 0x00007ffad7594000 	C:\WINDOWS\System32\WS2_32.dll
0x00007ffad5ec0000 - 0x00007ffad5f1e000 	C:\WINDOWS\SYSTEM32\POWRPROF.dll
0x00007ffac2cb0000 - 0x00007ffac2cbb000 	C:\WINDOWS\SYSTEM32\VERSION.dll
0x00007ffad10d0000 - 0x00007ffad1105000 	C:\WINDOWS\SYSTEM32\WINMM.dll
0x00007ffad5ea0000 - 0x00007ffad5eb4000 	C:\WINDOWS\SYSTEM32\UMPDC.dll
0x00007ffad4df0000 - 0x00007ffad4e0b000 	C:\WINDOWS\SYSTEM32\kernel.appcore.dll
0x00007ffaba6a0000 - 0x00007ffaba6aa000 	c:\Users\DELL\.trae\extensions\redhat.java-1.53.0-win32-x64\jre\21.0.10-win32-x86_64\bin\jimage.dll
0x00007ffad3c80000 - 0x00007ffad3ec2000 	C:\WINDOWS\SYSTEM32\DBGHELP.DLL
0x00007ffad8700000 - 0x00007ffad8a82000 	C:\WINDOWS\System32\combase.dll
0x00007ffad8aa0000 - 0x00007ffad8b77000 	C:\WINDOWS\System32\OLEAUT32.dll
0x00007ffab7890000 - 0x00007ffab78cb000 	C:\WINDOWS\SYSTEM32\dbgcore.DLL
0x00007ffad6110000 - 0x00007ffad61b5000 	C:\WINDOWS\System32\bcryptPrimitives.dll
0x00007ffab45d0000 - 0x00007ffab45df000 	c:\Users\DELL\.trae\extensions\redhat.java-1.53.0-win32-x64\jre\21.0.10-win32-x86_64\bin\instrument.dll
0x00007ffab4860000 - 0x00007ffab4880000 	c:\Users\DELL\.trae\extensions\redhat.java-1.53.0-win32-x64\jre\21.0.10-win32-x86_64\bin\java.dll
0x00007ffad7990000 - 0x00007ffad80ef000 	C:\WINDOWS\System32\SHELL32.dll
0x00007ffad6b80000 - 0x00007ffad6cea000 	C:\WINDOWS\System32\wintypes.dll
0x00007ffad6310000 - 0x00007ffad6b74000 	C:\WINDOWS\System32\windows.storage.dll
0x00007ffad8f40000 - 0x00007ffad9037000 	C:\WINDOWS\System32\SHCORE.dll
0x00007ffad7770000 - 0x00007ffad77d7000 	C:\WINDOWS\System32\shlwapi.dll
0x00007ffad5f80000 - 0x00007ffad5fa9000 	C:\WINDOWS\SYSTEM32\profapi.dll
0x00007ffab4780000 - 0x00007ffab4798000 	c:\Users\DELL\.trae\extensions\redhat.java-1.53.0-win32-x64\jre\21.0.10-win32-x86_64\bin\zip.dll
0x00007ffab45c0000 - 0x00007ffab45d0000 	C:\Users\DELL\.trae\extensions\redhat.java-1.53.0-win32-x64\jre\21.0.10-win32-x86_64\bin\net.dll
0x00007ffac5690000 - 0x00007ffac57b7000 	C:\WINDOWS\SYSTEM32\WINHTTP.dll
0x00007ffad5360000 - 0x00007ffad53cb000 	C:\WINDOWS\system32\mswsock.dll
0x00007ffab45a0000 - 0x00007ffab45b6000 	C:\Users\DELL\.trae\extensions\redhat.java-1.53.0-win32-x64\jre\21.0.10-win32-x86_64\bin\nio.dll
0x00007ffab4590000 - 0x00007ffab45a0000 	c:\Users\DELL\.trae\extensions\redhat.java-1.53.0-win32-x64\jre\21.0.10-win32-x86_64\bin\verify.dll
0x00007ffa97a40000 - 0x00007ffa97a85000 	C:\Users\DELL\AppData\Roaming\Trae\User\globalStorage\redhat.java\1.53.0\config_win\org.eclipse.equinox.launcher\org.eclipse.equinox.launcher.win32.win32.x86_64_1.3.0.v20260203-2149\eclipse_11919.dll
0x00007ffad90b0000 - 0x00007ffad9245000 	C:\WINDOWS\System32\ole32.dll
0x00007ffab4580000 - 0x00007ffab458a000 	C:\Users\DELL\.trae\extensions\redhat.java-1.53.0-win32-x64\jre\21.0.10-win32-x86_64\bin\management.dll
0x00007ffab4570000 - 0x00007ffab457c000 	C:\Users\DELL\.trae\extensions\redhat.java-1.53.0-win32-x64\jre\21.0.10-win32-x86_64\bin\management_ext.dll
0x00007ffad8ea0000 - 0x00007ffad8ea8000 	C:\WINDOWS\System32\PSAPI.DLL
0x00007ffad5640000 - 0x00007ffad565b000 	C:\WINDOWS\SYSTEM32\CRYPTSP.dll
0x00007ffad4d50000 - 0x00007ffad4d89000 	C:\WINDOWS\system32\rsaenh.dll
0x00007ffad5410000 - 0x00007ffad5442000 	C:\WINDOWS\SYSTEM32\USERENV.dll
0x00007ffad5f50000 - 0x00007ffad5f7a000 	C:\WINDOWS\SYSTEM32\bcrypt.dll
0x00007ffad5660000 - 0x00007ffad566c000 	C:\WINDOWS\SYSTEM32\CRYPTBASE.dll
0x00007ffad4850000 - 0x00007ffad4883000 	C:\WINDOWS\SYSTEM32\IPHLPAPI.DLL
0x00007ffad8e90000 - 0x00007ffad8e9a000 	C:\WINDOWS\System32\NSI.dll
0x00007ffa975f0000 - 0x00007ffa97639000 	C:\Users\DELL\AppData\Local\Temp\jna-2094529\jna13410899086064674801.dll
0x00007ffacd9f0000 - 0x00007ffacda0d000 	C:\WINDOWS\SYSTEM32\dhcpcsvc6.DLL
0x00007ffacd960000 - 0x00007ffacd983000 	C:\WINDOWS\SYSTEM32\dhcpcsvc.DLL
0x00007ffab4560000 - 0x00007ffab456e000 	C:\Users\DELL\.trae\extensions\redhat.java-1.53.0-win32-x64\jre\21.0.10-win32-x86_64\bin\sunmscapi.dll
0x00007ffad6f70000 - 0x00007ffad70e7000 	C:\WINDOWS\System32\CRYPT32.dll
0x00007ffad5860000 - 0x00007ffad5890000 	C:\WINDOWS\SYSTEM32\ncrypt.dll
0x00007ffad5810000 - 0x00007ffad584f000 	C:\WINDOWS\SYSTEM32\NTASN1.dll
0x00007ffad48f0000 - 0x00007ffad4a1a000 	C:\WINDOWS\SYSTEM32\DNSAPI.dll
0x0000000077b00000 - 0x0000000077b26000 	C:\Program Files\Bonjour\mdnsNSP.dll
0x00007ffacb4c0000 - 0x00007ffacb4cb000 	C:\Windows\System32\rasadhlp.dll
0x00007ffacdf90000 - 0x00007fface016000 	C:\WINDOWS\System32\fwpuclnt.dll
0x00007ffab4550000 - 0x00007ffab4559000 	C:\Users\DELL\.trae\extensions\redhat.java-1.53.0-win32-x64\jre\21.0.10-win32-x86_64\bin\extnet.dll
0x00007ffab4fe0000 - 0x00007ffab5007000 	C:\Users\DELL\.gradle\native\660c5614fbf4a5f2a75b1949f50a0caf5cd603558e7d8a26e50b933a0cfb79d1\windows-amd64\native-platform.dll
0x00007ffabfb20000 - 0x00007ffabfb28000 	C:\WINDOWS\system32\wshunix.dll

JVMTI agents:
c:\Users\DELL\.trae\extensions\redhat.java-1.53.0-win32-x64\lombok\lombok-1.18.39-4050.jar path:c:\Users\DELL\.trae\extensions\redhat.java-1.53.0-win32-x64\jre\21.0.10-win32-x86_64\bin\instrument.dll, loaded, initialized, instrumentlib options:none

dbghelp: loaded successfully - version: 4.0.5 - missing functions: none
symbol engine: initialized successfully - sym options: 0x614 - pdb path: .;c:\Users\DELL\.trae\extensions\redhat.java-1.53.0-win32-x64\jre\21.0.10-win32-x86_64\bin;C:\WINDOWS\SYSTEM32;C:\WINDOWS\WinSxS\amd64_microsoft.windows.common-controls_6595b64144ccf1df_6.0.26100.8037_none_3e092faae333b53b;c:\Users\DELL\.trae\extensions\redhat.java-1.53.0-win32-x64\jre\21.0.10-win32-x86_64\bin\server;C:\Users\DELL\AppData\Roaming\Trae\User\globalStorage\redhat.java\1.53.0\config_win\org.eclipse.equinox.launcher\org.eclipse.equinox.launcher.win32.win32.x86_64_1.3.0.v20260203-2149;C:\Users\DELL\AppData\Local\Temp\jna-2094529;C:\Program Files\Bonjour;C:\Users\DELL\.gradle\native\660c5614fbf4a5f2a75b1949f50a0caf5cd603558e7d8a26e50b933a0cfb79d1\windows-amd64

VM Arguments:
jvm_args: --add-modules=ALL-SYSTEM --add-opens=java.base/java.util=ALL-UNNAMED --add-opens=java.base/java.lang=ALL-UNNAMED --add-opens=java.base/sun.nio.fs=ALL-UNNAMED -Declipse.application=org.eclipse.jdt.ls.core.id1 -Dosgi.bundles.defaultStartLevel=4 -Declipse.product=org.eclipse.jdt.ls.core.product -Djava.import.generatesMetadataFilesAtProjectRoot=false -DDetectVMInstallationsJob.disabled=true -Dfile.encoding=utf8 -XX:+UseParallelGC -XX:GCTimeRatio=4 -XX:AdaptiveSizePolicyWeight=90 -Dsun.zip.disableMemoryMapping=true -Xmx2G -Xms100m -Xlog:disable -javaagent:c:\Users\DELL\.trae\extensions\redhat.java-1.53.0-win32-x64\lombok\lombok-1.18.39-4050.jar -XX:+HeapDumpOnOutOfMemoryError -XX:HeapDumpPath=c:\Users\DELL\AppData\Roaming\Trae\User\workspaceStorage\bca5830d03f387f6f4a6f536d87e4393\redhat.java -Daether.dependencyCollector.impl=bf 
java_command: c:\Users\DELL\.trae\extensions\redhat.java-1.53.0-win32-x64\server\plugins\org.eclipse.equinox.launcher_1.7.100.v20251111-0406.jar -configuration c:\Users\DELL\AppData\Roaming\Trae\User\globalStorage\redhat.java\1.53.0\config_win -data c:\Users\DELL\AppData\Roaming\Trae\User\workspaceStorage\bca5830d03f387f6f4a6f536d87e4393\redhat.java\jdt_ws --pipe=\\.\pipe\lsp-dafbec3f744f1654ad7d19b840224bc1-sock
java_class_path (initial): c:\Users\DELL\.trae\extensions\redhat.java-1.53.0-win32-x64\server\plugins\org.eclipse.equinox.launcher_1.7.100.v20251111-0406.jar
Launcher Type: SUN_STANDARD

[Global flags]
    uintx AdaptiveSizePolicyWeight                 = 90                                        {product} {command line}
     intx CICompilerCount                          = 4                                         {product} {ergonomic}
    uintx GCTimeRatio                              = 4                                         {product} {command line}
     bool HeapDumpOnOutOfMemoryError               = true                                   {manageable} {command line}
    ccstr HeapDumpPath                             = c:\Users\DELL\AppData\Roaming\Trae\User\workspaceStorage\bca5830d03f387f6f4a6f536d87e4393\redhat.java         {manageable} {command line}
   size_t InitialHeapSize                          = 104857600                                 {product} {command line}
   size_t MaxHeapSize                              = 2147483648                                {product} {command line}
   size_t MaxNewSize                               = 715653120                                 {product} {ergonomic}
   size_t MinHeapDeltaBytes                        = 524288                                    {product} {ergonomic}
   size_t MinHeapSize                              = 104857600                                 {product} {command line}
   size_t NewSize                                  = 34603008                                  {product} {ergonomic}
    uintx NonNMethodCodeHeapSize                   = 5839372                                {pd product} {ergonomic}
    uintx NonProfiledCodeHeapSize                  = 122909434                              {pd product} {ergonomic}
   size_t OldSize                                  = 70254592                                  {product} {ergonomic}
    uintx ProfiledCodeHeapSize                     = 122909434                              {pd product} {ergonomic}
    uintx ReservedCodeCacheSize                    = 251658240                              {pd product} {ergonomic}
     bool SegmentedCodeCache                       = true                                      {product} {ergonomic}
   size_t SoftMaxHeapSize                          = 2147483648                             {manageable} {ergonomic}
     bool UseCompressedOops                        = true                           {product lp64_product} {ergonomic}
     bool UseLargePagesIndividualAllocation        = false                                  {pd product} {ergonomic}
     bool UseParallelGC                            = true                                      {product} {command line}

Logging:
Log output configuration:
 #0: stdout all=off uptime,level,tags foldmultilines=false
 #1: stderr all=off uptime,level,tags foldmultilines=false

Release file:
JAVA_VERSION="21.0.10" 
MODULES="java.base java.compiler java.datatransfer java.xml java.prefs java.desktop java.instrument java.logging java.management java.security.sasl java.naming java.rmi java.management.rmi java.net.http java.scripting java.security.jgss java.transaction.xa java.sql java.sql.rowset java.xml.crypto java.se java.smartcardio jdk.accessibility jdk.internal.jvmstat jdk.attach jdk.charsets jdk.internal.opt jdk.zipfs jdk.compiler jdk.crypto.ec jdk.crypto.cryptoki jdk.crypto.mscapi jdk.dynalink jdk.internal.ed jdk.editpad jdk.hotspot.agent jdk.httpserver jdk.internal.le jdk.internal.vm.ci jdk.internal.vm.compiler jdk.internal.vm.compiler.management jdk.jartool jdk.javadoc jdk.jcmd jdk.management jdk.management.agent jdk.jconsole jdk.jdeps jdk.jdwp.agent jdk.jdi jdk.jfr jdk.jshell jdk.jsobject jdk.jstatd jdk.localedata jdk.management.jfr jdk.naming.dns jdk.naming.rmi jdk.net jdk.nio.mapmode jdk.random jdk.sctp jdk.security.auth jdk.security.jgss jdk.unsupported jdk.unsupported.desktop jdk.xml.dom" 

Environment Variables:
PATH=c:\Users\DELL\.trae\tools\trae-gopls\current;c:\Users\DELL\.trae\sdks\workspaces\bca5830d\versions\node\current;c:\Users\DELL\.trae\sdks\versions\node\current;C:\Program Files\Google\Chrome\Application;C:\Program Files (x86)\Common Files\Oracle\Java\java8path;C:\Program Files (x86)\Common Files\Oracle\Java\javapath;C:\Program Files\Microsoft MPI\Bin\;C:\WINDOWS\system32;C:\WINDOWS;C:\WINDOWS\System32\Wbem;C:\WINDOWS\System32\WindowsPowerShell\v1.0\;C:\WINDOWS\System32\OpenSSH\;C:\Program Files\dotnet\;C:\msys64\ucrt64\bin;C:\Program Files (x86)\Windows Kits\10\Windows Performance Toolkit\;C:\Program Files (x86)\Microsoft SQL Server\160\Tools\Binn\;C:\Program Files\Microsoft SQL Server\160\Tools\Binn\;C:\Program Files\Microsoft SQL Server\Client SDK\ODBC\170\Tools\Binn\;C:\Program Files\Microsoft SQL Server\160\DTS\Binn\;C:\Program Files (x86)\Microsoft SQL Server\160\DTS\Binn\;C:\Program Files\Microsoft SQL Server\170\DTS\Binn\;C:\Program Files\Git\cmd;C:\WINDOWS\system32\config\systemprofile\AppData\Local\Muse Hub\lib;C:\Program Files\PuTTY\;C:\Users\DELL\AppData\Local\Programs\Python\Python310\Scripts\;C:\Users\DELL\AppData\Local\Programs\Python\Python310\;C:\Users\DELL\AppData\Local\Microsoft\WindowsApps;C:\Users\DELL\.dotnet\tools;C:\Users\DELL\AppData\Local\Programs\Microsoft VS Code\bin;C:\Users\DELL\AppData\Local\Programs\Antigravity\bin;C:\Users\DELL\AppData\Local\Pandoc\;c:\Users\DELL\AppData\Local\Programs\Trae\resources\app\bin\lib
USERNAME=DELL
OS=Windows_NT
PROCESSOR_IDENTIFIER=Intel64 Family 6 Model 154 Stepping 4, GenuineIntel
TMP=C:\Users\DELL\AppData\Local\Temp
TEMP=C:\Users\DELL\AppData\Local\Temp




Periodic native trim disabled

---------------  S Y S T E M  ---------------

OS:
 Windows 11 , 64 bit Build 26100 (10.0.26100.7920)
OS uptime: 0 days 3:24 hours

CPU: total 12 (initial active 12) (6 cores per cpu, 2 threads per core) family 6 model 154 stepping 4 microcode 0x43b, cx8, cmov, fxsr, ht, mmx, 3dnowpref, sse, sse2, sse3, ssse3, sse4.1, sse4.2, popcnt, lzcnt, tsc, tscinvbit, avx, avx2, aes, erms, clmul, bmi1, bmi2, adx, sha, fma, vzeroupper, clflush, clflushopt, clwb, serialize, rdtscp, rdpid, fsrm, f16c, pku, cet_ibt, cet_ss
Processor Information for the first 12 processors :
  Max Mhz: 1300, Current Mhz: 1300, Mhz Limit: 1300

Memory: 4k page, system-wide physical 16068M (818M free)
TotalPageFile size 26308M (AvailPageFile size 1M)
current process WorkingSet (physical memory assigned to process): 136M, peak: 332M
current process commit charge ("private bytes"): 402M, peak: 426M

vm_info: OpenJDK 64-Bit Server VM (21.0.10+7-LTS) for windows-amd64 JRE (21.0.10+7-LTS), built on 2026-01-20T00:00:00Z by "admin" with MS VC++ 17.12 (VS2022)

END.
