#
# There is insufficient memory for the Java Runtime Environment to continue.
# Native memory allocation (malloc) failed to allocate 484192 bytes. Error detail: Chunk::new
# Possible reasons:
#   The system is out of physical RAM or swap space
#   This process is running with CompressedOops enabled, and the Java Heap may be blocking the growth of the native heap
# Possible solutions:
#   Reduce memory load on the system
#   Increase physical memory or swap space
#   Check if swap backing store is full
#   Decrease Java heap size (-Xmx/-Xms)
#   Decrease number of Java threads
#   Decrease Java thread stack sizes (-Xss)
#   Set larger code cache with -XX:ReservedCodeCacheSize=
#   JVM is running with Unscaled Compressed Oops mode in which the Java heap is
#     placed in the first 4GB address space. The Java Heap base address is the
#     maximum limit for the native heap growth. Please use -XX:HeapBaseMinAddress
#     to set the Java Heap base and to place the Java Heap above 4GB virtual address.
# This output file may be truncated or incomplete.
#
#  Out of Memory Error (arena.cpp:168), pid=22540, tid=35800
#
# JRE version: OpenJDK Runtime Environment Temurin-21.0.10+7 (21.0.10+7) (build 21.0.10+7-LTS)
# Java VM: OpenJDK 64-Bit Server VM Temurin-21.0.10+7 (21.0.10+7-LTS, mixed mode, sharing, tiered, compressed oops, compressed class ptrs, parallel gc, windows-amd64)
# No core dump will be written. Minidumps are not enabled by default on client versions of Windows
#

---------------  S U M M A R Y ------------

Command Line: --add-modules=ALL-SYSTEM --add-opens=java.base/java.util=ALL-UNNAMED --add-opens=java.base/java.lang=ALL-UNNAMED --add-opens=java.base/sun.nio.fs=ALL-UNNAMED -Declipse.application=org.eclipse.jdt.ls.core.id1 -Dosgi.bundles.defaultStartLevel=4 -Declipse.product=org.eclipse.jdt.ls.core.product -Djava.import.generatesMetadataFilesAtProjectRoot=false -DDetectVMInstallationsJob.disabled=true -Dfile.encoding=utf8 -XX:+UseParallelGC -XX:GCTimeRatio=4 -XX:AdaptiveSizePolicyWeight=90 -Dsun.zip.disableMemoryMapping=true -Xmx2G -Xms100m -Xlog:disable -javaagent:c:\Users\DELL\.trae\extensions\redhat.java-1.53.0-win32-x64\lombok\lombok-1.18.39-4050.jar -XX:+HeapDumpOnOutOfMemoryError -XX:HeapDumpPath=c:\Users\DELL\AppData\Roaming\Trae\User\workspaceStorage\bca5830d03f387f6f4a6f536d87e4393\redhat.java -Daether.dependencyCollector.impl=bf c:\Users\DELL\.trae\extensions\redhat.java-1.53.0-win32-x64\server\plugins\org.eclipse.equinox.launcher_1.7.100.v20251111-0406.jar -configuration c:\Users\DELL\AppData\Roaming\Trae\User\globalStorage\redhat.java\1.53.0\config_win -data c:\Users\DELL\AppData\Roaming\Trae\User\workspaceStorage\bca5830d03f387f6f4a6f536d87e4393\redhat.java\jdt_ws --pipe=\\.\pipe\lsp-1444080746105454198b737a9368a1ee-sock

Host: 12th Gen Intel(R) Core(TM) i5-1235U, 12 cores, 15G,  Windows 11 , 64 bit Build 26100 (10.0.26100.7920)
Time: Fri Mar 27 15:27:40 2026 SE Asia Standard Time elapsed time: 8.054586 seconds (0d 0h 0m 8s)

---------------  T H R E A D  ---------------

Current thread (0x000002777ea4e6b0):  JavaThread "C2 CompilerThread1" daemon [_thread_in_native, id=35800, stack(0x000000a742800000,0x000000a742900000) (1024K)]


Current CompileTask:
C2:8054 3494       4       java.util.zip.ZipFile$Source::initCEN (612 bytes)

Stack: [0x000000a742800000,0x000000a742900000]
Native frames: (J=compiled Java code, j=interpreted, Vv=VM code, C=native code)
V  [jvm.dll+0x6d7a39]
V  [jvm.dll+0x8b4b26]
V  [jvm.dll+0x8b70de]
V  [jvm.dll+0x8b77c3]
V  [jvm.dll+0x284346]
V  [jvm.dll+0xc66ed]
V  [jvm.dll+0xc6c31]
V  [jvm.dll+0x3bec3b]
V  [jvm.dll+0x1e3d62]
V  [jvm.dll+0x24c6b3]
V  [jvm.dll+0x24bb40]
V  [jvm.dll+0x1cb34e]
V  [jvm.dll+0x25b85d]
V  [jvm.dll+0x259dea]
V  [jvm.dll+0x3f857e]
V  [jvm.dll+0x85f59d]
V  [jvm.dll+0x6d626d]
C  [ucrtbase.dll+0x37b0]
C  [KERNEL32.DLL+0x2e8d7]
C  [ntdll.dll+0x8c48c]


---------------  P R O C E S S  ---------------

Threads class SMR info:
_java_thread_list=0x000002777e9d3bf0, length=19, elements={
0x0000027721ab65a0, 0x0000027723f6dff0, 0x000002773a94f170, 0x000002773a952e70,
0x000002773a9567d0, 0x000002773a958bd0, 0x000002777cd0d8b0, 0x000002777cd2e260,
0x000002777cd032b0, 0x000002777cf653b0, 0x000002777d069620, 0x000002777e999420,
0x000002777e321bf0, 0x000002777e365f00, 0x000002777e367d90, 0x000002777e938710,
0x000002777ea5fd80, 0x000002777e887cf0, 0x000002777ea4e6b0
}

Java Threads: ( => current thread )
  0x0000027721ab65a0 JavaThread "main"                              [_thread_blocked, id=33576, stack(0x000000a741900000,0x000000a741a00000) (1024K)]
  0x0000027723f6dff0 JavaThread "Reference Handler"          daemon [_thread_blocked, id=11780, stack(0x000000a741d00000,0x000000a741e00000) (1024K)]
  0x000002773a94f170 JavaThread "Finalizer"                  daemon [_thread_blocked, id=20980, stack(0x000000a741e00000,0x000000a741f00000) (1024K)]
  0x000002773a952e70 JavaThread "Signal Dispatcher"          daemon [_thread_blocked, id=12732, stack(0x000000a741f00000,0x000000a742000000) (1024K)]
  0x000002773a9567d0 JavaThread "Attach Listener"            daemon [_thread_blocked, id=6352, stack(0x000000a742000000,0x000000a742100000) (1024K)]
  0x000002773a958bd0 JavaThread "Service Thread"             daemon [_thread_blocked, id=22464, stack(0x000000a742100000,0x000000a742200000) (1024K)]
  0x000002777cd0d8b0 JavaThread "Monitor Deflation Thread"   daemon [_thread_blocked, id=21108, stack(0x000000a742200000,0x000000a742300000) (1024K)]
  0x000002777cd2e260 JavaThread "C2 CompilerThread0"         daemon [_thread_blocked, id=24832, stack(0x000000a742300000,0x000000a742400000) (1024K)]
  0x000002777cd032b0 JavaThread "C1 CompilerThread0"         daemon [_thread_blocked, id=26232, stack(0x000000a742400000,0x000000a742500000) (1024K)]
  0x000002777cf653b0 JavaThread "Common-Cleaner"             daemon [_thread_blocked, id=26132, stack(0x000000a742600000,0x000000a742700000) (1024K)]
  0x000002777d069620 JavaThread "Notification Thread"        daemon [_thread_blocked, id=9260, stack(0x000000a742700000,0x000000a742800000) (1024K)]
  0x000002777e999420 JavaThread "Active Thread: Equinox Container: 7d729f20-cdd6-4c37-af36-1244f0e0f203"        [_thread_blocked, id=34884, stack(0x000000a742f00000,0x000000a743000000) (1024K)]
  0x000002777e321bf0 JavaThread "Refresh Thread: Equinox Container: 7d729f20-cdd6-4c37-af36-1244f0e0f203" daemon [_thread_blocked, id=34952, stack(0x000000a743100000,0x000000a743200000) (1024K)]
  0x000002777e365f00 JavaThread "Framework Event Dispatcher: Equinox Container: 7d729f20-cdd6-4c37-af36-1244f0e0f203" daemon [_thread_blocked, id=34964, stack(0x000000a743200000,0x000000a743300000) (1024K)]
  0x000002777e367d90 JavaThread "Start Level: Equinox Container: 7d729f20-cdd6-4c37-af36-1244f0e0f203" daemon [_thread_in_Java, id=34968, stack(0x000000a743300000,0x000000a743400000) (1024K)]
  0x000002777e938710 JavaThread "Bundle File Closer"         daemon [_thread_blocked, id=35028, stack(0x000000a743600000,0x000000a743700000) (1024K)]
  0x000002777ea5fd80 JavaThread "SCR Component Actor"        daemon [_thread_blocked, id=35556, stack(0x000000a742500000,0x000000a742600000) (1024K)]
  0x000002777e887cf0 JavaThread "Worker-JM"                         [_thread_blocked, id=35612, stack(0x000000a743700000,0x000000a743800000) (1024K)]
=>0x000002777ea4e6b0 JavaThread "C2 CompilerThread1"         daemon [_thread_in_native, id=35800, stack(0x000000a742800000,0x000000a742900000) (1024K)]
Total: 19

Other Threads:
  0x000002777cd00e40 VMThread "VM Thread"                           [id=29748, stack(0x000000a741c00000,0x000000a741d00000) (1024K)]
  0x000002773a83ca00 WatcherThread "VM Periodic Task Thread"        [id=28920, stack(0x000000a741b00000,0x000000a741c00000) (1024K)]
  0x0000027723ed7950 WorkerThread "GC Thread#0"                     [id=30168, stack(0x000000a741a00000,0x000000a741b00000) (1024K)]
  0x000002777e261e90 WorkerThread "GC Thread#1"                     [id=34844, stack(0x000000a742900000,0x000000a742a00000) (1024K)]
  0x000002777e275870 WorkerThread "GC Thread#2"                     [id=34848, stack(0x000000a742a00000,0x000000a742b00000) (1024K)]
  0x000002777e273c40 WorkerThread "GC Thread#3"                     [id=34852, stack(0x000000a742b00000,0x000000a742c00000) (1024K)]
  0x000002777e018bc0 WorkerThread "GC Thread#4"                     [id=34856, stack(0x000000a742c00000,0x000000a742d00000) (1024K)]
  0x000002777e3e4a90 WorkerThread "GC Thread#5"                     [id=34860, stack(0x000000a742d00000,0x000000a742e00000) (1024K)]
  0x000002777e3e4e40 WorkerThread "GC Thread#6"                     [id=34864, stack(0x000000a742e00000,0x000000a742f00000) (1024K)]
  0x000002777e796230 WorkerThread "GC Thread#7"                     [id=34948, stack(0x000000a743000000,0x000000a743100000) (1024K)]
  0x000002777eab3d40 WorkerThread "GC Thread#8"                     [id=35020, stack(0x000000a743400000,0x000000a743500000) (1024K)]
  0x000002777e8a0ae0 WorkerThread "GC Thread#9"                     [id=35024, stack(0x000000a743500000,0x000000a743600000) (1024K)]
Total: 12

Threads with active compile tasks:
C2 CompilerThread1  10138 3494       4       java.util.zip.ZipFile$Source::initCEN (612 bytes)
Total: 1

VM state: not at safepoint (normal execution)

VM Mutex/Monitor currently owned by a thread: None

Heap address: 0x0000000080000000, size: 2048 MB, Compressed Oops mode: 32-bit

CDS archive(s) mapped at: [0x000002773b000000-0x000002773bba0000-0x000002773bba0000), size 12189696, SharedBaseAddress: 0x000002773b000000, ArchiveRelocationMode: 1.
Compressed class space mapped at: 0x000002773c000000-0x000002777c000000, reserved size: 1073741824
Narrow klass base: 0x000002773b000000, Narrow klass shift: 0, Narrow klass range: 0x100000000

GC Precious Log:
 CardTable entry size: 512
 CPUs: 12 total, 12 available
 Memory: 16068M
 Large Page Support: Disabled
 NUMA Support: Disabled
 Compressed Oops: Enabled (32-bit)
 Alignments: Space 512K, Generation 512K, Heap 2M
 Heap Min Capacity: 100M
 Heap Initial Capacity: 100M
 Heap Max Capacity: 2G
 Pre-touch: Disabled
 Parallel Workers: 10

Heap:
 PSYoungGen      total 29184K, used 18743K [0x00000000d5580000, 0x00000000d7900000, 0x0000000100000000)
  eden space 25088K, 58% used [0x00000000d5580000,0x00000000d63d3b38,0x00000000d6e00000)
  from space 4096K, 99% used [0x00000000d6e80000,0x00000000d727a3e0,0x00000000d7280000)
  to   space 5632K, 0% used [0x00000000d7380000,0x00000000d7380000,0x00000000d7900000)
 ParOldGen       total 68608K, used 7694K [0x0000000080000000, 0x0000000084300000, 0x00000000d5580000)
  object space 68608K, 11% used [0x0000000080000000,0x00000000807839c8,0x0000000084300000)
 Metaspace       used 16904K, committed 17536K, reserved 1114112K
  class space    used 1721K, committed 1984K, reserved 1048576K

Card table byte_map: [0x0000027723870000,0x0000027723c80000] _byte_map_base: 0x0000027723470000

Marking Bits: (ParMarkBitMap*) 0x00007ffa86293450
 Begin Bits: [0x0000027736360000, 0x0000027738360000)
 End Bits:   [0x0000027738360000, 0x000002773a360000)

Polling page: 0x0000027721ea0000

Metaspace:

Usage:
  Non-class:     14.83 MB used.
      Class:      1.68 MB used.
       Both:     16.51 MB used.

Virtual space:
  Non-class space:       64.00 MB reserved,      15.19 MB ( 24%) committed,  1 nodes.
      Class space:        1.00 GB reserved,       1.94 MB ( <1%) committed,  1 nodes.
             Both:        1.06 GB reserved,      17.12 MB (  2%) committed. 

Chunk freelists:
   Non-Class:  808.00 KB
       Class:  13.91 MB
        Both:  14.70 MB

MaxMetaspaceSize: unlimited
CompressedClassSpaceSize: 1.00 GB
Initial GC threshold: 21.00 MB
Current GC threshold: 21.00 MB
CDS: on
 - commit_granule_bytes: 65536.
 - commit_granule_words: 8192.
 - virtual_space_node_default_size: 8388608.
 - enlarge_chunks_in_place: 1.
 - use_allocation_guard: 0.


Internal statistics:

num_allocs_failed_limit: 0.
num_arena_births: 434.
num_arena_deaths: 0.
num_vsnodes_births: 2.
num_vsnodes_deaths: 0.
num_space_committed: 274.
num_space_uncommitted: 0.
num_chunks_returned_to_freelist: 0.
num_chunks_taken_from_freelist: 1005.
num_chunk_merges: 0.
num_chunk_splits: 649.
num_chunks_enlarged: 438.
num_inconsistent_stats: 0.

CodeHeap 'non-profiled nmethods': size=120000Kb used=1516Kb max_used=1516Kb free=118484Kb
 bounds [0x000002772eb80000, 0x000002772edf0000, 0x00000277360b0000]
CodeHeap 'profiled nmethods': size=120000Kb used=7155Kb max_used=7155Kb free=112844Kb
 bounds [0x00000277270b0000, 0x00000277277b0000, 0x000002772e5e0000]
CodeHeap 'non-nmethods': size=5760Kb used=1274Kb max_used=1294Kb free=4485Kb
 bounds [0x000002772e5e0000, 0x000002772e850000, 0x000002772eb80000]
CodeCache: size=245760Kb, used=9945Kb, max_used=9965Kb, free=235813Kb
 total_blobs=4084, nmethods=3533, adapters=456, full_count=0
Compilation: enabled, stopped_count=0, restarted_count=0

Compilation events (20 events):
Event: 6.041 Thread 0x000002777cd032b0 nmethod 3509 0x000002772ecf8990 code [0x000002772ecf8b20, 0x000002772ecf8be8]
Event: 6.042 Thread 0x000002777cd032b0 3510       3       java.lang.String::encodeUTF8 (141 bytes)
Event: 6.043 Thread 0x000002777cd032b0 nmethod 3510 0x00000277277a3190 code [0x00000277277a33e0, 0x00000277277a3bb8]
Event: 6.043 Thread 0x000002777cd032b0 3511   !   3       java.nio.charset.Charset::defaultCharset (52 bytes)
Event: 6.043 Thread 0x000002777cd032b0 nmethod 3511 0x00000277277a3e90 code [0x00000277277a4020, 0x00000277277a4128]
Event: 6.043 Thread 0x000002777cd032b0 3512       3       sun.nio.fs.WindowsDirectoryStream$WindowsDirectoryIterator::isSelfOrParent (24 bytes)
Event: 6.043 Thread 0x000002777cd032b0 nmethod 3512 0x00000277277a4190 code [0x00000277277a4360, 0x00000277277a4568]
Event: 6.045 Thread 0x000002777cd032b0 3514       3       sun.nio.fs.WindowsPath::getFileName (87 bytes)
Event: 6.046 Thread 0x000002777cd032b0 nmethod 3514 0x00000277277a4690 code [0x00000277277a4940, 0x00000277277a5660]
Event: 6.046 Thread 0x000002777cd032b0 3517   !   3       sun.nio.fs.WindowsDirectoryStream$WindowsDirectoryIterator::readNextEntry (192 bytes)
Event: 6.047 Thread 0x000002777cd032b0 nmethod 3517 0x00000277277a5b90 code [0x00000277277a5e60, 0x00000277277a6940]
Event: 6.047 Thread 0x000002777cd032b0 3515   !   3       sun.nio.fs.WindowsNativeDispatcher::FindNextFile (30 bytes)
Event: 6.047 Thread 0x000002777cd032b0 nmethod 3515 0x00000277277a6f90 code [0x00000277277a7160, 0x00000277277a7358]
Event: 6.047 Thread 0x000002777cd032b0 3516  s    3       sun.nio.fs.WindowsDirectoryStream$WindowsDirectoryIterator::hasNext (35 bytes)
Event: 6.047 Thread 0x000002777cd032b0 nmethod 3516 0x00000277277a7490 code [0x00000277277a7640, 0x00000277277a7920]
Event: 6.047 Thread 0x000002777cd032b0 3519   !   3       sun.nio.fs.WindowsDirectoryStream$WindowsDirectoryIterator::acceptEntry (71 bytes)
Event: 6.048 Thread 0x000002777cd032b0 nmethod 3519 0x00000277277a7a10 code [0x00000277277a7c60, 0x00000277277a8418]
Event: 6.048 Thread 0x000002777cd032b0 3518       3       sun.nio.fs.WindowsFileAttributes::fromFindData (127 bytes)
Event: 6.048 Thread 0x000002777cd032b0 nmethod 3518 0x00000277277a8890 code [0x00000277277a8aa0, 0x00000277277a90c0]
Event: 6.056 Thread 0x000002777cd032b0 3523   !   3       java.io.FileOutputStream::write (47 bytes)

GC Heap History (10 events):
Event: 0.915 GC heap before
{Heap before GC invocations=1 (full 0):
 PSYoungGen      total 29696K, used 25600K [0x00000000d5580000, 0x00000000d7680000, 0x0000000100000000)
  eden space 25600K, 100% used [0x00000000d5580000,0x00000000d6e80000,0x00000000d6e80000)
  from space 4096K, 0% used [0x00000000d7280000,0x00000000d7280000,0x00000000d7680000)
  to   space 4096K, 0% used [0x00000000d6e80000,0x00000000d6e80000,0x00000000d7280000)
 ParOldGen       total 68608K, used 0K [0x0000000080000000, 0x0000000084300000, 0x00000000d5580000)
  object space 68608K, 0% used [0x0000000080000000,0x0000000080000000,0x0000000084300000)
 Metaspace       used 4352K, committed 4608K, reserved 1114112K
  class space    used 474K, committed 576K, reserved 1048576K
}
Event: 0.921 GC heap after
{Heap after GC invocations=1 (full 0):
 PSYoungGen      total 29696K, used 3280K [0x00000000d5580000, 0x00000000d7680000, 0x0000000100000000)
  eden space 25600K, 0% used [0x00000000d5580000,0x00000000d5580000,0x00000000d6e80000)
  from space 4096K, 80% used [0x00000000d6e80000,0x00000000d71b4148,0x00000000d7280000)
  to   space 4096K, 0% used [0x00000000d7280000,0x00000000d7280000,0x00000000d7680000)
 ParOldGen       total 68608K, used 16K [0x0000000080000000, 0x0000000084300000, 0x00000000d5580000)
  object space 68608K, 0% used [0x0000000080000000,0x0000000080004000,0x0000000084300000)
 Metaspace       used 4352K, committed 4608K, reserved 1114112K
  class space    used 474K, committed 576K, reserved 1048576K
}
Event: 1.543 GC heap before
{Heap before GC invocations=2 (full 0):
 PSYoungGen      total 29696K, used 28880K [0x00000000d5580000, 0x00000000d7680000, 0x0000000100000000)
  eden space 25600K, 100% used [0x00000000d5580000,0x00000000d6e80000,0x00000000d6e80000)
  from space 4096K, 80% used [0x00000000d6e80000,0x00000000d71b4148,0x00000000d7280000)
  to   space 4096K, 0% used [0x00000000d7280000,0x00000000d7280000,0x00000000d7680000)
 ParOldGen       total 68608K, used 16K [0x0000000080000000, 0x0000000084300000, 0x00000000d5580000)
  object space 68608K, 0% used [0x0000000080000000,0x0000000080004000,0x0000000084300000)
 Metaspace       used 7968K, committed 8256K, reserved 1114112K
  class space    used 829K, committed 960K, reserved 1048576K
}
Event: 1.549 GC heap after
{Heap after GC invocations=2 (full 0):
 PSYoungGen      total 29696K, used 4086K [0x00000000d5580000, 0x00000000d7680000, 0x0000000100000000)
  eden space 25600K, 0% used [0x00000000d5580000,0x00000000d5580000,0x00000000d6e80000)
  from space 4096K, 99% used [0x00000000d7280000,0x00000000d767d810,0x00000000d7680000)
  to   space 4096K, 0% used [0x00000000d6e80000,0x00000000d6e80000,0x00000000d7280000)
 ParOldGen       total 68608K, used 2053K [0x0000000080000000, 0x0000000084300000, 0x00000000d5580000)
  object space 68608K, 2% used [0x0000000080000000,0x00000000802016b8,0x0000000084300000)
 Metaspace       used 7968K, committed 8256K, reserved 1114112K
  class space    used 829K, committed 960K, reserved 1048576K
}
Event: 1.999 GC heap before
{Heap before GC invocations=3 (full 0):
 PSYoungGen      total 29696K, used 29686K [0x00000000d5580000, 0x00000000d7680000, 0x0000000100000000)
  eden space 25600K, 100% used [0x00000000d5580000,0x00000000d6e80000,0x00000000d6e80000)
  from space 4096K, 99% used [0x00000000d7280000,0x00000000d767d810,0x00000000d7680000)
  to   space 4096K, 0% used [0x00000000d6e80000,0x00000000d6e80000,0x00000000d7280000)
 ParOldGen       total 68608K, used 2053K [0x0000000080000000, 0x0000000084300000, 0x00000000d5580000)
  object space 68608K, 2% used [0x0000000080000000,0x00000000802016b8,0x0000000084300000)
 Metaspace       used 9394K, committed 9728K, reserved 1114112K
  class space    used 1004K, committed 1152K, reserved 1048576K
}
Event: 2.005 GC heap after
{Heap after GC invocations=3 (full 0):
 PSYoungGen      total 29696K, used 4078K [0x00000000d5580000, 0x00000000d7680000, 0x0000000100000000)
  eden space 25600K, 0% used [0x00000000d5580000,0x00000000d5580000,0x00000000d6e80000)
  from space 4096K, 99% used [0x00000000d6e80000,0x00000000d727bb60,0x00000000d7280000)
  to   space 4096K, 0% used [0x00000000d7280000,0x00000000d7280000,0x00000000d7680000)
 ParOldGen       total 68608K, used 5440K [0x0000000080000000, 0x0000000084300000, 0x00000000d5580000)
  object space 68608K, 7% used [0x0000000080000000,0x0000000080550160,0x0000000084300000)
 Metaspace       used 9394K, committed 9728K, reserved 1114112K
  class space    used 1004K, committed 1152K, reserved 1048576K
}
Event: 3.712 GC heap before
{Heap before GC invocations=4 (full 0):
 PSYoungGen      total 29696K, used 29678K [0x00000000d5580000, 0x00000000d7680000, 0x0000000100000000)
  eden space 25600K, 100% used [0x00000000d5580000,0x00000000d6e80000,0x00000000d6e80000)
  from space 4096K, 99% used [0x00000000d6e80000,0x00000000d727bb60,0x00000000d7280000)
  to   space 4096K, 0% used [0x00000000d7280000,0x00000000d7280000,0x00000000d7680000)
 ParOldGen       total 68608K, used 5440K [0x0000000080000000, 0x0000000084300000, 0x00000000d5580000)
  object space 68608K, 7% used [0x0000000080000000,0x0000000080550160,0x0000000084300000)
 Metaspace       used 11846K, committed 12224K, reserved 1114112K
  class space    used 1252K, committed 1408K, reserved 1048576K
}
Event: 3.716 GC heap after
{Heap after GC invocations=4 (full 0):
 PSYoungGen      total 29696K, used 4087K [0x00000000d5580000, 0x00000000d7680000, 0x0000000100000000)
  eden space 25600K, 0% used [0x00000000d5580000,0x00000000d5580000,0x00000000d6e80000)
  from space 4096K, 99% used [0x00000000d7280000,0x00000000d767deb0,0x00000000d7680000)
  to   space 4096K, 0% used [0x00000000d6e80000,0x00000000d6e80000,0x00000000d7280000)
 ParOldGen       total 68608K, used 6791K [0x0000000080000000, 0x0000000084300000, 0x00000000d5580000)
  object space 68608K, 9% used [0x0000000080000000,0x00000000806a1db8,0x0000000084300000)
 Metaspace       used 11846K, committed 12224K, reserved 1114112K
  class space    used 1252K, committed 1408K, reserved 1048576K
}
Event: 4.185 GC heap before
{Heap before GC invocations=5 (full 0):
 PSYoungGen      total 29696K, used 29687K [0x00000000d5580000, 0x00000000d7680000, 0x0000000100000000)
  eden space 25600K, 100% used [0x00000000d5580000,0x00000000d6e80000,0x00000000d6e80000)
  from space 4096K, 99% used [0x00000000d7280000,0x00000000d767deb0,0x00000000d7680000)
  to   space 4096K, 0% used [0x00000000d6e80000,0x00000000d6e80000,0x00000000d7280000)
 ParOldGen       total 68608K, used 6791K [0x0000000080000000, 0x0000000084300000, 0x00000000d5580000)
  object space 68608K, 9% used [0x0000000080000000,0x00000000806a1db8,0x0000000084300000)
 Metaspace       used 14956K, committed 15488K, reserved 1114112K
  class space    used 1527K, committed 1728K, reserved 1048576K
}
Event: 4.189 GC heap after
{Heap after GC invocations=5 (full 0):
 PSYoungGen      total 29184K, used 4072K [0x00000000d5580000, 0x00000000d7900000, 0x0000000100000000)
  eden space 25088K, 0% used [0x00000000d5580000,0x00000000d5580000,0x00000000d6e00000)
  from space 4096K, 99% used [0x00000000d6e80000,0x00000000d727a3e0,0x00000000d7280000)
  to   space 5632K, 0% used [0x00000000d7380000,0x00000000d7380000,0x00000000d7900000)
 ParOldGen       total 68608K, used 7694K [0x0000000080000000, 0x0000000084300000, 0x00000000d5580000)
  object space 68608K, 11% used [0x0000000080000000,0x00000000807839c8,0x0000000084300000)
 Metaspace       used 14956K, committed 15488K, reserved 1114112K
  class space    used 1527K, committed 1728K, reserved 1048576K
}

Dll operation events (9 events):
Event: 0.017 Loaded shared library c:\Users\DELL\.trae\extensions\redhat.java-1.53.0-win32-x64\jre\21.0.10-win32-x86_64\bin\java.dll
Event: 0.110 Loaded shared library c:\Users\DELL\.trae\extensions\redhat.java-1.53.0-win32-x64\jre\21.0.10-win32-x86_64\bin\zip.dll
Event: 0.138 Loaded shared library C:\Users\DELL\.trae\extensions\redhat.java-1.53.0-win32-x64\jre\21.0.10-win32-x86_64\bin\instrument.dll
Event: 0.147 Loaded shared library C:\Users\DELL\.trae\extensions\redhat.java-1.53.0-win32-x64\jre\21.0.10-win32-x86_64\bin\net.dll
Event: 0.151 Loaded shared library C:\Users\DELL\.trae\extensions\redhat.java-1.53.0-win32-x64\jre\21.0.10-win32-x86_64\bin\nio.dll
Event: 0.155 Loaded shared library C:\Users\DELL\.trae\extensions\redhat.java-1.53.0-win32-x64\jre\21.0.10-win32-x86_64\bin\zip.dll
Event: 0.181 Loaded shared library C:\Users\DELL\.trae\extensions\redhat.java-1.53.0-win32-x64\jre\21.0.10-win32-x86_64\bin\jimage.dll
Event: 0.276 Loaded shared library c:\Users\DELL\.trae\extensions\redhat.java-1.53.0-win32-x64\jre\21.0.10-win32-x86_64\bin\verify.dll
Event: 1.567 Loaded shared library C:\Users\DELL\AppData\Roaming\Trae\User\globalStorage\redhat.java\1.53.0\config_win\org.eclipse.equinox.launcher\org.eclipse.equinox.launcher.win32.win32.x86_64_1.3.0.v20260203-2149\eclipse_11919.dll

Deoptimization events (20 events):
Event: 5.954 Thread 0x000002777e367d90 DEOPT PACKING pc=0x000002772ecbe7c4 sp=0x000000a7433f92c0
Event: 5.954 Thread 0x000002777e367d90 DEOPT UNPACKING pc=0x000002772e633aa2 sp=0x000000a7433f9260 mode 2
Event: 5.954 Thread 0x000002777e367d90 Uncommon trap: trap_request=0xffffff45 fr.pc=0x000002772ec3f0ec relative=0x000000000000004c
Event: 5.954 Thread 0x000002777e367d90 Uncommon trap: reason=unstable_if action=reinterpret pc=0x000002772ec3f0ec method=sun.nio.fs.WindowsPathParser.isSlash(C)Z @ 9 c2
Event: 5.954 Thread 0x000002777e367d90 DEOPT PACKING pc=0x000002772ec3f0ec sp=0x000000a7433f92d0
Event: 5.954 Thread 0x000002777e367d90 DEOPT UNPACKING pc=0x000002772e633aa2 sp=0x000000a7433f9258 mode 2
Event: 5.983 Thread 0x000002777e367d90 Uncommon trap: trap_request=0xffffff45 fr.pc=0x000002772ecb8998 relative=0x0000000000000378
Event: 5.983 Thread 0x000002777e367d90 Uncommon trap: reason=unstable_if action=reinterpret pc=0x000002772ecb8998 method=com.sun.org.apache.xerces.internal.impl.XMLEntityScanner.skipSpaces()Z @ 88 c2
Event: 5.983 Thread 0x000002777e367d90 DEOPT PACKING pc=0x000002772ecb8998 sp=0x000000a7433f9680
Event: 5.983 Thread 0x000002777e367d90 DEOPT UNPACKING pc=0x000002772e633aa2 sp=0x000000a7433f9618 mode 2
Event: 5.983 Thread 0x000002777e367d90 Uncommon trap: trap_request=0xffffff45 fr.pc=0x000002772ecb7cfc relative=0x00000000000000dc
Event: 5.983 Thread 0x000002777e367d90 Uncommon trap: reason=unstable_if action=reinterpret pc=0x000002772ecb7cfc method=com.sun.org.apache.xerces.internal.impl.XMLEntityScanner.peekChar()I @ 51 c2
Event: 5.983 Thread 0x000002777e367d90 DEOPT PACKING pc=0x000002772ecb7cfc sp=0x000000a7433f95d0
Event: 5.983 Thread 0x000002777e367d90 DEOPT UNPACKING pc=0x000002772e633aa2 sp=0x000000a7433f9558 mode 2
Event: 5.993 Thread 0x000002777e367d90 DEOPT PACKING pc=0x000002772748751f sp=0x000000a7433f6b00
Event: 5.993 Thread 0x000002777e367d90 DEOPT UNPACKING pc=0x000002772e634242 sp=0x000000a7433f6070 mode 0
Event: 6.007 Thread 0x000002777e367d90 Uncommon trap: trap_request=0xffffff45 fr.pc=0x000002772ebb86b4 relative=0x0000000000000694
Event: 6.007 Thread 0x000002777e367d90 Uncommon trap: reason=unstable_if action=reinterpret pc=0x000002772ebb86b4 method=java.lang.String.replace(Ljava/lang/CharSequence;Ljava/lang/CharSequence;)Ljava/lang/String; @ 42 c2
Event: 6.007 Thread 0x000002777e367d90 DEOPT PACKING pc=0x000002772ebb86b4 sp=0x000000a7433f7b70
Event: 6.007 Thread 0x000002777e367d90 DEOPT UNPACKING pc=0x000002772e633aa2 sp=0x000000a7433f7af0 mode 2

Classes loaded (20 events):
Event: 6.021 Loading class sun/security/provider/SeedGenerator$1
Event: 6.022 Loading class sun/security/provider/SeedGenerator$1 done
Event: 6.036 Loading class java/net/NetworkInterface$1
Event: 6.036 Loading class java/net/NetworkInterface$1 done
Event: 6.037 Loading class java/nio/file/Files$AcceptAllFilter
Event: 6.037 Loading class java/nio/file/DirectoryStream$Filter
Event: 6.037 Loading class java/nio/file/DirectoryStream$Filter done
Event: 6.037 Loading class java/nio/file/Files$AcceptAllFilter done
Event: 6.037 Loading class sun/nio/fs/WindowsDirectoryStream
Event: 6.037 Loading class java/nio/file/DirectoryStream
Event: 6.037 Loading class java/nio/file/DirectoryStream done
Event: 6.037 Loading class sun/nio/fs/WindowsDirectoryStream done
Event: 6.038 Loading class sun/nio/fs/WindowsDirectoryStream$WindowsDirectoryIterator
Event: 6.038 Loading class sun/nio/fs/WindowsDirectoryStream$WindowsDirectoryIterator done
Event: 6.038 Loading class sun/nio/fs/WindowsPath$WindowsPathWithAttributes
Event: 6.038 Loading class sun/nio/fs/BasicFileAttributesHolder
Event: 6.038 Loading class sun/nio/fs/BasicFileAttributesHolder done
Event: 6.038 Loading class sun/nio/fs/WindowsPath$WindowsPathWithAttributes done
Event: 6.048 Loading class sun/security/provider/AbstractDrbg$NonceProvider
Event: 6.049 Loading class sun/security/provider/AbstractDrbg$NonceProvider done

Classes unloaded (0 events):
No events

Classes redefined (0 events):
No events

Internal exceptions (20 events):
Event: 1.560 Thread 0x0000027721ab65a0 Exception <a 'java/lang/UnsatisfiedLinkError'{0x00000000d55d00e8}: 'void org.eclipse.equinox.launcher.JNIBridge._update_splash()'> (0x00000000d55d00e8) 
thrown [s\src\hotspot\share\prims\nativeLookup.cpp, line 415]
Event: 1.606 Thread 0x000002777e321bf0 Exception <a 'java/lang/NoSuchMethodError'{0x00000000d5867dd8}: 'void java.lang.invoke.DirectMethodHandle$Holder.invokeInterface(java.lang.Object, java.lang.Object, java.lang.Object)'> (0x00000000d5867dd8) 
thrown [s\src\hotspot\share\interpreter\linkResolver.cpp, line 773]
Event: 1.686 Thread 0x000002777e367d90 Exception <a 'java/lang/NoSuchMethodError'{0x00000000d5c2f858}: 'java.lang.Object java.lang.invoke.DirectMethodHandle$Holder.newInvokeSpecial(java.lang.Object, java.lang.Object, int, java.lang.Object)'> (0x00000000d5c2f858) 
thrown [s\src\hotspot\share\interpreter\linkResolver.cpp, line 773]
Event: 1.686 Thread 0x000002777e367d90 Exception <a 'java/lang/NoSuchMethodError'{0x00000000d5c33688}: 'java.lang.Object java.lang.invoke.DirectMethodHandle$Holder.invokeSpecial(java.lang.Object, java.lang.Object, java.lang.Object, int, java.lang.Object)'> (0x00000000d5c33688) 
thrown [s\src\hotspot\share\interpreter\linkResolver.cpp, line 773]
Event: 1.708 Thread 0x000002777e367d90 Exception <a 'java/lang/NoClassDefFoundError'{0x00000000d5cda258}: jakarta/servlet/ServletContainerInitializer> (0x00000000d5cda258) 
thrown [s\src\hotspot\share\classfile\systemDictionary.cpp, line 301]
Event: 1.734 Thread 0x000002777e367d90 Exception <a 'java/lang/ClassNotFoundException'{0x00000000d5e35c28}: sun/util/logging/resources/spi/loggingProvider> (0x00000000d5e35c28) 
thrown [s\src\hotspot\share\classfile\systemDictionary.cpp, line 312]
Event: 2.590 Thread 0x000002777e367d90 Exception <a 'java/lang/NullPointerException'{0x00000000d6690a20}> (0x00000000d6690a20) 
thrown [s\src\hotspot\share\interpreter\linkResolver.cpp, line 1372]
Event: 2.590 Thread 0x000002777e367d90 Exception <a 'java/lang/NullPointerException'{0x00000000d6690d00}> (0x00000000d6690d00) 
thrown [s\src\hotspot\share\interpreter\linkResolver.cpp, line 1372]
Event: 3.753 Thread 0x000002777e367d90 Exception <a 'java/lang/NoSuchMethodError'{0x00000000d57d29b0}: 'void java.lang.invoke.Invokers$Holder.invokeExact_MT(java.lang.Object, java.lang.Object, java.lang.Object)'> (0x00000000d57d29b0) 
thrown [s\src\hotspot\share\interpreter\linkResolver.cpp, line 773]
Event: 3.970 Thread 0x000002777e367d90 Exception <a 'java/io/FileNotFoundException'{0x00000000d60f7740}> (0x00000000d60f7740) 
thrown [s\src\hotspot\share\prims\jni.cpp, line 520]
Event: 4.066 Thread 0x000002777e367d90 Exception <a 'java/lang/NoSuchMethodError'{0x00000000d65ca318}: 'java.lang.Object java.lang.invoke.Invokers$Holder.linkToTargetMethod(java.lang.Object, long, java.lang.Object)'> (0x00000000d65ca318) 
thrown [s\src\hotspot\share\interpreter\linkResolver.cpp, line 773]
Event: 4.177 Thread 0x000002777e367d90 Exception <a 'java/lang/NoSuchMethodError'{0x00000000d6dd9980}: 'java.lang.Object java.lang.invoke.DirectMethodHandle$Holder.invokeVirtual(java.lang.Object, java.lang.Object, java.lang.Object)'> (0x00000000d6dd9980) 
thrown [s\src\hotspot\share\interpreter\linkResolver.cpp, line 773]
Event: 4.179 Thread 0x000002777e367d90 Exception <a 'java/lang/NoSuchMethodError'{0x00000000d6df1f60}: 'java.lang.Object java.lang.invoke.DelegatingMethodHandle$Holder.reinvoke_L(java.lang.Object, java.lang.Object, java.lang.Object, java.lang.Object, int, int)'> (0x00000000d6df1f60) 
thrown [s\src\hotspot\share\interpreter\linkResolver.cpp, line 773]
Event: 4.181 Thread 0x000002777e367d90 Exception <a 'java/lang/NoSuchMethodError'{0x00000000d6e0ec98}: 'java.lang.Object java.lang.invoke.DirectMethodHandle$Holder.newInvokeSpecial(java.lang.Object, java.lang.Object, java.lang.Object, java.lang.Object, java.lang.Object, java.lang.Object)'> (0x00000000d6e0ec98) 
thrown [s\src\hotspot\share\interpreter\linkResolver.cpp, line 773]
Event: 4.184 Thread 0x000002777e367d90 Exception <a 'java/lang/NoSuchMethodError'{0x00000000d6e3b080}: 'void java.lang.invoke.Invokers$Holder.invokeExact_MT(java.lang.Object, java.lang.Object, java.lang.Object, java.lang.Object)'> (0x00000000d6e3b080) 
thrown [s\src\hotspot\share\interpreter\linkResolver.cpp, line 773]
Event: 4.775 Thread 0x000002777e367d90 Exception <a 'java/io/FileNotFoundException'{0x00000000d580bf88}> (0x00000000d580bf88) 
thrown [s\src\hotspot\share\prims\jni.cpp, line 520]
Event: 4.776 Thread 0x000002777e367d90 Exception <a 'java/io/FileNotFoundException'{0x00000000d5813a18}> (0x00000000d5813a18) 
thrown [s\src\hotspot\share\prims\jni.cpp, line 520]
Event: 5.962 Thread 0x000002777e367d90 Exception <a 'java/lang/NoSuchMethodError'{0x00000000d5ee90a8}: 'java.lang.Object java.lang.invoke.DirectMethodHandle$Holder.invokeStaticInit(java.lang.Object, int)'> (0x00000000d5ee90a8) 
thrown [s\src\hotspot\share\interpreter\linkResolver.cpp, line 773]
Event: 6.012 Thread 0x000002777e367d90 Exception <a 'java/lang/NoSuchMethodError'{0x00000000d6165f78}: 'java.lang.Object java.lang.invoke.DirectMethodHandle$Holder.invokeStaticInit(java.lang.Object, int, int, int, int)'> (0x00000000d6165f78) 
thrown [s\src\hotspot\share\interpreter\linkResolver.cpp, line 773]
Event: 6.047 Thread 0x000002777e367d90 Exception <a 'java/lang/NoSuchMethodError'{0x00000000d6262928}: 'java.lang.Object java.lang.invoke.DirectMethodHandle$Holder.invokeStaticInit(java.lang.Object, java.lang.Object, int, int, int, int)'> (0x00000000d6262928) 
thrown [s\src\hotspot\share\interpreter\linkResolver.cpp, line 773]

ZGC Phase Switch (0 events):
No events

VM Operations (20 events):
Event: 3.681 Executing non-safepoint VM operation: HandshakeAllThreads (Deoptimize)
Event: 3.681 Executing non-safepoint VM operation: HandshakeAllThreads (Deoptimize) done
Event: 3.712 Executing safepoint VM operation: ParallelGCFailedAllocation (Allocation Failure)
Event: 3.716 Executing safepoint VM operation: ParallelGCFailedAllocation (Allocation Failure) done
Event: 4.052 Executing safepoint VM operation: ICBufferFull
Event: 4.052 Executing safepoint VM operation: ICBufferFull done
Event: 4.185 Executing safepoint VM operation: ParallelGCFailedAllocation (Allocation Failure)
Event: 4.189 Executing safepoint VM operation: ParallelGCFailedAllocation (Allocation Failure) done
Event: 4.794 Executing non-safepoint VM operation: HandshakeAllThreads (Deoptimize)
Event: 4.794 Executing non-safepoint VM operation: HandshakeAllThreads (Deoptimize) done
Event: 5.795 Executing safepoint VM operation: Cleanup
Event: 5.871 Executing safepoint VM operation: Cleanup done
Event: 5.979 Executing non-safepoint VM operation: HandshakeAllThreads (Deoptimize)
Event: 5.979 Executing non-safepoint VM operation: HandshakeAllThreads (Deoptimize) done
Event: 6.029 Executing non-safepoint VM operation: HandshakeAllThreads (Deoptimize)
Event: 6.029 Executing non-safepoint VM operation: HandshakeAllThreads (Deoptimize) done
Event: 6.039 Executing non-safepoint VM operation: HandshakeAllThreads (Deoptimize)
Event: 6.039 Executing non-safepoint VM operation: HandshakeAllThreads (Deoptimize) done
Event: 7.038 Executing safepoint VM operation: Cleanup
Event: 7.039 Executing safepoint VM operation: Cleanup done

Memory protections (0 events):
No events

Nmethod flushes (0 events):
No events

Events (20 events):
Event: 0.065 Thread 0x0000027721ab65a0 Thread added: 0x000002777cd2e260
Event: 0.065 Thread 0x0000027721ab65a0 Thread added: 0x000002777cd032b0
Event: 0.119 Thread 0x000002777cd032b0 Thread added: 0x000002777ce18c90
Event: 0.141 Thread 0x0000027721ab65a0 Thread added: 0x000002777cf653b0
Event: 0.393 Thread 0x0000027721ab65a0 Thread added: 0x000002777d069620
Event: 0.523 Thread 0x000002777cd032b0 Thread added: 0x000002777ddb1320
Event: 1.319 Thread 0x0000027721ab65a0 Thread added: 0x000002777e999420
Event: 1.559 Thread 0x0000027721ab65a0 Thread added: 0x000002777e321bf0
Event: 1.609 Thread 0x000002777e321bf0 Thread added: 0x000002777e365f00
Event: 1.612 Thread 0x0000027721ab65a0 Thread added: 0x000002777e367d90
Event: 2.046 Thread 0x000002777e367d90 Thread added: 0x000002777e938710
Event: 2.331 Thread 0x000002777ddb1320 Thread exited: 0x000002777ddb1320
Event: 2.360 Thread 0x000002777ce18c90 Thread exited: 0x000002777ce18c90
Event: 3.671 Thread 0x000002777e367d90 Thread added: 0x000002777ea5fd80
Event: 3.794 Thread 0x000002777cd032b0 Thread added: 0x000002777eb43fe0
Event: 4.107 Thread 0x000002777e367d90 Thread added: 0x000002777e887cf0
Event: 4.746 Thread 0x000002777eb43fe0 Thread exited: 0x000002777eb43fe0
Event: 4.853 Thread 0x000002777cd2e260 Thread added: 0x000002777ea4e6b0
Event: 5.888 Thread 0x000002777cd032b0 Thread added: 0x000002777e9e6170
Event: 6.005 Thread 0x000002777e9e6170 Thread exited: 0x000002777e9e6170


Dynamic libraries:
0x00007ff609560000 - 0x00007ff60956e000 	c:\Users\DELL\.trae\extensions\redhat.java-1.53.0-win32-x64\jre\21.0.10-win32-x86_64\bin\java.exe
0x00007ffad9780000 - 0x00007ffad99e7000 	C:\WINDOWS\SYSTEM32\ntdll.dll
0x00007ffad8110000 - 0x00007ffad81d9000 	C:\WINDOWS\System32\KERNEL32.DLL
0x00007ffad70f0000 - 0x00007ffad74e1000 	C:\WINDOWS\System32\KERNELBASE.dll
0x00007ffad2960000 - 0x00007ffad29ff000 	C:\WINDOWS\SYSTEM32\apphelp.dll
0x00007ffad61c0000 - 0x00007ffad630b000 	C:\WINDOWS\System32\ucrtbase.dll
0x00007ffabe340000 - 0x00007ffabe35e000 	c:\Users\DELL\.trae\extensions\redhat.java-1.53.0-win32-x64\jre\21.0.10-win32-x86_64\bin\VCRUNTIME140.dll
0x00007ffac0030000 - 0x00007ffac0048000 	c:\Users\DELL\.trae\extensions\redhat.java-1.53.0-win32-x64\jre\21.0.10-win32-x86_64\bin\jli.dll
0x00007ffad75a0000 - 0x00007ffad7765000 	C:\WINDOWS\System32\USER32.dll
0x00007ffad74f0000 - 0x00007ffad7517000 	C:\WINDOWS\System32\win32u.dll
0x00007ffabc3e0000 - 0x00007ffabc673000 	C:\WINDOWS\WinSxS\amd64_microsoft.windows.common-controls_6595b64144ccf1df_6.0.26100.8037_none_3e092faae333b53b\COMCTL32.dll
0x00007ffad81e0000 - 0x00007ffad820b000 	C:\WINDOWS\System32\GDI32.dll
0x00007ffad8c40000 - 0x00007ffad8ce9000 	C:\WINDOWS\System32\msvcrt.dll
0x00007ffad6db0000 - 0x00007ffad6edb000 	C:\WINDOWS\System32\gdi32full.dll
0x00007ffad6060000 - 0x00007ffad6103000 	C:\WINDOWS\System32\msvcp_win.dll
0x00007ffad9040000 - 0x00007ffad9071000 	C:\WINDOWS\System32\IMM32.DLL
0x00007ffac0020000 - 0x00007ffac002c000 	c:\Users\DELL\.trae\extensions\redhat.java-1.53.0-win32-x64\jre\21.0.10-win32-x86_64\bin\vcruntime140_1.dll
0x00007ffab45e0000 - 0x00007ffab466d000 	c:\Users\DELL\.trae\extensions\redhat.java-1.53.0-win32-x64\jre\21.0.10-win32-x86_64\bin\msvcp140.dll
0x00007ffa855d0000 - 0x00007ffa86371000 	c:\Users\DELL\.trae\extensions\redhat.java-1.53.0-win32-x64\jre\21.0.10-win32-x86_64\bin\server\jvm.dll
0x00007ffad8b80000 - 0x00007ffad8c3b000 	C:\WINDOWS\System32\ADVAPI32.dll
0x00007ffad8210000 - 0x00007ffad82b7000 	C:\WINDOWS\System32\sechost.dll
0x00007ffad8380000 - 0x00007ffad8498000 	C:\WINDOWS\System32\RPCRT4.dll
0x00007ffad7520000 - 0x00007ffad7594000 	C:\WINDOWS\System32\WS2_32.dll
0x00007ffad5ec0000 - 0x00007ffad5f1e000 	C:\WINDOWS\SYSTEM32\POWRPROF.dll
0x00007ffad10d0000 - 0x00007ffad1105000 	C:\WINDOWS\SYSTEM32\WINMM.dll
0x00007ffac2cb0000 - 0x00007ffac2cbb000 	C:\WINDOWS\SYSTEM32\VERSION.dll
0x00007ffad5ea0000 - 0x00007ffad5eb4000 	C:\WINDOWS\SYSTEM32\UMPDC.dll
0x00007ffad4df0000 - 0x00007ffad4e0b000 	C:\WINDOWS\SYSTEM32\kernel.appcore.dll
0x00007ffaba6a0000 - 0x00007ffaba6aa000 	c:\Users\DELL\.trae\extensions\redhat.java-1.53.0-win32-x64\jre\21.0.10-win32-x86_64\bin\jimage.dll
0x00007ffad3c80000 - 0x00007ffad3ec2000 	C:\WINDOWS\SYSTEM32\DBGHELP.DLL
0x00007ffad8700000 - 0x00007ffad8a82000 	C:\WINDOWS\System32\combase.dll
0x00007ffad8aa0000 - 0x00007ffad8b77000 	C:\WINDOWS\System32\OLEAUT32.dll
0x00007ffab7890000 - 0x00007ffab78cb000 	C:\WINDOWS\SYSTEM32\dbgcore.DLL
0x00007ffad6110000 - 0x00007ffad61b5000 	C:\WINDOWS\System32\bcryptPrimitives.dll
0x00007ffab45d0000 - 0x00007ffab45df000 	c:\Users\DELL\.trae\extensions\redhat.java-1.53.0-win32-x64\jre\21.0.10-win32-x86_64\bin\instrument.dll
0x00007ffab4860000 - 0x00007ffab4880000 	c:\Users\DELL\.trae\extensions\redhat.java-1.53.0-win32-x64\jre\21.0.10-win32-x86_64\bin\java.dll
0x00007ffad7990000 - 0x00007ffad80ef000 	C:\WINDOWS\System32\SHELL32.dll
0x00007ffad6b80000 - 0x00007ffad6cea000 	C:\WINDOWS\System32\wintypes.dll
0x00007ffad6310000 - 0x00007ffad6b74000 	C:\WINDOWS\System32\windows.storage.dll
0x00007ffad8f40000 - 0x00007ffad9037000 	C:\WINDOWS\System32\SHCORE.dll
0x00007ffad7770000 - 0x00007ffad77d7000 	C:\WINDOWS\System32\shlwapi.dll
0x00007ffad5f80000 - 0x00007ffad5fa9000 	C:\WINDOWS\SYSTEM32\profapi.dll
0x00007ffab4780000 - 0x00007ffab4798000 	c:\Users\DELL\.trae\extensions\redhat.java-1.53.0-win32-x64\jre\21.0.10-win32-x86_64\bin\zip.dll
0x00007ffab45c0000 - 0x00007ffab45d0000 	C:\Users\DELL\.trae\extensions\redhat.java-1.53.0-win32-x64\jre\21.0.10-win32-x86_64\bin\net.dll
0x00007ffac5690000 - 0x00007ffac57b7000 	C:\WINDOWS\SYSTEM32\WINHTTP.dll
0x00007ffad5360000 - 0x00007ffad53cb000 	C:\WINDOWS\system32\mswsock.dll
0x00007ffab45a0000 - 0x00007ffab45b6000 	C:\Users\DELL\.trae\extensions\redhat.java-1.53.0-win32-x64\jre\21.0.10-win32-x86_64\bin\nio.dll
0x00007ffab4590000 - 0x00007ffab45a0000 	c:\Users\DELL\.trae\extensions\redhat.java-1.53.0-win32-x64\jre\21.0.10-win32-x86_64\bin\verify.dll
0x00007ffa97a40000 - 0x00007ffa97a85000 	C:\Users\DELL\AppData\Roaming\Trae\User\globalStorage\redhat.java\1.53.0\config_win\org.eclipse.equinox.launcher\org.eclipse.equinox.launcher.win32.win32.x86_64_1.3.0.v20260203-2149\eclipse_11919.dll
0x00007ffad90b0000 - 0x00007ffad9245000 	C:\WINDOWS\System32\ole32.dll
0x00007ffad5640000 - 0x00007ffad565b000 	C:\WINDOWS\SYSTEM32\CRYPTSP.dll
0x00007ffad4d50000 - 0x00007ffad4d89000 	C:\WINDOWS\system32\rsaenh.dll
0x00007ffad5410000 - 0x00007ffad5442000 	C:\WINDOWS\SYSTEM32\USERENV.dll
0x00007ffad5f50000 - 0x00007ffad5f7a000 	C:\WINDOWS\SYSTEM32\bcrypt.dll
0x00007ffad5660000 - 0x00007ffad566c000 	C:\WINDOWS\SYSTEM32\CRYPTBASE.dll
0x00007ffad4850000 - 0x00007ffad4883000 	C:\WINDOWS\SYSTEM32\IPHLPAPI.DLL
0x00007ffad8e90000 - 0x00007ffad8e9a000 	C:\WINDOWS\System32\NSI.dll
0x00007ffa89340000 - 0x00007ffa89389000 	C:\Users\DELL\AppData\Local\Temp\jna-2094529\jna720054746236618582.dll
0x00007ffad8ea0000 - 0x00007ffad8ea8000 	C:\WINDOWS\System32\PSAPI.DLL

JVMTI agents:
c:\Users\DELL\.trae\extensions\redhat.java-1.53.0-win32-x64\lombok\lombok-1.18.39-4050.jar path:c:\Users\DELL\.trae\extensions\redhat.java-1.53.0-win32-x64\jre\21.0.10-win32-x86_64\bin\instrument.dll, loaded, initialized, instrumentlib options:none

dbghelp: loaded successfully - version: 4.0.5 - missing functions: none
symbol engine: initialized successfully - sym options: 0x614 - pdb path: .;c:\Users\DELL\.trae\extensions\redhat.java-1.53.0-win32-x64\jre\21.0.10-win32-x86_64\bin;C:\WINDOWS\SYSTEM32;C:\WINDOWS\WinSxS\amd64_microsoft.windows.common-controls_6595b64144ccf1df_6.0.26100.8037_none_3e092faae333b53b;c:\Users\DELL\.trae\extensions\redhat.java-1.53.0-win32-x64\jre\21.0.10-win32-x86_64\bin\server;C:\Users\DELL\AppData\Roaming\Trae\User\globalStorage\redhat.java\1.53.0\config_win\org.eclipse.equinox.launcher\org.eclipse.equinox.launcher.win32.win32.x86_64_1.3.0.v20260203-2149;C:\Users\DELL\AppData\Local\Temp\jna-2094529

VM Arguments:
jvm_args: --add-modules=ALL-SYSTEM --add-opens=java.base/java.util=ALL-UNNAMED --add-opens=java.base/java.lang=ALL-UNNAMED --add-opens=java.base/sun.nio.fs=ALL-UNNAMED -Declipse.application=org.eclipse.jdt.ls.core.id1 -Dosgi.bundles.defaultStartLevel=4 -Declipse.product=org.eclipse.jdt.ls.core.product -Djava.import.generatesMetadataFilesAtProjectRoot=false -DDetectVMInstallationsJob.disabled=true -Dfile.encoding=utf8 -XX:+UseParallelGC -XX:GCTimeRatio=4 -XX:AdaptiveSizePolicyWeight=90 -Dsun.zip.disableMemoryMapping=true -Xmx2G -Xms100m -Xlog:disable -javaagent:c:\Users\DELL\.trae\extensions\redhat.java-1.53.0-win32-x64\lombok\lombok-1.18.39-4050.jar -XX:+HeapDumpOnOutOfMemoryError -XX:HeapDumpPath=c:\Users\DELL\AppData\Roaming\Trae\User\workspaceStorage\bca5830d03f387f6f4a6f536d87e4393\redhat.java -Daether.dependencyCollector.impl=bf 
java_command: c:\Users\DELL\.trae\extensions\redhat.java-1.53.0-win32-x64\server\plugins\org.eclipse.equinox.launcher_1.7.100.v20251111-0406.jar -configuration c:\Users\DELL\AppData\Roaming\Trae\User\globalStorage\redhat.java\1.53.0\config_win -data c:\Users\DELL\AppData\Roaming\Trae\User\workspaceStorage\bca5830d03f387f6f4a6f536d87e4393\redhat.java\jdt_ws --pipe=\\.\pipe\lsp-1444080746105454198b737a9368a1ee-sock
java_class_path (initial): c:\Users\DELL\.trae\extensions\redhat.java-1.53.0-win32-x64\server\plugins\org.eclipse.equinox.launcher_1.7.100.v20251111-0406.jar
Launcher Type: SUN_STANDARD

[Global flags]
    uintx AdaptiveSizePolicyWeight                 = 90                                        {product} {command line}
     intx CICompilerCount                          = 4                                         {product} {ergonomic}
    uintx GCTimeRatio                              = 4                                         {product} {command line}
     bool HeapDumpOnOutOfMemoryError               = true                                   {manageable} {command line}
    ccstr HeapDumpPath                             = c:\Users\DELL\AppData\Roaming\Trae\User\workspaceStorage\bca5830d03f387f6f4a6f536d87e4393\redhat.java         {manageable} {command line}
   size_t InitialHeapSize                          = 104857600                                 {product} {command line}
   size_t MaxHeapSize                              = 2147483648                                {product} {command line}
   size_t MaxNewSize                               = 715653120                                 {product} {ergonomic}
   size_t MinHeapDeltaBytes                        = 524288                                    {product} {ergonomic}
   size_t MinHeapSize                              = 104857600                                 {product} {command line}
   size_t NewSize                                  = 34603008                                  {product} {ergonomic}
    uintx NonNMethodCodeHeapSize                   = 5839372                                {pd product} {ergonomic}
    uintx NonProfiledCodeHeapSize                  = 122909434                              {pd product} {ergonomic}
   size_t OldSize                                  = 70254592                                  {product} {ergonomic}
    uintx ProfiledCodeHeapSize                     = 122909434                              {pd product} {ergonomic}
    uintx ReservedCodeCacheSize                    = 251658240                              {pd product} {ergonomic}
     bool SegmentedCodeCache                       = true                                      {product} {ergonomic}
   size_t SoftMaxHeapSize                          = 2147483648                             {manageable} {ergonomic}
     bool UseCompressedOops                        = true                           {product lp64_product} {ergonomic}
     bool UseLargePagesIndividualAllocation        = false                                  {pd product} {ergonomic}
     bool UseParallelGC                            = true                                      {product} {command line}

Logging:
Log output configuration:
 #0: stdout all=off uptime,level,tags foldmultilines=false
 #1: stderr all=off uptime,level,tags foldmultilines=false

Release file:
JAVA_VERSION="21.0.10" 
MODULES="java.base java.compiler java.datatransfer java.xml java.prefs java.desktop java.instrument java.logging java.management java.security.sasl java.naming java.rmi java.management.rmi java.net.http java.scripting java.security.jgss java.transaction.xa java.sql java.sql.rowset java.xml.crypto java.se java.smartcardio jdk.accessibility jdk.internal.jvmstat jdk.attach jdk.charsets jdk.internal.opt jdk.zipfs jdk.compiler jdk.crypto.ec jdk.crypto.cryptoki jdk.crypto.mscapi jdk.dynalink jdk.internal.ed jdk.editpad jdk.hotspot.agent jdk.httpserver jdk.internal.le jdk.internal.vm.ci jdk.internal.vm.compiler jdk.internal.vm.compiler.management jdk.jartool jdk.javadoc jdk.jcmd jdk.management jdk.management.agent jdk.jconsole jdk.jdeps jdk.jdwp.agent jdk.jdi jdk.jfr jdk.jshell jdk.jsobject jdk.jstatd jdk.localedata jdk.management.jfr jdk.naming.dns jdk.naming.rmi jdk.net jdk.nio.mapmode jdk.random jdk.sctp jdk.security.auth jdk.security.jgss jdk.unsupported jdk.unsupported.desktop jdk.xml.dom" 

Environment Variables:
PATH=c:\Users\DELL\.trae\tools\trae-gopls\current;c:\Users\DELL\.trae\sdks\workspaces\bca5830d\versions\node\current;c:\Users\DELL\.trae\sdks\versions\node\current;C:\Program Files\Google\Chrome\Application;C:\Program Files (x86)\Common Files\Oracle\Java\java8path;C:\Program Files (x86)\Common Files\Oracle\Java\javapath;C:\Program Files\Microsoft MPI\Bin\;C:\WINDOWS\system32;C:\WINDOWS;C:\WINDOWS\System32\Wbem;C:\WINDOWS\System32\WindowsPowerShell\v1.0\;C:\WINDOWS\System32\OpenSSH\;C:\Program Files\dotnet\;C:\msys64\ucrt64\bin;C:\Program Files (x86)\Windows Kits\10\Windows Performance Toolkit\;C:\Program Files (x86)\Microsoft SQL Server\160\Tools\Binn\;C:\Program Files\Microsoft SQL Server\160\Tools\Binn\;C:\Program Files\Microsoft SQL Server\Client SDK\ODBC\170\Tools\Binn\;C:\Program Files\Microsoft SQL Server\160\DTS\Binn\;C:\Program Files (x86)\Microsoft SQL Server\160\DTS\Binn\;C:\Program Files\Microsoft SQL Server\170\DTS\Binn\;C:\Program Files\Git\cmd;C:\WINDOWS\system32\config\systemprofile\AppData\Local\Muse Hub\lib;C:\Program Files\PuTTY\;C:\Users\DELL\AppData\Local\Programs\Python\Python310\Scripts\;C:\Users\DELL\AppData\Local\Programs\Python\Python310\;C:\Users\DELL\AppData\Local\Microsoft\WindowsApps;C:\Users\DELL\.dotnet\tools;C:\Users\DELL\AppData\Local\Programs\Microsoft VS Code\bin;C:\Users\DELL\AppData\Local\Programs\Antigravity\bin;C:\Users\DELL\AppData\Local\Pandoc\;c:\Users\DELL\AppData\Local\Programs\Trae\resources\app\bin\lib
USERNAME=DELL
OS=Windows_NT
PROCESSOR_IDENTIFIER=Intel64 Family 6 Model 154 Stepping 4, GenuineIntel
TMP=C:\Users\DELL\AppData\Local\Temp
TEMP=C:\Users\DELL\AppData\Local\Temp




Periodic native trim disabled

---------------  S Y S T E M  ---------------

OS:
 Windows 11 , 64 bit Build 26100 (10.0.26100.7920)
OS uptime: 0 days 3:24 hours

CPU: total 12 (initial active 12) (6 cores per cpu, 2 threads per core) family 6 model 154 stepping 4 microcode 0x43b, cx8, cmov, fxsr, ht, mmx, 3dnowpref, sse, sse2, sse3, ssse3, sse4.1, sse4.2, popcnt, lzcnt, tsc, tscinvbit, avx, avx2, aes, erms, clmul, bmi1, bmi2, adx, sha, fma, vzeroupper, clflush, clflushopt, clwb, serialize, rdtscp, rdpid, fsrm, f16c, pku, cet_ibt, cet_ss
Processor Information for the first 12 processors :
  Max Mhz: 1300, Current Mhz: 1300, Mhz Limit: 1300

Memory: 4k page, system-wide physical 16068M (657M free)
TotalPageFile size 26308M (AvailPageFile size 9M)
current process WorkingSet (physical memory assigned to process): 128M, peak: 128M
current process commit charge ("private bytes"): 272M, peak: 272M

vm_info: OpenJDK 64-Bit Server VM (21.0.10+7-LTS) for windows-amd64 JRE (21.0.10+7-LTS), built on 2026-01-20T00:00:00Z by "admin" with MS VC++ 17.12 (VS2022)

END.
