#
# There is insufficient memory for the Java Runtime Environment to continue.
# Native memory allocation (malloc) failed to allocate 406656 bytes for Chunk::new
# Possible reasons:
#   The system is out of physical RAM or swap space
#   The process is running with CompressedOops enabled, and the Java Heap may be blocking the growth of the native heap
# Possible solutions:
#   Reduce memory load on the system
#   Increase physical memory or swap space
#   Check if swap backing store is full
#   Decrease Java heap size (-Xmx/-Xms)
#   Decrease number of Java threads
#   Decrease Java thread stack sizes (-Xss)
#   Set larger code cache with -XX:ReservedCodeCacheSize=
#   JVM is running with Unscaled Compressed Oops mode in which the Java heap is
#     placed in the first 4GB address space. The Java Heap base address is the
#     maximum limit for the native heap growth. Please use -XX:HeapBaseMinAddress
#     to set the Java Heap base and to place the Java Heap above 4GB virtual address.
# This output file may be truncated or incomplete.
#
#  Out of Memory Error (arena.cpp:189), pid=19060, tid=1516
#
# JRE version: OpenJDK Runtime Environment Temurin-17.0.4.1+1 (17.0.4.1+1) (build 17.0.4.1+1)
# Java VM: OpenJDK 64-Bit Server VM Temurin-17.0.4.1+1 (17.0.4.1+1, mixed mode, tiered, compressed oops, compressed class ptrs, parallel gc, windows-amd64)
# No core dump will be written. Minidumps are not enabled by default on client versions of Windows
#

---------------  S U M M A R Y ------------

Command Line: --add-modules=ALL-SYSTEM --add-opens=java.base/java.util=ALL-UNNAMED --add-opens=java.base/java.lang=ALL-UNNAMED --add-opens=java.base/sun.nio.fs=ALL-UNNAMED -Declipse.application=org.eclipse.jdt.ls.core.id1 -Dosgi.bundles.defaultStartLevel=4 -Declipse.product=org.eclipse.jdt.ls.core.product -Djava.import.generatesMetadataFilesAtProjectRoot=false -Dfile.encoding=utf8 -XX:+UseParallelGC -XX:GCTimeRatio=4 -XX:AdaptiveSizePolicyWeight=90 -Dsun.zip.disableMemoryMapping=true -Xmx1G -Xms100m -Xlog:disable -javaagent:c:\Users\DELL\.antigravity\extensions\redhat.java-1.12.0-win32-x64\lombok\lombok-1.18.24.jar -XX:+HeapDumpOnOutOfMemoryError -XX:HeapDumpPath=c:\Users\DELL\AppData\Roaming\Antigravity\User\workspaceStorage\dd238b1b3ebfbab9aed1b5c802899fb3\redhat.java c:\Users\DELL\.antigravity\extensions\redhat.java-1.12.0-win32-x64\server\plugins\org.eclipse.equinox.launcher_1.6.400.v20210924-0641.jar -configuration c:\Users\DELL\AppData\Roaming\Antigravity\User\globalStorage\redhat.java\1.12.0\config_win -data c:\Users\DELL\AppData\Roaming\Antigravity\User\workspaceStorage\dd238b1b3ebfbab9aed1b5c802899fb3\redhat.java\jdt_ws

Host: 12th Gen Intel(R) Core(TM) i5-1235U, 12 cores, 15G,  Windows 11 , 64 bit Build 26100 (10.0.26100.7920)
Time: Sun Mar 22 14:14:20 2026 SE Asia Standard Time elapsed time: 17.199325 seconds (0d 0h 0m 17s)

---------------  T H R E A D  ---------------

Current thread (0x000001aa2cab99e0):  JavaThread "C2 CompilerThread1" daemon [_thread_in_native, id=1516, stack(0x000000217ef00000,0x000000217f000000)]


Current CompileTask:
C2:  17199 4288       4       org.eclipse.jdt.internal.core.JarPackageFragmentRoot::initRawPackageInfo (349 bytes)

Stack: [0x000000217ef00000,0x000000217f000000]
Native frames: (J=compiled Java code, j=interpreted, Vv=VM code, C=native code)
V  [jvm.dll+0x67731a]
V  [jvm.dll+0x832284]
V  [jvm.dll+0x833a2e]
V  [jvm.dll+0x834093]
V  [jvm.dll+0x245775]
V  [jvm.dll+0xabd7b]
V  [jvm.dll+0xac30c]
V  [jvm.dll+0x2ac80f]
V  [jvm.dll+0x57dd77]
V  [jvm.dll+0x220892]
V  [jvm.dll+0x219d3f]
V  [jvm.dll+0x21799b]
V  [jvm.dll+0x1a3f8d]
V  [jvm.dll+0x227498]
V  [jvm.dll+0x2255e5]
V  [jvm.dll+0x7e7e9b]
V  [jvm.dll+0x7e240a]
V  [jvm.dll+0x6761a5]
C  [ucrtbase.dll+0x37b0]
C  [KERNEL32.DLL+0x2e8d7]
C  [ntdll.dll+0x8c48c]


---------------  P R O C E S S  ---------------

Threads class SMR info:
_java_thread_list=0x000001aa300a57b0, length=30, elements={
0x000001aa124d4190, 0x000001aa282e6030, 0x000001aa282e7980, 0x000001aa29da0200,
0x000001aa29da0ac0, 0x000001aa29da1380, 0x000001aa29da9f60, 0x000001aa29daa820,
0x000001aa29e091d0, 0x000001aa29e0e680, 0x000001aa12595950, 0x000001aa2a0cd030,
0x000001aa2ba60900, 0x000001aa29dd1a10, 0x000001aa29dd1ee0, 0x000001aa2c71b020,
0x000001aa2a0f3fe0, 0x000001aa2b8a6c60, 0x000001aa2b8a7130, 0x000001aa2b8a92e0,
0x000001aa2b8aa150, 0x000001aa2cab99e0, 0x000001aa2c75b090, 0x000001aa2b8a7600,
0x000001aa2b8a7fa0, 0x000001aa2b8a8940, 0x000001aa2b8aa620, 0x000001aa2b8a7ad0,
0x000001aa2b8a9c80, 0x000001aa2b8a8e10
}

Java Threads: ( => current thread )
  0x000001aa124d4190 JavaThread "main" [_thread_blocked, id=14372, stack(0x000000217ce00000,0x000000217cf00000)]
  0x000001aa282e6030 JavaThread "Reference Handler" daemon [_thread_blocked, id=10068, stack(0x000000217d100000,0x000000217d200000)]
  0x000001aa282e7980 JavaThread "Finalizer" daemon [_thread_blocked, id=12472, stack(0x000000217d200000,0x000000217d300000)]
  0x000001aa29da0200 JavaThread "Signal Dispatcher" daemon [_thread_blocked, id=2828, stack(0x000000217d300000,0x000000217d400000)]
  0x000001aa29da0ac0 JavaThread "Attach Listener" daemon [_thread_blocked, id=20016, stack(0x000000217d400000,0x000000217d500000)]
  0x000001aa29da1380 JavaThread "Service Thread" daemon [_thread_blocked, id=14740, stack(0x000000217d500000,0x000000217d600000)]
  0x000001aa29da9f60 JavaThread "Monitor Deflation Thread" daemon [_thread_blocked, id=21452, stack(0x000000217d600000,0x000000217d700000)]
  0x000001aa29daa820 JavaThread "C2 CompilerThread0" daemon [_thread_in_native, id=13340, stack(0x000000217d700000,0x000000217d800000)]
  0x000001aa29e091d0 JavaThread "C1 CompilerThread0" daemon [_thread_blocked, id=15196, stack(0x000000217d800000,0x000000217d900000)]
  0x000001aa29e0e680 JavaThread "Sweeper thread" daemon [_thread_blocked, id=19452, stack(0x000000217d900000,0x000000217da00000)]
  0x000001aa12595950 JavaThread "Common-Cleaner" daemon [_thread_blocked, id=8272, stack(0x000000217da00000,0x000000217db00000)]
  0x000001aa2a0cd030 JavaThread "Notification Thread" daemon [_thread_blocked, id=4148, stack(0x000000217dc00000,0x000000217dd00000)]
  0x000001aa2ba60900 JavaThread "Active Thread: Equinox Container: 04be09e5-a6e8-46aa-ada4-7e32bcc7f733" [_thread_blocked, id=12284, stack(0x000000217e400000,0x000000217e500000)]
  0x000001aa29dd1a10 JavaThread "Framework Event Dispatcher: Equinox Container: 04be09e5-a6e8-46aa-ada4-7e32bcc7f733" daemon [_thread_blocked, id=10464, stack(0x000000217e200000,0x000000217e300000)]
  0x000001aa29dd1ee0 JavaThread "Start Level: Equinox Container: 04be09e5-a6e8-46aa-ada4-7e32bcc7f733" daemon [_thread_blocked, id=12592, stack(0x000000217e300000,0x000000217e400000)]
  0x000001aa2c71b020 JavaThread "SCR Component Actor" daemon [_thread_blocked, id=21496, stack(0x000000217e500000,0x000000217e600000)]
  0x000001aa2a0f3fe0 JavaThread "SCR Component Registry" daemon [_thread_blocked, id=18704, stack(0x000000217e800000,0x000000217e900000)]
  0x000001aa2b8a6c60 JavaThread "Worker-JM" [_thread_blocked, id=7224, stack(0x000000217ea00000,0x000000217eb00000)]
  0x000001aa2b8a7130 JavaThread "Worker-0" [_thread_blocked, id=2920, stack(0x000000217ed00000,0x000000217ee00000)]
  0x000001aa2b8a92e0 JavaThread "Worker-1: Initialize Workspace" [_thread_in_native, id=13412, stack(0x000000217ee00000,0x000000217ef00000)]
  0x000001aa2b8aa150 JavaThread "Java indexing" daemon [_thread_blocked, id=11916, stack(0x000000217e900000,0x000000217ea00000)]
=>0x000001aa2cab99e0 JavaThread "C2 CompilerThread1" daemon [_thread_in_native, id=1516, stack(0x000000217ef00000,0x000000217f000000)]
  0x000001aa2c75b090 JavaThread "C2 CompilerThread2" daemon [_thread_in_native, id=18632, stack(0x000000217f000000,0x000000217f100000)]
  0x000001aa2b8a7600 JavaThread "Worker-2: Synchronize Gradle projects with workspace" [_thread_blocked, id=17372, stack(0x000000217f100000,0x000000217f200000)]
  0x000001aa2b8a7fa0 JavaThread "JNA Cleaner" daemon [_thread_blocked, id=19820, stack(0x000000217f200000,0x000000217f300000)]
  0x000001aa2b8a8940 JavaThread "Worker-3" [_thread_blocked, id=5600, stack(0x000000217f500000,0x000000217f600000)]
  0x000001aa2b8aa620 JavaThread "pool-2-thread-1" [_thread_blocked, id=19052, stack(0x000000217f600000,0x000000217f700000)]
  0x000001aa2b8a7ad0 JavaThread "pool-1-thread-1" [_thread_blocked, id=1300, stack(0x000000217f700000,0x000000217f800000)]
  0x000001aa2b8a9c80 JavaThread "Timer-0" [_thread_blocked, id=6188, stack(0x000000217f800000,0x000000217f900000)]
  0x000001aa2b8a8e10 JavaThread "Timer-1" [_thread_blocked, id=20224, stack(0x000000217f900000,0x000000217fa00000)]

Other Threads:
  0x000001aa2818fef0 VMThread "VM Thread" [stack: 0x000000217d000000,0x000000217d100000] [id=13512]
  0x000001aa2a0733c0 WatcherThread [stack: 0x000000217dd00000,0x000000217de00000] [id=20244]
  0x000001aa124eb040 GCTaskThread "GC Thread#0" [stack: 0x000000217cf00000,0x000000217d000000] [id=2480]
  0x000001aa29f4b3e0 GCTaskThread "GC Thread#1" [stack: 0x000000217db00000,0x000000217dc00000] [id=16232]
  0x000001aa2b65b040 GCTaskThread "GC Thread#2" [stack: 0x000000217de00000,0x000000217df00000] [id=11648]
  0x000001aa2b4effd0 GCTaskThread "GC Thread#3" [stack: 0x000000217df00000,0x000000217e000000] [id=19068]
  0x000001aa2b4f0280 GCTaskThread "GC Thread#4" [stack: 0x000000217e000000,0x000000217e100000] [id=20868]
  0x000001aa2b4f0530 GCTaskThread "GC Thread#5" [stack: 0x000000217e100000,0x000000217e200000] [id=3604]
  0x000001aa2b522140 GCTaskThread "GC Thread#6" [stack: 0x000000217e600000,0x000000217e700000] [id=5112]
  0x000001aa2b5223f0 GCTaskThread "GC Thread#7" [stack: 0x000000217e700000,0x000000217e800000] [id=21048]
  0x000001aa2b523410 GCTaskThread "GC Thread#8" [stack: 0x000000217eb00000,0x000000217ec00000] [id=5140]
  0x000001aa2b522950 GCTaskThread "GC Thread#9" [stack: 0x000000217ec00000,0x000000217ed00000] [id=4544]

Threads with active compile tasks:
C2 CompilerThread0    17224 4336       4       org.eclipse.jdt.internal.compiler.util.Util::isClassFileName (82 bytes)
C1 CompilerThread0    17224 4338  s    3       java.lang.StringBuffer::append (15 bytes)
C2 CompilerThread1    17224 4288       4       org.eclipse.jdt.internal.core.JarPackageFragmentRoot::initRawPackageInfo (349 bytes)
C2 CompilerThread2    17224 4327       4       java.util.zip.ZipFile$Source::initCEN (591 bytes)

VM state: not at safepoint (normal execution)

VM Mutex/Monitor currently owned by a thread: None

Heap address: 0x00000000c0000000, size: 1024 MB, Compressed Oops mode: 32-bit

CDS archive(s) not mapped
Compressed class space mapped at: 0x0000000100000000-0x0000000140000000, reserved size: 1073741824
Narrow klass base: 0x0000000000000000, Narrow klass shift: 3, Narrow klass range: 0x140000000

GC Precious Log:
 CPUs: 12 total, 12 available
 Memory: 16068M
 Large Page Support: Disabled
 NUMA Support: Disabled
 Compressed Oops: Enabled (32-bit)
 Alignments: Space 512K, Generation 512K, Heap 2M
 Heap Min Capacity: 100M
 Heap Initial Capacity: 100M
 Heap Max Capacity: 1G
 Pre-touch: Disabled
 Parallel Workers: 10

Heap:
 PSYoungGen      total 20480K, used 18320K [0x00000000eab00000, 0x00000000ecd80000, 0x0000000100000000)
  eden space 19456K, 88% used [0x00000000eab00000,0x00000000ebbe4358,0x00000000ebe00000)
  from space 1024K, 99% used [0x00000000ec480000,0x00000000ec57ffd0,0x00000000ec580000)
  to   space 6656K, 0% used [0x00000000ebe00000,0x00000000ebe00000,0x00000000ec480000)
 ParOldGen       total 68608K, used 18364K [0x00000000c0000000, 0x00000000c4300000, 0x00000000eab00000)
  object space 68608K, 26% used [0x00000000c0000000,0x00000000c11ef058,0x00000000c4300000)
 Metaspace       used 45929K, committed 46720K, reserved 1097728K
  class space    used 4987K, committed 5312K, reserved 1048576K

Card table byte_map: [0x000001aa25b80000,0x000001aa25d90000] _byte_map_base: 0x000001aa25580000

Marking Bits: (ParMarkBitMap*) 0x00007ffc6f912cc0
 Begin Bits: [0x000001aa25ef0000, 0x000001aa26ef0000)
 End Bits:   [0x000001aa26ef0000, 0x000001aa27ef0000)

Polling page: 0x000001aa125a0000

Metaspace:

Usage:
  Non-class:     39.98 MB used.
      Class:      4.87 MB used.
       Both:     44.85 MB used.

Virtual space:
  Non-class space:       48.00 MB reserved,      40.44 MB ( 84%) committed,  6 nodes.
      Class space:        1.00 GB reserved,       5.19 MB ( <1%) committed,  1 nodes.
             Both:        1.05 GB reserved,      45.62 MB (  4%) committed. 

Chunk freelists:
   Non-Class:  2.83 MB
       Class:  2.70 MB
        Both:  5.53 MB

MaxMetaspaceSize: unlimited
CompressedClassSpaceSize: 1.00 GB
Initial GC threshold: 21.00 MB
Current GC threshold: 58.38 MB
CDS: off
MetaspaceReclaimPolicy: balanced
 - commit_granule_bytes: 65536.
 - commit_granule_words: 8192.
 - virtual_space_node_default_size: 1048576.
 - enlarge_chunks_in_place: 1.
 - new_chunks_are_fully_committed: 0.
 - uncommit_free_chunks: 1.
 - use_allocation_guard: 0.
 - handle_deallocations: 1.


Internal statistics:

num_allocs_failed_limit: 6.
num_arena_births: 330.
num_arena_deaths: 14.
num_vsnodes_births: 7.
num_vsnodes_deaths: 0.
num_space_committed: 729.
num_space_uncommitted: 0.
num_chunks_returned_to_freelist: 20.
num_chunks_taken_from_freelist: 1974.
num_chunk_merges: 10.
num_chunk_splits: 1272.
num_chunks_enlarged: 801.
num_purges: 2.
num_inconsistent_stats: 0.

CodeHeap 'non-profiled nmethods': size=120000Kb used=2294Kb max_used=2294Kb free=117705Kb
 bounds [0x000001aa1e470000, 0x000001aa1e6e0000, 0x000001aa259a0000]
CodeHeap 'profiled nmethods': size=120000Kb used=8968Kb max_used=8968Kb free=111031Kb
 bounds [0x000001aa16f40000, 0x000001aa17810000, 0x000001aa1e470000]
CodeHeap 'non-nmethods': size=5760Kb used=1279Kb max_used=1337Kb free=4480Kb
 bounds [0x000001aa169a0000, 0x000001aa16c10000, 0x000001aa16f40000]
 total_blobs=4932 nmethods=4328 adapters=518
 compilation: enabled
              stopped_count=0, restarted_count=0
 full_count=0

Compilation events (20 events):
Event: 15.188 Thread 0x000001aa2c75b090 4308       4       org.eclipse.jdt.internal.core.util.HashtableOfArrayToObject::getKey (66 bytes)
Event: 15.189 Thread 0x000001aa29e091d0 4309       3       org.eclipse.core.runtime.Path::<init> (147 bytes)
Event: 15.190 Thread 0x000001aa29e091d0 nmethod 4309 0x000001aa177f4010 code [0x000001aa177f4300, 0x000001aa177f5118]
Event: 15.192 Thread 0x000001aa29daa820 nmethod 4300 0x000001aa1e6a8790 code [0x000001aa1e6a8940, 0x000001aa1e6a90f8]
Event: 15.194 Thread 0x000001aa29e091d0 4310       3       java.util.zip.ZipFile$Source$Key::hashCode (46 bytes)
Event: 15.195 Thread 0x000001aa29e091d0 nmethod 4310 0x000001aa177f5790 code [0x000001aa177f5980, 0x000001aa177f5db8]
Event: 15.196 Thread 0x000001aa29e091d0 4311  s    1       java.lang.StringBuffer::length (5 bytes)
Event: 15.196 Thread 0x000001aa29e091d0 nmethod 4311 0x000001aa1e6a9610 code [0x000001aa1e6a97a0, 0x000001aa1e6a9918]
Event: 15.196 Thread 0x000001aa29daa820 4312       4       org.eclipse.jdt.internal.core.util.Util::splitOn (134 bytes)
Event: 15.466 Thread 0x000001aa29e091d0 4314       3       org.eclipse.core.internal.jobs.JobQueue::peek (26 bytes)
Event: 15.466 Thread 0x000001aa29e091d0 nmethod 4314 0x000001aa177f6010 code [0x000001aa177f61a0, 0x000001aa177f6338]
Event: 15.508 Thread 0x000001aa29e091d0 4315       1       java.util.stream.Collectors$CollectorImpl::supplier (5 bytes)
Event: 15.508 Thread 0x000001aa29e091d0 nmethod 4315 0x000001aa1e6a9990 code [0x000001aa1e6a9b20, 0x000001aa1e6a9bf8]
Event: 15.508 Thread 0x000001aa29e091d0 4316       1       java.util.stream.Collectors$CollectorImpl::accumulator (5 bytes)
Event: 15.508 Thread 0x000001aa29e091d0 nmethod 4316 0x000001aa1e6a9c90 code [0x000001aa1e6a9e20, 0x000001aa1e6a9ef8]
Event: 15.508 Thread 0x000001aa29e091d0 4317       1       java.util.stream.Collectors$CollectorImpl::combiner (5 bytes)
Event: 15.508 Thread 0x000001aa29e091d0 nmethod 4317 0x000001aa1e6a9f90 code [0x000001aa1e6aa120, 0x000001aa1e6aa1f8]
Event: 15.519 Thread 0x000001aa29e091d0 4318       1       java.util.stream.ReduceOps$Box::get (5 bytes)
Event: 15.519 Thread 0x000001aa29e091d0 nmethod 4318 0x000001aa1e6aa290 code [0x000001aa1e6aa420, 0x000001aa1e6aa4f8]
Event: 15.529 Thread 0x000001aa29e091d0 4319   !   3       org.eclipse.core.internal.jobs.JobListeners::waitAndSendEvents (309 bytes)

GC Heap History (20 events):
Event: 7.871 GC heap before
{Heap before GC invocations=5 (full 1):
 PSYoungGen      total 29696K, used 4074K [0x00000000eab00000, 0x00000000ecc00000, 0x0000000100000000)
  eden space 25600K, 0% used [0x00000000eab00000,0x00000000eab00000,0x00000000ec400000)
  from space 4096K, 99% used [0x00000000ec800000,0x00000000ecbfa9a8,0x00000000ecc00000)
  to   space 4096K, 0% used [0x00000000ec400000,0x00000000ec400000,0x00000000ec800000)
 ParOldGen       total 68608K, used 4022K [0x00000000c0000000, 0x00000000c4300000, 0x00000000eab00000)
  object space 68608K, 5% used [0x00000000c0000000,0x00000000c03ed9f8,0x00000000c4300000)
 Metaspace       used 21087K, committed 21504K, reserved 1073152K
  class space    used 2145K, committed 2304K, reserved 1048576K
}
Event: 7.891 GC heap after
{Heap after GC invocations=5 (full 1):
 PSYoungGen      total 29696K, used 0K [0x00000000eab00000, 0x00000000ecc00000, 0x0000000100000000)
  eden space 25600K, 0% used [0x00000000eab00000,0x00000000eab00000,0x00000000ec400000)
  from space 4096K, 0% used [0x00000000ec800000,0x00000000ec800000,0x00000000ecc00000)
  to   space 4096K, 0% used [0x00000000ec400000,0x00000000ec400000,0x00000000ec800000)
 ParOldGen       total 68608K, used 7909K [0x00000000c0000000, 0x00000000c4300000, 0x00000000eab00000)
  object space 68608K, 11% used [0x00000000c0000000,0x00000000c07b94c0,0x00000000c4300000)
 Metaspace       used 21074K, committed 21504K, reserved 1073152K
  class space    used 2141K, committed 2304K, reserved 1048576K
}
Event: 12.351 GC heap before
{Heap before GC invocations=6 (full 1):
 PSYoungGen      total 29696K, used 25600K [0x00000000eab00000, 0x00000000ecc00000, 0x0000000100000000)
  eden space 25600K, 100% used [0x00000000eab00000,0x00000000ec400000,0x00000000ec400000)
  from space 4096K, 0% used [0x00000000ec800000,0x00000000ec800000,0x00000000ecc00000)
  to   space 4096K, 0% used [0x00000000ec400000,0x00000000ec400000,0x00000000ec800000)
 ParOldGen       total 68608K, used 7909K [0x00000000c0000000, 0x00000000c4300000, 0x00000000eab00000)
  object space 68608K, 11% used [0x00000000c0000000,0x00000000c07b94c0,0x00000000c4300000)
 Metaspace       used 24508K, committed 25024K, reserved 1073152K
  class space    used 2511K, committed 2752K, reserved 1048576K
}
Event: 12.352 GC heap after
{Heap after GC invocations=6 (full 1):
 PSYoungGen      total 29184K, used 3780K [0x00000000eab00000, 0x00000000ecc80000, 0x0000000100000000)
  eden space 25088K, 0% used [0x00000000eab00000,0x00000000eab00000,0x00000000ec380000)
  from space 4096K, 92% used [0x00000000ec400000,0x00000000ec7b1148,0x00000000ec800000)
  to   space 4608K, 0% used [0x00000000ec800000,0x00000000ec800000,0x00000000ecc80000)
 ParOldGen       total 68608K, used 7917K [0x00000000c0000000, 0x00000000c4300000, 0x00000000eab00000)
  object space 68608K, 11% used [0x00000000c0000000,0x00000000c07bb4c0,0x00000000c4300000)
 Metaspace       used 24508K, committed 25024K, reserved 1073152K
  class space    used 2511K, committed 2752K, reserved 1048576K
}
Event: 12.620 GC heap before
{Heap before GC invocations=7 (full 1):
 PSYoungGen      total 29184K, used 28868K [0x00000000eab00000, 0x00000000ecc80000, 0x0000000100000000)
  eden space 25088K, 100% used [0x00000000eab00000,0x00000000ec380000,0x00000000ec380000)
  from space 4096K, 92% used [0x00000000ec400000,0x00000000ec7b1148,0x00000000ec800000)
  to   space 4608K, 0% used [0x00000000ec800000,0x00000000ec800000,0x00000000ecc80000)
 ParOldGen       total 68608K, used 7917K [0x00000000c0000000, 0x00000000c4300000, 0x00000000eab00000)
  object space 68608K, 11% used [0x00000000c0000000,0x00000000c07bb4c0,0x00000000c4300000)
 Metaspace       used 28303K, committed 28800K, reserved 1081344K
  class space    used 2790K, committed 3008K, reserved 1048576K
}
Event: 12.622 GC heap after
{Heap after GC invocations=7 (full 1):
 PSYoungGen      total 26624K, used 1877K [0x00000000eab00000, 0x00000000eca00000, 0x0000000100000000)
  eden space 24576K, 0% used [0x00000000eab00000,0x00000000eab00000,0x00000000ec300000)
  from space 2048K, 91% used [0x00000000ec800000,0x00000000ec9d56d8,0x00000000eca00000)
  to   space 3072K, 0% used [0x00000000ec400000,0x00000000ec400000,0x00000000ec700000)
 ParOldGen       total 68608K, used 7917K [0x00000000c0000000, 0x00000000c4300000, 0x00000000eab00000)
  object space 68608K, 11% used [0x00000000c0000000,0x00000000c07bb4c0,0x00000000c4300000)
 Metaspace       used 28303K, committed 28800K, reserved 1081344K
  class space    used 2790K, committed 3008K, reserved 1048576K
}
Event: 13.199 GC heap before
{Heap before GC invocations=8 (full 1):
 PSYoungGen      total 26624K, used 26453K [0x00000000eab00000, 0x00000000eca00000, 0x0000000100000000)
  eden space 24576K, 100% used [0x00000000eab00000,0x00000000ec300000,0x00000000ec300000)
  from space 2048K, 91% used [0x00000000ec800000,0x00000000ec9d56d8,0x00000000eca00000)
  to   space 3072K, 0% used [0x00000000ec400000,0x00000000ec400000,0x00000000ec700000)
 ParOldGen       total 68608K, used 7917K [0x00000000c0000000, 0x00000000c4300000, 0x00000000eab00000)
  object space 68608K, 11% used [0x00000000c0000000,0x00000000c07bb4c0,0x00000000c4300000)
 Metaspace       used 31708K, committed 32320K, reserved 1081344K
  class space    used 3137K, committed 3392K, reserved 1048576K
}
Event: 13.201 GC heap after
{Heap after GC invocations=8 (full 1):
 PSYoungGen      total 27136K, used 3071K [0x00000000eab00000, 0x00000000ec980000, 0x0000000100000000)
  eden space 24064K, 0% used [0x00000000eab00000,0x00000000eab00000,0x00000000ec280000)
  from space 3072K, 99% used [0x00000000ec400000,0x00000000ec6ffc18,0x00000000ec700000)
  to   space 2560K, 0% used [0x00000000ec700000,0x00000000ec700000,0x00000000ec980000)
 ParOldGen       total 68608K, used 8045K [0x00000000c0000000, 0x00000000c4300000, 0x00000000eab00000)
  object space 68608K, 11% used [0x00000000c0000000,0x00000000c07db4d0,0x00000000c4300000)
 Metaspace       used 31708K, committed 32320K, reserved 1081344K
  class space    used 3137K, committed 3392K, reserved 1048576K
}
Event: 13.499 GC heap before
{Heap before GC invocations=9 (full 1):
 PSYoungGen      total 27136K, used 26089K [0x00000000eab00000, 0x00000000ec980000, 0x0000000100000000)
  eden space 24064K, 95% used [0x00000000eab00000,0x00000000ec17a8c0,0x00000000ec280000)
  from space 3072K, 99% used [0x00000000ec400000,0x00000000ec6ffc18,0x00000000ec700000)
  to   space 2560K, 0% used [0x00000000ec700000,0x00000000ec700000,0x00000000ec980000)
 ParOldGen       total 68608K, used 8045K [0x00000000c0000000, 0x00000000c4300000, 0x00000000eab00000)
  object space 68608K, 11% used [0x00000000c0000000,0x00000000c07db4d0,0x00000000c4300000)
 Metaspace       used 35172K, committed 35840K, reserved 1081344K
  class space    used 3587K, committed 3840K, reserved 1048576K
}
Event: 13.502 GC heap after
{Heap after GC invocations=9 (full 1):
 PSYoungGen      total 26624K, used 2531K [0x00000000eab00000, 0x00000000ecb80000, 0x0000000100000000)
  eden space 24064K, 0% used [0x00000000eab00000,0x00000000eab00000,0x00000000ec280000)
  from space 2560K, 98% used [0x00000000ec700000,0x00000000ec978c48,0x00000000ec980000)
  to   space 4608K, 0% used [0x00000000ec280000,0x00000000ec280000,0x00000000ec700000)
 ParOldGen       total 68608K, used 9616K [0x00000000c0000000, 0x00000000c4300000, 0x00000000eab00000)
  object space 68608K, 14% used [0x00000000c0000000,0x00000000c0964270,0x00000000c4300000)
 Metaspace       used 35172K, committed 35840K, reserved 1081344K
  class space    used 3587K, committed 3840K, reserved 1048576K
}
Event: 13.502 GC heap before
{Heap before GC invocations=10 (full 2):
 PSYoungGen      total 26624K, used 2531K [0x00000000eab00000, 0x00000000ecb80000, 0x0000000100000000)
  eden space 24064K, 0% used [0x00000000eab00000,0x00000000eab00000,0x00000000ec280000)
  from space 2560K, 98% used [0x00000000ec700000,0x00000000ec978c48,0x00000000ec980000)
  to   space 4608K, 0% used [0x00000000ec280000,0x00000000ec280000,0x00000000ec700000)
 ParOldGen       total 68608K, used 9616K [0x00000000c0000000, 0x00000000c4300000, 0x00000000eab00000)
  object space 68608K, 14% used [0x00000000c0000000,0x00000000c0964270,0x00000000c4300000)
 Metaspace       used 35172K, committed 35840K, reserved 1081344K
  class space    used 3587K, committed 3840K, reserved 1048576K
}
Event: 13.519 GC heap after
{Heap after GC invocations=10 (full 2):
 PSYoungGen      total 26624K, used 0K [0x00000000eab00000, 0x00000000ecb80000, 0x0000000100000000)
  eden space 24064K, 0% used [0x00000000eab00000,0x00000000eab00000,0x00000000ec280000)
  from space 2560K, 0% used [0x00000000ec700000,0x00000000ec700000,0x00000000ec980000)
  to   space 4608K, 0% used [0x00000000ec280000,0x00000000ec280000,0x00000000ec700000)
 ParOldGen       total 68608K, used 11949K [0x00000000c0000000, 0x00000000c4300000, 0x00000000eab00000)
  object space 68608K, 17% used [0x00000000c0000000,0x00000000c0bab7b0,0x00000000c4300000)
 Metaspace       used 35172K, committed 35840K, reserved 1081344K
  class space    used 3587K, committed 3840K, reserved 1048576K
}
Event: 13.716 GC heap before
{Heap before GC invocations=11 (full 2):
 PSYoungGen      total 26624K, used 24064K [0x00000000eab00000, 0x00000000ecb80000, 0x0000000100000000)
  eden space 24064K, 100% used [0x00000000eab00000,0x00000000ec280000,0x00000000ec280000)
  from space 2560K, 0% used [0x00000000ec700000,0x00000000ec700000,0x00000000ec980000)
  to   space 4608K, 0% used [0x00000000ec280000,0x00000000ec280000,0x00000000ec700000)
 ParOldGen       total 68608K, used 11949K [0x00000000c0000000, 0x00000000c4300000, 0x00000000eab00000)
  object space 68608K, 17% used [0x00000000c0000000,0x00000000c0bab7b0,0x00000000c4300000)
 Metaspace       used 37717K, committed 38464K, reserved 1089536K
  class space    used 3946K, committed 4224K, reserved 1048576K
}
Event: 13.718 GC heap after
{Heap after GC invocations=11 (full 2):
 PSYoungGen      total 24576K, used 992K [0x00000000eab00000, 0x00000000ec780000, 0x0000000100000000)
  eden space 23552K, 0% used [0x00000000eab00000,0x00000000eab00000,0x00000000ec200000)
  from space 1024K, 96% used [0x00000000ec280000,0x00000000ec378000,0x00000000ec380000)
  to   space 2560K, 0% used [0x00000000ec500000,0x00000000ec500000,0x00000000ec780000)
 ParOldGen       total 68608K, used 11957K [0x00000000c0000000, 0x00000000c4300000, 0x00000000eab00000)
  object space 68608K, 17% used [0x00000000c0000000,0x00000000c0bad7b0,0x00000000c4300000)
 Metaspace       used 37717K, committed 38464K, reserved 1089536K
  class space    used 3946K, committed 4224K, reserved 1048576K
}
Event: 14.006 GC heap before
{Heap before GC invocations=12 (full 2):
 PSYoungGen      total 24576K, used 24544K [0x00000000eab00000, 0x00000000ec780000, 0x0000000100000000)
  eden space 23552K, 100% used [0x00000000eab00000,0x00000000ec200000,0x00000000ec200000)
  from space 1024K, 96% used [0x00000000ec280000,0x00000000ec378000,0x00000000ec380000)
  to   space 2560K, 0% used [0x00000000ec500000,0x00000000ec500000,0x00000000ec780000)
 ParOldGen       total 68608K, used 11957K [0x00000000c0000000, 0x00000000c4300000, 0x00000000eab00000)
  object space 68608K, 17% used [0x00000000c0000000,0x00000000c0bad7b0,0x00000000c4300000)
 Metaspace       used 40660K, committed 41408K, reserved 1089536K
  class space    used 4312K, committed 4608K, reserved 1048576K
}
Event: 14.007 GC heap after
{Heap after GC invocations=12 (full 2):
 PSYoungGen      total 25088K, used 1840K [0x00000000eab00000, 0x00000000ec700000, 0x0000000100000000)
  eden space 23040K, 0% used [0x00000000eab00000,0x00000000eab00000,0x00000000ec180000)
  from space 2048K, 89% used [0x00000000ec500000,0x00000000ec6cc010,0x00000000ec700000)
  to   space 2048K, 0% used [0x00000000ec300000,0x00000000ec300000,0x00000000ec500000)
 ParOldGen       total 68608K, used 11965K [0x00000000c0000000, 0x00000000c4300000, 0x00000000eab00000)
  object space 68608K, 17% used [0x00000000c0000000,0x00000000c0baf7b0,0x00000000c4300000)
 Metaspace       used 40660K, committed 41408K, reserved 1089536K
  class space    used 4312K, committed 4608K, reserved 1048576K
}
Event: 14.573 GC heap before
{Heap before GC invocations=13 (full 2):
 PSYoungGen      total 25088K, used 24880K [0x00000000eab00000, 0x00000000ec700000, 0x0000000100000000)
  eden space 23040K, 100% used [0x00000000eab00000,0x00000000ec180000,0x00000000ec180000)
  from space 2048K, 89% used [0x00000000ec500000,0x00000000ec6cc010,0x00000000ec700000)
  to   space 2048K, 0% used [0x00000000ec300000,0x00000000ec300000,0x00000000ec500000)
 ParOldGen       total 68608K, used 11965K [0x00000000c0000000, 0x00000000c4300000, 0x00000000eab00000)
  object space 68608K, 17% used [0x00000000c0000000,0x00000000c0baf7b0,0x00000000c4300000)
 Metaspace       used 43583K, committed 44288K, reserved 1089536K
  class space    used 4673K, committed 4992K, reserved 1048576K
}
Event: 14.576 GC heap after
{Heap after GC invocations=13 (full 2):
 PSYoungGen      total 24064K, used 1472K [0x00000000eab00000, 0x00000000ec580000, 0x0000000100000000)
  eden space 22528K, 0% used [0x00000000eab00000,0x00000000eab00000,0x00000000ec100000)
  from space 1536K, 95% used [0x00000000ec300000,0x00000000ec470000,0x00000000ec480000)
  to   space 1024K, 0% used [0x00000000ec480000,0x00000000ec480000,0x00000000ec580000)
 ParOldGen       total 68608K, used 13588K [0x00000000c0000000, 0x00000000c4300000, 0x00000000eab00000)
  object space 68608K, 19% used [0x00000000c0000000,0x00000000c0d452d8,0x00000000c4300000)
 Metaspace       used 43583K, committed 44288K, reserved 1089536K
  class space    used 4673K, committed 4992K, reserved 1048576K
}
Event: 15.085 GC heap before
{Heap before GC invocations=14 (full 2):
 PSYoungGen      total 24064K, used 24000K [0x00000000eab00000, 0x00000000ec580000, 0x0000000100000000)
  eden space 22528K, 100% used [0x00000000eab00000,0x00000000ec100000,0x00000000ec100000)
  from space 1536K, 95% used [0x00000000ec300000,0x00000000ec470000,0x00000000ec480000)
  to   space 1024K, 0% used [0x00000000ec480000,0x00000000ec480000,0x00000000ec580000)
 ParOldGen       total 68608K, used 13588K [0x00000000c0000000, 0x00000000c4300000, 0x00000000eab00000)
  object space 68608K, 19% used [0x00000000c0000000,0x00000000c0d452d8,0x00000000c4300000)
 Metaspace       used 45782K, committed 46592K, reserved 1097728K
  class space    used 4976K, committed 5312K, reserved 1048576K
}
Event: 15.090 GC heap after
{Heap after GC invocations=14 (full 2):
 PSYoungGen      total 20480K, used 1023K [0x00000000eab00000, 0x00000000ecd80000, 0x0000000100000000)
  eden space 19456K, 0% used [0x00000000eab00000,0x00000000eab00000,0x00000000ebe00000)
  from space 1024K, 99% used [0x00000000ec480000,0x00000000ec57ffd0,0x00000000ec580000)
  to   space 6656K, 0% used [0x00000000ebe00000,0x00000000ebe00000,0x00000000ec480000)
 ParOldGen       total 68608K, used 18364K [0x00000000c0000000, 0x00000000c4300000, 0x00000000eab00000)
  object space 68608K, 26% used [0x00000000c0000000,0x00000000c11ef058,0x00000000c4300000)
 Metaspace       used 45782K, committed 46592K, reserved 1097728K
  class space    used 4976K, committed 5312K, reserved 1048576K
}

Deoptimization events (20 events):
Event: 15.187 Thread 0x000001aa2b8a92e0 DEOPT PACKING pc=0x000001aa1e6a7188 sp=0x000000217eefebd0
Event: 15.187 Thread 0x000001aa2b8a92e0 DEOPT UNPACKING pc=0x000001aa169f20a3 sp=0x000000217eefeb80 mode 2
Event: 15.188 Thread 0x000001aa2b8a92e0 DEOPT PACKING pc=0x000001aa177f2328 sp=0x000000217eefeb40
Event: 15.188 Thread 0x000001aa2b8a92e0 DEOPT UNPACKING pc=0x000001aa169f2843 sp=0x000000217eefe048 mode 0
Event: 15.192 Thread 0x000001aa2b8a92e0 DEOPT PACKING pc=0x000001aa177f2328 sp=0x000000217eefeb40
Event: 15.192 Thread 0x000001aa2b8a92e0 DEOPT UNPACKING pc=0x000001aa169f2843 sp=0x000000217eefe048 mode 0
Event: 15.196 Thread 0x000001aa2b8a92e0 DEOPT PACKING pc=0x000001aa177f2328 sp=0x000000217eefeb40
Event: 15.196 Thread 0x000001aa2b8a92e0 DEOPT UNPACKING pc=0x000001aa169f2843 sp=0x000000217eefe048 mode 0
Event: 15.197 Thread 0x000001aa2b8a92e0 DEOPT PACKING pc=0x000001aa177f2328 sp=0x000000217eefeb40
Event: 15.197 Thread 0x000001aa2b8a92e0 DEOPT UNPACKING pc=0x000001aa169f2843 sp=0x000000217eefe048 mode 0
Event: 15.197 Thread 0x000001aa2b8a92e0 DEOPT PACKING pc=0x000001aa177f2328 sp=0x000000217eefeb40
Event: 15.197 Thread 0x000001aa2b8a92e0 DEOPT UNPACKING pc=0x000001aa169f2843 sp=0x000000217eefe048 mode 0
Event: 15.198 Thread 0x000001aa2b8a92e0 DEOPT PACKING pc=0x000001aa177f2328 sp=0x000000217eefeb40
Event: 15.198 Thread 0x000001aa2b8a92e0 DEOPT UNPACKING pc=0x000001aa169f2843 sp=0x000000217eefe048 mode 0
Event: 15.198 Thread 0x000001aa2b8a92e0 DEOPT PACKING pc=0x000001aa177f2328 sp=0x000000217eefeb40
Event: 15.198 Thread 0x000001aa2b8a92e0 DEOPT UNPACKING pc=0x000001aa169f2843 sp=0x000000217eefe048 mode 0
Event: 15.199 Thread 0x000001aa2b8a92e0 DEOPT PACKING pc=0x000001aa177f2328 sp=0x000000217eefeb40
Event: 15.199 Thread 0x000001aa2b8a92e0 DEOPT UNPACKING pc=0x000001aa169f2843 sp=0x000000217eefe048 mode 0
Event: 15.199 Thread 0x000001aa2b8a92e0 DEOPT PACKING pc=0x000001aa177f2328 sp=0x000000217eefeb40
Event: 15.199 Thread 0x000001aa2b8a92e0 DEOPT UNPACKING pc=0x000001aa169f2843 sp=0x000000217eefe048 mode 0

Classes unloaded (7 events):
Event: 7.875 Thread 0x000001aa2818fef0 Unloading class 0x000000010020f400 'java/lang/invoke/LambdaForm$MH+0x000000010020f400'
Event: 7.875 Thread 0x000001aa2818fef0 Unloading class 0x000000010020f000 'java/lang/invoke/LambdaForm$MH+0x000000010020f000'
Event: 7.875 Thread 0x000001aa2818fef0 Unloading class 0x000000010020ec00 'java/lang/invoke/LambdaForm$MH+0x000000010020ec00'
Event: 7.875 Thread 0x000001aa2818fef0 Unloading class 0x000000010020e400 'java/lang/invoke/LambdaForm$MH+0x000000010020e400'
Event: 7.875 Thread 0x000001aa2818fef0 Unloading class 0x000000010020e000 'java/lang/invoke/LambdaForm$BMH+0x000000010020e000'
Event: 7.875 Thread 0x000001aa2818fef0 Unloading class 0x000000010020dc00 'java/lang/invoke/LambdaForm$DMH+0x000000010020dc00'
Event: 7.875 Thread 0x000001aa2818fef0 Unloading class 0x000000010020a400 'java/lang/invoke/LambdaForm$DMH+0x000000010020a400'

Classes redefined (0 events):
No events

Internal exceptions (20 events):
Event: 12.965 Thread 0x000001aa29dd1ee0 Exception <a 'java/lang/NoSuchMethodError'{0x00000000ebb7e528}: 'java.lang.Object java.lang.invoke.DirectMethodHandle$Holder.invokeStaticInit(java.lang.Object, java.lang.Object, int, int, int, int)'> (0x00000000ebb7e528) 
thrown [s\src\hotspot\share\interpreter\linkResolver.cpp, line 759]
Event: 13.035 Thread 0x000001aa29dd1ee0 Exception <a 'java/lang/ClassNotFoundException'{0x00000000ebe4b8c0}: com/sun/org/apache/xml/internal/serializer/spi/XMLEntitiesProvider> (0x00000000ebe4b8c0) 
thrown [s\src\hotspot\share\classfile\systemDictionary.cpp, line 256]
Event: 13.158 Thread 0x000001aa29dd1ee0 Exception <a 'java/io/FileNotFoundException'{0x00000000ec1b33b8}> (0x00000000ec1b33b8) 
thrown [s\src\hotspot\share\prims\jni.cpp, line 516]
Event: 13.270 Thread 0x000001aa2b8a92e0 Exception <a 'java/lang/NoSuchMethodError'{0x00000000eac08140}: 'java.lang.Object java.lang.invoke.DirectMethodHandle$Holder.newInvokeSpecial(java.lang.Object, java.lang.Object, java.lang.Object, java.lang.Object, java.lang.Object)'> (0x00000000eac08140) 
thrown [s\src\hotspot\share\interpreter\linkResolver.cpp, line 759]
Event: 13.317 Thread 0x000001aa29dd1ee0 Exception <a 'java/lang/UnsatisfiedLinkError'{0x00000000eaf63038}: The specified procedure could not be found.
> (0x00000000eaf63038) 
thrown [s\src\hotspot\share\prims\jni.cpp, line 535]
Event: 13.322 Thread 0x000001aa29dd1ee0 Exception <a 'java/io/FileNotFoundException'{0x00000000eaf85f08}> (0x00000000eaf85f08) 
thrown [s\src\hotspot\share\prims\jni.cpp, line 516]
Event: 13.331 Thread 0x000001aa29dd1ee0 Exception <a 'java/io/FileNotFoundException'{0x00000000eb0ae000}> (0x00000000eb0ae000) 
thrown [s\src\hotspot\share\prims\jni.cpp, line 516]
Event: 13.342 Thread 0x000001aa29dd1ee0 Exception <a 'java/lang/UnsatisfiedLinkError'{0x00000000eb221950}: The specified procedure could not be found.
> (0x00000000eb221950) 
thrown [s\src\hotspot\share\prims\jni.cpp, line 535]
Event: 13.402 Thread 0x000001aa29dd1ee0 Exception <a 'java/lang/UnsatisfiedLinkError'{0x00000000eb79e6d8}: The specified procedure could not be found.
> (0x00000000eb79e6d8) 
thrown [s\src\hotspot\share\prims\jni.cpp, line 535]
Event: 13.544 Thread 0x000001aa124d4190 Exception <a 'java/lang/NoSuchMethodError'{0x00000000ead73c28}: 'void java.lang.invoke.DirectMethodHandle$Holder.invokeStatic(java.lang.Object, java.lang.Object, java.lang.Object, java.lang.Object)'> (0x00000000ead73c28) 
thrown [s\src\hotspot\share\interpreter\linkResolver.cpp, line 759]
Event: 13.606 Thread 0x000001aa2b8a7130 Exception <a 'java/lang/NoClassDefFoundError'{0x00000000eb31ef98}: javax/enterprise/inject/Typed> (0x00000000eb31ef98) 
thrown [s\src\hotspot\share\classfile\systemDictionary.cpp, line 245]
Event: 13.696 Thread 0x000001aa124d4190 Exception <a 'java/lang/NoSuchMethodError'{0x00000000ec0ec6e0}: 'void java.lang.invoke.DirectMethodHandle$Holder.invokeSpecial(java.lang.Object, java.lang.Object, java.lang.Object, java.lang.Object, java.lang.Object, java.lang.Object)'> (0x00000000ec0ec6e0) 
thrown [s\src\hotspot\share\interpreter\linkResolver.cpp, line 759]
Event: 13.802 Thread 0x000001aa2b8a7ad0 Exception <a 'java/io/FileNotFoundException'{0x00000000eb5382b0}> (0x00000000eb5382b0) 
thrown [s\src\hotspot\share\prims\jni.cpp, line 516]
Event: 14.379 Thread 0x000001aa2b8a7130 Exception <a 'java/lang/NoClassDefFoundError'{0x00000000ebb572a0}: com/google/inject/servlet/ServletModuleTargetVisitor> (0x00000000ebb572a0) 
thrown [s\src\hotspot\share\classfile\systemDictionary.cpp, line 245]
Event: 14.496 Thread 0x000001aa2b8a7130 Implicit null exception at 0x000001aa1e581c6f to 0x000001aa1e5829a0
Event: 14.761 Thread 0x000001aa2b8a7600 Exception <a 'java/lang/NoSuchMethodError'{0x00000000eb64b1f0}: 'java.lang.Object java.lang.invoke.DirectMethodHandle$Holder.newInvokeSpecial(java.lang.Object, java.lang.Object, java.lang.Object, int, java.lang.Object)'> (0x00000000eb64b1f0) 
thrown [s\src\hotspot\share\interpreter\linkResolver.cpp, line 759]
Event: 14.761 Thread 0x000001aa2b8a7600 Exception <a 'java/lang/NoSuchMethodError'{0x00000000eb64f3a0}: 'java.lang.Object java.lang.invoke.DirectMethodHandle$Holder.invokeSpecial(java.lang.Object, java.lang.Object, java.lang.Object, java.lang.Object, int, java.lang.Object)'> (0x00000000eb64f3a0) 
thrown [s\src\hotspot\share\interpreter\linkResolver.cpp, line 759]
Event: 14.768 Thread 0x000001aa2b8a7600 Exception <a 'java/lang/NoSuchMethodError'{0x00000000eb693578}: 'int java.lang.invoke.DirectMethodHandle$Holder.invokeVirtual(java.lang.Object, java.lang.Object)'> (0x00000000eb693578) 
thrown [s\src\hotspot\share\interpreter\linkResolver.cpp, line 759]
Event: 14.788 Thread 0x000001aa2b8a92e0 Exception <a 'java/lang/NoSuchMethodError'{0x00000000eb7cb8a8}: 'int java.lang.invoke.DirectMethodHandle$Holder.invokeInterface(java.lang.Object, java.lang.Object)'> (0x00000000eb7cb8a8) 
thrown [s\src\hotspot\share\interpreter\linkResolver.cpp, line 759]
Event: 14.792 Thread 0x000001aa2b8a92e0 Exception <a 'java/lang/IncompatibleClassChangeError'{0x00000000eb7cede0}: Found class java.lang.Object, but interface was expected> (0x00000000eb7cede0) 
thrown [s\src\hotspot\share\interpreter\linkResolver.cpp, line 826]

VM Operations (20 events):
Event: 13.878 Executing VM operation: HandshakeAllThreads done
Event: 14.006 Executing VM operation: ParallelGCFailedAllocation
Event: 14.007 Executing VM operation: ParallelGCFailedAllocation done
Event: 14.032 Executing VM operation: HandshakeAllThreads
Event: 14.032 Executing VM operation: HandshakeAllThreads done
Event: 14.231 Executing VM operation: HandshakeAllThreads
Event: 14.231 Executing VM operation: HandshakeAllThreads done
Event: 14.235 Executing VM operation: HandshakeAllThreads
Event: 14.235 Executing VM operation: HandshakeAllThreads done
Event: 14.439 Executing VM operation: HandshakeAllThreads
Event: 14.439 Executing VM operation: HandshakeAllThreads done
Event: 14.521 Executing VM operation: ICBufferFull
Event: 14.521 Executing VM operation: ICBufferFull done
Event: 14.573 Executing VM operation: ParallelGCFailedAllocation
Event: 14.576 Executing VM operation: ParallelGCFailedAllocation done
Event: 14.760 Executing VM operation: HandshakeAllThreads
Event: 14.760 Executing VM operation: HandshakeAllThreads done
Event: 15.085 Executing VM operation: ParallelGCFailedAllocation
Event: 15.091 Executing VM operation: ParallelGCFailedAllocation done
Event: 16.092 Executing VM operation: Cleanup

Events (20 events):
Event: 14.749 loading class java/util/concurrent/CompletableFuture$Completion done
Event: 14.753 loading class jdk/internal/reflect/UnsafeIntegerFieldAccessorImpl
Event: 14.754 loading class jdk/internal/reflect/UnsafeIntegerFieldAccessorImpl done
Event: 14.766 Thread 0x000001aa2b8a8e10 Thread added: 0x000001aa2b8a8e10
Event: 14.766 loading class java/util/AbstractList$RandomAccessSpliterator
Event: 14.766 loading class java/util/AbstractList$RandomAccessSpliterator done
Event: 14.770 loading class java/util/stream/SortedOps$SizedRefSortingSink
Event: 14.770 loading class java/util/stream/SortedOps$SizedRefSortingSink done
Event: 14.785 loading class java/util/TreeMap$ValueSpliterator
Event: 14.785 loading class java/util/TreeMap$TreeMapSpliterator
Event: 14.785 loading class java/util/TreeMap$TreeMapSpliterator done
Event: 14.785 loading class java/util/TreeMap$ValueSpliterator done
Event: 14.834 loading class sun/net/www/protocol/https/Handler
Event: 14.834 loading class sun/net/www/protocol/http/Handler
Event: 14.835 loading class sun/net/www/protocol/http/Handler done
Event: 14.835 loading class sun/net/www/protocol/https/Handler done
Event: 14.896 loading class java/util/regex/Pattern$BackRef
Event: 14.896 loading class java/util/regex/Pattern$BackRef done
Event: 14.910 loading class java/lang/ThreadLocal$SuppliedThreadLocal
Event: 14.910 loading class java/lang/ThreadLocal$SuppliedThreadLocal done


Dynamic libraries:
0x00007ff63a320000 - 0x00007ff63a32e000 	c:\Users\DELL\.antigravity\extensions\redhat.java-1.12.0-win32-x64\jre\17.0.4.1-win32-x86_64\bin\java.exe
0x00007ffce2380000 - 0x00007ffce25e7000 	C:\WINDOWS\SYSTEM32\ntdll.dll
0x00007ffce1a20000 - 0x00007ffce1ae9000 	C:\WINDOWS\System32\KERNEL32.DLL
0x00007ffcdf8b0000 - 0x00007ffcdfca1000 	C:\WINDOWS\System32\KERNELBASE.dll
0x00007ffcdfe30000 - 0x00007ffcdff7b000 	C:\WINDOWS\System32\ucrtbase.dll
0x00007ffcc89f0000 - 0x00007ffcc8a09000 	c:\Users\DELL\.antigravity\extensions\redhat.java-1.12.0-win32-x64\jre\17.0.4.1-win32-x86_64\bin\VCRUNTIME140.dll
0x00007ffcc8ca0000 - 0x00007ffcc8cb8000 	c:\Users\DELL\.antigravity\extensions\redhat.java-1.12.0-win32-x64\jre\17.0.4.1-win32-x86_64\bin\jli.dll
0x00007ffcc8660000 - 0x00007ffcc88f3000 	C:\WINDOWS\WinSxS\amd64_microsoft.windows.common-controls_6595b64144ccf1df_6.0.26100.8037_none_3e092faae333b53b\COMCTL32.dll
0x00007ffce1940000 - 0x00007ffce19e9000 	C:\WINDOWS\System32\msvcrt.dll
0x00007ffce1710000 - 0x00007ffce18d5000 	C:\WINDOWS\System32\USER32.dll
0x00007ffce00f0000 - 0x00007ffce0117000 	C:\WINDOWS\System32\win32u.dll
0x00007ffce2190000 - 0x00007ffce21bb000 	C:\WINDOWS\System32\GDI32.dll
0x00007ffcdec60000 - 0x00007ffcded8b000 	C:\WINDOWS\System32\gdi32full.dll
0x00007ffcdef00000 - 0x00007ffcdefa3000 	C:\WINDOWS\System32\msvcp_win.dll
0x00007ffce1f80000 - 0x00007ffce1fb1000 	C:\WINDOWS\System32\IMM32.DLL
0x00007ffcca430000 - 0x00007ffcca43c000 	c:\Users\DELL\.antigravity\extensions\redhat.java-1.12.0-win32-x64\jre\17.0.4.1-win32-x86_64\bin\vcruntime140_1.dll
0x00007ffca0170000 - 0x00007ffca0201000 	c:\Users\DELL\.antigravity\extensions\redhat.java-1.12.0-win32-x64\jre\17.0.4.1-win32-x86_64\bin\msvcp140.dll
0x00007ffc6ed90000 - 0x00007ffc6f9d6000 	c:\Users\DELL\.antigravity\extensions\redhat.java-1.12.0-win32-x64\jre\17.0.4.1-win32-x86_64\bin\server\jvm.dll
0x00007ffce0840000 - 0x00007ffce08fb000 	C:\WINDOWS\System32\ADVAPI32.dll
0x00007ffce2020000 - 0x00007ffce20c7000 	C:\WINDOWS\System32\sechost.dll
0x00007ffce0120000 - 0x00007ffce0238000 	C:\WINDOWS\System32\RPCRT4.dll
0x00007ffce1700000 - 0x00007ffce1708000 	C:\WINDOWS\System32\PSAPI.DLL
0x00007ffcd9cd0000 - 0x00007ffcd9d05000 	C:\WINDOWS\SYSTEM32\WINMM.dll
0x00007ffcbb9d0000 - 0x00007ffcbb9da000 	C:\WINDOWS\SYSTEM32\WSOCK32.dll
0x00007ffce1f00000 - 0x00007ffce1f74000 	C:\WINDOWS\System32\WS2_32.dll
0x00007ffccb230000 - 0x00007ffccb23b000 	C:\WINDOWS\SYSTEM32\VERSION.dll
0x00007ffcdd9f0000 - 0x00007ffcdda0b000 	C:\WINDOWS\SYSTEM32\kernel.appcore.dll
0x00007ffcca300000 - 0x00007ffcca30a000 	c:\Users\DELL\.antigravity\extensions\redhat.java-1.12.0-win32-x64\jre\17.0.4.1-win32-x86_64\bin\jimage.dll
0x00007ffcdc8c0000 - 0x00007ffcdcb02000 	C:\WINDOWS\SYSTEM32\DBGHELP.DLL
0x00007ffce02d0000 - 0x00007ffce0652000 	C:\WINDOWS\System32\combase.dll
0x00007ffce1190000 - 0x00007ffce1267000 	C:\WINDOWS\System32\OLEAUT32.dll
0x00007ffcc2320000 - 0x00007ffcc235b000 	C:\WINDOWS\SYSTEM32\dbgcore.DLL
0x00007ffcded90000 - 0x00007ffcdee35000 	C:\WINDOWS\System32\bcryptPrimitives.dll
0x00007ffcca220000 - 0x00007ffcca22e000 	c:\Users\DELL\.antigravity\extensions\redhat.java-1.12.0-win32-x64\jre\17.0.4.1-win32-x86_64\bin\instrument.dll
0x00007ffcc5d10000 - 0x00007ffcc5d35000 	c:\Users\DELL\.antigravity\extensions\redhat.java-1.12.0-win32-x64\jre\17.0.4.1-win32-x86_64\bin\java.dll
0x00007ffcc9110000 - 0x00007ffcc9128000 	c:\Users\DELL\.antigravity\extensions\redhat.java-1.12.0-win32-x64\jre\17.0.4.1-win32-x86_64\bin\zip.dll
0x00007ffce0900000 - 0x00007ffce105f000 	C:\WINDOWS\System32\SHELL32.dll
0x00007ffcdff80000 - 0x00007ffce00ea000 	C:\WINDOWS\System32\wintypes.dll
0x00007ffcdf040000 - 0x00007ffcdf8a4000 	C:\WINDOWS\System32\windows.storage.dll
0x00007ffce2240000 - 0x00007ffce2337000 	C:\WINDOWS\System32\SHCORE.dll
0x00007ffce1120000 - 0x00007ffce1187000 	C:\WINDOWS\System32\shlwapi.dll
0x00007ffcdeb80000 - 0x00007ffcdeba9000 	C:\WINDOWS\SYSTEM32\profapi.dll
0x00007ffcc90f0000 - 0x00007ffcc9109000 	C:\Users\DELL\.antigravity\extensions\redhat.java-1.12.0-win32-x64\jre\17.0.4.1-win32-x86_64\bin\net.dll
0x00007ffcd3ea0000 - 0x00007ffcd3fc7000 	C:\WINDOWS\SYSTEM32\WINHTTP.dll
0x00007ffcddf60000 - 0x00007ffcddfcb000 	C:\WINDOWS\system32\mswsock.dll
0x00007ffcc90d0000 - 0x00007ffcc90e5000 	C:\Users\DELL\.antigravity\extensions\redhat.java-1.12.0-win32-x64\jre\17.0.4.1-win32-x86_64\bin\nio.dll
0x00007ffcc93b0000 - 0x00007ffcc93c0000 	c:\Users\DELL\.antigravity\extensions\redhat.java-1.12.0-win32-x64\jre\17.0.4.1-win32-x86_64\bin\verify.dll
0x00007ffc99680000 - 0x00007ffc996be000 	C:\Users\DELL\AppData\Roaming\Antigravity\User\globalStorage\redhat.java\1.12.0\config_win\org.eclipse.equinox.launcher\org.eclipse.equinox.launcher.win32.win32.x86_64_1.2.600.v20220720-1916\eclipse_11700.dll
0x00007ffce1bf0000 - 0x00007ffce1d85000 	C:\WINDOWS\System32\ole32.dll
0x00007ffcde240000 - 0x00007ffcde25b000 	C:\WINDOWS\SYSTEM32\CRYPTSP.dll
0x00007ffcdd950000 - 0x00007ffcdd989000 	C:\WINDOWS\system32\rsaenh.dll
0x00007ffcde010000 - 0x00007ffcde042000 	C:\WINDOWS\SYSTEM32\USERENV.dll
0x00007ffcdeb50000 - 0x00007ffcdeb7a000 	C:\WINDOWS\SYSTEM32\bcrypt.dll
0x00007ffcde260000 - 0x00007ffcde26c000 	C:\WINDOWS\SYSTEM32\CRYPTBASE.dll
0x00007ffcdd4b0000 - 0x00007ffcdd4e3000 	C:\WINDOWS\SYSTEM32\IPHLPAPI.DLL
0x00007ffce1d90000 - 0x00007ffce1d9a000 	C:\WINDOWS\System32\NSI.dll
0x00007ffcd66b0000 - 0x00007ffcd66cd000 	C:\WINDOWS\SYSTEM32\dhcpcsvc6.DLL
0x00007ffcd6680000 - 0x00007ffcd66a3000 	C:\WINDOWS\SYSTEM32\dhcpcsvc.DLL
0x00007ffcdd4f0000 - 0x00007ffcdd61a000 	C:\WINDOWS\SYSTEM32\DNSAPI.dll
0x00007ffc93b80000 - 0x00007ffc93bc0000 	C:\Users\DELL\AppData\Local\Temp\jna-2094529\jna9746253842801466028.dll

dbghelp: loaded successfully - version: 4.0.5 - missing functions: none
symbol engine: initialized successfully - sym options: 0x614 - pdb path: .;c:\Users\DELL\.antigravity\extensions\redhat.java-1.12.0-win32-x64\jre\17.0.4.1-win32-x86_64\bin;C:\WINDOWS\SYSTEM32;C:\WINDOWS\WinSxS\amd64_microsoft.windows.common-controls_6595b64144ccf1df_6.0.26100.8037_none_3e092faae333b53b;c:\Users\DELL\.antigravity\extensions\redhat.java-1.12.0-win32-x64\jre\17.0.4.1-win32-x86_64\bin\server;C:\Users\DELL\AppData\Roaming\Antigravity\User\globalStorage\redhat.java\1.12.0\config_win\org.eclipse.equinox.launcher\org.eclipse.equinox.launcher.win32.win32.x86_64_1.2.600.v20220720-1916;C:\Users\DELL\AppData\Local\Temp\jna-2094529

VM Arguments:
jvm_args: --add-modules=ALL-SYSTEM --add-opens=java.base/java.util=ALL-UNNAMED --add-opens=java.base/java.lang=ALL-UNNAMED --add-opens=java.base/sun.nio.fs=ALL-UNNAMED -Declipse.application=org.eclipse.jdt.ls.core.id1 -Dosgi.bundles.defaultStartLevel=4 -Declipse.product=org.eclipse.jdt.ls.core.product -Djava.import.generatesMetadataFilesAtProjectRoot=false -Dfile.encoding=utf8 -XX:+UseParallelGC -XX:GCTimeRatio=4 -XX:AdaptiveSizePolicyWeight=90 -Dsun.zip.disableMemoryMapping=true -Xmx1G -Xms100m -Xlog:disable -javaagent:c:\Users\DELL\.antigravity\extensions\redhat.java-1.12.0-win32-x64\lombok\lombok-1.18.24.jar -XX:+HeapDumpOnOutOfMemoryError -XX:HeapDumpPath=c:\Users\DELL\AppData\Roaming\Antigravity\User\workspaceStorage\dd238b1b3ebfbab9aed1b5c802899fb3\redhat.java 
java_command: c:\Users\DELL\.antigravity\extensions\redhat.java-1.12.0-win32-x64\server\plugins\org.eclipse.equinox.launcher_1.6.400.v20210924-0641.jar -configuration c:\Users\DELL\AppData\Roaming\Antigravity\User\globalStorage\redhat.java\1.12.0\config_win -data c:\Users\DELL\AppData\Roaming\Antigravity\User\workspaceStorage\dd238b1b3ebfbab9aed1b5c802899fb3\redhat.java\jdt_ws
java_class_path (initial): c:\Users\DELL\.antigravity\extensions\redhat.java-1.12.0-win32-x64\server\plugins\org.eclipse.equinox.launcher_1.6.400.v20210924-0641.jar
Launcher Type: SUN_STANDARD

[Global flags]
    uintx AdaptiveSizePolicyWeight                 = 90                                        {product} {command line}
     intx CICompilerCount                          = 4                                         {product} {ergonomic}
    uintx GCTimeRatio                              = 4                                         {product} {command line}
     bool HeapDumpOnOutOfMemoryError               = true                                   {manageable} {command line}
    ccstr HeapDumpPath                             = c:\Users\DELL\AppData\Roaming\Antigravity\User\workspaceStorage\dd238b1b3ebfbab9aed1b5c802899fb3\redhat.java         {manageable} {command line}
   size_t InitialHeapSize                          = 104857600                                 {product} {command line}
   size_t MaxHeapSize                              = 1073741824                                {product} {command line}
   size_t MaxNewSize                               = 357564416                                 {product} {ergonomic}
   size_t MinHeapDeltaBytes                        = 524288                                    {product} {ergonomic}
   size_t MinHeapSize                              = 104857600                                 {product} {command line}
   size_t NewSize                                  = 34603008                                  {product} {ergonomic}
    uintx NonNMethodCodeHeapSize                   = 5839372                                {pd product} {ergonomic}
    uintx NonProfiledCodeHeapSize                  = 122909434                              {pd product} {ergonomic}
   size_t OldSize                                  = 70254592                                  {product} {ergonomic}
    uintx ProfiledCodeHeapSize                     = 122909434                              {pd product} {ergonomic}
    uintx ReservedCodeCacheSize                    = 251658240                              {pd product} {ergonomic}
     bool SegmentedCodeCache                       = true                                      {product} {ergonomic}
   size_t SoftMaxHeapSize                          = 1073741824                             {manageable} {ergonomic}
     bool UseCompressedClassPointers               = true                           {product lp64_product} {ergonomic}
     bool UseCompressedOops                        = true                           {product lp64_product} {ergonomic}
     bool UseLargePagesIndividualAllocation        = false                                  {pd product} {ergonomic}
     bool UseParallelGC                            = true                                      {product} {command line}

Logging:
Log output configuration:
 #0: stdout all=off uptime,level,tags
 #1: stderr all=off uptime,level,tags

Environment Variables:
PATH=C:\Program Files\Microsoft MPI\Bin\;C:\Program Files (x86)\Common Files\Oracle\Java\java8path;C:\Program Files (x86)\Common Files\Oracle\Java\javapath;C:\WINDOWS\system32;C:\WINDOWS;C:\WINDOWS\System32\Wbem;C:\WINDOWS\System32\WindowsPowerShell\v1.0\;C:\WINDOWS\System32\OpenSSH\;C:\Program Files\dotnet\;C:\msys64\ucrt64\bin;C:\Program Files (x86)\Windows Kits\10\Windows Performance Toolkit\;C:\Program Files (x86)\Microsoft SQL Server\160\Tools\Binn\;C:\Program Files\Microsoft SQL Server\160\Tools\Binn\;C:\Program Files\Microsoft SQL Server\Client SDK\ODBC\170\Tools\Binn\;C:\Program Files\Microsoft SQL Server\160\DTS\Binn\;C:\Program Files (x86)\Microsoft SQL Server\160\DTS\Binn\;C:\Program Files\Microsoft SQL Server\170\DTS\Binn\;C:\Program Files\Git\cmd;C:\WINDOWS\system32\config\systemprofile\AppData\Local\Muse Hub\lib;C:\Program Files\PuTTY\;C:\Program Files\Cloudflare\Cloudflare WARP\;C:\Users\DELL\AppData\Local\Programs\Python\Python310\Scripts\;C:\Users\DELL\AppData\Local\Programs\Python\Python310\;C:\Users\DELL\AppData\Local\Microsoft\WindowsApps;C:\Users\DELL\.dotnet\tools;C:\Users\DELL\AppData\Local\Programs\Microsoft VS Code\bin;C:\Users\DELL\AppData\Local\Programs\Antigravity\bin
USERNAME=DELL
OS=Windows_NT
PROCESSOR_IDENTIFIER=Intel64 Family 6 Model 154 Stepping 4, GenuineIntel
TMP=C:\Users\DELL\AppData\Local\Temp
TEMP=C:\Users\DELL\AppData\Local\Temp



---------------  S Y S T E M  ---------------

OS:
 Windows 11 , 64 bit Build 26100 (10.0.26100.7920)
OS uptime: 0 days 0:46 hours

CPU: total 12 (initial active 12) (12 cores per cpu, 1 threads per core) family 6 model 154 stepping 4 microcode 0x43b, cx8, cmov, fxsr, mmx, 3dnowpref, sse, sse2, sse3, ssse3, sse4.1, sse4.2, popcnt, lzcnt, tsc, tscinvbit, avx, avx2, aes, erms, clmul, bmi1, bmi2, adx, sha, fma, vzeroupper, clflush, clflushopt, clwb

Memory: 4k page, system-wide physical 16068M (1731M free)
TotalPageFile size 17092M (AvailPageFile size 20M)
current process WorkingSet (physical memory assigned to process): 172M, peak: 198M
current process commit charge ("private bytes"): 281M, peak: 304M

vm_info: OpenJDK 64-Bit Server VM (17.0.4.1+1) for windows-amd64 JRE (17.0.4.1+1), built on Aug 17 2022 07:42:43 by "temurin" with MS VC++ 16.7 (VS2019)

END.
