#
# There is insufficient memory for the Java Runtime Environment to continue.
# Native memory allocation (malloc) failed to allocate 1048576 bytes. Error detail: AllocateHeap
# Possible reasons:
#   The system is out of physical RAM or swap space
#   This process is running with CompressedOops enabled, and the Java Heap may be blocking the growth of the native heap
# Possible solutions:
#   Reduce memory load on the system
#   Increase physical memory or swap space
#   Check if swap backing store is full
#   Decrease Java heap size (-Xmx/-Xms)
#   Decrease number of Java threads
#   Decrease Java thread stack sizes (-Xss)
#   Set larger code cache with -XX:ReservedCodeCacheSize=
#   JVM is running with Unscaled Compressed Oops mode in which the Java heap is
#     placed in the first 4GB address space. The Java Heap base address is the
#     maximum limit for the native heap growth. Please use -XX:HeapBaseMinAddress
#     to set the Java Heap base and to place the Java Heap above 4GB virtual address.
# This output file may be truncated or incomplete.
#
#  Out of Memory Error (allocation.cpp:44), pid=14712, tid=12516
#
# JRE version: OpenJDK Runtime Environment Temurin-21.0.10+7 (21.0.10+7) (build 21.0.10+7-LTS)
# Java VM: OpenJDK 64-Bit Server VM Temurin-21.0.10+7 (21.0.10+7-LTS, mixed mode, sharing, tiered, compressed oops, compressed class ptrs, parallel gc, windows-amd64)
# No core dump will be written. Minidumps are not enabled by default on client versions of Windows
#

---------------  S U M M A R Y ------------

Command Line: --add-modules=ALL-SYSTEM --add-opens=java.base/java.util=ALL-UNNAMED --add-opens=java.base/java.lang=ALL-UNNAMED --add-opens=java.base/sun.nio.fs=ALL-UNNAMED -Declipse.application=org.eclipse.jdt.ls.core.id1 -Dosgi.bundles.defaultStartLevel=4 -Declipse.product=org.eclipse.jdt.ls.core.product -Djava.import.generatesMetadataFilesAtProjectRoot=false -DDetectVMInstallationsJob.disabled=true -Dfile.encoding=utf8 -XX:+UseParallelGC -XX:GCTimeRatio=4 -XX:AdaptiveSizePolicyWeight=90 -Dsun.zip.disableMemoryMapping=true -Xmx2G -Xms100m -Xlog:disable -javaagent:c:\Users\DELL\.antigravity\extensions\redhat.java-1.54.0-win32-x64\lombok\lombok-1.18.39-4050.jar -XX:+HeapDumpOnOutOfMemoryError -XX:HeapDumpPath=c:\Users\DELL\AppData\Roaming\Antigravity\User\workspaceStorage\c76b58d2129dea57c08b9b67006052ab\redhat.java -Daether.dependencyCollector.impl=bf c:\Users\DELL\.antigravity\extensions\redhat.java-1.54.0-win32-x64\server\plugins\org.eclipse.equinox.launcher_1.7.100.v20251111-0406.jar -configuration c:\Users\DELL\AppData\Roaming\Antigravity\User\globalStorage\redhat.java\1.54.0\config_win -data c:\Users\DELL\AppData\Roaming\Antigravity\User\workspaceStorage\c76b58d2129dea57c08b9b67006052ab\redhat.java\jdt_ws --pipe=\\.\pipe\lsp-19710ea9424c53c5cb33ecba8e8ce79b-sock

Host: 12th Gen Intel(R) Core(TM) i5-1235U, 12 cores, 15G,  Windows 11 , 64 bit Build 26100 (10.0.26100.8328)
Time: Fri May 15 20:42:20 2026 SE Asia Standard Time elapsed time: 16063.226685 seconds (0d 4h 27m 43s)

---------------  T H R E A D  ---------------

Current thread (0x0000020ec657a600):  JavaThread "Attach Listener" daemon [_thread_in_vm, id=12516, stack(0x000000f3b2800000,0x000000f3b2900000) (1024K)]

Stack: [0x000000f3b2800000,0x000000f3b2900000]
Native frames: (J=compiled Java code, j=interpreted, Vv=VM code, C=native code)
V  [jvm.dll+0x6d7a39]
V  [jvm.dll+0x8b4b26]
V  [jvm.dll+0x8b70de]
V  [jvm.dll+0x8b77c3]
V  [jvm.dll+0x284346]
V  [jvm.dll+0xc1277]
V  [jvm.dll+0x6d82e9]
V  [jvm.dll+0x1334a6]
V  [jvm.dll+0x3f857e]
V  [jvm.dll+0x85f59d]
V  [jvm.dll+0x6d626d]
C  [ucrtbase.dll+0x37b0]
C  [KERNEL32.DLL+0x2e957]
C  [ntdll.dll+0x427c]


---------------  P R O C E S S  ---------------

Threads class SMR info:
_java_thread_list=0x0000020ef1959830, length=40, elements={
0x0000020ec64ce220, 0x0000020edcf7e790, 0x0000020ec6574990, 0x0000020ec6579ba0,
0x0000020ec657a600, 0x0000020ec657ef30, 0x0000020ec6580500, 0x0000020ec658a200,
0x0000020ede2d1f90, 0x0000020ede4f1930, 0x0000020ede5f33a0, 0x0000020edf9c56a0,
0x0000020edf9c63c0, 0x0000020edf9c5010, 0x0000020edf9c6a50, 0x0000020edf9c7e00,
0x0000020edf9c70e0, 0x0000020edf9c8490, 0x0000020edf5d30e0, 0x0000020edf5d2a50,
0x0000020edf5d5ed0, 0x0000020edf5d5840, 0x0000020edf5d4b20, 0x0000020edf5d4490,
0x0000020edf5d51b0, 0x0000020edf5d6560, 0x0000020edf5d6bf0, 0x0000020edf5d3770,
0x0000020edf5d7280, 0x0000020edf326110, 0x0000020edf324d60, 0x0000020edf3267a0,
0x0000020edf324040, 0x0000020edf326e30, 0x0000020edf3274c0, 0x0000020edf3253f0,
0x0000020ee674ee00, 0x0000020ee6756420, 0x0000020edf5d1d30, 0x0000020ef0f505e0
}

Java Threads: ( => current thread )
  0x0000020ec64ce220 JavaThread "main"                              [_thread_blocked, id=11808, stack(0x000000f3b2100000,0x000000f3b2200000) (1024K)]
  0x0000020edcf7e790 JavaThread "Reference Handler"          daemon [_thread_blocked, id=18212, stack(0x000000f3b2500000,0x000000f3b2600000) (1024K)]
  0x0000020ec6574990 JavaThread "Finalizer"                  daemon [_thread_blocked, id=17384, stack(0x000000f3b2600000,0x000000f3b2700000) (1024K)]
  0x0000020ec6579ba0 JavaThread "Signal Dispatcher"          daemon [_thread_blocked, id=12604, stack(0x000000f3b2700000,0x000000f3b2800000) (1024K)]
=>0x0000020ec657a600 JavaThread "Attach Listener"            daemon [_thread_in_vm, id=12516, stack(0x000000f3b2800000,0x000000f3b2900000) (1024K)]
  0x0000020ec657ef30 JavaThread "Service Thread"             daemon [_thread_blocked, id=18612, stack(0x000000f3b2900000,0x000000f3b2a00000) (1024K)]
  0x0000020ec6580500 JavaThread "Monitor Deflation Thread"   daemon [_thread_blocked, id=19292, stack(0x000000f3b2a00000,0x000000f3b2b00000) (1024K)]
  0x0000020ec658a200 JavaThread "C2 CompilerThread0"         daemon [_thread_blocked, id=5936, stack(0x000000f3b2b00000,0x000000f3b2c00000) (1024K)]
  0x0000020ede2d1f90 JavaThread "C1 CompilerThread0"         daemon [_thread_blocked, id=17304, stack(0x000000f3b2c00000,0x000000f3b2d00000) (1024K)]
  0x0000020ede4f1930 JavaThread "Common-Cleaner"             daemon [_thread_blocked, id=15964, stack(0x000000f3b2d00000,0x000000f3b2e00000) (1024K)]
  0x0000020ede5f33a0 JavaThread "Notification Thread"        daemon [_thread_blocked, id=14952, stack(0x000000f3b3000000,0x000000f3b3100000) (1024K)]
  0x0000020edf9c56a0 JavaThread "Active Thread: Equinox Container: e0900cc7-7e4f-4972-9e81-017282d8a97b"        [_thread_blocked, id=4160, stack(0x000000f3b3700000,0x000000f3b3800000) (1024K)]
  0x0000020edf9c63c0 JavaThread "Refresh Thread: Equinox Container: e0900cc7-7e4f-4972-9e81-017282d8a97b" daemon [_thread_blocked, id=19940, stack(0x000000f3b2f00000,0x000000f3b3000000) (1024K)]
  0x0000020edf9c5010 JavaThread "Framework Event Dispatcher: Equinox Container: e0900cc7-7e4f-4972-9e81-017282d8a97b" daemon [_thread_blocked, id=17048, stack(0x000000f3b3800000,0x000000f3b3900000) (1024K)]
  0x0000020edf9c6a50 JavaThread "Start Level: Equinox Container: e0900cc7-7e4f-4972-9e81-017282d8a97b" daemon [_thread_blocked, id=18480, stack(0x000000f3b3900000,0x000000f3b3a00000) (1024K)]
  0x0000020edf9c7e00 JavaThread "Bundle File Closer"         daemon [_thread_blocked, id=3652, stack(0x000000f3b3d00000,0x000000f3b3e00000) (1024K)]
  0x0000020edf9c70e0 JavaThread "SCR Component Actor"        daemon [_thread_blocked, id=20696, stack(0x000000f3b3f00000,0x000000f3b4000000) (1024K)]
  0x0000020edf9c8490 JavaThread "Worker-JM"                         [_thread_blocked, id=21252, stack(0x000000f3b4100000,0x000000f3b4200000) (1024K)]
  0x0000020edf5d30e0 JavaThread "JNA Cleaner"                daemon [_thread_blocked, id=21120, stack(0x000000f3b4000000,0x000000f3b4100000) (1024K)]
  0x0000020edf5d2a50 JavaThread "Java indexing"              daemon [_thread_blocked, id=22280, stack(0x000000f3b4800000,0x000000f3b4900000) (1024K)]
  0x0000020edf5d5ed0 JavaThread "Thread-1"                   daemon [_thread_in_native, id=22432, stack(0x000000f3b4a00000,0x000000f3b4b00000) (1024K)]
  0x0000020edf5d5840 JavaThread "Thread-2"                   daemon [_thread_in_native, id=22436, stack(0x000000f3b4b00000,0x000000f3b4c00000) (1024K)]
  0x0000020edf5d4b20 JavaThread "Thread-3"                   daemon [_thread_in_native, id=22440, stack(0x000000f3b4c00000,0x000000f3b4d00000) (1024K)]
  0x0000020edf5d4490 JavaThread "Thread-4"                   daemon [_thread_in_native, id=22444, stack(0x000000f3b4d00000,0x000000f3b4e00000) (1024K)]
  0x0000020edf5d51b0 JavaThread "Thread-5"                   daemon [_thread_in_native, id=22448, stack(0x000000f3b4e00000,0x000000f3b4f00000) (1024K)]
  0x0000020edf5d6560 JavaThread "Thread-6"                   daemon [_thread_in_native, id=22452, stack(0x000000f3b4f00000,0x000000f3b5000000) (1024K)]
  0x0000020edf5d6bf0 JavaThread "Thread-7"                   daemon [_thread_in_native, id=22456, stack(0x000000f3b5000000,0x000000f3b5100000) (1024K)]
  0x0000020edf5d3770 JavaThread "Thread-8"                   daemon [_thread_in_native, id=22460, stack(0x000000f3b5100000,0x000000f3b5200000) (1024K)]
  0x0000020edf5d7280 JavaThread "Thread-9"                   daemon [_thread_in_native, id=22464, stack(0x000000f3b5200000,0x000000f3b5300000) (1024K)]
  0x0000020edf326110 JavaThread "Thread-10"                  daemon [_thread_in_native, id=22468, stack(0x000000f3b5300000,0x000000f3b5400000) (1024K)]
  0x0000020edf324d60 JavaThread "Thread-11"                  daemon [_thread_in_native, id=22472, stack(0x000000f3b5400000,0x000000f3b5500000) (1024K)]
  0x0000020edf3267a0 JavaThread "Thread-12"                  daemon [_thread_in_native, id=22476, stack(0x000000f3b5500000,0x000000f3b5600000) (1024K)]
  0x0000020edf324040 JavaThread "Thread-13"                  daemon [_thread_in_native, id=22480, stack(0x000000f3b5600000,0x000000f3b5700000) (1024K)]
  0x0000020edf326e30 JavaThread "pool-2-thread-1"                   [_thread_blocked, id=22484, stack(0x000000f3b5700000,0x000000f3b5800000) (1024K)]
  0x0000020edf3274c0 JavaThread "WorkspaceEventsHandler"            [_thread_blocked, id=22520, stack(0x000000f3b5800000,0x000000f3b5900000) (1024K)]
  0x0000020edf3253f0 JavaThread "pool-1-thread-1"                   [_thread_blocked, id=22524, stack(0x000000f3b5900000,0x000000f3b5a00000) (1024K)]
  0x0000020ee674ee00 JavaThread "Timer-0"                           [_thread_blocked, id=12932, stack(0x000000f3b4500000,0x000000f3b4600000) (1024K)]
  0x0000020ee6756420 JavaThread "Cleaner-0"                  daemon [_thread_blocked, id=29112, stack(0x000000f3b4600000,0x000000f3b4700000) (1024K)]
  0x0000020edf5d1d30 JavaThread "Worker-27"                         [_thread_blocked, id=43764, stack(0x000000f3b1f00000,0x000000f3b2000000) (1024K)]
  0x0000020ef0f505e0 JavaThread "Worker-29"                         [_thread_blocked, id=45548, stack(0x000000f3b4200000,0x000000f3b4300000) (1024K)]
Total: 40

Other Threads:
  0x0000020edcf623e0 VMThread "VM Thread"                           [id=16844, stack(0x000000f3b2400000,0x000000f3b2500000) (1024K)]
  0x0000020edce5ca10 WatcherThread "VM Periodic Task Thread"        [id=11864, stack(0x000000f3b2300000,0x000000f3b2400000) (1024K)]
  0x0000020ec64ec570 WorkerThread "GC Thread#0"                     [id=13516, stack(0x000000f3b2200000,0x000000f3b2300000) (1024K)]
  0x0000020edf9d7010 WorkerThread "GC Thread#1"                     [id=15016, stack(0x000000f3b3100000,0x000000f3b3200000) (1024K)]
  0x0000020edf54f0a0 WorkerThread "GC Thread#2"                     [id=2516, stack(0x000000f3b3200000,0x000000f3b3300000) (1024K)]
  0x0000020edf9d73c0 WorkerThread "GC Thread#3"                     [id=16604, stack(0x000000f3b3300000,0x000000f3b3400000) (1024K)]
  0x0000020edf9d7770 WorkerThread "GC Thread#4"                     [id=12440, stack(0x000000f3b3400000,0x000000f3b3500000) (1024K)]
  0x0000020edf291050 WorkerThread "GC Thread#5"                     [id=1532, stack(0x000000f3b3500000,0x000000f3b3600000) (1024K)]
  0x0000020edf6f4a70 WorkerThread "GC Thread#6"                     [id=10704, stack(0x000000f3b3600000,0x000000f3b3700000) (1024K)]
  0x0000020edf6f51d0 WorkerThread "GC Thread#7"                     [id=9508, stack(0x000000f3b2e00000,0x000000f3b2f00000) (1024K)]
  0x0000020edf6f3800 WorkerThread "GC Thread#8"                     [id=3396, stack(0x000000f3b3b00000,0x000000f3b3c00000) (1024K)]
  0x0000020edf6f4310 WorkerThread "GC Thread#9"                     [id=3496, stack(0x000000f3b3c00000,0x000000f3b3d00000) (1024K)]
Total: 12

Threads with active compile tasks:
Total: 0

VM state: not at safepoint (normal execution)

VM Mutex/Monitor currently owned by a thread: None

Heap address: 0x0000000080000000, size: 2048 MB, Compressed Oops mode: 32-bit

CDS archive(s) mapped at: [0x0000020e80000000-0x0000020e80ba0000-0x0000020e80ba0000), size 12189696, SharedBaseAddress: 0x0000020e80000000, ArchiveRelocationMode: 1.
Compressed class space mapped at: 0x0000020e81000000-0x0000020ec1000000, reserved size: 1073741824
Narrow klass base: 0x0000020e80000000, Narrow klass shift: 0, Narrow klass range: 0x100000000

GC Precious Log:
 CardTable entry size: 512
 CPUs: 12 total, 12 available
 Memory: 16068M
 Large Page Support: Disabled
 NUMA Support: Disabled
 Compressed Oops: Enabled (32-bit)
 Alignments: Space 512K, Generation 512K, Heap 2M
 Heap Min Capacity: 100M
 Heap Initial Capacity: 100M
 Heap Max Capacity: 2G
 Pre-touch: Disabled
 Parallel Workers: 10

Heap:
 PSYoungGen      total 3072K, used 855K [0x00000000d5580000, 0x00000000d5980000, 0x0000000100000000)
  eden space 2560K, 20% used [0x00000000d5580000,0x00000000d5605f58,0x00000000d5800000)
  from space 512K, 62% used [0x00000000d5900000,0x00000000d5950000,0x00000000d5980000)
  to   space 512K, 0% used [0x00000000d5880000,0x00000000d5880000,0x00000000d5900000)
 ParOldGen       total 670208K, used 669825K [0x0000000080000000, 0x00000000a8e80000, 0x00000000d5580000)
  object space 670208K, 99% used [0x0000000080000000,0x00000000a8e20628,0x00000000a8e80000)
 Metaspace       used 100339K, committed 102144K, reserved 1179648K
  class space    used 11176K, committed 12160K, reserved 1048576K

Card table byte_map: [0x0000020ec5ea0000,0x0000020ec62b0000] _byte_map_base: 0x0000020ec5aa0000

Marking Bits: (ParMarkBitMap*) 0x00007ff95f693450
 Begin Bits: [0x0000020ed8980000, 0x0000020eda980000)
 End Bits:   [0x0000020eda980000, 0x0000020edc980000)

Polling page: 0x0000020ec5c90000

Metaspace:

Usage:
  Non-class:     87.07 MB used.
      Class:     10.91 MB used.
       Both:     97.99 MB used.

Virtual space:
  Non-class space:      128.00 MB reserved,      87.88 MB ( 69%) committed,  2 nodes.
      Class space:        1.00 GB reserved,      11.88 MB (  1%) committed,  1 nodes.
             Both:        1.12 GB reserved,      99.75 MB (  9%) committed. 

Chunk freelists:
   Non-Class:  7.98 MB
       Class:  4.29 MB
        Both:  12.27 MB

MaxMetaspaceSize: unlimited
CompressedClassSpaceSize: 1.00 GB
Initial GC threshold: 21.00 MB
Current GC threshold: 165.12 MB
CDS: on
 - commit_granule_bytes: 65536.
 - commit_granule_words: 8192.
 - virtual_space_node_default_size: 8388608.
 - enlarge_chunks_in_place: 1.
 - use_allocation_guard: 0.


Internal statistics:

num_allocs_failed_limit: 13.
num_arena_births: 2158.
num_arena_deaths: 706.
num_vsnodes_births: 3.
num_vsnodes_deaths: 0.
num_space_committed: 1596.
num_space_uncommitted: 0.
num_chunks_returned_to_freelist: 804.
num_chunks_taken_from_freelist: 7226.
num_chunk_merges: 246.
num_chunk_splits: 4379.
num_chunks_enlarged: 2570.
num_inconsistent_stats: 0.

CodeHeap 'non-profiled nmethods': size=120000Kb used=23470Kb max_used=23470Kb free=96529Kb
 bounds [0x0000020ed11a0000, 0x0000020ed2890000, 0x0000020ed86d0000]
CodeHeap 'profiled nmethods': size=120000Kb used=45187Kb max_used=49280Kb free=74812Kb
 bounds [0x0000020ec96d0000, 0x0000020ecc700000, 0x0000020ed0c00000]
CodeHeap 'non-nmethods': size=5760Kb used=1505Kb max_used=1583Kb free=4254Kb
 bounds [0x0000020ed0c00000, 0x0000020ed0e70000, 0x0000020ed11a0000]
CodeCache: size=245760Kb, used=70162Kb, max_used=74333Kb, free=175595Kb
 total_blobs=19303, nmethods=18474, adapters=727, full_count=0
Compilation: enabled, stopped_count=0, restarted_count=0

Compilation events (20 events):
Event: 15317.348 Thread 0x0000020ede2d1f90 nmethod 23173 0x0000020ecaf0c210 code [0x0000020ecaf0c3e0, 0x0000020ecaf0c7f0]
Event: 15317.351 Thread 0x0000020ede2d1f90 23174       3       org.eclipse.jdt.ls.core.internal.DocumentAdapter::hasUnsavedChanges (21 bytes)
Event: 15317.352 Thread 0x0000020ede2d1f90 nmethod 23174 0x0000020ecaf0bc90 code [0x0000020ecaf0be40, 0x0000020ecaf0c060]
Event: 15317.352 Thread 0x0000020ede2d1f90 23175       3       org.eclipse.jdt.internal.core.OverflowingLRUCache::remove (6 bytes)
Event: 15317.352 Thread 0x0000020ede2d1f90 nmethod 23175 0x0000020eca66eb90 code [0x0000020eca66ed40, 0x0000020eca66ef00]
Event: 15317.437 Thread 0x0000020ec658a200 nmethod 23172 0x0000020ed2885210 code [0x0000020ed2885600, 0x0000020ed2887088]
Event: 15317.470 Thread 0x0000020ede2d1f90 23176       3       org.eclipse.jdt.internal.core.JavaModelOperation::setAttribute (50 bytes)
Event: 15317.472 Thread 0x0000020ede2d1f90 nmethod 23176 0x0000020ecacd6690 code [0x0000020ecacd6940, 0x0000020ecacd7a18]
Event: 15343.768 Thread 0x0000020ec658a200 23177       4       org.eclipse.jdt.internal.core.JavaElement::close (9 bytes)
Event: 15343.805 Thread 0x0000020ec658a200 nmethod 23177 0x0000020ed2888410 code [0x0000020ed2888700, 0x0000020ed2889680]
Event: 15400.790 Thread 0x0000020ede2d1f90 23178   !   3       java.util.TimerThread::mainLoop (232 bytes)
Event: 15400.793 Thread 0x0000020ede2d1f90 nmethod 23178 0x0000020eca019290 code [0x0000020eca019540, 0x0000020eca01a308]
Event: 15574.984 Thread 0x0000020ec658a200 23179   !   4       java.util.concurrent.locks.AbstractQueuedSynchronizer$ConditionObject::newConditionNode (78 bytes)
Event: 15574.991 Thread 0x0000020ec658a200 nmethod 23179 0x0000020ed288a110 code [0x0000020ed288a300, 0x0000020ed288a690]
Event: 15622.502 Thread 0x0000020ec658a200 23180   !   4       java.util.concurrent.locks.AbstractQueuedSynchronizer::reacquire (64 bytes)
Event: 15622.504 Thread 0x0000020ec658a200 nmethod 23180 0x0000020ed288a990 code [0x0000020ed288ab40, 0x0000020ed288ad30]
Event: 15702.510 Thread 0x0000020ec658a200 23181       4       java.util.concurrent.locks.AbstractQueuedSynchronizer$ConditionObject::enableWait (84 bytes)
Event: 15702.520 Thread 0x0000020ec658a200 nmethod 23181 0x0000020ed288ae90 code [0x0000020ed288b060, 0x0000020ed288b368]
Event: 15912.791 Thread 0x0000020ec658a200 23182       4       java.util.TaskQueue::fixDown (108 bytes)
Event: 15912.792 Thread 0x0000020ec658a200 nmethod 23182 0x0000020ed288b610 code [0x0000020ed288b7a0, 0x0000020ed288b858]

GC Heap History (20 events):
Event: 15164.536 GC heap before
{Heap before GC invocations=848 (full 5):
 PSYoungGen      total 3072K, used 2944K [0x00000000d5580000, 0x00000000d5980000, 0x0000000100000000)
  eden space 2560K, 100% used [0x00000000d5580000,0x00000000d5800000,0x00000000d5800000)
  from space 512K, 75% used [0x00000000d5900000,0x00000000d5960000,0x00000000d5980000)
  to   space 512K, 0% used [0x00000000d5880000,0x00000000d5880000,0x00000000d5900000)
 ParOldGen       total 667136K, used 667111K [0x0000000080000000, 0x00000000a8b80000, 0x00000000d5580000)
  object space 667136K, 99% used [0x0000000080000000,0x00000000a8b79c28,0x00000000a8b80000)
 Metaspace       used 100140K, committed 102016K, reserved 1179648K
  class space    used 11153K, committed 12160K, reserved 1048576K
}
Event: 15164.542 GC heap after
{Heap after GC invocations=848 (full 5):
 PSYoungGen      total 3072K, used 512K [0x00000000d5580000, 0x00000000d5a00000, 0x0000000100000000)
  eden space 2560K, 0% used [0x00000000d5580000,0x00000000d5580000,0x00000000d5800000)
  from space 512K, 100% used [0x00000000d5880000,0x00000000d5900000,0x00000000d5900000)
  to   space 1024K, 0% used [0x00000000d5900000,0x00000000d5900000,0x00000000d5a00000)
 ParOldGen       total 667648K, used 667520K [0x0000000080000000, 0x00000000a8c00000, 0x00000000d5580000)
  object space 667648K, 99% used [0x0000000080000000,0x00000000a8be03a8,0x00000000a8c00000)
 Metaspace       used 100140K, committed 102016K, reserved 1179648K
  class space    used 11153K, committed 12160K, reserved 1048576K
}
Event: 15164.562 GC heap before
{Heap before GC invocations=849 (full 5):
 PSYoungGen      total 3072K, used 3071K [0x00000000d5580000, 0x00000000d5a00000, 0x0000000100000000)
  eden space 2560K, 99% used [0x00000000d5580000,0x00000000d57fffd0,0x00000000d5800000)
  from space 512K, 100% used [0x00000000d5880000,0x00000000d5900000,0x00000000d5900000)
  to   space 1024K, 0% used [0x00000000d5900000,0x00000000d5900000,0x00000000d5a00000)
 ParOldGen       total 667648K, used 667520K [0x0000000080000000, 0x00000000a8c00000, 0x00000000d5580000)
  object space 667648K, 99% used [0x0000000080000000,0x00000000a8be03a8,0x00000000a8c00000)
 Metaspace       used 100144K, committed 102016K, reserved 1179648K
  class space    used 11154K, committed 12160K, reserved 1048576K
}
Event: 15164.567 GC heap after
{Heap after GC invocations=849 (full 5):
 PSYoungGen      total 3584K, used 692K [0x00000000d5580000, 0x00000000d5a00000, 0x0000000100000000)
  eden space 2560K, 0% used [0x00000000d5580000,0x00000000d5580000,0x00000000d5800000)
  from space 1024K, 67% used [0x00000000d5900000,0x00000000d59ad200,0x00000000d5a00000)
  to   space 1024K, 0% used [0x00000000d5800000,0x00000000d5800000,0x00000000d5900000)
 ParOldGen       total 668160K, used 668014K [0x0000000080000000, 0x00000000a8c80000, 0x00000000d5580000)
  object space 668160K, 99% used [0x0000000080000000,0x00000000a8c5b898,0x00000000a8c80000)
 Metaspace       used 100144K, committed 102016K, reserved 1179648K
  class space    used 11154K, committed 12160K, reserved 1048576K
}
Event: 15164.582 GC heap before
{Heap before GC invocations=850 (full 5):
 PSYoungGen      total 3584K, used 3252K [0x00000000d5580000, 0x00000000d5a00000, 0x0000000100000000)
  eden space 2560K, 100% used [0x00000000d5580000,0x00000000d5800000,0x00000000d5800000)
  from space 1024K, 67% used [0x00000000d5900000,0x00000000d59ad200,0x00000000d5a00000)
  to   space 1024K, 0% used [0x00000000d5800000,0x00000000d5800000,0x00000000d5900000)
 ParOldGen       total 668160K, used 668014K [0x0000000080000000, 0x00000000a8c80000, 0x00000000d5580000)
  object space 668160K, 99% used [0x0000000080000000,0x00000000a8c5b898,0x00000000a8c80000)
 Metaspace       used 100144K, committed 102016K, reserved 1179648K
  class space    used 11154K, committed 12160K, reserved 1048576K
}
Event: 15164.587 GC heap after
{Heap after GC invocations=850 (full 5):
 PSYoungGen      total 3584K, used 352K [0x00000000d5580000, 0x00000000d5980000, 0x0000000100000000)
  eden space 2560K, 0% used [0x00000000d5580000,0x00000000d5580000,0x00000000d5800000)
  from space 1024K, 34% used [0x00000000d5800000,0x00000000d5858000,0x00000000d5900000)
  to   space 512K, 0% used [0x00000000d5900000,0x00000000d5900000,0x00000000d5980000)
 ParOldGen       total 668672K, used 668571K [0x0000000080000000, 0x00000000a8d00000, 0x00000000d5580000)
  object space 668672K, 99% used [0x0000000080000000,0x00000000a8ce6ea0,0x00000000a8d00000)
 Metaspace       used 100144K, committed 102016K, reserved 1179648K
  class space    used 11154K, committed 12160K, reserved 1048576K
}
Event: 15164.646 GC heap before
{Heap before GC invocations=851 (full 5):
 PSYoungGen      total 3584K, used 2912K [0x00000000d5580000, 0x00000000d5980000, 0x0000000100000000)
  eden space 2560K, 100% used [0x00000000d5580000,0x00000000d5800000,0x00000000d5800000)
  from space 1024K, 34% used [0x00000000d5800000,0x00000000d5858000,0x00000000d5900000)
  to   space 512K, 0% used [0x00000000d5900000,0x00000000d5900000,0x00000000d5980000)
 ParOldGen       total 668672K, used 668571K [0x0000000080000000, 0x00000000a8d00000, 0x00000000d5580000)
  object space 668672K, 99% used [0x0000000080000000,0x00000000a8ce6ea0,0x00000000a8d00000)
 Metaspace       used 100155K, committed 102016K, reserved 1179648K
  class space    used 11154K, committed 12160K, reserved 1048576K
}
Event: 15164.650 GC heap after
{Heap after GC invocations=851 (full 5):
 PSYoungGen      total 3072K, used 512K [0x00000000d5580000, 0x00000000d5a00000, 0x0000000100000000)
  eden space 2560K, 0% used [0x00000000d5580000,0x00000000d5580000,0x00000000d5800000)
  from space 512K, 100% used [0x00000000d5900000,0x00000000d5980000,0x00000000d5980000)
  to   space 1024K, 0% used [0x00000000d5800000,0x00000000d5800000,0x00000000d5900000)
 ParOldGen       total 669184K, used 668862K [0x0000000080000000, 0x00000000a8d80000, 0x00000000d5580000)
  object space 669184K, 99% used [0x0000000080000000,0x00000000a8d2faa8,0x00000000a8d80000)
 Metaspace       used 100155K, committed 102016K, reserved 1179648K
  class space    used 11154K, committed 12160K, reserved 1048576K
}
Event: 15164.851 GC heap before
{Heap before GC invocations=852 (full 5):
 PSYoungGen      total 3072K, used 2320K [0x00000000d5580000, 0x00000000d5a00000, 0x0000000100000000)
  eden space 2560K, 70% used [0x00000000d5580000,0x00000000d57440b8,0x00000000d5800000)
  from space 512K, 100% used [0x00000000d5900000,0x00000000d5980000,0x00000000d5980000)
  to   space 1024K, 0% used [0x00000000d5800000,0x00000000d5800000,0x00000000d5900000)
 ParOldGen       total 669184K, used 668862K [0x0000000080000000, 0x00000000a8d80000, 0x00000000d5580000)
  object space 669184K, 99% used [0x0000000080000000,0x00000000a8d2faa8,0x00000000a8d80000)
 Metaspace       used 100231K, committed 102080K, reserved 1179648K
  class space    used 11164K, committed 12160K, reserved 1048576K
}
Event: 15164.855 GC heap after
{Heap after GC invocations=852 (full 5):
 PSYoungGen      total 3584K, used 308K [0x00000000d5580000, 0x00000000d5980000, 0x0000000100000000)
  eden space 2560K, 0% used [0x00000000d5580000,0x00000000d5580000,0x00000000d5800000)
  from space 1024K, 30% used [0x00000000d5800000,0x00000000d584d200,0x00000000d5900000)
  to   space 512K, 0% used [0x00000000d5900000,0x00000000d5900000,0x00000000d5980000)
 ParOldGen       total 669696K, used 669330K [0x0000000080000000, 0x00000000a8e00000, 0x00000000d5580000)
  object space 669696K, 99% used [0x0000000080000000,0x00000000a8da4aa8,0x00000000a8e00000)
 Metaspace       used 100231K, committed 102080K, reserved 1179648K
  class space    used 11164K, committed 12160K, reserved 1048576K
}
Event: 15164.890 GC heap before
{Heap before GC invocations=853 (full 5):
 PSYoungGen      total 3584K, used 2792K [0x00000000d5580000, 0x00000000d5980000, 0x0000000100000000)
  eden space 2560K, 97% used [0x00000000d5580000,0x00000000d57ece58,0x00000000d5800000)
  from space 1024K, 30% used [0x00000000d5800000,0x00000000d584d200,0x00000000d5900000)
  to   space 512K, 0% used [0x00000000d5900000,0x00000000d5900000,0x00000000d5980000)
 ParOldGen       total 669696K, used 669330K [0x0000000080000000, 0x00000000a8e00000, 0x00000000d5580000)
  object space 669696K, 99% used [0x0000000080000000,0x00000000a8da4aa8,0x00000000a8e00000)
 Metaspace       used 100231K, committed 102080K, reserved 1179648K
  class space    used 11164K, committed 12160K, reserved 1048576K
}
Event: 15164.893 GC heap after
{Heap after GC invocations=853 (full 5):
 PSYoungGen      total 3072K, used 256K [0x00000000d5580000, 0x00000000d5980000, 0x0000000100000000)
  eden space 2560K, 0% used [0x00000000d5580000,0x00000000d5580000,0x00000000d5800000)
  from space 512K, 50% used [0x00000000d5900000,0x00000000d5940000,0x00000000d5980000)
  to   space 512K, 0% used [0x00000000d5880000,0x00000000d5880000,0x00000000d5900000)
 ParOldGen       total 669696K, used 669517K [0x0000000080000000, 0x00000000a8e00000, 0x00000000d5580000)
  object space 669696K, 99% used [0x0000000080000000,0x00000000a8dd3428,0x00000000a8e00000)
 Metaspace       used 100231K, committed 102080K, reserved 1179648K
  class space    used 11164K, committed 12160K, reserved 1048576K
}
Event: 15164.918 GC heap before
{Heap before GC invocations=854 (full 5):
 PSYoungGen      total 3072K, used 2344K [0x00000000d5580000, 0x00000000d5980000, 0x0000000100000000)
  eden space 2560K, 81% used [0x00000000d5580000,0x00000000d578a350,0x00000000d5800000)
  from space 512K, 50% used [0x00000000d5900000,0x00000000d5940000,0x00000000d5980000)
  to   space 512K, 0% used [0x00000000d5880000,0x00000000d5880000,0x00000000d5900000)
 ParOldGen       total 669696K, used 669517K [0x0000000080000000, 0x00000000a8e00000, 0x00000000d5580000)
  object space 669696K, 99% used [0x0000000080000000,0x00000000a8dd3428,0x00000000a8e00000)
 Metaspace       used 100231K, committed 102080K, reserved 1179648K
  class space    used 11164K, committed 12160K, reserved 1048576K
}
Event: 15164.920 GC heap after
{Heap after GC invocations=854 (full 5):
 PSYoungGen      total 3072K, used 282K [0x00000000d5580000, 0x00000000d5980000, 0x0000000100000000)
  eden space 2560K, 0% used [0x00000000d5580000,0x00000000d5580000,0x00000000d5800000)
  from space 512K, 55% used [0x00000000d5880000,0x00000000d58c6900,0x00000000d5900000)
  to   space 512K, 0% used [0x00000000d5900000,0x00000000d5900000,0x00000000d5980000)
 ParOldGen       total 669696K, used 669573K [0x0000000080000000, 0x00000000a8e00000, 0x00000000d5580000)
  object space 669696K, 99% used [0x0000000080000000,0x00000000a8de1428,0x00000000a8e00000)
 Metaspace       used 100231K, committed 102080K, reserved 1179648K
  class space    used 11164K, committed 12160K, reserved 1048576K
}
Event: 15164.938 GC heap before
{Heap before GC invocations=855 (full 5):
 PSYoungGen      total 3072K, used 2842K [0x00000000d5580000, 0x00000000d5980000, 0x0000000100000000)
  eden space 2560K, 100% used [0x00000000d5580000,0x00000000d5800000,0x00000000d5800000)
  from space 512K, 55% used [0x00000000d5880000,0x00000000d58c6900,0x00000000d5900000)
  to   space 512K, 0% used [0x00000000d5900000,0x00000000d5900000,0x00000000d5980000)
 ParOldGen       total 669696K, used 669573K [0x0000000080000000, 0x00000000a8e00000, 0x00000000d5580000)
  object space 669696K, 99% used [0x0000000080000000,0x00000000a8de1428,0x00000000a8e00000)
 Metaspace       used 100231K, committed 102080K, reserved 1179648K
  class space    used 11164K, committed 12160K, reserved 1048576K
}
Event: 15164.940 GC heap after
{Heap after GC invocations=855 (full 5):
 PSYoungGen      total 3072K, used 224K [0x00000000d5580000, 0x00000000d5980000, 0x0000000100000000)
  eden space 2560K, 0% used [0x00000000d5580000,0x00000000d5580000,0x00000000d5800000)
  from space 512K, 43% used [0x00000000d5900000,0x00000000d5938000,0x00000000d5980000)
  to   space 512K, 0% used [0x00000000d5880000,0x00000000d5880000,0x00000000d5900000)
 ParOldGen       total 669696K, used 669681K [0x0000000080000000, 0x00000000a8e00000, 0x00000000d5580000)
  object space 669696K, 99% used [0x0000000080000000,0x00000000a8dfc628,0x00000000a8e00000)
 Metaspace       used 100231K, committed 102080K, reserved 1179648K
  class space    used 11164K, committed 12160K, reserved 1048576K
}
Event: 15165.052 GC heap before
{Heap before GC invocations=856 (full 5):
 PSYoungGen      total 3072K, used 2784K [0x00000000d5580000, 0x00000000d5980000, 0x0000000100000000)
  eden space 2560K, 100% used [0x00000000d5580000,0x00000000d5800000,0x00000000d5800000)
  from space 512K, 43% used [0x00000000d5900000,0x00000000d5938000,0x00000000d5980000)
  to   space 512K, 0% used [0x00000000d5880000,0x00000000d5880000,0x00000000d5900000)
 ParOldGen       total 669696K, used 669681K [0x0000000080000000, 0x00000000a8e00000, 0x00000000d5580000)
  object space 669696K, 99% used [0x0000000080000000,0x00000000a8dfc628,0x00000000a8e00000)
 Metaspace       used 100322K, committed 102144K, reserved 1179648K
  class space    used 11174K, committed 12160K, reserved 1048576K
}
Event: 15165.054 GC heap after
{Heap after GC invocations=856 (full 5):
 PSYoungGen      total 3072K, used 288K [0x00000000d5580000, 0x00000000d5980000, 0x0000000100000000)
  eden space 2560K, 0% used [0x00000000d5580000,0x00000000d5580000,0x00000000d5800000)
  from space 512K, 56% used [0x00000000d5880000,0x00000000d58c8000,0x00000000d5900000)
  to   space 512K, 0% used [0x00000000d5900000,0x00000000d5900000,0x00000000d5980000)
 ParOldGen       total 670208K, used 669745K [0x0000000080000000, 0x00000000a8e80000, 0x00000000d5580000)
  object space 670208K, 99% used [0x0000000080000000,0x00000000a8e0c628,0x00000000a8e80000)
 Metaspace       used 100322K, committed 102144K, reserved 1179648K
  class space    used 11174K, committed 12160K, reserved 1048576K
}
Event: 15317.459 GC heap before
{Heap before GC invocations=857 (full 5):
 PSYoungGen      total 3072K, used 2848K [0x00000000d5580000, 0x00000000d5980000, 0x0000000100000000)
  eden space 2560K, 100% used [0x00000000d5580000,0x00000000d5800000,0x00000000d5800000)
  from space 512K, 56% used [0x00000000d5880000,0x00000000d58c8000,0x00000000d5900000)
  to   space 512K, 0% used [0x00000000d5900000,0x00000000d5900000,0x00000000d5980000)
 ParOldGen       total 670208K, used 669745K [0x0000000080000000, 0x00000000a8e80000, 0x00000000d5580000)
  object space 670208K, 99% used [0x0000000080000000,0x00000000a8e0c628,0x00000000a8e80000)
 Metaspace       used 100339K, committed 102144K, reserved 1179648K
  class space    used 11176K, committed 12160K, reserved 1048576K
}
Event: 15317.463 GC heap after
{Heap after GC invocations=857 (full 5):
 PSYoungGen      total 3072K, used 320K [0x00000000d5580000, 0x00000000d5980000, 0x0000000100000000)
  eden space 2560K, 0% used [0x00000000d5580000,0x00000000d5580000,0x00000000d5800000)
  from space 512K, 62% used [0x00000000d5900000,0x00000000d5950000,0x00000000d5980000)
  to   space 512K, 0% used [0x00000000d5880000,0x00000000d5880000,0x00000000d5900000)
 ParOldGen       total 670208K, used 669825K [0x0000000080000000, 0x00000000a8e80000, 0x00000000d5580000)
  object space 670208K, 99% used [0x0000000080000000,0x00000000a8e20628,0x00000000a8e80000)
 Metaspace       used 100339K, committed 102144K, reserved 1179648K
  class space    used 11176K, committed 12160K, reserved 1048576K
}

Dll operation events (16 events):
Event: 0.014 Loaded shared library c:\Users\DELL\.antigravity\extensions\redhat.java-1.54.0-win32-x64\jre\21.0.10-win32-x86_64\bin\java.dll
Event: 0.120 Loaded shared library c:\Users\DELL\.antigravity\extensions\redhat.java-1.54.0-win32-x64\jre\21.0.10-win32-x86_64\bin\zip.dll
Event: 0.161 Loaded shared library C:\Users\DELL\.antigravity\extensions\redhat.java-1.54.0-win32-x64\jre\21.0.10-win32-x86_64\bin\instrument.dll
Event: 0.168 Loaded shared library C:\Users\DELL\.antigravity\extensions\redhat.java-1.54.0-win32-x64\jre\21.0.10-win32-x86_64\bin\net.dll
Event: 0.171 Loaded shared library C:\Users\DELL\.antigravity\extensions\redhat.java-1.54.0-win32-x64\jre\21.0.10-win32-x86_64\bin\nio.dll
Event: 0.176 Loaded shared library C:\Users\DELL\.antigravity\extensions\redhat.java-1.54.0-win32-x64\jre\21.0.10-win32-x86_64\bin\zip.dll
Event: 0.219 Loaded shared library C:\Users\DELL\.antigravity\extensions\redhat.java-1.54.0-win32-x64\jre\21.0.10-win32-x86_64\bin\jimage.dll
Event: 0.344 Loaded shared library c:\Users\DELL\.antigravity\extensions\redhat.java-1.54.0-win32-x64\jre\21.0.10-win32-x86_64\bin\verify.dll
Event: 9.305 Loaded shared library C:\Users\DELL\AppData\Roaming\Antigravity\User\globalStorage\redhat.java\1.54.0\config_win\org.eclipse.equinox.launcher\org.eclipse.equinox.launcher.win32.win32.x86_64_1.3.0.v20260203-2149\eclipse_11919.dll
Event: 25.909 Loaded shared library C:\Users\DELL\AppData\Local\Temp\jna-2094529\jna14921253632592343327.dll
Event: 41.670 Loaded shared library C:\Users\DELL\.gradle\native\660c5614fbf4a5f2a75b1949f50a0caf5cd603558e7d8a26e50b933a0cfb79d1\windows-amd64\native-platform.dll
Event: 44.756 Loaded shared library C:\Users\DELL\.antigravity\extensions\redhat.java-1.54.0-win32-x64\jre\21.0.10-win32-x86_64\bin\management.dll
Event: 44.828 Loaded shared library C:\Users\DELL\.antigravity\extensions\redhat.java-1.54.0-win32-x64\jre\21.0.10-win32-x86_64\bin\management_ext.dll
Event: 55.470 Loaded shared library C:\Users\DELL\.antigravity\extensions\redhat.java-1.54.0-win32-x64\jre\21.0.10-win32-x86_64\bin\extnet.dll
Event: 83.893 Loaded shared library C:\Users\DELL\.antigravity\extensions\redhat.java-1.54.0-win32-x64\jre\21.0.10-win32-x86_64\bin\sunmscapi.dll
Event: 197.652 Loaded shared library C:\Users\DELL\.gradle\native\660c5614fbf4a5f2a75b1949f50a0caf5cd603558e7d8a26e50b933a0cfb79d1\windows-amd64-min\native-platform.dll

Deoptimization events (20 events):
Event: 15165.063 Thread 0x0000020edf9c5d30 Uncommon trap: trap_request=0xffffffde fr.pc=0x0000020ed27181f4 relative=0x00000000000026d4
Event: 15165.063 Thread 0x0000020edf9c5d30 Uncommon trap: reason=class_check action=maybe_recompile pc=0x0000020ed27181f4 method=org.eclipse.jdt.internal.core.JavaModelManager.determineIfOnClasspath(Lorg/eclipse/core/resources/IResource;Lorg/eclipse/jdt/core/IJavaProject;)Lorg/eclipse/jdt/core/IJa
Event: 15165.063 Thread 0x0000020edf9c5d30 DEOPT PACKING pc=0x0000020ed27181f4 sp=0x000000f3b5ffe860
Event: 15165.063 Thread 0x0000020edf9c5d30 DEOPT UNPACKING pc=0x0000020ed0c53aa2 sp=0x000000f3b5ffe810 mode 2
Event: 15165.075 Thread 0x0000020edf9c5d30 Uncommon trap: trap_request=0xffffffc6 fr.pc=0x0000020ed2123844 relative=0x0000000000002944
Event: 15165.075 Thread 0x0000020edf9c5d30 Uncommon trap: reason=bimorphic_or_optimized_type_check action=maybe_recompile pc=0x0000020ed2123844 method=org.eclipse.jdt.internal.core.Openable.getResource()Lorg/eclipse/core/resources/IResource; @ 33 c2
Event: 15165.075 Thread 0x0000020edf9c5d30 DEOPT PACKING pc=0x0000020ed2123844 sp=0x000000f3b5ffebb0
Event: 15165.075 Thread 0x0000020edf9c5d30 DEOPT UNPACKING pc=0x0000020ed0c53aa2 sp=0x000000f3b5ffeba8 mode 2
Event: 15165.075 Thread 0x0000020edf9c5d30 Uncommon trap: trap_request=0xffffff45 fr.pc=0x0000020ed25d8070 relative=0x0000000000003590
Event: 15165.076 Thread 0x0000020edf9c5d30 Uncommon trap: reason=unstable_if action=reinterpret pc=0x0000020ed25d8070 method=org.eclipse.jdt.internal.core.PackageFragmentRoot.getHandleMemento(Ljava/lang/StringBuilder;)V @ 6 c2
Event: 15165.076 Thread 0x0000020edf9c5d30 DEOPT PACKING pc=0x0000020ed25d8070 sp=0x000000f3b5ffec50
Event: 15165.076 Thread 0x0000020edf9c5d30 DEOPT UNPACKING pc=0x0000020ed0c53aa2 sp=0x000000f3b5ffec38 mode 2
Event: 15165.077 Thread 0x0000020edf9c5d30 Uncommon trap: trap_request=0xffffffc6 fr.pc=0x0000020ed2123844 relative=0x0000000000002944
Event: 15165.077 Thread 0x0000020edf9c5d30 Uncommon trap: reason=bimorphic_or_optimized_type_check action=maybe_recompile pc=0x0000020ed2123844 method=org.eclipse.jdt.internal.core.Openable.getResource()Lorg/eclipse/core/resources/IResource; @ 33 c2
Event: 15165.077 Thread 0x0000020edf9c5d30 DEOPT PACKING pc=0x0000020ed2123844 sp=0x000000f3b5ffec60
Event: 15165.077 Thread 0x0000020edf9c5d30 DEOPT UNPACKING pc=0x0000020ed0c53aa2 sp=0x000000f3b5ffec60 mode 2
Event: 15165.456 Thread 0x0000020edf9c5d30 Uncommon trap: trap_request=0xfffffff4 fr.pc=0x0000020ed21218e4 relative=0x00000000000009e4
Event: 15165.456 Thread 0x0000020edf9c5d30 Uncommon trap: reason=null_check action=make_not_entrant pc=0x0000020ed21218e4 method=org.eclipse.jdt.internal.core.Openable.getPackageFragmentRoot()Lorg/eclipse/jdt/internal/core/PackageFragmentRoot; @ 5 c2
Event: 15165.456 Thread 0x0000020edf9c5d30 DEOPT PACKING pc=0x0000020ed21218e4 sp=0x000000f3b5ffefc0
Event: 15165.456 Thread 0x0000020edf9c5d30 DEOPT UNPACKING pc=0x0000020ed0c53aa2 sp=0x000000f3b5ffef68 mode 2

Classes loaded (20 events):
Event: 12039.054 Loading class java/util/regex/Pattern$Neg
Event: 12039.055 Loading class java/util/regex/Pattern$Neg done
Event: 12307.357 Loading class java/util/concurrent/ConcurrentHashMap$TreeNode
Event: 12307.358 Loading class java/util/concurrent/ConcurrentHashMap$TreeNode done
Event: 12307.358 Loading class java/util/concurrent/ConcurrentHashMap$TreeBin
Event: 12307.360 Loading class java/util/concurrent/ConcurrentHashMap$TreeBin done
Event: 12338.042 Loading class java/util/stream/SliceOps
Event: 12338.043 Loading class java/util/stream/SliceOps done
Event: 12338.043 Loading class java/util/stream/SliceOps$1
Event: 12338.043 Loading class java/util/stream/SliceOps$1 done
Event: 12338.046 Loading class java/util/stream/SliceOps$1$1
Event: 12338.046 Loading class java/util/stream/SliceOps$1$1 done
Event: 12338.509 Loading class java/util/stream/ReduceOps$5
Event: 12338.510 Loading class java/util/stream/ReduceOps$5 done
Event: 12338.510 Loading class java/util/stream/ReduceOps$CountingSink$OfRef
Event: 12338.510 Loading class java/util/stream/ReduceOps$CountingSink
Event: 12338.510 Loading class java/util/stream/ReduceOps$CountingSink done
Event: 12338.510 Loading class java/util/stream/ReduceOps$CountingSink$OfRef done
Event: 15164.796 Loading class javax/xml/transform/TransformerConfigurationException
Event: 15164.798 Loading class javax/xml/transform/TransformerConfigurationException done

Classes unloaded (20 events):
Event: 12335.929 Thread 0x0000020edcf623e0 Unloading class 0x0000020e81017400 'java/lang/invoke/LambdaForm$MH+0x0000020e81017400'
Event: 12335.929 Thread 0x0000020edcf623e0 Unloading class 0x0000020e81016400 'java/lang/invoke/LambdaForm$MH+0x0000020e81016400'
Event: 12335.929 Thread 0x0000020edcf623e0 Unloading class 0x0000020e8100d800 'java/lang/invoke/LambdaForm$MH+0x0000020e8100d800'
Event: 12335.929 Thread 0x0000020edcf623e0 Unloading class 0x0000020e8100d400 'java/lang/invoke/LambdaForm$MH+0x0000020e8100d400'
Event: 12335.929 Thread 0x0000020edcf623e0 Unloading class 0x0000020e8100d000 'java/lang/invoke/LambdaForm$MH+0x0000020e8100d000'
Event: 12335.929 Thread 0x0000020edcf623e0 Unloading class 0x0000020e8100cc00 'java/lang/invoke/LambdaForm$MH+0x0000020e8100cc00'
Event: 12335.929 Thread 0x0000020edcf623e0 Unloading class 0x0000020e8100c800 'java/lang/invoke/LambdaForm$BMH+0x0000020e8100c800'
Event: 12335.929 Thread 0x0000020edcf623e0 Unloading class 0x0000020e8100c000 'java/lang/invoke/LambdaForm$DMH+0x0000020e8100c000'
Event: 12335.930 Thread 0x0000020edcf623e0 Unloading class 0x0000020e81008c00 'java/lang/invoke/LambdaForm$MH+0x0000020e81008c00'
Event: 12335.930 Thread 0x0000020edcf623e0 Unloading class 0x0000020e81008800 'java/lang/invoke/LambdaForm$MH+0x0000020e81008800'
Event: 12335.930 Thread 0x0000020edcf623e0 Unloading class 0x0000020e81008400 'java/lang/invoke/LambdaForm$MH+0x0000020e81008400'
Event: 12335.930 Thread 0x0000020edcf623e0 Unloading class 0x0000020e81007000 'java/lang/invoke/LambdaForm$MH+0x0000020e81007000'
Event: 12335.930 Thread 0x0000020edcf623e0 Unloading class 0x0000020e81006800 'java/lang/invoke/LambdaForm$MH+0x0000020e81006800'
Event: 12335.930 Thread 0x0000020edcf623e0 Unloading class 0x0000020e81006400 'java/lang/invoke/LambdaForm$MH+0x0000020e81006400'
Event: 12335.930 Thread 0x0000020edcf623e0 Unloading class 0x0000020e81006000 'java/lang/invoke/LambdaForm$MH+0x0000020e81006000'
Event: 12335.930 Thread 0x0000020edcf623e0 Unloading class 0x0000020e81005c00 'java/lang/invoke/LambdaForm$BMH+0x0000020e81005c00'
Event: 12335.930 Thread 0x0000020edcf623e0 Unloading class 0x0000020e81004800 'java/lang/invoke/LambdaForm$DMH+0x0000020e81004800'
Event: 12335.930 Thread 0x0000020edcf623e0 Unloading class 0x0000020e81002400 'java/lang/invoke/LambdaForm$MH+0x0000020e81002400'
Event: 12335.930 Thread 0x0000020edcf623e0 Unloading class 0x0000020e81002000 'java/lang/invoke/LambdaForm$MH+0x0000020e81002000'
Event: 12335.930 Thread 0x0000020edcf623e0 Unloading class 0x0000020e81001800 'java/lang/invoke/LambdaForm$MH+0x0000020e81001800'

Classes redefined (0 events):
No events

Internal exceptions (20 events):
Event: 14882.580 Thread 0x0000020edf5d2a50 Exception <a 'sun/nio/fs/WindowsException'{0x00000000d5d4c7e8}> (0x00000000d5d4c7e8) 
thrown [s\src\hotspot\share\prims\jni.cpp, line 520]
Event: 14883.062 Thread 0x0000020edf5d2a50 Exception <a 'sun/nio/fs/WindowsException'{0x00000000d59475d8}> (0x00000000d59475d8) 
thrown [s\src\hotspot\share\prims\jni.cpp, line 520]
Event: 14889.449 Thread 0x0000020edf5d2a50 Exception <a 'sun/nio/fs/WindowsException'{0x00000000d5bd32a0}> (0x00000000d5bd32a0) 
thrown [s\src\hotspot\share\prims\jni.cpp, line 520]
Event: 14890.843 Thread 0x0000020edf5d2a50 Exception <a 'sun/nio/fs/WindowsException'{0x00000000d5c9b470}> (0x00000000d5c9b470) 
thrown [s\src\hotspot\share\prims\jni.cpp, line 520]
Event: 14894.511 Thread 0x0000020edf5d1d30 Exception <a 'sun/nio/fs/WindowsException'{0x00000000d5ba1370}> (0x00000000d5ba1370) 
thrown [s\src\hotspot\share\prims\jni.cpp, line 520]
Event: 14894.512 Thread 0x0000020edf5d1d30 Exception <a 'sun/nio/fs/WindowsException'{0x00000000d5ba1cf8}> (0x00000000d5ba1cf8) 
thrown [s\src\hotspot\share\prims\jni.cpp, line 520]
Event: 14894.514 Thread 0x0000020edf5d1d30 Exception <a 'sun/nio/fs/WindowsException'{0x00000000d5bcc5a8}> (0x00000000d5bcc5a8) 
thrown [s\src\hotspot\share\prims\jni.cpp, line 520]
Event: 14894.514 Thread 0x0000020edf5d1d30 Exception <a 'sun/nio/fs/WindowsException'{0x00000000d5bccf30}> (0x00000000d5bccf30) 
thrown [s\src\hotspot\share\prims\jni.cpp, line 520]
Event: 14896.239 Thread 0x0000020edf5d2a50 Exception <a 'sun/nio/fs/WindowsException'{0x00000000d5e9e8b8}> (0x00000000d5e9e8b8) 
thrown [s\src\hotspot\share\prims\jni.cpp, line 520]
Event: 14896.762 Thread 0x0000020edf5d2a50 Exception <a 'sun/nio/fs/WindowsException'{0x00000000d5754880}> (0x00000000d5754880) 
thrown [s\src\hotspot\share\prims\jni.cpp, line 520]
Event: 14949.913 Thread 0x0000020edf5d2a50 Exception <a 'sun/nio/fs/WindowsException'{0x00000000d588b370}> (0x00000000d588b370) 
thrown [s\src\hotspot\share\prims\jni.cpp, line 520]
Event: 14950.283 Thread 0x0000020edf5d2a50 Exception <a 'sun/nio/fs/WindowsException'{0x00000000d55fb6b8}> (0x00000000d55fb6b8) 
thrown [s\src\hotspot\share\prims\jni.cpp, line 520]
Event: 15163.325 Thread 0x0000020edf5d2a50 Exception <a 'sun/nio/fs/WindowsException'{0x00000000d58330e8}> (0x00000000d58330e8) 
thrown [s\src\hotspot\share\prims\jni.cpp, line 520]
Event: 15163.640 Thread 0x0000020ee6754350 Implicit null exception at 0x0000020ed24ea4de to 0x0000020ed24ee8ec
Event: 15163.641 Thread 0x0000020ee6754350 Implicit null exception at 0x0000020ed1b36d2e to 0x0000020ed1b36d6c
Event: 15163.884 Thread 0x0000020edf5d2a50 Exception <a 'sun/nio/fs/WindowsException'{0x00000000d55ba368}> (0x00000000d55ba368) 
thrown [s\src\hotspot\share\prims\jni.cpp, line 520]
Event: 15196.269 Thread 0x0000020ef0f505e0 Exception <a 'sun/nio/fs/WindowsException'{0x00000000d56406f8}> (0x00000000d56406f8) 
thrown [s\src\hotspot\share\prims\jni.cpp, line 520]
Event: 15196.269 Thread 0x0000020ef0f505e0 Exception <a 'sun/nio/fs/WindowsException'{0x00000000d5641300}> (0x00000000d5641300) 
thrown [s\src\hotspot\share\prims\jni.cpp, line 520]
Event: 15196.271 Thread 0x0000020ef0f505e0 Exception <a 'sun/nio/fs/WindowsException'{0x00000000d5667868}> (0x00000000d5667868) 
thrown [s\src\hotspot\share\prims\jni.cpp, line 520]
Event: 15196.271 Thread 0x0000020ef0f505e0 Exception <a 'sun/nio/fs/WindowsException'{0x00000000d5668450}> (0x00000000d5668450) 
thrown [s\src\hotspot\share\prims\jni.cpp, line 520]

ZGC Phase Switch (0 events):
No events

VM Operations (20 events):
Event: 15219.595 Executing non-safepoint VM operation: RendezvousGCThreads
Event: 15219.595 Executing non-safepoint VM operation: RendezvousGCThreads done
Event: 15317.459 Executing safepoint VM operation: ParallelGCFailedAllocation (Allocation Failure)
Event: 15317.463 Executing safepoint VM operation: ParallelGCFailedAllocation (Allocation Failure) done
Event: 15640.714 Executing non-safepoint VM operation: HandshakeAllThreads (HandshakeForDeflation)
Event: 15640.715 Executing non-safepoint VM operation: HandshakeAllThreads (HandshakeForDeflation) done
Event: 15640.715 Executing non-safepoint VM operation: RendezvousGCThreads
Event: 15640.715 Executing non-safepoint VM operation: RendezvousGCThreads done
Event: 15700.883 Executing non-safepoint VM operation: HandshakeAllThreads (HandshakeForDeflation)
Event: 15700.883 Executing non-safepoint VM operation: HandshakeAllThreads (HandshakeForDeflation) done
Event: 15700.883 Executing non-safepoint VM operation: RendezvousGCThreads
Event: 15700.883 Executing non-safepoint VM operation: RendezvousGCThreads done
Event: 15881.370 Executing non-safepoint VM operation: HandshakeAllThreads (HandshakeForDeflation)
Event: 15881.370 Executing non-safepoint VM operation: HandshakeAllThreads (HandshakeForDeflation) done
Event: 15881.370 Executing non-safepoint VM operation: RendezvousGCThreads
Event: 15881.370 Executing non-safepoint VM operation: RendezvousGCThreads done
Event: 15941.546 Executing non-safepoint VM operation: HandshakeAllThreads (HandshakeForDeflation)
Event: 15941.546 Executing non-safepoint VM operation: HandshakeAllThreads (HandshakeForDeflation) done
Event: 15941.546 Executing non-safepoint VM operation: RendezvousGCThreads
Event: 15941.546 Executing non-safepoint VM operation: RendezvousGCThreads done

Memory protections (0 events):
No events

Nmethod flushes (20 events):
Event: 12336.347 Thread 0x0000020edcf623e0 flushing  nmethod 0x0000020ecb884e90
Event: 12336.347 Thread 0x0000020edcf623e0 flushing  nmethod 0x0000020ecb885590
Event: 12336.347 Thread 0x0000020edcf623e0 flushing  nmethod 0x0000020ecb885d10
Event: 12336.347 Thread 0x0000020edcf623e0 flushing  nmethod 0x0000020ecb887f10
Event: 12336.347 Thread 0x0000020edcf623e0 flushing  nmethod 0x0000020ecb88e910
Event: 12336.347 Thread 0x0000020edcf623e0 flushing  nmethod 0x0000020ecb892b90
Event: 12336.347 Thread 0x0000020edcf623e0 flushing  nmethod 0x0000020ecb893a90
Event: 12336.347 Thread 0x0000020edcf623e0 flushing  nmethod 0x0000020ecb894e90
Event: 12336.347 Thread 0x0000020edcf623e0 flushing  nmethod 0x0000020ecb895910
Event: 12336.347 Thread 0x0000020edcf623e0 flushing  nmethod 0x0000020ecb89c790
Event: 12336.347 Thread 0x0000020edcf623e0 flushing  nmethod 0x0000020ecb89cb90
Event: 12336.347 Thread 0x0000020edcf623e0 flushing  nmethod 0x0000020ecb89de90
Event: 12336.347 Thread 0x0000020edcf623e0 flushing  nmethod 0x0000020ecb8a1010
Event: 12336.347 Thread 0x0000020edcf623e0 flushing  nmethod 0x0000020ecb8a2690
Event: 12336.347 Thread 0x0000020edcf623e0 flushing  nmethod 0x0000020ecb8ab710
Event: 12336.347 Thread 0x0000020edcf623e0 flushing  nmethod 0x0000020ecb8c1a90
Event: 12336.347 Thread 0x0000020edcf623e0 flushing  nmethod 0x0000020ecb8c9a90
Event: 12336.347 Thread 0x0000020edcf623e0 flushing  nmethod 0x0000020ecb8ddc10
Event: 12336.347 Thread 0x0000020edcf623e0 flushing  nmethod 0x0000020ecb973410
Event: 12336.347 Thread 0x0000020edcf623e0 flushing  nmethod 0x0000020ecb9a3590

Events (20 events):
Event: 15196.267 Thread 0x0000020edf9c7770 Thread exited: 0x0000020edf9c7770
Event: 15196.271 Thread 0x0000020ef0f505e0 Thread added: 0x0000020edf9c7770
Event: 15196.272 Thread 0x0000020edf9c7770 Thread added: 0x0000020edf5d0980
Event: 15196.272 Thread 0x0000020edf9c7770 Thread added: 0x0000020edf5d16a0
Event: 15196.272 Thread 0x0000020edf5d16a0 Thread exited: 0x0000020edf5d16a0
Event: 15196.272 Thread 0x0000020edf9c7770 Thread exited: 0x0000020edf9c7770
Event: 15196.272 Thread 0x0000020edf5d0980 Thread exited: 0x0000020edf5d0980
Event: 15196.417 Thread 0x0000020ef0f52d40 Thread exited: 0x0000020ef0f52d40
Event: 15196.417 Thread 0x0000020ef0f51300 Thread exited: 0x0000020ef0f51300
Event: 15196.418 Thread 0x0000020edf3239b0 Thread exited: 0x0000020edf3239b0
Event: 15196.418 Thread 0x0000020ef0f4f230 Thread exited: 0x0000020ef0f4f230
Event: 15196.419 Thread 0x0000020ef0f51990 Thread exited: 0x0000020ef0f51990
Event: 15196.419 Thread 0x0000020ef0f50c70 Thread exited: 0x0000020ef0f50c70
Event: 15196.419 Thread 0x0000020ef0f4eba0 Thread exited: 0x0000020ef0f4eba0
Event: 15196.420 Thread 0x0000020ef0f526b0 Thread exited: 0x0000020ef0f526b0
Event: 15223.690 Thread 0x0000020ee6754350 Thread exited: 0x0000020ee6754350
Event: 15225.458 Thread 0x0000020edf9c5d30 Thread exited: 0x0000020edf9c5d30
Event: 15250.011 Thread 0x0000020edf5d1010 Thread exited: 0x0000020edf5d1010
Event: 15256.431 Thread 0x0000020ee6753cc0 Thread exited: 0x0000020ee6753cc0
Event: 15463.470 Thread 0x0000020edf329c20 Thread exited: 0x0000020edf329c20


Dynamic libraries:
0x00007ff6aa6d0000 - 0x00007ff6aa6de000 	c:\Users\DELL\.antigravity\extensions\redhat.java-1.54.0-win32-x64\jre\21.0.10-win32-x86_64\bin\java.exe
0x00007ff9d52e0000 - 0x00007ff9d5547000 	C:\WINDOWS\SYSTEM32\ntdll.dll
0x00007ff9d46b0000 - 0x00007ff9d4779000 	C:\WINDOWS\System32\KERNEL32.DLL
0x00007ff9d1d10000 - 0x00007ff9d2107000 	C:\WINDOWS\System32\KERNELBASE.dll
0x00007ff9d2500000 - 0x00007ff9d264b000 	C:\WINDOWS\System32\ucrtbase.dll
0x00007ff9a1fa0000 - 0x00007ff9a1fb8000 	c:\Users\DELL\.antigravity\extensions\redhat.java-1.54.0-win32-x64\jre\21.0.10-win32-x86_64\bin\jli.dll
0x00007ff9d3e80000 - 0x00007ff9d4046000 	C:\WINDOWS\System32\USER32.dll
0x00007ff9d3030000 - 0x00007ff9d3057000 	C:\WINDOWS\System32\win32u.dll
0x00007ff9af1b0000 - 0x00007ff9af1ce000 	c:\Users\DELL\.antigravity\extensions\redhat.java-1.54.0-win32-x64\jre\21.0.10-win32-x86_64\bin\VCRUNTIME140.dll
0x00007ff9d50d0000 - 0x00007ff9d50fb000 	C:\WINDOWS\System32\GDI32.dll
0x00007ff9d23d0000 - 0x00007ff9d24fc000 	C:\WINDOWS\System32\gdi32full.dll
0x00007ff9b9a90000 - 0x00007ff9b9d22000 	C:\WINDOWS\WinSxS\amd64_microsoft.windows.common-controls_6595b64144ccf1df_6.0.26100.8457_none_3e0b2faee331e92d\COMCTL32.dll
0x00007ff9d2110000 - 0x00007ff9d21b3000 	C:\WINDOWS\System32\msvcp_win.dll
0x00007ff9d45f0000 - 0x00007ff9d4699000 	C:\WINDOWS\System32\msvcrt.dll
0x00007ff9d4c20000 - 0x00007ff9d4c52000 	C:\WINDOWS\System32\IMM32.DLL
0x00007ff9bfff0000 - 0x00007ff9bfffc000 	c:\Users\DELL\.antigravity\extensions\redhat.java-1.54.0-win32-x64\jre\21.0.10-win32-x86_64\bin\vcruntime140_1.dll
0x00007ff9614a0000 - 0x00007ff96152d000 	c:\Users\DELL\.antigravity\extensions\redhat.java-1.54.0-win32-x64\jre\21.0.10-win32-x86_64\bin\msvcp140.dll
0x00007ff95e9d0000 - 0x00007ff95f771000 	c:\Users\DELL\.antigravity\extensions\redhat.java-1.54.0-win32-x64\jre\21.0.10-win32-x86_64\bin\server\jvm.dll
0x00007ff9d4d40000 - 0x00007ff9d4df6000 	C:\WINDOWS\System32\ADVAPI32.dll
0x00007ff9d43e0000 - 0x00007ff9d4487000 	C:\WINDOWS\System32\sechost.dll
0x00007ff9d4fb0000 - 0x00007ff9d50c8000 	C:\WINDOWS\System32\RPCRT4.dll
0x00007ff9d4e10000 - 0x00007ff9d4e90000 	C:\WINDOWS\System32\WS2_32.dll
0x00007ff9d1b90000 - 0x00007ff9d1bee000 	C:\WINDOWS\SYSTEM32\POWRPROF.dll
0x00007ff9ccd80000 - 0x00007ff9ccdb6000 	C:\WINDOWS\SYSTEM32\WINMM.dll
0x00007ff9baeb0000 - 0x00007ff9baebb000 	C:\WINDOWS\SYSTEM32\VERSION.dll
0x00007ff9d1b70000 - 0x00007ff9d1b84000 	C:\WINDOWS\SYSTEM32\UMPDC.dll
0x00007ff9d0a00000 - 0x00007ff9d0a1b000 	C:\WINDOWS\SYSTEM32\kernel.appcore.dll
0x00007ff9bffc0000 - 0x00007ff9bffca000 	c:\Users\DELL\.antigravity\extensions\redhat.java-1.54.0-win32-x64\jre\21.0.10-win32-x86_64\bin\jimage.dll
0x00007ff9cfaf0000 - 0x00007ff9cfd32000 	C:\WINDOWS\SYSTEM32\DBGHELP.DLL
0x00007ff9d4050000 - 0x00007ff9d43d3000 	C:\WINDOWS\System32\combase.dll
0x00007ff9d4960000 - 0x00007ff9d4a39000 	C:\WINDOWS\System32\OLEAUT32.dll
0x00007ff9b5d60000 - 0x00007ff9b5d9b000 	C:\WINDOWS\SYSTEM32\dbgcore.DLL
0x00007ff9d2650000 - 0x00007ff9d26f8000 	C:\WINDOWS\System32\bcryptPrimitives.dll
0x00007ff9bc920000 - 0x00007ff9bc92f000 	c:\Users\DELL\.antigravity\extensions\redhat.java-1.54.0-win32-x64\jre\21.0.10-win32-x86_64\bin\instrument.dll
0x00007ff9a1ba0000 - 0x00007ff9a1bc0000 	c:\Users\DELL\.antigravity\extensions\redhat.java-1.54.0-win32-x64\jre\21.0.10-win32-x86_64\bin\java.dll
0x00007ff9d3570000 - 0x00007ff9d3cde000 	C:\WINDOWS\System32\SHELL32.dll
0x00007ff9d2700000 - 0x00007ff9d2f6c000 	C:\WINDOWS\System32\windows.storage.dll
0x00007ff9d4eb0000 - 0x00007ff9d4fa6000 	C:\WINDOWS\System32\SHCORE.dll
0x00007ff9d4cb0000 - 0x00007ff9d4d16000 	C:\WINDOWS\System32\shlwapi.dll
0x00007ff9d1c30000 - 0x00007ff9d1c59000 	C:\WINDOWS\SYSTEM32\profapi.dll
0x00007ff9963b0000 - 0x00007ff9963c8000 	c:\Users\DELL\.antigravity\extensions\redhat.java-1.54.0-win32-x64\jre\21.0.10-win32-x86_64\bin\zip.dll
0x00007ff9bf990000 - 0x00007ff9bf9a0000 	C:\Users\DELL\.antigravity\extensions\redhat.java-1.54.0-win32-x64\jre\21.0.10-win32-x86_64\bin\net.dll
0x00007ff9c8a60000 - 0x00007ff9c8b89000 	C:\WINDOWS\SYSTEM32\WINHTTP.dll
0x00007ff9d1010000 - 0x00007ff9d107c000 	C:\WINDOWS\system32\mswsock.dll
0x00007ff990e00000 - 0x00007ff990e16000 	C:\Users\DELL\.antigravity\extensions\redhat.java-1.54.0-win32-x64\jre\21.0.10-win32-x86_64\bin\nio.dll
0x00007ff994f50000 - 0x00007ff994f60000 	c:\Users\DELL\.antigravity\extensions\redhat.java-1.54.0-win32-x64\jre\21.0.10-win32-x86_64\bin\verify.dll
0x00007ff9660d0000 - 0x00007ff966115000 	C:\Users\DELL\AppData\Roaming\Antigravity\User\globalStorage\redhat.java\1.54.0\config_win\org.eclipse.equinox.launcher\org.eclipse.equinox.launcher.win32.win32.x86_64_1.3.0.v20260203-2149\eclipse_11919.dll
0x00007ff9d5100000 - 0x00007ff9d5297000 	C:\WINDOWS\System32\ole32.dll
0x00007ff9d12f0000 - 0x00007ff9d130b000 	C:\WINDOWS\SYSTEM32\CRYPTSP.dll
0x00007ff9d0a20000 - 0x00007ff9d0a59000 	C:\WINDOWS\system32\rsaenh.dll
0x00007ff9d10c0000 - 0x00007ff9d10f3000 	C:\WINDOWS\SYSTEM32\USERENV.dll
0x00007ff9d1c00000 - 0x00007ff9d1c2a000 	C:\WINDOWS\SYSTEM32\bcrypt.dll
0x00007ff9d1310000 - 0x00007ff9d131c000 	C:\WINDOWS\SYSTEM32\CRYPTBASE.dll
0x00007ff9d04b0000 - 0x00007ff9d04e2000 	C:\WINDOWS\SYSTEM32\IPHLPAPI.DLL
0x00007ff9d46a0000 - 0x00007ff9d46aa000 	C:\WINDOWS\System32\NSI.dll
0x00007ff95c4c0000 - 0x00007ff95c509000 	C:\Users\DELL\AppData\Local\Temp\jna-2094529\jna14921253632592343327.dll
0x00007ff9d4ea0000 - 0x00007ff9d4ea8000 	C:\WINDOWS\System32\PSAPI.DLL
0x00007ff9c8c40000 - 0x00007ff9c8c5d000 	C:\WINDOWS\SYSTEM32\dhcpcsvc6.DLL
0x00007ff9c8c10000 - 0x00007ff9c8c35000 	C:\WINDOWS\SYSTEM32\dhcpcsvc.DLL
0x00007ff959150000 - 0x00007ff959177000 	C:\Users\DELL\.gradle\native\660c5614fbf4a5f2a75b1949f50a0caf5cd603558e7d8a26e50b933a0cfb79d1\windows-amd64\native-platform.dll
0x00007ff9be3a0000 - 0x00007ff9be3aa000 	C:\Users\DELL\.antigravity\extensions\redhat.java-1.54.0-win32-x64\jre\21.0.10-win32-x86_64\bin\management.dll
0x00007ff95aad0000 - 0x00007ff95aadc000 	C:\Users\DELL\.antigravity\extensions\redhat.java-1.54.0-win32-x64\jre\21.0.10-win32-x86_64\bin\management_ext.dll
0x00007ff98e220000 - 0x00007ff98e229000 	C:\Users\DELL\.antigravity\extensions\redhat.java-1.54.0-win32-x64\jre\21.0.10-win32-x86_64\bin\extnet.dll
0x00007ff98ec30000 - 0x00007ff98ec3e000 	C:\Users\DELL\.antigravity\extensions\redhat.java-1.54.0-win32-x64\jre\21.0.10-win32-x86_64\bin\sunmscapi.dll
0x00007ff9d21c0000 - 0x00007ff9d2338000 	C:\WINDOWS\System32\CRYPT32.dll
0x00007ff9d1510000 - 0x00007ff9d1540000 	C:\WINDOWS\SYSTEM32\ncrypt.dll
0x00007ff9d14c0000 - 0x00007ff9d14ff000 	C:\WINDOWS\SYSTEM32\NTASN1.dll
0x00007ff99fa90000 - 0x00007ff99fa98000 	C:\WINDOWS\system32\wshunix.dll
0x00007ff993470000 - 0x00007ff993497000 	C:\Users\DELL\.gradle\native\660c5614fbf4a5f2a75b1949f50a0caf5cd603558e7d8a26e50b933a0cfb79d1\windows-amd64-min\native-platform.dll

JVMTI agents:
c:\Users\DELL\.antigravity\extensions\redhat.java-1.54.0-win32-x64\lombok\lombok-1.18.39-4050.jar path:c:\Users\DELL\.antigravity\extensions\redhat.java-1.54.0-win32-x64\jre\21.0.10-win32-x86_64\bin\instrument.dll, loaded, initialized, instrumentlib options:none

dbghelp: loaded successfully - version: 4.0.5 - missing functions: none
symbol engine: initialized successfully - sym options: 0x614 - pdb path: .;c:\Users\DELL\.antigravity\extensions\redhat.java-1.54.0-win32-x64\jre\21.0.10-win32-x86_64\bin;C:\WINDOWS\SYSTEM32;C:\WINDOWS\WinSxS\amd64_microsoft.windows.common-controls_6595b64144ccf1df_6.0.26100.8457_none_3e0b2faee331e92d;c:\Users\DELL\.antigravity\extensions\redhat.java-1.54.0-win32-x64\jre\21.0.10-win32-x86_64\bin\server;C:\Users\DELL\AppData\Roaming\Antigravity\User\globalStorage\redhat.java\1.54.0\config_win\org.eclipse.equinox.launcher\org.eclipse.equinox.launcher.win32.win32.x86_64_1.3.0.v20260203-2149;C:\Users\DELL\AppData\Local\Temp\jna-2094529;C:\Users\DELL\.gradle\native\660c5614fbf4a5f2a75b1949f50a0caf5cd603558e7d8a26e50b933a0cfb79d1\windows-amd64;C:\Users\DELL\.gradle\native\660c5614fbf4a5f2a75b1949f50a0caf5cd603558e7d8a26e50b933a0cfb79d1\windows-amd64-min

VM Arguments:
jvm_args: --add-modules=ALL-SYSTEM --add-opens=java.base/java.util=ALL-UNNAMED --add-opens=java.base/java.lang=ALL-UNNAMED --add-opens=java.base/sun.nio.fs=ALL-UNNAMED -Declipse.application=org.eclipse.jdt.ls.core.id1 -Dosgi.bundles.defaultStartLevel=4 -Declipse.product=org.eclipse.jdt.ls.core.product -Djava.import.generatesMetadataFilesAtProjectRoot=false -DDetectVMInstallationsJob.disabled=true -Dfile.encoding=utf8 -XX:+UseParallelGC -XX:GCTimeRatio=4 -XX:AdaptiveSizePolicyWeight=90 -Dsun.zip.disableMemoryMapping=true -Xmx2G -Xms100m -Xlog:disable -javaagent:c:\Users\DELL\.antigravity\extensions\redhat.java-1.54.0-win32-x64\lombok\lombok-1.18.39-4050.jar -XX:+HeapDumpOnOutOfMemoryError -XX:HeapDumpPath=c:\Users\DELL\AppData\Roaming\Antigravity\User\workspaceStorage\c76b58d2129dea57c08b9b67006052ab\redhat.java -Daether.dependencyCollector.impl=bf 
java_command: c:\Users\DELL\.antigravity\extensions\redhat.java-1.54.0-win32-x64\server\plugins\org.eclipse.equinox.launcher_1.7.100.v20251111-0406.jar -configuration c:\Users\DELL\AppData\Roaming\Antigravity\User\globalStorage\redhat.java\1.54.0\config_win -data c:\Users\DELL\AppData\Roaming\Antigravity\User\workspaceStorage\c76b58d2129dea57c08b9b67006052ab\redhat.java\jdt_ws --pipe=\\.\pipe\lsp-19710ea9424c53c5cb33ecba8e8ce79b-sock
java_class_path (initial): c:\Users\DELL\.antigravity\extensions\redhat.java-1.54.0-win32-x64\server\plugins\org.eclipse.equinox.launcher_1.7.100.v20251111-0406.jar
Launcher Type: SUN_STANDARD

[Global flags]
    uintx AdaptiveSizePolicyWeight                 = 90                                        {product} {command line}
     intx CICompilerCount                          = 4                                         {product} {ergonomic}
    uintx GCTimeRatio                              = 4                                         {product} {command line}
     bool HeapDumpOnOutOfMemoryError               = true                                   {manageable} {command line}
    ccstr HeapDumpPath                             = c:\Users\DELL\AppData\Roaming\Antigravity\User\workspaceStorage\c76b58d2129dea57c08b9b67006052ab\redhat.java         {manageable} {command line}
   size_t InitialHeapSize                          = 104857600                                 {product} {command line}
   size_t MaxHeapSize                              = 2147483648                                {product} {command line}
   size_t MaxNewSize                               = 715653120                                 {product} {ergonomic}
   size_t MinHeapDeltaBytes                        = 524288                                    {product} {ergonomic}
   size_t MinHeapSize                              = 104857600                                 {product} {command line}
   size_t NewSize                                  = 34603008                                  {product} {ergonomic}
    uintx NonNMethodCodeHeapSize                   = 5839372                                {pd product} {ergonomic}
    uintx NonProfiledCodeHeapSize                  = 122909434                              {pd product} {ergonomic}
   size_t OldSize                                  = 70254592                                  {product} {ergonomic}
    uintx ProfiledCodeHeapSize                     = 122909434                              {pd product} {ergonomic}
    uintx ReservedCodeCacheSize                    = 251658240                              {pd product} {ergonomic}
     bool SegmentedCodeCache                       = true                                      {product} {ergonomic}
   size_t SoftMaxHeapSize                          = 2147483648                             {manageable} {ergonomic}
     bool UseCompressedOops                        = true                           {product lp64_product} {ergonomic}
     bool UseLargePagesIndividualAllocation        = false                                  {pd product} {ergonomic}
     bool UseParallelGC                            = true                                      {product} {command line}

Logging:
Log output configuration:
 #0: stdout all=off uptime,level,tags foldmultilines=false
 #1: stderr all=off uptime,level,tags foldmultilines=false

Release file:
JAVA_VERSION="21.0.10" 
MODULES="java.base java.compiler java.datatransfer java.xml java.prefs java.desktop java.instrument java.logging java.management java.security.sasl java.naming java.rmi java.management.rmi java.net.http java.scripting java.security.jgss java.transaction.xa java.sql java.sql.rowset java.xml.crypto java.se java.smartcardio jdk.accessibility jdk.internal.jvmstat jdk.attach jdk.charsets jdk.internal.opt jdk.zipfs jdk.compiler jdk.crypto.ec jdk.crypto.cryptoki jdk.crypto.mscapi jdk.dynalink jdk.internal.ed jdk.editpad jdk.hotspot.agent jdk.httpserver jdk.internal.le jdk.internal.vm.ci jdk.internal.vm.compiler jdk.internal.vm.compiler.management jdk.jartool jdk.javadoc jdk.jcmd jdk.management jdk.management.agent jdk.jconsole jdk.jdeps jdk.jdwp.agent jdk.jdi jdk.jfr jdk.jshell jdk.jsobject jdk.jstatd jdk.localedata jdk.management.jfr jdk.naming.dns jdk.naming.rmi jdk.net jdk.nio.mapmode jdk.random jdk.sctp jdk.security.auth jdk.security.jgss jdk.unsupported jdk.unsupported.desktop jdk.xml.dom" 

Environment Variables:
JAVA_HOME=C:\Program Files\Microsoft\jdk-21.0.11.10-hotspot\
PATH=C:\Program Files\Microsoft\jdk-21.0.11.10-hotspot\bin;C:\Program Files (x86)\Common Files\Oracle\Java\java8path;C:\Program Files (x86)\Common Files\Oracle\Java\javapath;C:\Program Files\Microsoft MPI\Bin\;C:\WINDOWS\system32;C:\WINDOWS;C:\WINDOWS\System32\Wbem;C:\WINDOWS\System32\WindowsPowerShell\v1.0\;C:\WINDOWS\System32\OpenSSH\;C:\Program Files\dotnet\;C:\msys64\ucrt64\bin;C:\Program Files (x86)\Windows Kits\10\Windows Performance Toolkit\;C:\Program Files (x86)\Microsoft SQL Server\160\Tools\Binn\;C:\Program Files\Microsoft SQL Server\160\Tools\Binn\;C:\Program Files\Microsoft SQL Server\Client SDK\ODBC\170\Tools\Binn\;C:\Program Files\Microsoft SQL Server\160\DTS\Binn\;C:\Program Files (x86)\Microsoft SQL Server\160\DTS\Binn\;C:\Program Files\Microsoft SQL Server\170\DTS\Binn\;C:\Program Files\Git\cmd;C:\WINDOWS\system32\config\systemprofile\AppData\Local\Muse Hub\lib;C:\Program Files\PuTTY\;C:\Program Files\nodejs\;C:\Program Files\Void\bin;C:\Program Files\Docker\Docker\resources\bin;C:\Program Files\MySQL\MySQL Shell 8.0\bin\;C:\Users\DELL\AppData\Local\Programs\Python\Python310\Scripts\;C:\Users\DELL\AppData\Local\Programs\Python\Python310\;C:\Users\DELL\AppData\Local\Microsoft\WindowsApps;C:\Users\DELL\.dotnet\tools;C:\Users\DELL\AppData\Local\Programs\Microsoft VS Code\bin;C:\Users\DELL\AppData\Local\Pandoc\;C:\Users\DELL\AppData\Roaming\npm;C:\Program Files\MySQL\MySQL Server 8.0\bin;C:\Users\DELL\AppData\Local\Programs\cursor\resources\app\bin;C:\Users\DELL\AppData\Local\Programs\Antigravity\bin;C:\Users\DELL\AppData\Local\Microsoft\WindowsApps;C:\Program Files\Microsoft\jdk-21.0.11.10-hotspot\\bin;
USERNAME=DELL
OS=Windows_NT
PROCESSOR_IDENTIFIER=Intel64 Family 6 Model 154 Stepping 4, GenuineIntel
TMP=C:\Users\DELL\AppData\Local\Temp
TEMP=C:\Users\DELL\AppData\Local\Temp




Periodic native trim disabled

---------------  S Y S T E M  ---------------

OS:
 Windows 11 , 64 bit Build 26100 (10.0.26100.8328)
OS uptime: 0 days 4:33 hours

CPU: total 12 (initial active 12) (12 cores per cpu, 1 threads per core) family 6 model 154 stepping 4 microcode 0x43b, cx8, cmov, fxsr, mmx, 3dnowpref, sse, sse2, sse3, ssse3, sse4.1, sse4.2, popcnt, lzcnt, tsc, tscinvbit, avx, avx2, aes, erms, clmul, bmi1, bmi2, adx, sha, fma, vzeroupper, clflush, clflushopt, clwb, serialize, rdtscp, rdpid, fsrm, f16c, pku, cet_ibt, cet_ss
Processor Information for the first 12 processors :
  Max Mhz: 1300, Current Mhz: 1300, Mhz Limit: 1300

Memory: 4k page, system-wide physical 16068M (2045M free)
TotalPageFile size 31428M (AvailPageFile size 8M)
current process WorkingSet (physical memory assigned to process): 14M, peak: 708M
current process commit charge ("private bytes"): 1110M, peak: 1114M

vm_info: OpenJDK 64-Bit Server VM (21.0.10+7-LTS) for windows-amd64 JRE (21.0.10+7-LTS), built on 2026-01-20T00:00:00Z by "admin" with MS VC++ 17.12 (VS2022)

END.
