#
# There is insufficient memory for the Java Runtime Environment to continue.
# Native memory allocation (malloc) failed to allocate 1085776 bytes. Error detail: Chunk::new
# Possible reasons:
#   The system is out of physical RAM or swap space
#   This process is running with CompressedOops enabled, and the Java Heap may be blocking the growth of the native heap
# Possible solutions:
#   Reduce memory load on the system
#   Increase physical memory or swap space
#   Check if swap backing store is full
#   Decrease Java heap size (-Xmx/-Xms)
#   Decrease number of Java threads
#   Decrease Java thread stack sizes (-Xss)
#   Set larger code cache with -XX:ReservedCodeCacheSize=
#   JVM is running with Unscaled Compressed Oops mode in which the Java heap is
#     placed in the first 4GB address space. The Java Heap base address is the
#     maximum limit for the native heap growth. Please use -XX:HeapBaseMinAddress
#     to set the Java Heap base and to place the Java Heap above 4GB virtual address.
# This output file may be truncated or incomplete.
#
#  Out of Memory Error (arena.cpp:168), pid=48448, tid=42472
#
# JRE version: OpenJDK Runtime Environment Temurin-21.0.10+7 (21.0.10+7) (build 21.0.10+7-LTS)
# Java VM: OpenJDK 64-Bit Server VM Temurin-21.0.10+7 (21.0.10+7-LTS, mixed mode, sharing, tiered, compressed oops, compressed class ptrs, parallel gc, windows-amd64)
# No core dump will be written. Minidumps are not enabled by default on client versions of Windows
#

---------------  S U M M A R Y ------------

Command Line: --add-modules=ALL-SYSTEM --add-opens=java.base/java.util=ALL-UNNAMED --add-opens=java.base/java.lang=ALL-UNNAMED --add-opens=java.base/sun.nio.fs=ALL-UNNAMED -Declipse.application=org.eclipse.jdt.ls.core.id1 -Dosgi.bundles.defaultStartLevel=4 -Declipse.product=org.eclipse.jdt.ls.core.product -Djava.import.generatesMetadataFilesAtProjectRoot=false -DDetectVMInstallationsJob.disabled=true -Dfile.encoding=utf8 -XX:+UseParallelGC -XX:GCTimeRatio=4 -XX:AdaptiveSizePolicyWeight=90 -Dsun.zip.disableMemoryMapping=true -Xmx2G -Xms100m -Xlog:disable -javaagent:c:\Users\DELL\.antigravity\extensions\redhat.java-1.54.0-win32-x64\lombok\lombok-1.18.39-4050.jar -XX:+HeapDumpOnOutOfMemoryError -XX:HeapDumpPath=c:\Users\DELL\AppData\Roaming\Antigravity\User\workspaceStorage\c76b58d2129dea57c08b9b67006052ab\redhat.java -Daether.dependencyCollector.impl=bf c:\Users\DELL\.antigravity\extensions\redhat.java-1.54.0-win32-x64\server\plugins\org.eclipse.equinox.launcher_1.7.100.v20251111-0406.jar -configuration c:\Users\DELL\AppData\Roaming\Antigravity\User\globalStorage\redhat.java\1.54.0\config_win -data c:\Users\DELL\AppData\Roaming\Antigravity\User\workspaceStorage\c76b58d2129dea57c08b9b67006052ab\redhat.java\jdt_ws --pipe=\\.\pipe\lsp-6e3d289ad6bd766ed284892d518c3f3e-sock

Host: 12th Gen Intel(R) Core(TM) i5-1235U, 12 cores, 15G,  Windows 11 , 64 bit Build 26100 (10.0.26100.8328)
Time: Fri May 15 20:43:37 2026 SE Asia Standard Time elapsed time: 75.506234 seconds (0d 0h 1m 15s)

---------------  T H R E A D  ---------------

Current thread (0x000002616635d4d0):  JavaThread "C2 CompilerThread1" daemon [_thread_in_native, id=42472, stack(0x000000bdd0800000,0x000000bdd0900000) (1024K)]


Current CompileTask:
C2:75506 11929       4       java.lang.reflect.Field::get (39 bytes)

Stack: [0x000000bdd0800000,0x000000bdd0900000]
Native frames: (J=compiled Java code, j=interpreted, Vv=VM code, C=native code)
V  [jvm.dll+0x6d7a39]
V  [jvm.dll+0x8b4b26]
V  [jvm.dll+0x8b70de]
V  [jvm.dll+0x8b77c3]
V  [jvm.dll+0x284346]
V  [jvm.dll+0xc66ed]
V  [jvm.dll+0xc6c31]
V  [jvm.dll+0x3bec01]
V  [jvm.dll+0x38b162]
V  [jvm.dll+0x38a5aa]
V  [jvm.dll+0x24c560]
V  [jvm.dll+0x24bb40]
V  [jvm.dll+0x1cb34e]
V  [jvm.dll+0x25b85d]
V  [jvm.dll+0x259dea]
V  [jvm.dll+0x3f857e]
V  [jvm.dll+0x85f59d]
V  [jvm.dll+0x6d626d]
C  [ucrtbase.dll+0x37b0]
C  [KERNEL32.DLL+0x2e957]
C  [ntdll.dll+0x427c]


---------------  P R O C E S S  ---------------

Threads class SMR info:
_java_thread_list=0x000002617146e710, length=87, elements={
0x000002610550ec60, 0x00000261054be460, 0x00000261055b2350, 0x00000261055b9b60,
0x00000261055bc870, 0x00000261055bb390, 0x00000261055bdd50, 0x00000261055c4160,
0x000002615e23c5d0, 0x000002615e4522e0, 0x000002615e58db90, 0x0000026164132450,
0x0000026164184f70, 0x000002615f332650, 0x000002615f9d74e0, 0x000002615f2c70d0,
0x000002616439e3e0, 0x000002615f5aa870, 0x000002615f5bb090, 0x000002615f5baa00,
0x000002615f5b7c10, 0x000002615f5b9650, 0x000002615f5b9ce0, 0x000002615f5b8fc0,
0x000002615f5ba370, 0x000002615f5b8930, 0x00000261663d34c0, 0x00000261663d27a0,
0x00000261663d3b50, 0x00000261663d5590, 0x00000261663d41e0, 0x00000261663d5c20,
0x00000261663d4870, 0x00000261663d2e30, 0x00000261663d6fd0, 0x00000261663d62b0,
0x00000261663d6940, 0x00000261663d7660, 0x00000261663d7cf0, 0x00000261663d8380,
0x00000261663d4f00, 0x00000261663d8a10, 0x00000261663d90a0, 0x00000261663d9730,
0x0000026165199c90, 0x000002616519c3f0, 0x000002616519ca80, 0x0000026165198f70,
0x000002616519de30, 0x0000026165c42370, 0x0000026165c43090, 0x0000026165c43db0,
0x0000026165c40930, 0x0000026165c40fc0, 0x0000026165c43720, 0x0000026165c44ad0,
0x0000026165c478c0, 0x0000026165c47f50, 0x0000026165c45160, 0x000002616635d4d0,
0x000002616635dba0, 0x0000026165c45e80, 0x0000026165c457f0, 0x0000026165c46510,
0x0000026165c46ba0, 0x0000026165c47230, 0x0000026165197530, 0x0000026167533840,
0x0000026167532490, 0x0000026167531770, 0x0000026167534bf0, 0x0000026167532b20,
0x00000261675331b0, 0x0000026167533ed0, 0x0000026167531e00, 0x0000026167536630,
0x0000026167534560, 0x0000026167537350, 0x0000026167535280, 0x0000026167538070,
0x0000026167535910, 0x0000026167535fa0, 0x00000261675379e0, 0x0000026167538d90,
0x0000026167536cc0, 0x0000026167538700, 0x00000261785bb880
}

Java Threads: ( => current thread )
  0x000002610550ec60 JavaThread "main"                              [_thread_blocked, id=12604, stack(0x000000bdd0900000,0x000000bdd0a00000) (1024K)]
  0x00000261054be460 JavaThread "Reference Handler"          daemon [_thread_blocked, id=22484, stack(0x000000bdd0d00000,0x000000bdd0e00000) (1024K)]
  0x00000261055b2350 JavaThread "Finalizer"                  daemon [_thread_blocked, id=22520, stack(0x000000bdd0e00000,0x000000bdd0f00000) (1024K)]
  0x00000261055b9b60 JavaThread "Signal Dispatcher"          daemon [_thread_blocked, id=22524, stack(0x000000bdd0f00000,0x000000bdd1000000) (1024K)]
  0x00000261055bc870 JavaThread "Attach Listener"            daemon [_thread_blocked, id=12932, stack(0x000000bdd1000000,0x000000bdd1100000) (1024K)]
  0x00000261055bb390 JavaThread "Service Thread"             daemon [_thread_blocked, id=29112, stack(0x000000bdd1100000,0x000000bdd1200000) (1024K)]
  0x00000261055bdd50 JavaThread "Monitor Deflation Thread"   daemon [_thread_blocked, id=45548, stack(0x000000bdd1200000,0x000000bdd1300000) (1024K)]
  0x00000261055c4160 JavaThread "C2 CompilerThread0"         daemon [_thread_in_native, id=12516, stack(0x000000bdd1300000,0x000000bdd1400000) (1024K)]
  0x000002615e23c5d0 JavaThread "C1 CompilerThread0"         daemon [_thread_in_native, id=47748, stack(0x000000bdd1400000,0x000000bdd1500000) (1024K)]
  0x000002615e4522e0 JavaThread "Common-Cleaner"             daemon [_thread_blocked, id=46296, stack(0x000000bdd1600000,0x000000bdd1700000) (1024K)]
  0x000002615e58db90 JavaThread "Notification Thread"        daemon [_thread_blocked, id=49168, stack(0x000000bdd1700000,0x000000bdd1800000) (1024K)]
  0x0000026164132450 JavaThread "Active Thread: Equinox Container: aae4fe4b-f0b3-4a3f-9a63-0d3f0ac1bc4c"        [_thread_blocked, id=49396, stack(0x000000bdd1f00000,0x000000bdd2000000) (1024K)]
  0x0000026164184f70 JavaThread "Refresh Thread: Equinox Container: aae4fe4b-f0b3-4a3f-9a63-0d3f0ac1bc4c" daemon [_thread_blocked, id=50116, stack(0x000000bdd1800000,0x000000bdd1900000) (1024K)]
  0x000002615f332650 JavaThread "Framework Event Dispatcher: Equinox Container: aae4fe4b-f0b3-4a3f-9a63-0d3f0ac1bc4c" daemon [_thread_blocked, id=50124, stack(0x000000bdd2000000,0x000000bdd2100000) (1024K)]
  0x000002615f9d74e0 JavaThread "Start Level: Equinox Container: aae4fe4b-f0b3-4a3f-9a63-0d3f0ac1bc4c" daemon [_thread_blocked, id=50128, stack(0x000000bdd2100000,0x000000bdd2200000) (1024K)]
  0x000002615f2c70d0 JavaThread "Bundle File Closer"         daemon [_thread_blocked, id=49244, stack(0x000000bdd2500000,0x000000bdd2600000) (1024K)]
  0x000002616439e3e0 JavaThread "SCR Component Actor"        daemon [_thread_blocked, id=21256, stack(0x000000bdd2200000,0x000000bdd2300000) (1024K)]
  0x000002615f5aa870 JavaThread "Worker-JM"                         [_thread_blocked, id=49360, stack(0x000000bdd2700000,0x000000bdd2800000) (1024K)]
  0x000002615f5bb090 JavaThread "JNA Cleaner"                daemon [_thread_blocked, id=31408, stack(0x000000bdd2800000,0x000000bdd2900000) (1024K)]
  0x000002615f5baa00 JavaThread "Worker-0"                          [_thread_blocked, id=49572, stack(0x000000bdd2900000,0x000000bdd2a00000) (1024K)]
  0x000002615f5b7c10 JavaThread "Worker-1"                          [_thread_blocked, id=49568, stack(0x000000bdd2a00000,0x000000bdd2b00000) (1024K)]
  0x000002615f5b9650 JavaThread "Worker-2: Initialize workspace"        [_thread_blocked, id=49620, stack(0x000000bdd2b00000,0x000000bdd2c00000) (1024K)]
  0x000002615f5b9ce0 JavaThread "Worker-3: Publish Diagnostics"        [_thread_in_Java, id=49932, stack(0x000000bdd2d00000,0x000000bdd2e00000) (1024K)]
  0x000002615f5b8fc0 JavaThread "Java indexing"              daemon [_thread_blocked, id=49976, stack(0x000000bdd2e00000,0x000000bdd2f00000) (1024K)]
  0x000002615f5ba370 JavaThread "Worker-4: Building"                [_thread_in_Java, id=49980, stack(0x000000bdd2f00000,0x000000bdd3000000) (1024K)]
  0x000002615f5b8930 JavaThread "Worker-5"                          [_thread_blocked, id=48372, stack(0x000000bdd3200000,0x000000bdd3300000) (1024K)]
  0x00000261663d34c0 JavaThread "Worker-6"                          [_thread_blocked, id=49232, stack(0x000000bdd3300000,0x000000bdd3400000) (1024K)]
  0x00000261663d27a0 JavaThread "Worker-7"                          [_thread_blocked, id=22468, stack(0x000000bdd3400000,0x000000bdd3500000) (1024K)]
  0x00000261663d3b50 JavaThread "Thread-1"                   daemon [_thread_in_native, id=49272, stack(0x000000bdd3500000,0x000000bdd3600000) (1024K)]
  0x00000261663d5590 JavaThread "Thread-2"                   daemon [_thread_in_native, id=49300, stack(0x000000bdd3600000,0x000000bdd3700000) (1024K)]
  0x00000261663d41e0 JavaThread "Thread-3"                   daemon [_thread_in_native, id=49264, stack(0x000000bdd3700000,0x000000bdd3800000) (1024K)]
  0x00000261663d5c20 JavaThread "Thread-4"                   daemon [_thread_in_native, id=49312, stack(0x000000bdd3800000,0x000000bdd3900000) (1024K)]
  0x00000261663d4870 JavaThread "Thread-5"                   daemon [_thread_in_native, id=49304, stack(0x000000bdd3900000,0x000000bdd3a00000) (1024K)]
  0x00000261663d2e30 JavaThread "Thread-6"                   daemon [_thread_in_native, id=49328, stack(0x000000bdd3a00000,0x000000bdd3b00000) (1024K)]
  0x00000261663d6fd0 JavaThread "Thread-7"                   daemon [_thread_in_native, id=49316, stack(0x000000bdd3b00000,0x000000bdd3c00000) (1024K)]
  0x00000261663d62b0 JavaThread "Thread-8"                   daemon [_thread_in_native, id=49324, stack(0x000000bdd3c00000,0x000000bdd3d00000) (1024K)]
  0x00000261663d6940 JavaThread "Thread-9"                   daemon [_thread_in_native, id=18472, stack(0x000000bdd3d00000,0x000000bdd3e00000) (1024K)]
  0x00000261663d7660 JavaThread "Thread-10"                  daemon [_thread_in_native, id=47512, stack(0x000000bdd3e00000,0x000000bdd3f00000) (1024K)]
  0x00000261663d7cf0 JavaThread "Thread-11"                  daemon [_thread_in_native, id=43104, stack(0x000000bdd3f00000,0x000000bdd4000000) (1024K)]
  0x00000261663d8380 JavaThread "Thread-12"                  daemon [_thread_in_native, id=47972, stack(0x000000bdd4000000,0x000000bdd4100000) (1024K)]
  0x00000261663d4f00 JavaThread "Thread-13"                  daemon [_thread_in_native, id=49364, stack(0x000000bdd4100000,0x000000bdd4200000) (1024K)]
  0x00000261663d8a10 JavaThread "pool-2-thread-1"                   [_thread_blocked, id=49184, stack(0x000000bdd4200000,0x000000bdd4300000) (1024K)]
  0x00000261663d90a0 JavaThread "WorkspaceEventsHandler"            [_thread_blocked, id=49632, stack(0x000000bdd4300000,0x000000bdd4400000) (1024K)]
  0x00000261663d9730 JavaThread "pool-1-thread-1"                   [_thread_blocked, id=49652, stack(0x000000bdd4400000,0x000000bdd4500000) (1024K)]
  0x0000026165199c90 JavaThread "Timer-0"                           [_thread_blocked, id=45348, stack(0x000000bdd2c00000,0x000000bdd2d00000) (1024K)]
  0x000002616519c3f0 JavaThread "Timer-1"                           [_thread_blocked, id=44744, stack(0x000000bdd4700000,0x000000bdd4800000) (1024K)]
  0x000002616519ca80 JavaThread "ForkJoinPool.commonPool-worker-1" daemon [_thread_in_vm, id=46072, stack(0x000000bdd4900000,0x000000bdd4a00000) (1024K)]
  0x0000026165198f70 JavaThread "Timer-2"                           [_thread_blocked, id=17384, stack(0x000000bdd4600000,0x000000bdd4700000) (1024K)]
  0x000002616519de30 JavaThread "Timer-3"                           [_thread_blocked, id=49052, stack(0x000000bdd4800000,0x000000bdd4900000) (1024K)]
  0x0000026165c42370 JavaThread "Timer-4"                           [_thread_blocked, id=49156, stack(0x000000bdd4a00000,0x000000bdd4b00000) (1024K)]
  0x0000026165c43090 JavaThread "Exec process"                      [_thread_blocked, id=48880, stack(0x000000bdd4b00000,0x000000bdd4c00000) (1024K)]
  0x0000026165c43db0 JavaThread "Exec process Thread 2"             [_thread_blocked, id=48876, stack(0x000000bdd4d00000,0x000000bdd4e00000) (1024K)]
  0x0000026165c40930 JavaThread "Exec process Thread 3"             [_thread_blocked, id=47056, stack(0x000000bdd4e00000,0x000000bdd4f00000) (1024K)]
  0x0000026165c40fc0 JavaThread "Timer-5"                           [_thread_blocked, id=11604, stack(0x000000bdd2600000,0x000000bdd2700000) (1024K)]
  0x0000026165c43720 JavaThread "Timer-6"                           [_thread_blocked, id=49048, stack(0x000000bdd4c00000,0x000000bdd4d00000) (1024K)]
  0x0000026165c44ad0 JavaThread "Timer-7"                           [_thread_blocked, id=13516, stack(0x000000bdd5000000,0x000000bdd5100000) (1024K)]
  0x0000026165c478c0 JavaThread "Exec process"                      [_thread_blocked, id=15400, stack(0x000000bdd5200000,0x000000bdd5300000) (1024K)]
  0x0000026165c47f50 JavaThread "Exec process Thread 2"             [_thread_blocked, id=42708, stack(0x000000bdd5300000,0x000000bdd5400000) (1024K)]
  0x0000026165c45160 JavaThread "Exec process Thread 3"             [_thread_blocked, id=47520, stack(0x000000bdd5400000,0x000000bdd5500000) (1024K)]
=>0x000002616635d4d0 JavaThread "C2 CompilerThread1"         daemon [_thread_in_native, id=42472, stack(0x000000bdd0800000,0x000000bdd0900000) (1024K)]
  0x000002616635dba0 JavaThread "C2 CompilerThread2"         daemon [_thread_in_native, id=49720, stack(0x000000bdd4500000,0x000000bdd4600000) (1024K)]
  0x0000026165c45e80 JavaThread "LocalFile Deleter"          daemon [_thread_blocked, id=44544, stack(0x000000bdd5100000,0x000000bdd5200000) (1024K)]
  0x0000026165c457f0 JavaThread "LocalFile Deleter"          daemon [_thread_blocked, id=43048, stack(0x000000bdd5500000,0x000000bdd5600000) (1024K)]
  0x0000026165c46510 JavaThread "LocalFile Deleter"          daemon [_thread_blocked, id=46232, stack(0x000000bdd5600000,0x000000bdd5700000) (1024K)]
  0x0000026165c46ba0 JavaThread "LocalFile Deleter"          daemon [_thread_blocked, id=19940, stack(0x000000bdd5700000,0x000000bdd5800000) (1024K)]
  0x0000026165c47230 JavaThread "LocalFile Deleter"          daemon [_thread_blocked, id=49388, stack(0x000000bdd5800000,0x000000bdd5900000) (1024K)]
  0x0000026165197530 JavaThread "LocalFile Deleter"          daemon [_thread_blocked, id=20828, stack(0x000000bdd5900000,0x000000bdd5a00000) (1024K)]
  0x0000026167533840 JavaThread "LocalFile Deleter"          daemon [_thread_blocked, id=49356, stack(0x000000bdd5a00000,0x000000bdd5b00000) (1024K)]
  0x0000026167532490 JavaThread "LocalFile Deleter"          daemon [_thread_blocked, id=46780, stack(0x000000bdd5b00000,0x000000bdd5c00000) (1024K)]
  0x0000026167531770 JavaThread "LocalFile Deleter"          daemon [_thread_blocked, id=11936, stack(0x000000bdd5c00000,0x000000bdd5d00000) (1024K)]
  0x0000026167534bf0 JavaThread "LocalFile Deleter"          daemon [_thread_blocked, id=22432, stack(0x000000bdd5d00000,0x000000bdd5e00000) (1024K)]
  0x0000026167532b20 JavaThread "LocalFile Deleter"          daemon [_thread_blocked, id=49188, stack(0x000000bdd5e00000,0x000000bdd5f00000) (1024K)]
  0x00000261675331b0 JavaThread "LocalFile Deleter"          daemon [_thread_blocked, id=32932, stack(0x000000bdd5f00000,0x000000bdd6000000) (1024K)]
  0x0000026167533ed0 JavaThread "Compiler Source File Reader" daemon [_thread_blocked, id=49084, stack(0x000000bdd6000000,0x000000bdd6100000) (1024K)]
  0x0000026167531e00 JavaThread "Compiler Source File Reader" daemon [_thread_blocked, id=49912, stack(0x000000bdd6100000,0x000000bdd6200000) (1024K)]
  0x0000026167536630 JavaThread "Compiler Source File Reader" daemon [_thread_blocked, id=14944, stack(0x000000bdd6200000,0x000000bdd6300000) (1024K)]
  0x0000026167534560 JavaThread "Compiler Source File Reader" daemon [_thread_blocked, id=31412, stack(0x000000bdd6300000,0x000000bdd6400000) (1024K)]
  0x0000026167537350 JavaThread "Compiler Source File Reader" daemon [_thread_blocked, id=49728, stack(0x000000bdd6400000,0x000000bdd6500000) (1024K)]
  0x0000026167535280 JavaThread "Compiler Source File Reader" daemon [_thread_in_native, id=35204, stack(0x000000bdd6500000,0x000000bdd6600000) (1024K)]
  0x0000026167538070 JavaThread "Compiler Source File Reader" daemon [_thread_blocked, id=17020, stack(0x000000bdd6600000,0x000000bdd6700000) (1024K)]
  0x0000026167535910 JavaThread "Compiler Source File Reader" daemon [_thread_blocked, id=11808, stack(0x000000bdd6700000,0x000000bdd6800000) (1024K)]
  0x0000026167535fa0 JavaThread "Compiler Source File Reader" daemon [_thread_blocked, id=46128, stack(0x000000bdd6800000,0x000000bdd6900000) (1024K)]
  0x00000261675379e0 JavaThread "Compiler Source File Reader" daemon [_thread_blocked, id=47396, stack(0x000000bdd6900000,0x000000bdd6a00000) (1024K)]
  0x0000026167538d90 JavaThread "ForkJoinPool.commonPool-worker-2" daemon [_thread_blocked, id=44540, stack(0x000000bdd6a00000,0x000000bdd6b00000) (1024K)]
  0x0000026167536cc0 JavaThread "ForkJoinPool.commonPool-worker-3" daemon [_thread_blocked, id=47516, stack(0x000000bdd6b00000,0x000000bdd6c00000) (1024K)]
  0x0000026167538700 JavaThread "ForkJoinPool.commonPool-worker-4" daemon [_thread_in_Java, id=49508, stack(0x000000bdd6c00000,0x000000bdd6d00000) (1024K)]
  0x00000261785bb880 JavaThread "ForkJoinPool.commonPool-worker-5" daemon [_thread_blocked, id=50080, stack(0x000000bdd6d00000,0x000000bdd6e00000) (1024K)]
Total: 87

Other Threads:
  0x00000261055b1a40 VMThread "VM Thread"                           [id=43764, stack(0x000000bdd0c00000,0x000000bdd0d00000) (1024K)]
  0x000002610539ca10 WatcherThread "VM Periodic Task Thread"        [id=22476, stack(0x000000bdd0b00000,0x000000bdd0c00000) (1024K)]
  0x000002610552e280 WorkerThread "GC Thread#0"                     [id=22472, stack(0x000000bdd0a00000,0x000000bdd0b00000) (1024K)]
  0x000002615f54a6d0 WorkerThread "GC Thread#1"                     [id=49268, stack(0x000000bdd1900000,0x000000bdd1a00000) (1024K)]
  0x000002615f54bcf0 WorkerThread "GC Thread#2"                     [id=49276, stack(0x000000bdd1a00000,0x000000bdd1b00000) (1024K)]
  0x000002615f54c0a0 WorkerThread "GC Thread#3"                     [id=49280, stack(0x000000bdd1b00000,0x000000bdd1c00000) (1024K)]
  0x000002615f54ae30 WorkerThread "GC Thread#4"                     [id=49284, stack(0x000000bdd1c00000,0x000000bdd1d00000) (1024K)]
  0x000002615f54aa80 WorkerThread "GC Thread#5"                     [id=49288, stack(0x000000bdd1d00000,0x000000bdd1e00000) (1024K)]
  0x000002615f54b1e0 WorkerThread "GC Thread#6"                     [id=49292, stack(0x000000bdd1e00000,0x000000bdd1f00000) (1024K)]
  0x0000026164189690 WorkerThread "GC Thread#7"                     [id=49584, stack(0x000000bdd1500000,0x000000bdd1600000) (1024K)]
  0x0000026164187cc0 WorkerThread "GC Thread#8"                     [id=49216, stack(0x000000bdd2300000,0x000000bdd2400000) (1024K)]
  0x0000026164187560 WorkerThread "GC Thread#9"                     [id=48176, stack(0x000000bdd2400000,0x000000bdd2500000) (1024K)]
Total: 12

Threads with active compile tasks:
C2 CompilerThread0  76551 11932       4       java.util.Properties::load0 (249 bytes)
C1 CompilerThread0  76551 12083       3       org.eclipse.jdt.internal.core.util.Util::splitOn (134 bytes)
C2 CompilerThread1  76551 11929       4       java.lang.reflect.Field::get (39 bytes)
C2 CompilerThread2  76551 11934 % !   4       org.eclipse.jdt.internal.compiler.classfmt.ClassFileReader::<init> @ 81 (1968 bytes)
Total: 4

VM state: not at safepoint (normal execution)

VM Mutex/Monitor currently owned by a thread:  ([mutex/lock_event])
[0x00007ff95f68d060] MethodCompileQueue_lock - owner thread: 0x000002615e23c5d0
[0x00007ff95f68e460] CodeCache_lock - owner thread: 0x000002615e23c5d0
[0x00007ff95f68e5e0] Compile_lock - owner thread: 0x000002615e23c5d0

Heap address: 0x0000000080000000, size: 2048 MB, Compressed Oops mode: 32-bit

CDS archive(s) mapped at: [0x000002611c000000-0x000002611cba0000-0x000002611cba0000), size 12189696, SharedBaseAddress: 0x000002611c000000, ArchiveRelocationMode: 1.
Compressed class space mapped at: 0x000002611d000000-0x000002615d000000, reserved size: 1073741824
Narrow klass base: 0x000002611c000000, Narrow klass shift: 0, Narrow klass range: 0x100000000

GC Precious Log:
 CardTable entry size: 512
 CPUs: 12 total, 12 available
 Memory: 16068M
 Large Page Support: Disabled
 NUMA Support: Disabled
 Compressed Oops: Enabled (32-bit)
 Alignments: Space 512K, Generation 512K, Heap 2M
 Heap Min Capacity: 100M
 Heap Initial Capacity: 100M
 Heap Max Capacity: 2G
 Pre-touch: Disabled
 Parallel Workers: 10

Heap:
 PSYoungGen      total 3584K, used 2580K [0x00000000d5580000, 0x00000000d5b80000, 0x0000000100000000)
  eden space 2560K, 74% used [0x00000000d5580000,0x00000000d575ff28,0x00000000d5800000)
  from space 1024K, 65% used [0x00000000d5980000,0x00000000d5a28020,0x00000000d5a80000)
  to   space 1024K, 0% used [0x00000000d5a80000,0x00000000d5a80000,0x00000000d5b80000)
 ParOldGen       total 148480K, used 148179K [0x0000000080000000, 0x0000000089100000, 0x00000000d5580000)
  object space 148480K, 99% used [0x0000000080000000,0x00000000890b4ce8,0x0000000089100000)
 Metaspace       used 89372K, committed 91136K, reserved 1179648K
  class space    used 11168K, committed 11968K, reserved 1048576K

Card table byte_map: [0x0000026104eb0000,0x00000261052c0000] _byte_map_base: 0x0000026104ab0000

Marking Bits: (ParMarkBitMap*) 0x00007ff95f693450
 Begin Bits: [0x00000261179c0000, 0x00000261199c0000)
 End Bits:   [0x00000261199c0000, 0x000002611b9c0000)

Polling page: 0x0000026103310000

Metaspace:

Usage:
  Non-class:     76.37 MB used.
      Class:     10.91 MB used.
       Both:     87.28 MB used.

Virtual space:
  Non-class space:      128.00 MB reserved,      77.31 MB ( 60%) committed,  2 nodes.
      Class space:        1.00 GB reserved,      11.69 MB (  1%) committed,  1 nodes.
             Both:        1.12 GB reserved,      89.00 MB (  8%) committed. 

Chunk freelists:
   Non-Class:  1.96 MB
       Class:  4.36 MB
        Both:  6.32 MB

MaxMetaspaceSize: unlimited
CompressedClassSpaceSize: 1.00 GB
Initial GC threshold: 21.00 MB
Current GC threshold: 98.12 MB
CDS: on
 - commit_granule_bytes: 65536.
 - commit_granule_words: 8192.
 - virtual_space_node_default_size: 8388608.
 - enlarge_chunks_in_place: 1.
 - use_allocation_guard: 0.


Internal statistics:

num_allocs_failed_limit: 13.
num_arena_births: 1656.
num_arena_deaths: 24.
num_vsnodes_births: 3.
num_vsnodes_deaths: 0.
num_space_committed: 1424.
num_space_uncommitted: 0.
num_chunks_returned_to_freelist: 41.
num_chunks_taken_from_freelist: 5869.
num_chunk_merges: 18.
num_chunk_splits: 3665.
num_chunks_enlarged: 2133.
num_inconsistent_stats: 0.

CodeHeap 'non-profiled nmethods': size=120000Kb used=8942Kb max_used=8942Kb free=111057Kb
 bounds [0x00000261101e0000, 0x0000026110aa0000, 0x0000026117710000]
CodeHeap 'profiled nmethods': size=120000Kb used=24703Kb max_used=24703Kb free=95296Kb
 bounds [0x0000026108710000, 0x0000026109f30000, 0x000002610fc40000]
CodeHeap 'non-nmethods': size=5760Kb used=1464Kb max_used=1497Kb free=4295Kb
 bounds [0x000002610fc40000, 0x000002610feb0000, 0x00000261101e0000]
CodeCache: size=245760Kb, used=35109Kb, max_used=35142Kb, free=210648Kb
 total_blobs=11850, nmethods=11072, adapters=683, full_count=0
Compilation: enabled, stopped_count=0, restarted_count=0

Compilation events (20 events):
Event: 74.494 Thread 0x000002615e23c5d0 12011       1       org.eclipse.jdt.internal.core.BinaryType::getElementType (3 bytes)
Event: 74.494 Thread 0x000002615e23c5d0 nmethod 12011 0x0000026110a97e10 code [0x0000026110a97fa0, 0x0000026110a98068]
Event: 74.494 Thread 0x000002615e23c5d0 12025       1       org.eclipse.jdt.internal.compiler.CompilationResult::getFileName (5 bytes)
Event: 74.494 Thread 0x000002615e23c5d0 nmethod 12025 0x0000026110a98110 code [0x0000026110a982a0, 0x0000026110a98368]
Event: 74.494 Thread 0x000002615e23c5d0 12026       3       org.eclipse.jdt.internal.compiler.parser.Parser::consumeBlockStatements (5 bytes)
Event: 74.495 Thread 0x000002615e23c5d0 nmethod 12026 0x0000026109f08010 code [0x0000026109f081c0, 0x0000026109f08380]
Event: 74.495 Thread 0x000002615e23c5d0 12012       1       org.eclipse.jdt.internal.core.JarPackageFragmentRoot::internalKind (2 bytes)
Event: 74.495 Thread 0x000002615e23c5d0 nmethod 12012 0x0000026110a98410 code [0x0000026110a985a0, 0x0000026110a98668]
Event: 74.495 Thread 0x000002615e23c5d0 12020       1       lombok.core.configuration.ConfigurationDataType::isList (5 bytes)
Event: 74.495 Thread 0x000002615e23c5d0 nmethod 12020 0x0000026110a98710 code [0x0000026110a988a0, 0x0000026110a98970]
Event: 74.495 Thread 0x000002615e23c5d0 12013       1       org.eclipse.jdt.internal.core.ClassFile::getTypeName (5 bytes)
Event: 74.495 Thread 0x000002615e23c5d0 nmethod 12013 0x0000026110a98a10 code [0x0000026110a98ba0, 0x0000026110a98c68]
Event: 74.495 Thread 0x000002615e23c5d0 12027       3       java.util.IdentityHashMap::<init> (11 bytes)
Event: 74.496 Thread 0x000002615e23c5d0 nmethod 12027 0x0000026109f08410 code [0x0000026109f085c0, 0x0000026109f088a0]
Event: 74.496 Thread 0x000002615e23c5d0 12028       3       lombok.eclipse.EclipseAST::buildLocal (79 bytes)
Event: 74.498 Thread 0x000002615e23c5d0 nmethod 12028 0x0000026109f08a10 code [0x0000026109f08d20, 0x0000026109f0a298]
Event: 74.498 Thread 0x000002615e23c5d0 12033       3       org.eclipse.jdt.internal.compiler.parser.Scanner::addTokenToLookBack (137 bytes)
Event: 74.499 Thread 0x000002615e23c5d0 nmethod 12033 0x0000026109f0a990 code [0x0000026109f0aba0, 0x0000026109f0b450]
Event: 74.499 Thread 0x000002615e23c5d0 12034       2       org.eclipse.jdt.internal.compiler.parser.Parser::consumeToken (2260 bytes)
Event: 75.503 Thread 0x000002615e23c5d0 nmethod 12034 0x0000026109f0b710 code [0x0000026109f0c260, 0x0000026109f0f3a8]

GC Heap History (20 events):
Event: 73.936 GC heap before
{Heap before GC invocations=127 (full 3):
 PSYoungGen      total 4608K, used 4449K [0x00000000d5580000, 0x00000000d6280000, 0x0000000100000000)
  eden space 2560K, 100% used [0x00000000d5580000,0x00000000d5800000,0x00000000d5800000)
  from space 2048K, 92% used [0x00000000d5800000,0x00000000d59d87b8,0x00000000d5a00000)
  to   space 4608K, 0% used [0x00000000d5e00000,0x00000000d5e00000,0x00000000d6280000)
 ParOldGen       total 136704K, used 136648K [0x0000000080000000, 0x0000000088580000, 0x00000000d5580000)
  object space 136704K, 99% used [0x0000000080000000,0x0000000088572140,0x0000000088580000)
 Metaspace       used 87612K, committed 89280K, reserved 1179648K
  class space    used 11011K, committed 11712K, reserved 1048576K
}
Event: 73.942 GC heap after
{Heap after GC invocations=127 (full 3):
 PSYoungGen      total 5120K, used 2351K [0x00000000d5580000, 0x00000000d6080000, 0x0000000100000000)
  eden space 2560K, 0% used [0x00000000d5580000,0x00000000d5580000,0x00000000d5800000)
  from space 2560K, 91% used [0x00000000d5e00000,0x00000000d604be18,0x00000000d6080000)
  to   space 3072K, 0% used [0x00000000d5a80000,0x00000000d5a80000,0x00000000d5d80000)
 ParOldGen       total 138240K, used 137941K [0x0000000080000000, 0x0000000088700000, 0x00000000d5580000)
  object space 138240K, 99% used [0x0000000080000000,0x00000000886b5558,0x0000000088700000)
 Metaspace       used 87612K, committed 89280K, reserved 1179648K
  class space    used 11011K, committed 11712K, reserved 1048576K
}
Event: 73.996 GC heap before
{Heap before GC invocations=128 (full 3):
 PSYoungGen      total 5120K, used 4821K [0x00000000d5580000, 0x00000000d6080000, 0x0000000100000000)
  eden space 2560K, 96% used [0x00000000d5580000,0x00000000d57e97c0,0x00000000d5800000)
  from space 2560K, 91% used [0x00000000d5e00000,0x00000000d604be18,0x00000000d6080000)
  to   space 3072K, 0% used [0x00000000d5a80000,0x00000000d5a80000,0x00000000d5d80000)
 ParOldGen       total 138240K, used 137941K [0x0000000080000000, 0x0000000088700000, 0x00000000d5580000)
  object space 138240K, 99% used [0x0000000080000000,0x00000000886b5558,0x0000000088700000)
 Metaspace       used 87612K, committed 89280K, reserved 1179648K
  class space    used 11011K, committed 11712K, reserved 1048576K
}
Event: 74.002 GC heap after
{Heap after GC invocations=128 (full 3):
 PSYoungGen      total 5632K, used 2678K [0x00000000d5580000, 0x00000000d5e80000, 0x0000000100000000)
  eden space 2560K, 0% used [0x00000000d5580000,0x00000000d5580000,0x00000000d5800000)
  from space 3072K, 87% used [0x00000000d5a80000,0x00000000d5d1d9e8,0x00000000d5d80000)
  to   space 1024K, 0% used [0x00000000d5d80000,0x00000000d5d80000,0x00000000d5e80000)
 ParOldGen       total 140288K, used 140137K [0x0000000080000000, 0x0000000088900000, 0x00000000d5580000)
  object space 140288K, 99% used [0x0000000080000000,0x00000000888da480,0x0000000088900000)
 Metaspace       used 87612K, committed 89280K, reserved 1179648K
  class space    used 11011K, committed 11712K, reserved 1048576K
}
Event: 74.053 GC heap before
{Heap before GC invocations=129 (full 3):
 PSYoungGen      total 5632K, used 5238K [0x00000000d5580000, 0x00000000d5e80000, 0x0000000100000000)
  eden space 2560K, 100% used [0x00000000d5580000,0x00000000d5800000,0x00000000d5800000)
  from space 3072K, 87% used [0x00000000d5a80000,0x00000000d5d1d9e8,0x00000000d5d80000)
  to   space 1024K, 0% used [0x00000000d5d80000,0x00000000d5d80000,0x00000000d5e80000)
 ParOldGen       total 140288K, used 140137K [0x0000000080000000, 0x0000000088900000, 0x00000000d5580000)
  object space 140288K, 99% used [0x0000000080000000,0x00000000888da480,0x0000000088900000)
 Metaspace       used 87739K, committed 89408K, reserved 1179648K
  class space    used 11028K, committed 11776K, reserved 1048576K
}
Event: 74.055 GC heap after
{Heap after GC invocations=129 (full 3):
 PSYoungGen      total 3584K, used 1012K [0x00000000d5580000, 0x00000000d6000000, 0x0000000100000000)
  eden space 2560K, 0% used [0x00000000d5580000,0x00000000d5580000,0x00000000d5800000)
  from space 1024K, 98% used [0x00000000d5d80000,0x00000000d5e7d350,0x00000000d5e80000)
  to   space 4096K, 0% used [0x00000000d5800000,0x00000000d5800000,0x00000000d5c00000)
 ParOldGen       total 142848K, used 142691K [0x0000000080000000, 0x0000000088b80000, 0x00000000d5580000)
  object space 142848K, 99% used [0x0000000080000000,0x0000000088b58d90,0x0000000088b80000)
 Metaspace       used 87739K, committed 89408K, reserved 1179648K
  class space    used 11028K, committed 11776K, reserved 1048576K
}
Event: 74.100 GC heap before
{Heap before GC invocations=130 (full 3):
 PSYoungGen      total 3584K, used 3540K [0x00000000d5580000, 0x00000000d6000000, 0x0000000100000000)
  eden space 2560K, 98% used [0x00000000d5580000,0x00000000d57f7d20,0x00000000d5800000)
  from space 1024K, 98% used [0x00000000d5d80000,0x00000000d5e7d350,0x00000000d5e80000)
  to   space 4096K, 0% used [0x00000000d5800000,0x00000000d5800000,0x00000000d5c00000)
 ParOldGen       total 142848K, used 142691K [0x0000000080000000, 0x0000000088b80000, 0x00000000d5580000)
  object space 142848K, 99% used [0x0000000080000000,0x0000000088b58d90,0x0000000088b80000)
 Metaspace       used 87935K, committed 89600K, reserved 1179648K
  class space    used 11048K, committed 11776K, reserved 1048576K
}
Event: 74.103 GC heap after
{Heap after GC invocations=130 (full 3):
 PSYoungGen      total 6656K, used 1081K [0x00000000d5580000, 0x00000000d5e00000, 0x0000000100000000)
  eden space 2560K, 0% used [0x00000000d5580000,0x00000000d5580000,0x00000000d5800000)
  from space 4096K, 26% used [0x00000000d5800000,0x00000000d590e5b0,0x00000000d5c00000)
  to   space 2048K, 0% used [0x00000000d5c00000,0x00000000d5c00000,0x00000000d5e00000)
 ParOldGen       total 143872K, used 143586K [0x0000000080000000, 0x0000000088c80000, 0x00000000d5580000)
  object space 143872K, 99% used [0x0000000080000000,0x0000000088c38b28,0x0000000088c80000)
 Metaspace       used 87935K, committed 89600K, reserved 1179648K
  class space    used 11048K, committed 11776K, reserved 1048576K
}
Event: 74.135 GC heap before
{Heap before GC invocations=131 (full 3):
 PSYoungGen      total 6656K, used 3641K [0x00000000d5580000, 0x00000000d5e00000, 0x0000000100000000)
  eden space 2560K, 100% used [0x00000000d5580000,0x00000000d5800000,0x00000000d5800000)
  from space 4096K, 26% used [0x00000000d5800000,0x00000000d590e5b0,0x00000000d5c00000)
  to   space 2048K, 0% used [0x00000000d5c00000,0x00000000d5c00000,0x00000000d5e00000)
 ParOldGen       total 143872K, used 143586K [0x0000000080000000, 0x0000000088c80000, 0x00000000d5580000)
  object space 143872K, 99% used [0x0000000080000000,0x0000000088c38b28,0x0000000088c80000)
 Metaspace       used 88173K, committed 89856K, reserved 1179648K
  class space    used 11061K, committed 11776K, reserved 1048576K
}
Event: 74.137 GC heap after
{Heap after GC invocations=131 (full 3):
 PSYoungGen      total 4608K, used 1607K [0x00000000d5580000, 0x00000000d5e00000, 0x0000000100000000)
  eden space 2560K, 0% used [0x00000000d5580000,0x00000000d5580000,0x00000000d5800000)
  from space 2048K, 78% used [0x00000000d5c00000,0x00000000d5d91d30,0x00000000d5e00000)
  to   space 2048K, 0% used [0x00000000d5a00000,0x00000000d5a00000,0x00000000d5c00000)
 ParOldGen       total 144384K, used 144381K [0x0000000080000000, 0x0000000088d00000, 0x00000000d5580000)
  object space 144384K, 99% used [0x0000000080000000,0x0000000088cff5c8,0x0000000088d00000)
 Metaspace       used 88173K, committed 89856K, reserved 1179648K
  class space    used 11061K, committed 11776K, reserved 1048576K
}
Event: 74.205 GC heap before
{Heap before GC invocations=132 (full 3):
 PSYoungGen      total 4608K, used 4117K [0x00000000d5580000, 0x00000000d5e00000, 0x0000000100000000)
  eden space 2560K, 98% used [0x00000000d5580000,0x00000000d57f3760,0x00000000d5800000)
  from space 2048K, 78% used [0x00000000d5c00000,0x00000000d5d91d30,0x00000000d5e00000)
  to   space 2048K, 0% used [0x00000000d5a00000,0x00000000d5a00000,0x00000000d5c00000)
 ParOldGen       total 144384K, used 144381K [0x0000000080000000, 0x0000000088d00000, 0x00000000d5580000)
  object space 144384K, 99% used [0x0000000080000000,0x0000000088cff5c8,0x0000000088d00000)
 Metaspace       used 88407K, committed 90112K, reserved 1179648K
  class space    used 11078K, committed 11840K, reserved 1048576K
}
Event: 74.207 GC heap after
{Heap after GC invocations=132 (full 3):
 PSYoungGen      total 3584K, used 796K [0x00000000d5580000, 0x00000000d5c80000, 0x0000000100000000)
  eden space 2560K, 0% used [0x00000000d5580000,0x00000000d5580000,0x00000000d5800000)
  from space 1024K, 77% used [0x00000000d5a00000,0x00000000d5ac7068,0x00000000d5b00000)
  to   space 1536K, 0% used [0x00000000d5b00000,0x00000000d5b00000,0x00000000d5c80000)
 ParOldGen       total 145920K, used 145837K [0x0000000080000000, 0x0000000088e80000, 0x00000000d5580000)
  object space 145920K, 99% used [0x0000000080000000,0x0000000088e6b720,0x0000000088e80000)
 Metaspace       used 88407K, committed 90112K, reserved 1179648K
  class space    used 11078K, committed 11840K, reserved 1048576K
}
Event: 74.288 GC heap before
{Heap before GC invocations=133 (full 3):
 PSYoungGen      total 3584K, used 3356K [0x00000000d5580000, 0x00000000d5c80000, 0x0000000100000000)
  eden space 2560K, 99% used [0x00000000d5580000,0x00000000d57ffff8,0x00000000d5800000)
  from space 1024K, 77% used [0x00000000d5a00000,0x00000000d5ac7068,0x00000000d5b00000)
  to   space 1536K, 0% used [0x00000000d5b00000,0x00000000d5b00000,0x00000000d5c80000)
 ParOldGen       total 145920K, used 145837K [0x0000000080000000, 0x0000000088e80000, 0x00000000d5580000)
  object space 145920K, 99% used [0x0000000080000000,0x0000000088e6b720,0x0000000088e80000)
 Metaspace       used 88567K, committed 90240K, reserved 1179648K
  class space    used 11093K, committed 11840K, reserved 1048576K
}
Event: 74.290 GC heap after
{Heap after GC invocations=133 (full 3):
 PSYoungGen      total 3584K, used 608K [0x00000000d5580000, 0x00000000d5c00000, 0x0000000100000000)
  eden space 2560K, 0% used [0x00000000d5580000,0x00000000d5580000,0x00000000d5800000)
  from space 1024K, 59% used [0x00000000d5b00000,0x00000000d5b98010,0x00000000d5c00000)
  to   space 1024K, 0% used [0x00000000d5a00000,0x00000000d5a00000,0x00000000d5b00000)
 ParOldGen       total 146944K, used 146455K [0x0000000080000000, 0x0000000088f80000, 0x00000000d5580000)
  object space 146944K, 99% used [0x0000000080000000,0x0000000088f05d70,0x0000000088f80000)
 Metaspace       used 88567K, committed 90240K, reserved 1179648K
  class space    used 11093K, committed 11840K, reserved 1048576K
}
Event: 74.330 GC heap before
{Heap before GC invocations=134 (full 3):
 PSYoungGen      total 3584K, used 3168K [0x00000000d5580000, 0x00000000d5c00000, 0x0000000100000000)
  eden space 2560K, 99% used [0x00000000d5580000,0x00000000d57ffff8,0x00000000d5800000)
  from space 1024K, 59% used [0x00000000d5b00000,0x00000000d5b98010,0x00000000d5c00000)
  to   space 1024K, 0% used [0x00000000d5a00000,0x00000000d5a00000,0x00000000d5b00000)
 ParOldGen       total 146944K, used 146455K [0x0000000080000000, 0x0000000088f80000, 0x00000000d5580000)
  object space 146944K, 99% used [0x0000000080000000,0x0000000088f05d70,0x0000000088f80000)
 Metaspace       used 88818K, committed 90560K, reserved 1179648K
  class space    used 11107K, committed 11904K, reserved 1048576K
}
Event: 74.331 GC heap after
{Heap after GC invocations=134 (full 3):
 PSYoungGen      total 3584K, used 415K [0x00000000d5580000, 0x00000000d5b80000, 0x0000000100000000)
  eden space 2560K, 0% used [0x00000000d5580000,0x00000000d5580000,0x00000000d5800000)
  from space 1024K, 40% used [0x00000000d5a00000,0x00000000d5a67e00,0x00000000d5b00000)
  to   space 512K, 0% used [0x00000000d5b00000,0x00000000d5b00000,0x00000000d5b80000)
 ParOldGen       total 146944K, used 146815K [0x0000000080000000, 0x0000000088f80000, 0x00000000d5580000)
  object space 146944K, 99% used [0x0000000080000000,0x0000000088f5fcc0,0x0000000088f80000)
 Metaspace       used 88818K, committed 90560K, reserved 1179648K
  class space    used 11107K, committed 11904K, reserved 1048576K
}
Event: 74.376 GC heap before
{Heap before GC invocations=135 (full 3):
 PSYoungGen      total 3584K, used 2975K [0x00000000d5580000, 0x00000000d5b80000, 0x0000000100000000)
  eden space 2560K, 100% used [0x00000000d5580000,0x00000000d5800000,0x00000000d5800000)
  from space 1024K, 40% used [0x00000000d5a00000,0x00000000d5a67e00,0x00000000d5b00000)
  to   space 512K, 0% used [0x00000000d5b00000,0x00000000d5b00000,0x00000000d5b80000)
 ParOldGen       total 146944K, used 146815K [0x0000000080000000, 0x0000000088f80000, 0x00000000d5580000)
  object space 146944K, 99% used [0x0000000080000000,0x0000000088f5fcc0,0x0000000088f80000)
 Metaspace       used 88976K, committed 90688K, reserved 1179648K
  class space    used 11122K, committed 11904K, reserved 1048576K
}
Event: 74.377 GC heap after
{Heap after GC invocations=135 (full 3):
 PSYoungGen      total 3072K, used 464K [0x00000000d5580000, 0x00000000d5b80000, 0x0000000100000000)
  eden space 2560K, 0% used [0x00000000d5580000,0x00000000d5580000,0x00000000d5800000)
  from space 512K, 90% used [0x00000000d5b00000,0x00000000d5b74030,0x00000000d5b80000)
  to   space 512K, 0% used [0x00000000d5a80000,0x00000000d5a80000,0x00000000d5b00000)
 ParOldGen       total 147456K, used 147041K [0x0000000080000000, 0x0000000089000000, 0x00000000d5580000)
  object space 147456K, 99% used [0x0000000080000000,0x0000000088f985d0,0x0000000089000000)
 Metaspace       used 88976K, committed 90688K, reserved 1179648K
  class space    used 11122K, committed 11904K, reserved 1048576K
}
Event: 74.460 GC heap before
{Heap before GC invocations=136 (full 3):
 PSYoungGen      total 3072K, used 3023K [0x00000000d5580000, 0x00000000d5b80000, 0x0000000100000000)
  eden space 2560K, 99% used [0x00000000d5580000,0x00000000d57ffc28,0x00000000d5800000)
  from space 512K, 90% used [0x00000000d5b00000,0x00000000d5b74030,0x00000000d5b80000)
  to   space 512K, 0% used [0x00000000d5a80000,0x00000000d5a80000,0x00000000d5b00000)
 ParOldGen       total 147456K, used 147041K [0x0000000080000000, 0x0000000089000000, 0x00000000d5580000)
  object space 147456K, 99% used [0x0000000080000000,0x0000000088f985d0,0x0000000089000000)
 Metaspace       used 89183K, committed 90880K, reserved 1179648K
  class space    used 11145K, committed 11904K, reserved 1048576K
}
Event: 74.462 GC heap after
{Heap after GC invocations=136 (full 3):
 PSYoungGen      total 3072K, used 512K [0x00000000d5580000, 0x00000000d5b80000, 0x0000000100000000)
  eden space 2560K, 0% used [0x00000000d5580000,0x00000000d5580000,0x00000000d5800000)
  from space 512K, 100% used [0x00000000d5a80000,0x00000000d5b00000,0x00000000d5b00000)
  to   space 512K, 0% used [0x00000000d5b00000,0x00000000d5b00000,0x00000000d5b80000)
 ParOldGen       total 147456K, used 147318K [0x0000000080000000, 0x0000000089000000, 0x00000000d5580000)
  object space 147456K, 99% used [0x0000000080000000,0x0000000088fdd970,0x0000000089000000)
 Metaspace       used 89183K, committed 90880K, reserved 1179648K
  class space    used 11145K, committed 11904K, reserved 1048576K
}

Dll operation events (16 events):
Event: 0.285 Loaded shared library c:\Users\DELL\.antigravity\extensions\redhat.java-1.54.0-win32-x64\jre\21.0.10-win32-x86_64\bin\java.dll
Event: 0.381 Loaded shared library c:\Users\DELL\.antigravity\extensions\redhat.java-1.54.0-win32-x64\jre\21.0.10-win32-x86_64\bin\zip.dll
Event: 0.412 Loaded shared library C:\Users\DELL\.antigravity\extensions\redhat.java-1.54.0-win32-x64\jre\21.0.10-win32-x86_64\bin\instrument.dll
Event: 0.517 Loaded shared library C:\Users\DELL\.antigravity\extensions\redhat.java-1.54.0-win32-x64\jre\21.0.10-win32-x86_64\bin\net.dll
Event: 0.606 Loaded shared library C:\Users\DELL\.antigravity\extensions\redhat.java-1.54.0-win32-x64\jre\21.0.10-win32-x86_64\bin\nio.dll
Event: 0.612 Loaded shared library C:\Users\DELL\.antigravity\extensions\redhat.java-1.54.0-win32-x64\jre\21.0.10-win32-x86_64\bin\zip.dll
Event: 0.645 Loaded shared library C:\Users\DELL\.antigravity\extensions\redhat.java-1.54.0-win32-x64\jre\21.0.10-win32-x86_64\bin\jimage.dll
Event: 0.844 Loaded shared library c:\Users\DELL\.antigravity\extensions\redhat.java-1.54.0-win32-x64\jre\21.0.10-win32-x86_64\bin\verify.dll
Event: 15.811 Loaded shared library C:\Users\DELL\AppData\Roaming\Antigravity\User\globalStorage\redhat.java\1.54.0\config_win\org.eclipse.equinox.launcher\org.eclipse.equinox.launcher.win32.win32.x86_64_1.3.0.v20260203-2149\eclipse_11919.dll
Event: 27.669 Loaded shared library C:\Users\DELL\AppData\Local\Temp\jna-2094529\jna7859042860987527024.dll
Event: 37.562 Loaded shared library C:\Users\DELL\.gradle\native\660c5614fbf4a5f2a75b1949f50a0caf5cd603558e7d8a26e50b933a0cfb79d1\windows-amd64\native-platform.dll
Event: 40.118 Loaded shared library C:\Users\DELL\.antigravity\extensions\redhat.java-1.54.0-win32-x64\jre\21.0.10-win32-x86_64\bin\management.dll
Event: 40.179 Loaded shared library C:\Users\DELL\.antigravity\extensions\redhat.java-1.54.0-win32-x64\jre\21.0.10-win32-x86_64\bin\management_ext.dll
Event: 40.826 Loaded shared library C:\Users\DELL\.gradle\native\660c5614fbf4a5f2a75b1949f50a0caf5cd603558e7d8a26e50b933a0cfb79d1\windows-amd64-min\native-platform.dll
Event: 45.064 Loaded shared library C:\Users\DELL\.antigravity\extensions\redhat.java-1.54.0-win32-x64\jre\21.0.10-win32-x86_64\bin\extnet.dll
Event: 48.794 Loaded shared library C:\Users\DELL\.antigravity\extensions\redhat.java-1.54.0-win32-x64\jre\21.0.10-win32-x86_64\bin\sunmscapi.dll

Deoptimization events (20 events):
Event: 74.489 Thread 0x0000026167538700 Uncommon trap: trap_request=0xffffffde fr.pc=0x0000026110a549c4 relative=0x0000000000000e04
Event: 74.489 Thread 0x0000026167538700 Uncommon trap: reason=class_check action=maybe_recompile pc=0x0000026110a549c4 method=org.eclipse.jdt.internal.compiler.parser.Parser.consumeToken(Lorg/eclipse/jdt/internal/compiler/parser/TerminalToken;)V @ 595 c2
Event: 74.489 Thread 0x0000026167538700 DEOPT PACKING pc=0x0000026110a549c4 sp=0x000000bdd6cfe430
Event: 74.489 Thread 0x0000026167538700 DEOPT UNPACKING pc=0x000002610fc93aa2 sp=0x000000bdd6cfe3e0 mode 2
Event: 74.496 Thread 0x0000026167538700 Uncommon trap: trap_request=0xffffffde fr.pc=0x0000026110a2f7b8 relative=0x0000000000000538
Event: 74.496 Thread 0x0000026167538700 Uncommon trap: reason=class_check action=maybe_recompile pc=0x0000026110a2f7b8 method=org.eclipse.jdt.internal.compiler.parser.Scanner.addTokenToLookBack(Lorg/eclipse/jdt/internal/compiler/parser/TerminalToken;)V @ 104 c2
Event: 74.497 Thread 0x0000026167538700 DEOPT PACKING pc=0x0000026110a2f7b8 sp=0x000000bdd6cfe420
Event: 74.497 Thread 0x0000026167538700 DEOPT UNPACKING pc=0x000002610fc93aa2 sp=0x000000bdd6cfe350 mode 2
Event: 74.497 Thread 0x0000026167538700 Uncommon trap: trap_request=0xffffffde fr.pc=0x0000026110a87650 relative=0x0000000000000270
Event: 74.497 Thread 0x0000026167538700 Uncommon trap: reason=class_check action=maybe_recompile pc=0x0000026110a87650 method=org.eclipse.jdt.internal.compiler.parser.Scanner.addTokenToLookBack(Lorg/eclipse/jdt/internal/compiler/parser/TerminalToken;)V @ 104 c2
Event: 74.497 Thread 0x0000026167538700 DEOPT PACKING pc=0x0000026110a87650 sp=0x000000bdd6cfe3a0
Event: 74.497 Thread 0x0000026167538700 DEOPT UNPACKING pc=0x000002610fc93aa2 sp=0x000000bdd6cfe348 mode 2
Event: 74.499 Thread 0x0000026167538700 Uncommon trap: trap_request=0xffffffde fr.pc=0x0000026110a549c4 relative=0x0000000000000e04
Event: 74.499 Thread 0x0000026167538700 Uncommon trap: reason=class_check action=maybe_recompile pc=0x0000026110a549c4 method=org.eclipse.jdt.internal.compiler.parser.Parser.consumeToken(Lorg/eclipse/jdt/internal/compiler/parser/TerminalToken;)V @ 595 c2
Event: 74.499 Thread 0x0000026167538700 DEOPT PACKING pc=0x0000026110a549c4 sp=0x000000bdd6cfe430
Event: 74.499 Thread 0x0000026167538700 DEOPT UNPACKING pc=0x000002610fc93aa2 sp=0x000000bdd6cfe3e0 mode 2
Event: 75.105 Thread 0x00000261663d34c0 Uncommon trap: trap_request=0xffffff45 fr.pc=0x0000026110a2b48c relative=0x000000000000006c
Event: 75.105 Thread 0x00000261663d34c0 Uncommon trap: reason=unstable_if action=reinterpret pc=0x0000026110a2b48c method=org.eclipse.core.internal.events.ResourceDelta.checkForMarkerDeltas()V @ 7 c2
Event: 75.105 Thread 0x00000261663d34c0 DEOPT PACKING pc=0x0000026110a2b48c sp=0x000000bdd33ff120
Event: 75.105 Thread 0x00000261663d34c0 DEOPT UNPACKING pc=0x000002610fc93aa2 sp=0x000000bdd33ff0a8 mode 2

Classes loaded (20 events):
Event: 73.104 Loading class java/util/stream/Nodes$IntFixedNodeBuilder
Event: 73.104 Loading class java/util/stream/Node$Builder$OfInt
Event: 73.105 Loading class java/util/stream/Node$Builder$OfInt done
Event: 73.105 Loading class java/util/stream/Nodes$IntArrayNode
Event: 73.105 Loading class java/util/stream/Nodes$IntArrayNode done
Event: 73.105 Loading class java/util/stream/Nodes$IntFixedNodeBuilder done
Event: 73.105 Loading class java/util/stream/ReferencePipeline$4$1
Event: 73.105 Loading class java/util/stream/ReferencePipeline$4$1 done
Event: 73.259 Loading class java/util/Hashtable$ValueCollection
Event: 73.259 Loading class java/util/Hashtable$ValueCollection done
Event: 74.034 Loading class java/util/concurrent/CompletableFuture$UniApply
Event: 74.035 Loading class java/util/concurrent/CompletableFuture$UniCompletion
Event: 74.035 Loading class java/util/concurrent/CompletableFuture$UniCompletion done
Event: 74.035 Loading class java/util/concurrent/CompletableFuture$UniApply done
Event: 74.036 Loading class java/util/concurrent/CompletableFuture$UniAccept
Event: 74.036 Loading class java/util/concurrent/CompletableFuture$UniAccept done
Event: 74.036 Loading class java/util/concurrent/CompletableFuture$UniExceptionally
Event: 74.037 Loading class java/util/concurrent/CompletableFuture$UniExceptionally done
Event: 74.414 Loading class javax/xml/transform/TransformerConfigurationException
Event: 74.420 Loading class javax/xml/transform/TransformerConfigurationException done

Classes unloaded (12 events):
Event: 28.430 Thread 0x00000261055b1a40 Unloading class 0x000002611d1a5000 'java/lang/invoke/LambdaForm$MH+0x000002611d1a5000'
Event: 28.430 Thread 0x00000261055b1a40 Unloading class 0x000002611d1a4c00 'java/lang/invoke/LambdaForm$MH+0x000002611d1a4c00'
Event: 28.430 Thread 0x00000261055b1a40 Unloading class 0x000002611d1a4800 'java/lang/invoke/LambdaForm$MH+0x000002611d1a4800'
Event: 28.430 Thread 0x00000261055b1a40 Unloading class 0x000002611d1a4400 'java/lang/invoke/LambdaForm$MH+0x000002611d1a4400'
Event: 28.430 Thread 0x00000261055b1a40 Unloading class 0x000002611d1a4000 'java/lang/invoke/LambdaForm$BMH+0x000002611d1a4000'
Event: 28.430 Thread 0x00000261055b1a40 Unloading class 0x000002611d1a3c00 'java/lang/invoke/LambdaForm$DMH+0x000002611d1a3c00'
Event: 28.430 Thread 0x00000261055b1a40 Unloading class 0x000002611d1a2800 'java/lang/invoke/LambdaForm$DMH+0x000002611d1a2800'
Event: 31.864 Thread 0x00000261055b1a40 Unloading class 0x000002611d30b000 'java/lang/invoke/LambdaForm$MH+0x000002611d30b000'
Event: 31.864 Thread 0x00000261055b1a40 Unloading class 0x000002611d30a800 'java/lang/invoke/LambdaForm$MH+0x000002611d30a800'
Event: 31.864 Thread 0x00000261055b1a40 Unloading class 0x000002611d309c00 'java/lang/invoke/LambdaForm$MH+0x000002611d309c00'
Event: 31.864 Thread 0x00000261055b1a40 Unloading class 0x000002611d309400 'java/lang/invoke/LambdaForm$DMH+0x000002611d309400'
Event: 31.865 Thread 0x00000261055b1a40 Unloading class 0x000002611d308800 'java/lang/invoke/LambdaForm$MH+0x000002611d308800'

Classes redefined (0 events):
No events

Internal exceptions (20 events):
Event: 73.704 Thread 0x000002615f5ba370 Exception <a 'sun/nio/fs/WindowsException'{0x00000000d5a90a40}> (0x00000000d5a90a40) 
thrown [s\src\hotspot\share\prims\jni.cpp, line 520]
Event: 73.709 Thread 0x000002615f5ba370 Exception <a 'sun/nio/fs/WindowsException'{0x00000000d5a999c0}> (0x00000000d5a999c0) 
thrown [s\src\hotspot\share\prims\jni.cpp, line 520]
Event: 73.714 Thread 0x000002615f5ba370 Exception <a 'sun/nio/fs/WindowsException'{0x00000000d5aa1d68}> (0x00000000d5aa1d68) 
thrown [s\src\hotspot\share\prims\jni.cpp, line 520]
Event: 73.722 Thread 0x000002615f5ba370 Exception <a 'sun/nio/fs/WindowsException'{0x00000000d5aaa7d8}> (0x00000000d5aaa7d8) 
thrown [s\src\hotspot\share\prims\jni.cpp, line 520]
Event: 73.727 Thread 0x000002615f5ba370 Exception <a 'sun/nio/fs/WindowsException'{0x00000000d5ab2ed8}> (0x00000000d5ab2ed8) 
thrown [s\src\hotspot\share\prims\jni.cpp, line 520]
Event: 73.728 Thread 0x000002615f5ba370 Exception <a 'sun/nio/fs/WindowsException'{0x00000000d5ab3d70}> (0x00000000d5ab3d70) 
thrown [s\src\hotspot\share\prims\jni.cpp, line 520]
Event: 73.748 Thread 0x000002615f5ba370 Exception <a 'sun/nio/fs/WindowsException'{0x00000000d5abb1e8}> (0x00000000d5abb1e8) 
thrown [s\src\hotspot\share\prims\jni.cpp, line 520]
Event: 73.756 Thread 0x000002615f5ba370 Exception <a 'sun/nio/fs/WindowsException'{0x00000000d5ac43a0}> (0x00000000d5ac43a0) 
thrown [s\src\hotspot\share\prims\jni.cpp, line 520]
Event: 73.763 Thread 0x000002615f5ba370 Exception <a 'sun/nio/fs/WindowsException'{0x00000000d5accd38}> (0x00000000d5accd38) 
thrown [s\src\hotspot\share\prims\jni.cpp, line 520]
Event: 73.774 Thread 0x000002615f5ba370 Exception <a 'sun/nio/fs/WindowsException'{0x00000000d5ad6098}> (0x00000000d5ad6098) 
thrown [s\src\hotspot\share\prims\jni.cpp, line 520]
Event: 73.784 Thread 0x000002615f5ba370 Exception <a 'sun/nio/fs/WindowsException'{0x00000000d5ae1b78}> (0x00000000d5ae1b78) 
thrown [s\src\hotspot\share\prims\jni.cpp, line 520]
Event: 73.798 Thread 0x000002615f5ba370 Exception <a 'sun/nio/fs/WindowsException'{0x00000000d5aea2c8}> (0x00000000d5aea2c8) 
thrown [s\src\hotspot\share\prims\jni.cpp, line 520]
Event: 73.812 Thread 0x000002615f5ba370 Exception <a 'sun/nio/fs/WindowsException'{0x00000000d5587210}> (0x00000000d5587210) 
thrown [s\src\hotspot\share\prims\jni.cpp, line 520]
Event: 74.019 Thread 0x000002615f5b8fc0 Exception <a 'sun/nio/fs/WindowsException'{0x00000000d55bbf18}> (0x00000000d55bbf18) 
thrown [s\src\hotspot\share\prims\jni.cpp, line 520]
Event: 74.044 Thread 0x00000261663d9730 Exception <a 'java/lang/IncompatibleClassChangeError'{0x00000000d572ef70}: Found class java.lang.Object, but interface was expected> (0x00000000d572ef70) 
thrown [s\src\hotspot\share\interpreter\linkResolver.cpp, line 840]
Event: 74.048 Thread 0x00000261663d9730 Exception <a 'java/lang/IncompatibleClassChangeError'{0x00000000d57b91d0}: Found class java.lang.Object, but interface was expected> (0x00000000d57b91d0) 
thrown [s\src\hotspot\share\interpreter\linkResolver.cpp, line 840]
Event: 74.055 Thread 0x0000026167536cc0 Implicit null exception at 0x00000261103ab706 to 0x00000261103ab7fc
Event: 74.078 Thread 0x00000261663d27a0 Exception <a 'java/lang/NoSuchMethodError'{0x00000000d567c118}: 'java.lang.Object java.lang.invoke.DirectMethodHandle$Holder.invokeSpecial(java.lang.Object, java.lang.Object, int, long)'> (0x00000000d567c118) 
thrown [s\src\hotspot\share\interpreter\linkResolver.cpp, line 773]
Event: 74.248 Thread 0x0000026167538700 Exception <a 'java/lang/NoSuchMethodError'{0x00000000d5679098}: 'int java.lang.invoke.Invokers$Holder.invokeExact_MT(java.lang.Object, java.lang.Object)'> (0x00000000d5679098) 
thrown [s\src\hotspot\share\interpreter\linkResolver.cpp, line 773]
Event: 74.369 Thread 0x0000026167538700 Exception <a 'java/lang/IncompatibleClassChangeError'{0x00000000d57597b8}: Found class java.lang.Object, but interface was expected> (0x00000000d57597b8) 
thrown [s\src\hotspot\share\interpreter\linkResolver.cpp, line 840]

ZGC Phase Switch (0 events):
No events

VM Operations (20 events):
Event: 74.103 Executing safepoint VM operation: ParallelGCFailedAllocation (Allocation Failure) done
Event: 74.133 Executing safepoint VM operation: ParallelGCFailedAllocation (Allocation Failure)
Event: 74.137 Executing safepoint VM operation: ParallelGCFailedAllocation (Allocation Failure) done
Event: 74.188 Executing non-safepoint VM operation: HandshakeAllThreads (Deoptimize)
Event: 74.196 Executing non-safepoint VM operation: HandshakeAllThreads (Deoptimize) done
Event: 74.203 Executing safepoint VM operation: ParallelGCFailedAllocation (Allocation Failure)
Event: 74.207 Executing safepoint VM operation: ParallelGCFailedAllocation (Allocation Failure) done
Event: 74.287 Executing safepoint VM operation: ParallelGCFailedAllocation (Allocation Failure)
Event: 74.290 Executing safepoint VM operation: ParallelGCFailedAllocation (Allocation Failure) done
Event: 74.330 Executing safepoint VM operation: ParallelGCFailedAllocation (Allocation Failure)
Event: 74.331 Executing safepoint VM operation: ParallelGCFailedAllocation (Allocation Failure) done
Event: 74.375 Executing safepoint VM operation: ParallelGCFailedAllocation (Allocation Failure)
Event: 74.377 Executing safepoint VM operation: ParallelGCFailedAllocation (Allocation Failure) done
Event: 74.425 Executing non-safepoint VM operation: HandshakeAllThreads (Deoptimize)
Event: 74.430 Executing non-safepoint VM operation: HandshakeAllThreads (Deoptimize) done
Event: 74.435 Executing non-safepoint VM operation: HandshakeAllThreads (Deoptimize)
Event: 74.438 Executing non-safepoint VM operation: HandshakeAllThreads (Deoptimize) done
Event: 74.459 Executing safepoint VM operation: ParallelGCFailedAllocation (Allocation Failure)
Event: 74.462 Executing safepoint VM operation: ParallelGCFailedAllocation (Allocation Failure) done
Event: 75.463 Executing safepoint VM operation: Cleanup

Memory protections (0 events):
No events

Nmethod flushes (20 events):
Event: 38.921 Thread 0x00000261055b1a40 flushing  nmethod 0x00000261091dc790
Event: 38.921 Thread 0x00000261055b1a40 flushing  nmethod 0x00000261091ddc10
Event: 38.921 Thread 0x00000261055b1a40 flushing  nmethod 0x00000261091dec10
Event: 38.921 Thread 0x00000261055b1a40 flushing  nmethod 0x00000261091df390
Event: 38.921 Thread 0x00000261055b1a40 flushing  nmethod 0x00000261091df790
Event: 38.921 Thread 0x00000261055b1a40 flushing  nmethod 0x00000261091e2f90
Event: 38.921 Thread 0x00000261055b1a40 flushing  nmethod 0x00000261091e4510
Event: 38.921 Thread 0x00000261055b1a40 flushing  nmethod 0x00000261091e4b10
Event: 38.921 Thread 0x00000261055b1a40 flushing  nmethod 0x00000261091e5110
Event: 38.921 Thread 0x00000261055b1a40 flushing  nmethod 0x00000261091e5510
Event: 38.921 Thread 0x00000261055b1a40 flushing  nmethod 0x00000261091e5b10
Event: 38.921 Thread 0x00000261055b1a40 flushing  nmethod 0x00000261091e5f10
Event: 38.921 Thread 0x00000261055b1a40 flushing  nmethod 0x00000261091f8990
Event: 38.921 Thread 0x00000261055b1a40 flushing  nmethod 0x00000261091f8e10
Event: 38.921 Thread 0x00000261055b1a40 flushing  nmethod 0x000002610920ef90
Event: 38.921 Thread 0x00000261055b1a40 flushing  nmethod 0x0000026109213c90
Event: 38.921 Thread 0x00000261055b1a40 flushing  nmethod 0x0000026109223990
Event: 38.921 Thread 0x00000261055b1a40 flushing  nmethod 0x0000026109239a10
Event: 38.921 Thread 0x00000261055b1a40 flushing  nmethod 0x0000026109275390
Event: 38.921 Thread 0x00000261055b1a40 flushing  nmethod 0x00000261092b7190

Events (20 events):
Event: 73.628 Thread 0x0000026165197530 Thread added: 0x0000026167533840
Event: 73.629 Thread 0x0000026165c47230 Thread added: 0x0000026167532490
Event: 73.629 Thread 0x0000026165c46ba0 Thread added: 0x0000026167531770
Event: 73.629 Thread 0x0000026165197530 Thread added: 0x0000026167534bf0
Event: 73.629 Thread 0x0000026165c47230 Thread added: 0x0000026167532b20
Event: 73.630 Thread 0x0000026165c47230 Thread added: 0x00000261675331b0
Event: 73.877 Thread 0x000002615f5ba370 Thread added: 0x0000026167533ed0
Event: 73.877 Thread 0x000002615f5ba370 Thread added: 0x0000026167531e00
Event: 73.878 Thread 0x000002615f5ba370 Thread added: 0x0000026167536630
Event: 73.878 Thread 0x000002615f5ba370 Thread added: 0x0000026167534560
Event: 73.878 Thread 0x000002615f5ba370 Thread added: 0x0000026167537350
Event: 73.878 Thread 0x0000026167531e00 Thread added: 0x0000026167535280
Event: 73.878 Thread 0x0000026167533ed0 Thread added: 0x0000026167538070
Event: 73.879 Thread 0x000002615f5ba370 Thread added: 0x0000026167535910
Event: 73.879 Thread 0x000002615f5ba370 Thread added: 0x0000026167535fa0
Event: 73.879 Thread 0x000002615f5ba370 Thread added: 0x00000261675379e0
Event: 74.038 Thread 0x00000261663d9730 Thread added: 0x0000026167538d90
Event: 74.039 Thread 0x0000026167538d90 Thread added: 0x0000026167536cc0
Event: 74.046 Thread 0x00000261663d9730 Thread added: 0x0000026167538700
Event: 74.052 Thread 0x00000261663d9730 Thread added: 0x00000261785bb880


Dynamic libraries:
0x00007ff6aa6d0000 - 0x00007ff6aa6de000 	c:\Users\DELL\.antigravity\extensions\redhat.java-1.54.0-win32-x64\jre\21.0.10-win32-x86_64\bin\java.exe
0x00007ff9d52e0000 - 0x00007ff9d5547000 	C:\WINDOWS\SYSTEM32\ntdll.dll
0x00007ff9d46b0000 - 0x00007ff9d4779000 	C:\WINDOWS\System32\KERNEL32.DLL
0x00007ff9d1d10000 - 0x00007ff9d2107000 	C:\WINDOWS\System32\KERNELBASE.dll
0x00007ff9d2500000 - 0x00007ff9d264b000 	C:\WINDOWS\System32\ucrtbase.dll
0x00007ff9af1b0000 - 0x00007ff9af1ce000 	c:\Users\DELL\.antigravity\extensions\redhat.java-1.54.0-win32-x64\jre\21.0.10-win32-x86_64\bin\VCRUNTIME140.dll
0x00007ff9a1fa0000 - 0x00007ff9a1fb8000 	c:\Users\DELL\.antigravity\extensions\redhat.java-1.54.0-win32-x64\jre\21.0.10-win32-x86_64\bin\jli.dll
0x00007ff9d3e80000 - 0x00007ff9d4046000 	C:\WINDOWS\System32\USER32.dll
0x00007ff9b9a90000 - 0x00007ff9b9d22000 	C:\WINDOWS\WinSxS\amd64_microsoft.windows.common-controls_6595b64144ccf1df_6.0.26100.8457_none_3e0b2faee331e92d\COMCTL32.dll
0x00007ff9d3030000 - 0x00007ff9d3057000 	C:\WINDOWS\System32\win32u.dll
0x00007ff9d45f0000 - 0x00007ff9d4699000 	C:\WINDOWS\System32\msvcrt.dll
0x00007ff9d50d0000 - 0x00007ff9d50fb000 	C:\WINDOWS\System32\GDI32.dll
0x00007ff9d23d0000 - 0x00007ff9d24fc000 	C:\WINDOWS\System32\gdi32full.dll
0x00007ff9d2110000 - 0x00007ff9d21b3000 	C:\WINDOWS\System32\msvcp_win.dll
0x00007ff9d4c20000 - 0x00007ff9d4c52000 	C:\WINDOWS\System32\IMM32.DLL
0x00007ff9bfff0000 - 0x00007ff9bfffc000 	c:\Users\DELL\.antigravity\extensions\redhat.java-1.54.0-win32-x64\jre\21.0.10-win32-x86_64\bin\vcruntime140_1.dll
0x00007ff9614a0000 - 0x00007ff96152d000 	c:\Users\DELL\.antigravity\extensions\redhat.java-1.54.0-win32-x64\jre\21.0.10-win32-x86_64\bin\msvcp140.dll
0x00007ff95e9d0000 - 0x00007ff95f771000 	c:\Users\DELL\.antigravity\extensions\redhat.java-1.54.0-win32-x64\jre\21.0.10-win32-x86_64\bin\server\jvm.dll
0x00007ff9d4d40000 - 0x00007ff9d4df6000 	C:\WINDOWS\System32\ADVAPI32.dll
0x00007ff9d43e0000 - 0x00007ff9d4487000 	C:\WINDOWS\System32\sechost.dll
0x00007ff9d4fb0000 - 0x00007ff9d50c8000 	C:\WINDOWS\System32\RPCRT4.dll
0x00007ff9d4e10000 - 0x00007ff9d4e90000 	C:\WINDOWS\System32\WS2_32.dll
0x00007ff9d1b90000 - 0x00007ff9d1bee000 	C:\WINDOWS\SYSTEM32\POWRPROF.dll
0x00007ff9baeb0000 - 0x00007ff9baebb000 	C:\WINDOWS\SYSTEM32\VERSION.dll
0x00007ff9ccd80000 - 0x00007ff9ccdb6000 	C:\WINDOWS\SYSTEM32\WINMM.dll
0x00007ff9d1b70000 - 0x00007ff9d1b84000 	C:\WINDOWS\SYSTEM32\UMPDC.dll
0x00007ff9d0a00000 - 0x00007ff9d0a1b000 	C:\WINDOWS\SYSTEM32\kernel.appcore.dll
0x00007ff9bffc0000 - 0x00007ff9bffca000 	c:\Users\DELL\.antigravity\extensions\redhat.java-1.54.0-win32-x64\jre\21.0.10-win32-x86_64\bin\jimage.dll
0x00007ff9cfaf0000 - 0x00007ff9cfd32000 	C:\WINDOWS\SYSTEM32\DBGHELP.DLL
0x00007ff9d4050000 - 0x00007ff9d43d3000 	C:\WINDOWS\System32\combase.dll
0x00007ff9d4960000 - 0x00007ff9d4a39000 	C:\WINDOWS\System32\OLEAUT32.dll
0x00007ff9b5d60000 - 0x00007ff9b5d9b000 	C:\WINDOWS\SYSTEM32\dbgcore.DLL
0x00007ff9d2650000 - 0x00007ff9d26f8000 	C:\WINDOWS\System32\bcryptPrimitives.dll
0x00007ff993470000 - 0x00007ff99347f000 	c:\Users\DELL\.antigravity\extensions\redhat.java-1.54.0-win32-x64\jre\21.0.10-win32-x86_64\bin\instrument.dll
0x00007ff9a1ba0000 - 0x00007ff9a1bc0000 	c:\Users\DELL\.antigravity\extensions\redhat.java-1.54.0-win32-x64\jre\21.0.10-win32-x86_64\bin\java.dll
0x00007ff9d3570000 - 0x00007ff9d3cde000 	C:\WINDOWS\System32\SHELL32.dll
0x00007ff9d2700000 - 0x00007ff9d2f6c000 	C:\WINDOWS\System32\windows.storage.dll
0x00007ff9d4eb0000 - 0x00007ff9d4fa6000 	C:\WINDOWS\System32\SHCORE.dll
0x00007ff9d4cb0000 - 0x00007ff9d4d16000 	C:\WINDOWS\System32\shlwapi.dll
0x00007ff9d1c30000 - 0x00007ff9d1c59000 	C:\WINDOWS\SYSTEM32\profapi.dll
0x00007ff9963b0000 - 0x00007ff9963c8000 	c:\Users\DELL\.antigravity\extensions\redhat.java-1.54.0-win32-x64\jre\21.0.10-win32-x86_64\bin\zip.dll
0x00007ff9bf990000 - 0x00007ff9bf9a0000 	C:\Users\DELL\.antigravity\extensions\redhat.java-1.54.0-win32-x64\jre\21.0.10-win32-x86_64\bin\net.dll
0x00007ff9c8a60000 - 0x00007ff9c8b89000 	C:\WINDOWS\SYSTEM32\WINHTTP.dll
0x00007ff9d1010000 - 0x00007ff9d107c000 	C:\WINDOWS\system32\mswsock.dll
0x00007ff990e00000 - 0x00007ff990e16000 	C:\Users\DELL\.antigravity\extensions\redhat.java-1.54.0-win32-x64\jre\21.0.10-win32-x86_64\bin\nio.dll
0x00007ff994f50000 - 0x00007ff994f60000 	c:\Users\DELL\.antigravity\extensions\redhat.java-1.54.0-win32-x64\jre\21.0.10-win32-x86_64\bin\verify.dll
0x00007ff961830000 - 0x00007ff961875000 	C:\Users\DELL\AppData\Roaming\Antigravity\User\globalStorage\redhat.java\1.54.0\config_win\org.eclipse.equinox.launcher\org.eclipse.equinox.launcher.win32.win32.x86_64_1.3.0.v20260203-2149\eclipse_11919.dll
0x00007ff9d5100000 - 0x00007ff9d5297000 	C:\WINDOWS\System32\ole32.dll
0x00007ff9d12f0000 - 0x00007ff9d130b000 	C:\WINDOWS\SYSTEM32\CRYPTSP.dll
0x00007ff9d0a20000 - 0x00007ff9d0a59000 	C:\WINDOWS\system32\rsaenh.dll
0x00007ff9d10c0000 - 0x00007ff9d10f3000 	C:\WINDOWS\SYSTEM32\USERENV.dll
0x00007ff9d1c00000 - 0x00007ff9d1c2a000 	C:\WINDOWS\SYSTEM32\bcrypt.dll
0x00007ff9d1310000 - 0x00007ff9d131c000 	C:\WINDOWS\SYSTEM32\CRYPTBASE.dll
0x00007ff9d04b0000 - 0x00007ff9d04e2000 	C:\WINDOWS\SYSTEM32\IPHLPAPI.DLL
0x00007ff9d46a0000 - 0x00007ff9d46aa000 	C:\WINDOWS\System32\NSI.dll
0x00007ff9617e0000 - 0x00007ff961829000 	C:\Users\DELL\AppData\Local\Temp\jna-2094529\jna7859042860987527024.dll
0x00007ff9d4ea0000 - 0x00007ff9d4ea8000 	C:\WINDOWS\System32\PSAPI.DLL
0x00007ff9c8c40000 - 0x00007ff9c8c5d000 	C:\WINDOWS\SYSTEM32\dhcpcsvc6.DLL
0x00007ff9c8c10000 - 0x00007ff9c8c35000 	C:\WINDOWS\SYSTEM32\dhcpcsvc.DLL
0x00007ff959150000 - 0x00007ff959177000 	C:\Users\DELL\.gradle\native\660c5614fbf4a5f2a75b1949f50a0caf5cd603558e7d8a26e50b933a0cfb79d1\windows-amd64\native-platform.dll
0x00007ff9bf210000 - 0x00007ff9bf21a000 	C:\Users\DELL\.antigravity\extensions\redhat.java-1.54.0-win32-x64\jre\21.0.10-win32-x86_64\bin\management.dll
0x00007ff9be3a0000 - 0x00007ff9be3ac000 	C:\Users\DELL\.antigravity\extensions\redhat.java-1.54.0-win32-x64\jre\21.0.10-win32-x86_64\bin\management_ext.dll
0x00007ff9a04c0000 - 0x00007ff9a04e7000 	C:\Users\DELL\.gradle\native\660c5614fbf4a5f2a75b1949f50a0caf5cd603558e7d8a26e50b933a0cfb79d1\windows-amd64-min\native-platform.dll
0x00007ff98e220000 - 0x00007ff98e229000 	C:\Users\DELL\.antigravity\extensions\redhat.java-1.54.0-win32-x64\jre\21.0.10-win32-x86_64\bin\extnet.dll
0x00007ff98ec30000 - 0x00007ff98ec3e000 	C:\Users\DELL\.antigravity\extensions\redhat.java-1.54.0-win32-x64\jre\21.0.10-win32-x86_64\bin\sunmscapi.dll
0x00007ff9d21c0000 - 0x00007ff9d2338000 	C:\WINDOWS\System32\CRYPT32.dll
0x00007ff9d1510000 - 0x00007ff9d1540000 	C:\WINDOWS\SYSTEM32\ncrypt.dll
0x00007ff9d14c0000 - 0x00007ff9d14ff000 	C:\WINDOWS\SYSTEM32\NTASN1.dll
0x00007ff99fa90000 - 0x00007ff99fa98000 	C:\WINDOWS\system32\wshunix.dll
0x00007ff9d0bc0000 - 0x00007ff9d0bf6000 	C:\WINDOWS\SYSTEM32\ntmarta.dll

JVMTI agents:
c:\Users\DELL\.antigravity\extensions\redhat.java-1.54.0-win32-x64\lombok\lombok-1.18.39-4050.jar path:c:\Users\DELL\.antigravity\extensions\redhat.java-1.54.0-win32-x64\jre\21.0.10-win32-x86_64\bin\instrument.dll, loaded, initialized, instrumentlib options:none

dbghelp: loaded successfully - version: 4.0.5 - missing functions: none
symbol engine: initialized successfully - sym options: 0x614 - pdb path: .;c:\Users\DELL\.antigravity\extensions\redhat.java-1.54.0-win32-x64\jre\21.0.10-win32-x86_64\bin;C:\WINDOWS\SYSTEM32;C:\WINDOWS\WinSxS\amd64_microsoft.windows.common-controls_6595b64144ccf1df_6.0.26100.8457_none_3e0b2faee331e92d;c:\Users\DELL\.antigravity\extensions\redhat.java-1.54.0-win32-x64\jre\21.0.10-win32-x86_64\bin\server;C:\Users\DELL\AppData\Roaming\Antigravity\User\globalStorage\redhat.java\1.54.0\config_win\org.eclipse.equinox.launcher\org.eclipse.equinox.launcher.win32.win32.x86_64_1.3.0.v20260203-2149;C:\Users\DELL\AppData\Local\Temp\jna-2094529;C:\Users\DELL\.gradle\native\660c5614fbf4a5f2a75b1949f50a0caf5cd603558e7d8a26e50b933a0cfb79d1\windows-amd64;C:\Users\DELL\.gradle\native\660c5614fbf4a5f2a75b1949f50a0caf5cd603558e7d8a26e50b933a0cfb79d1\windows-amd64-min

VM Arguments:
jvm_args: --add-modules=ALL-SYSTEM --add-opens=java.base/java.util=ALL-UNNAMED --add-opens=java.base/java.lang=ALL-UNNAMED --add-opens=java.base/sun.nio.fs=ALL-UNNAMED -Declipse.application=org.eclipse.jdt.ls.core.id1 -Dosgi.bundles.defaultStartLevel=4 -Declipse.product=org.eclipse.jdt.ls.core.product -Djava.import.generatesMetadataFilesAtProjectRoot=false -DDetectVMInstallationsJob.disabled=true -Dfile.encoding=utf8 -XX:+UseParallelGC -XX:GCTimeRatio=4 -XX:AdaptiveSizePolicyWeight=90 -Dsun.zip.disableMemoryMapping=true -Xmx2G -Xms100m -Xlog:disable -javaagent:c:\Users\DELL\.antigravity\extensions\redhat.java-1.54.0-win32-x64\lombok\lombok-1.18.39-4050.jar -XX:+HeapDumpOnOutOfMemoryError -XX:HeapDumpPath=c:\Users\DELL\AppData\Roaming\Antigravity\User\workspaceStorage\c76b58d2129dea57c08b9b67006052ab\redhat.java -Daether.dependencyCollector.impl=bf 
java_command: c:\Users\DELL\.antigravity\extensions\redhat.java-1.54.0-win32-x64\server\plugins\org.eclipse.equinox.launcher_1.7.100.v20251111-0406.jar -configuration c:\Users\DELL\AppData\Roaming\Antigravity\User\globalStorage\redhat.java\1.54.0\config_win -data c:\Users\DELL\AppData\Roaming\Antigravity\User\workspaceStorage\c76b58d2129dea57c08b9b67006052ab\redhat.java\jdt_ws --pipe=\\.\pipe\lsp-6e3d289ad6bd766ed284892d518c3f3e-sock
java_class_path (initial): c:\Users\DELL\.antigravity\extensions\redhat.java-1.54.0-win32-x64\server\plugins\org.eclipse.equinox.launcher_1.7.100.v20251111-0406.jar
Launcher Type: SUN_STANDARD

[Global flags]
    uintx AdaptiveSizePolicyWeight                 = 90                                        {product} {command line}
     intx CICompilerCount                          = 4                                         {product} {ergonomic}
    uintx GCTimeRatio                              = 4                                         {product} {command line}
     bool HeapDumpOnOutOfMemoryError               = true                                   {manageable} {command line}
    ccstr HeapDumpPath                             = c:\Users\DELL\AppData\Roaming\Antigravity\User\workspaceStorage\c76b58d2129dea57c08b9b67006052ab\redhat.java         {manageable} {command line}
   size_t InitialHeapSize                          = 104857600                                 {product} {command line}
   size_t MaxHeapSize                              = 2147483648                                {product} {command line}
   size_t MaxNewSize                               = 715653120                                 {product} {ergonomic}
   size_t MinHeapDeltaBytes                        = 524288                                    {product} {ergonomic}
   size_t MinHeapSize                              = 104857600                                 {product} {command line}
   size_t NewSize                                  = 34603008                                  {product} {ergonomic}
    uintx NonNMethodCodeHeapSize                   = 5839372                                {pd product} {ergonomic}
    uintx NonProfiledCodeHeapSize                  = 122909434                              {pd product} {ergonomic}
   size_t OldSize                                  = 70254592                                  {product} {ergonomic}
    uintx ProfiledCodeHeapSize                     = 122909434                              {pd product} {ergonomic}
    uintx ReservedCodeCacheSize                    = 251658240                              {pd product} {ergonomic}
     bool SegmentedCodeCache                       = true                                      {product} {ergonomic}
   size_t SoftMaxHeapSize                          = 2147483648                             {manageable} {ergonomic}
     bool UseCompressedOops                        = true                           {product lp64_product} {ergonomic}
     bool UseLargePagesIndividualAllocation        = false                                  {pd product} {ergonomic}
     bool UseParallelGC                            = true                                      {product} {command line}

Logging:
Log output configuration:
 #0: stdout all=off uptime,level,tags foldmultilines=false
 #1: stderr all=off uptime,level,tags foldmultilines=false

Release file:
JAVA_VERSION="21.0.10" 
MODULES="java.base java.compiler java.datatransfer java.xml java.prefs java.desktop java.instrument java.logging java.management java.security.sasl java.naming java.rmi java.management.rmi java.net.http java.scripting java.security.jgss java.transaction.xa java.sql java.sql.rowset java.xml.crypto java.se java.smartcardio jdk.accessibility jdk.internal.jvmstat jdk.attach jdk.charsets jdk.internal.opt jdk.zipfs jdk.compiler jdk.crypto.ec jdk.crypto.cryptoki jdk.crypto.mscapi jdk.dynalink jdk.internal.ed jdk.editpad jdk.hotspot.agent jdk.httpserver jdk.internal.le jdk.internal.vm.ci jdk.internal.vm.compiler jdk.internal.vm.compiler.management jdk.jartool jdk.javadoc jdk.jcmd jdk.management jdk.management.agent jdk.jconsole jdk.jdeps jdk.jdwp.agent jdk.jdi jdk.jfr jdk.jshell jdk.jsobject jdk.jstatd jdk.localedata jdk.management.jfr jdk.naming.dns jdk.naming.rmi jdk.net jdk.nio.mapmode jdk.random jdk.sctp jdk.security.auth jdk.security.jgss jdk.unsupported jdk.unsupported.desktop jdk.xml.dom" 

Environment Variables:
JAVA_HOME=C:\Program Files\Microsoft\jdk-21.0.11.10-hotspot\
PATH=C:\Program Files\Microsoft\jdk-21.0.11.10-hotspot\bin;C:\Program Files (x86)\Common Files\Oracle\Java\java8path;C:\Program Files (x86)\Common Files\Oracle\Java\javapath;C:\Program Files\Microsoft MPI\Bin\;C:\WINDOWS\system32;C:\WINDOWS;C:\WINDOWS\System32\Wbem;C:\WINDOWS\System32\WindowsPowerShell\v1.0\;C:\WINDOWS\System32\OpenSSH\;C:\Program Files\dotnet\;C:\msys64\ucrt64\bin;C:\Program Files (x86)\Windows Kits\10\Windows Performance Toolkit\;C:\Program Files (x86)\Microsoft SQL Server\160\Tools\Binn\;C:\Program Files\Microsoft SQL Server\160\Tools\Binn\;C:\Program Files\Microsoft SQL Server\Client SDK\ODBC\170\Tools\Binn\;C:\Program Files\Microsoft SQL Server\160\DTS\Binn\;C:\Program Files (x86)\Microsoft SQL Server\160\DTS\Binn\;C:\Program Files\Microsoft SQL Server\170\DTS\Binn\;C:\Program Files\Git\cmd;C:\WINDOWS\system32\config\systemprofile\AppData\Local\Muse Hub\lib;C:\Program Files\PuTTY\;C:\Program Files\nodejs\;C:\Program Files\Void\bin;C:\Program Files\Docker\Docker\resources\bin;C:\Program Files\MySQL\MySQL Shell 8.0\bin\;C:\Users\DELL\AppData\Local\Programs\Python\Python310\Scripts\;C:\Users\DELL\AppData\Local\Programs\Python\Python310\;C:\Users\DELL\AppData\Local\Microsoft\WindowsApps;C:\Users\DELL\.dotnet\tools;C:\Users\DELL\AppData\Local\Programs\Microsoft VS Code\bin;C:\Users\DELL\AppData\Local\Pandoc\;C:\Users\DELL\AppData\Roaming\npm;C:\Program Files\MySQL\MySQL Server 8.0\bin;C:\Users\DELL\AppData\Local\Programs\cursor\resources\app\bin;C:\Users\DELL\AppData\Local\Programs\Antigravity\bin;C:\Users\DELL\AppData\Local\Microsoft\WindowsApps;C:\Program Files\Microsoft\jdk-21.0.11.10-hotspot\\bin;
USERNAME=DELL
OS=Windows_NT
PROCESSOR_IDENTIFIER=Intel64 Family 6 Model 154 Stepping 4, GenuineIntel
TMP=C:\Users\DELL\AppData\Local\Temp
TEMP=C:\Users\DELL\AppData\Local\Temp




Periodic native trim disabled

---------------  S Y S T E M  ---------------

OS:
 Windows 11 , 64 bit Build 26100 (10.0.26100.8328)
OS uptime: 0 days 4:34 hours

CPU: total 12 (initial active 12) (12 cores per cpu, 1 threads per core) family 6 model 154 stepping 4 microcode 0x43b, cx8, cmov, fxsr, mmx, 3dnowpref, sse, sse2, sse3, ssse3, sse4.1, sse4.2, popcnt, lzcnt, tsc, tscinvbit, avx, avx2, aes, erms, clmul, bmi1, bmi2, adx, sha, fma, vzeroupper, clflush, clflushopt, clwb, serialize, rdtscp, rdpid, fsrm, f16c, pku, cet_ibt, cet_ss
Processor Information for the first 12 processors :
  Max Mhz: 1300, Current Mhz: 1300, Mhz Limit: 1300

Memory: 4k page, system-wide physical 16068M (624M free)
TotalPageFile size 31428M (AvailPageFile size 47M)
current process WorkingSet (physical memory assigned to process): 446M, peak: 446M
current process commit charge ("private bytes"): 537M, peak: 538M

vm_info: OpenJDK 64-Bit Server VM (21.0.10+7-LTS) for windows-amd64 JRE (21.0.10+7-LTS), built on 2026-01-20T00:00:00Z by "admin" with MS VC++ 17.12 (VS2022)

END.
