#
# There is insufficient memory for the Java Runtime Environment to continue.
# Native memory allocation (malloc) failed to allocate 1479120 bytes. Error detail: Chunk::new
# Possible reasons:
#   The system is out of physical RAM or swap space
#   This process is running with CompressedOops enabled, and the Java Heap may be blocking the growth of the native heap
# Possible solutions:
#   Reduce memory load on the system
#   Increase physical memory or swap space
#   Check if swap backing store is full
#   Decrease Java heap size (-Xmx/-Xms)
#   Decrease number of Java threads
#   Decrease Java thread stack sizes (-Xss)
#   Set larger code cache with -XX:ReservedCodeCacheSize=
#   JVM is running with Unscaled Compressed Oops mode in which the Java heap is
#     placed in the first 4GB address space. The Java Heap base address is the
#     maximum limit for the native heap growth. Please use -XX:HeapBaseMinAddress
#     to set the Java Heap base and to place the Java Heap above 4GB virtual address.
# This output file may be truncated or incomplete.
#
#  Out of Memory Error (arena.cpp:168), pid=37040, tid=33444
#
# JRE version: OpenJDK Runtime Environment Temurin-21.0.10+7 (21.0.10+7) (build 21.0.10+7-LTS)
# Java VM: OpenJDK 64-Bit Server VM Temurin-21.0.10+7 (21.0.10+7-LTS, mixed mode, sharing, tiered, compressed oops, compressed class ptrs, parallel gc, windows-amd64)
# No core dump will be written. Minidumps are not enabled by default on client versions of Windows
#

---------------  S U M M A R Y ------------

Command Line: --add-modules=ALL-SYSTEM --add-opens=java.base/java.util=ALL-UNNAMED --add-opens=java.base/java.lang=ALL-UNNAMED --add-opens=java.base/sun.nio.fs=ALL-UNNAMED -Declipse.application=org.eclipse.jdt.ls.core.id1 -Dosgi.bundles.defaultStartLevel=4 -Declipse.product=org.eclipse.jdt.ls.core.product -Djava.import.generatesMetadataFilesAtProjectRoot=false -DDetectVMInstallationsJob.disabled=true -Dfile.encoding=utf8 -XX:+UseParallelGC -XX:GCTimeRatio=4 -XX:AdaptiveSizePolicyWeight=90 -Dsun.zip.disableMemoryMapping=true -Xmx2G -Xms100m -Xlog:disable -javaagent:c:\Users\DELL\.antigravity\extensions\redhat.java-1.54.0-win32-x64\lombok\lombok-1.18.39-4050.jar -XX:+HeapDumpOnOutOfMemoryError -XX:HeapDumpPath=c:\Users\DELL\AppData\Roaming\Antigravity\User\workspaceStorage\c76b58d2129dea57c08b9b67006052ab\redhat.java -Daether.dependencyCollector.impl=bf c:\Users\DELL\.antigravity\extensions\redhat.java-1.54.0-win32-x64\server\plugins\org.eclipse.equinox.launcher_1.7.100.v20251111-0406.jar -configuration c:\Users\DELL\AppData\Roaming\Antigravity\User\globalStorage\redhat.java\1.54.0\config_win -data c:\Users\DELL\AppData\Roaming\Antigravity\User\workspaceStorage\c76b58d2129dea57c08b9b67006052ab\redhat.java\jdt_ws --pipe=\\.\pipe\lsp-36b742e9bcfa806da2119ade405e24ca-sock

Host: 12th Gen Intel(R) Core(TM) i5-1235U, 12 cores, 15G,  Windows 11 , 64 bit Build 26100 (10.0.26100.8246)
Time: Mon May 11 19:43:26 2026 SE Asia Standard Time elapsed time: 10297.739084 seconds (0d 2h 51m 37s)

---------------  T H R E A D  ---------------

Current thread (0x000001144074e280):  JavaThread "C2 CompilerThread0" daemon [_thread_in_native, id=33444, stack(0x0000000af4400000,0x0000000af4500000) (1024K)]


Current CompileTask:
C2:10297739 23341   !   4       org.eclipse.jdt.internal.core.ClassFileInfo::generateMethodInfos (750 bytes)

Stack: [0x0000000af4400000,0x0000000af4500000]
Native frames: (J=compiled Java code, j=interpreted, Vv=VM code, C=native code)
V  [jvm.dll+0x6d7a39]
V  [jvm.dll+0x8b4b26]
V  [jvm.dll+0x8b70de]
V  [jvm.dll+0x8b77c3]
V  [jvm.dll+0x284346]
V  [jvm.dll+0xc66ed]
V  [jvm.dll+0xc6c31]
V  [jvm.dll+0x3bec3b]
V  [jvm.dll+0x1e3bc4]
V  [jvm.dll+0x24c6b3]
V  [jvm.dll+0x24bb40]
V  [jvm.dll+0x1cb34e]
V  [jvm.dll+0x25b85d]
V  [jvm.dll+0x259dea]
V  [jvm.dll+0x3f857e]
V  [jvm.dll+0x85f59d]
V  [jvm.dll+0x6d626d]
C  [ucrtbase.dll+0x37b0]
C  [KERNEL32.DLL+0x2e8d7]
C  [ntdll.dll+0x8c3fc]


---------------  P R O C E S S  ---------------

Threads class SMR info:
_java_thread_list=0x000001149faa6330, length=53, elements={
0x000001144069def0, 0x0000011440744400, 0x000001144064e770, 0x0000011440747100,
0x0000011440749b70, 0x000001144074a5d0, 0x000001144074b030, 0x000001144074e280,
0x000001144075b230, 0x0000011499619890, 0x000001149978e170, 0x000001149abf4260,
0x000001149f18b540, 0x000001149f114df0, 0x000001149a5e6930, 0x000001149f05ac10,
0x000001149ab258e0, 0x000001149f606030, 0x000001149947c090, 0x00000114a087b5d0,
0x00000114a087d6a0, 0x00000114a087a220, 0x00000114a087c2f0, 0x00000114a087dd30,
0x00000114a087c980, 0x00000114a087a8b0, 0x00000114a0881840, 0x00000114a08811b0,
0x00000114a087f0e0, 0x00000114a087e3c0, 0x00000114a087f770, 0x00000114a087ea50,
0x00000114a087fe00, 0x00000114a0880490, 0x00000114a0880b20, 0x00000114a230a990,
0x00000114a230fee0, 0x00000114a2450790, 0x000001149947ace0, 0x00000114b002ea30,
0x00000114b002c960, 0x00000114b0029b70, 0x00000114b002d680, 0x00000114b002a200,
0x00000114b002dd10, 0x00000114b002a890, 0x00000114b002af20, 0x00000114b002fde0,
0x00000114b0030470, 0x00000114b0030b00, 0x00000114b00294e0, 0x00000114aa3e8a40,
0x00000114aa3e8370
}

Java Threads: ( => current thread )
  0x000001144069def0 JavaThread "main"                              [_thread_blocked, id=13172, stack(0x0000000af3a00000,0x0000000af3b00000) (1024K)]
  0x0000011440744400 JavaThread "Reference Handler"          daemon [_thread_blocked, id=7836, stack(0x0000000af3e00000,0x0000000af3f00000) (1024K)]
  0x000001144064e770 JavaThread "Finalizer"                  daemon [_thread_blocked, id=19688, stack(0x0000000af3f00000,0x0000000af4000000) (1024K)]
  0x0000011440747100 JavaThread "Signal Dispatcher"          daemon [_thread_blocked, id=18764, stack(0x0000000af4000000,0x0000000af4100000) (1024K)]
  0x0000011440749b70 JavaThread "Attach Listener"            daemon [_thread_blocked, id=37436, stack(0x0000000af4100000,0x0000000af4200000) (1024K)]
  0x000001144074a5d0 JavaThread "Service Thread"             daemon [_thread_blocked, id=15256, stack(0x0000000af4200000,0x0000000af4300000) (1024K)]
  0x000001144074b030 JavaThread "Monitor Deflation Thread"   daemon [_thread_blocked, id=6024, stack(0x0000000af4300000,0x0000000af4400000) (1024K)]
=>0x000001144074e280 JavaThread "C2 CompilerThread0"         daemon [_thread_in_native, id=33444, stack(0x0000000af4400000,0x0000000af4500000) (1024K)]
  0x000001144075b230 JavaThread "C1 CompilerThread0"         daemon [_thread_blocked, id=11188, stack(0x0000000af4500000,0x0000000af4600000) (1024K)]
  0x0000011499619890 JavaThread "Common-Cleaner"             daemon [_thread_blocked, id=15536, stack(0x0000000af4600000,0x0000000af4700000) (1024K)]
  0x000001149978e170 JavaThread "Notification Thread"        daemon [_thread_blocked, id=37232, stack(0x0000000af4700000,0x0000000af4800000) (1024K)]
  0x000001149abf4260 JavaThread "Active Thread: Equinox Container: 1b5abd71-7242-4c73-81b6-15c37108da99"        [_thread_blocked, id=10752, stack(0x0000000af4800000,0x0000000af4900000) (1024K)]
  0x000001149f18b540 JavaThread "Refresh Thread: Equinox Container: 1b5abd71-7242-4c73-81b6-15c37108da99" daemon [_thread_blocked, id=17700, stack(0x0000000af5000000,0x0000000af5100000) (1024K)]
  0x000001149f114df0 JavaThread "Framework Event Dispatcher: Equinox Container: 1b5abd71-7242-4c73-81b6-15c37108da99" daemon [_thread_blocked, id=36236, stack(0x0000000af5100000,0x0000000af5200000) (1024K)]
  0x000001149a5e6930 JavaThread "Start Level: Equinox Container: 1b5abd71-7242-4c73-81b6-15c37108da99" daemon [_thread_blocked, id=32236, stack(0x0000000af5200000,0x0000000af5300000) (1024K)]
  0x000001149f05ac10 JavaThread "Bundle File Closer"         daemon [_thread_blocked, id=36600, stack(0x0000000af5500000,0x0000000af5600000) (1024K)]
  0x000001149ab258e0 JavaThread "SCR Component Actor"        daemon [_thread_blocked, id=35024, stack(0x0000000af3800000,0x0000000af3900000) (1024K)]
  0x000001149f606030 JavaThread "Worker-JM"                         [_thread_blocked, id=37276, stack(0x0000000af3900000,0x0000000af3a00000) (1024K)]
  0x000001149947c090 JavaThread "JNA Cleaner"                daemon [_thread_blocked, id=35816, stack(0x0000000af5800000,0x0000000af5900000) (1024K)]
  0x00000114a087b5d0 JavaThread "Java indexing"              daemon [_thread_blocked, id=36028, stack(0x0000000af5e00000,0x0000000af5f00000) (1024K)]
  0x00000114a087d6a0 JavaThread "Thread-1"                   daemon [_thread_in_native, id=12032, stack(0x0000000af6300000,0x0000000af6400000) (1024K)]
  0x00000114a087a220 JavaThread "Thread-2"                   daemon [_thread_in_native, id=37264, stack(0x0000000af6400000,0x0000000af6500000) (1024K)]
  0x00000114a087c2f0 JavaThread "Thread-3"                   daemon [_thread_in_native, id=20780, stack(0x0000000af6500000,0x0000000af6600000) (1024K)]
  0x00000114a087dd30 JavaThread "Thread-4"                   daemon [_thread_in_native, id=26460, stack(0x0000000af6600000,0x0000000af6700000) (1024K)]
  0x00000114a087c980 JavaThread "Thread-5"                   daemon [_thread_in_native, id=16628, stack(0x0000000af6700000,0x0000000af6800000) (1024K)]
  0x00000114a087a8b0 JavaThread "Thread-6"                   daemon [_thread_in_native, id=37464, stack(0x0000000af6800000,0x0000000af6900000) (1024K)]
  0x00000114a0881840 JavaThread "Thread-7"                   daemon [_thread_in_native, id=13592, stack(0x0000000af6900000,0x0000000af6a00000) (1024K)]
  0x00000114a08811b0 JavaThread "Thread-8"                   daemon [_thread_in_native, id=37120, stack(0x0000000af6a00000,0x0000000af6b00000) (1024K)]
  0x00000114a087f0e0 JavaThread "Thread-9"                   daemon [_thread_in_native, id=14568, stack(0x0000000af6b00000,0x0000000af6c00000) (1024K)]
  0x00000114a087e3c0 JavaThread "Thread-10"                  daemon [_thread_in_native, id=37312, stack(0x0000000af6c00000,0x0000000af6d00000) (1024K)]
  0x00000114a087f770 JavaThread "Thread-11"                  daemon [_thread_in_native, id=36232, stack(0x0000000af6d00000,0x0000000af6e00000) (1024K)]
  0x00000114a087ea50 JavaThread "Thread-12"                  daemon [_thread_in_native, id=31644, stack(0x0000000af6e00000,0x0000000af6f00000) (1024K)]
  0x00000114a087fe00 JavaThread "Thread-13"                  daemon [_thread_in_native, id=27456, stack(0x0000000af6f00000,0x0000000af7000000) (1024K)]
  0x00000114a0880490 JavaThread "pool-2-thread-1"                   [_thread_blocked, id=17564, stack(0x0000000af7000000,0x0000000af7100000) (1024K)]
  0x00000114a0880b20 JavaThread "WorkspaceEventsHandler"            [_thread_blocked, id=36144, stack(0x0000000af7100000,0x0000000af7200000) (1024K)]
  0x00000114a230a990 JavaThread "pool-1-thread-1"                   [_thread_blocked, id=15156, stack(0x0000000af7200000,0x0000000af7300000) (1024K)]
  0x00000114a230fee0 JavaThread "Timer-0"                           [_thread_blocked, id=1100, stack(0x0000000af7c00000,0x0000000af7d00000) (1024K)]
  0x00000114a2450790 JavaThread "Cleaner-0"                  daemon [_thread_blocked, id=31488, stack(0x0000000af8300000,0x0000000af8400000) (1024K)]
  0x000001149947ace0 JavaThread "Worker-21"                         [_thread_blocked, id=48840, stack(0x0000000af5b00000,0x0000000af5c00000) (1024K)]
  0x00000114b002ea30 JavaThread "Worker-32"                         [_thread_blocked, id=49100, stack(0x0000000af5f00000,0x0000000af6000000) (1024K)]
  0x00000114b002c960 JavaThread "ForkJoinPool.commonPool-worker-49" daemon [_thread_blocked, id=49904, stack(0x0000000af5600000,0x0000000af5700000) (1024K)]
  0x00000114b0029b70 JavaThread "ForkJoinPool.commonPool-worker-51" daemon [_thread_blocked, id=52184, stack(0x0000000af5900000,0x0000000af5a00000) (1024K)]
  0x00000114b002d680 JavaThread "ForkJoinPool.commonPool-worker-52" daemon [_thread_blocked, id=53160, stack(0x0000000af5a00000,0x0000000af5b00000) (1024K)]
  0x00000114b002a200 JavaThread "ForkJoinPool.commonPool-worker-53" daemon [_thread_blocked, id=49500, stack(0x0000000af5c00000,0x0000000af5d00000) (1024K)]
  0x00000114b002dd10 JavaThread "ForkJoinPool.commonPool-worker-54" daemon [_thread_blocked, id=52132, stack(0x0000000af5d00000,0x0000000af5e00000) (1024K)]
  0x00000114b002a890 JavaThread "ForkJoinPool.commonPool-worker-55" daemon [_thread_blocked, id=20864, stack(0x0000000af6000000,0x0000000af6100000) (1024K)]
  0x00000114b002af20 JavaThread "ForkJoinPool.commonPool-worker-56" daemon [_thread_blocked, id=40180, stack(0x0000000af6100000,0x0000000af6200000) (1024K)]
  0x00000114b002fde0 JavaThread "ForkJoinPool.commonPool-worker-57" daemon [_thread_blocked, id=51228, stack(0x0000000af6200000,0x0000000af6300000) (1024K)]
  0x00000114b0030470 JavaThread "ForkJoinPool.commonPool-worker-58" daemon [_thread_blocked, id=52876, stack(0x0000000af7300000,0x0000000af7400000) (1024K)]
  0x00000114b0030b00 JavaThread "ForkJoinPool.commonPool-worker-59" daemon [_thread_in_Java, id=31024, stack(0x0000000af7400000,0x0000000af7500000) (1024K)]
  0x00000114b00294e0 JavaThread "ForkJoinPool.commonPool-worker-60" daemon [_thread_blocked, id=53396, stack(0x0000000af5700000,0x0000000af5800000) (1024K)]
  0x00000114aa3e8a40 JavaThread "C2 CompilerThread1"         daemon [_thread_in_native, id=26016, stack(0x0000000af7600000,0x0000000af7700000) (1024K)]
  0x00000114aa3e8370 JavaThread "C2 CompilerThread2"         daemon [_thread_blocked, id=26032, stack(0x0000000af7700000,0x0000000af7800000) (1024K)]
Total: 53

Other Threads:
  0x000001144073fa20 VMThread "VM Thread"                           [id=34124, stack(0x0000000af3d00000,0x0000000af3e00000) (1024K)]
  0x000001144052ca00 WatcherThread "VM Periodic Task Thread"        [id=18296, stack(0x0000000af3c00000,0x0000000af3d00000) (1024K)]
  0x00000114406bc340 WorkerThread "GC Thread#0"                     [id=8516, stack(0x0000000af3b00000,0x0000000af3c00000) (1024K)]
  0x000001149a76ab10 WorkerThread "GC Thread#1"                     [id=37524, stack(0x0000000af4900000,0x0000000af4a00000) (1024K)]
  0x000001149a76aec0 WorkerThread "GC Thread#2"                     [id=34064, stack(0x0000000af4a00000,0x0000000af4b00000) (1024K)]
  0x000001149a76b270 WorkerThread "GC Thread#3"                     [id=17808, stack(0x0000000af4b00000,0x0000000af4c00000) (1024K)]
  0x000001149a76b620 WorkerThread "GC Thread#4"                     [id=36860, stack(0x0000000af4c00000,0x0000000af4d00000) (1024K)]
  0x000001149a76b9d0 WorkerThread "GC Thread#5"                     [id=9256, stack(0x0000000af4d00000,0x0000000af4e00000) (1024K)]
  0x000001149a5a9ea0 WorkerThread "GC Thread#6"                     [id=36104, stack(0x0000000af4e00000,0x0000000af4f00000) (1024K)]
  0x000001144069ea50 WorkerThread "GC Thread#7"                     [id=34384, stack(0x0000000af4f00000,0x0000000af5000000) (1024K)]
  0x000001149f43c9d0 WorkerThread "GC Thread#8"                     [id=27252, stack(0x0000000af5300000,0x0000000af5400000) (1024K)]
  0x000001149a9ddbf0 WorkerThread "GC Thread#9"                     [id=31140, stack(0x0000000af5400000,0x0000000af5500000) (1024K)]
Total: 12

Threads with active compile tasks:
C2 CompilerThread0  10297772 23341   !   4       org.eclipse.jdt.internal.core.ClassFileInfo::generateMethodInfos (750 bytes)
C2 CompilerThread1  10297772 23375   !   4       org.eclipse.jdt.internal.compiler.util.JRTUtil::safeReadBytes (46 bytes)
Total: 2

VM state: not at safepoint (normal execution)

VM Mutex/Monitor currently owned by a thread: None

Heap address: 0x0000000080000000, size: 2048 MB, Compressed Oops mode: 32-bit

CDS archive(s) mapped at: [0x0000011457000000-0x0000011457ba0000-0x0000011457ba0000), size 12189696, SharedBaseAddress: 0x0000011457000000, ArchiveRelocationMode: 1.
Compressed class space mapped at: 0x0000011458000000-0x0000011498000000, reserved size: 1073741824
Narrow klass base: 0x0000011457000000, Narrow klass shift: 0, Narrow klass range: 0x100000000

GC Precious Log:
 CardTable entry size: 512
 CPUs: 12 total, 12 available
 Memory: 16068M
 Large Page Support: Disabled
 NUMA Support: Disabled
 Compressed Oops: Enabled (32-bit)
 Alignments: Space 512K, Generation 512K, Heap 2M
 Heap Min Capacity: 100M
 Heap Initial Capacity: 100M
 Heap Max Capacity: 2G
 Pre-touch: Disabled
 Parallel Workers: 10

Heap:
 PSYoungGen      total 13824K, used 5737K [0x00000000d5580000, 0x00000000d6880000, 0x0000000100000000)
  eden space 13312K, 39% used [0x00000000d5580000,0x00000000d5aaf4e8,0x00000000d6280000)
  from space 512K, 83% used [0x00000000d6400000,0x00000000d646b020,0x00000000d6480000)
  to   space 1536K, 0% used [0x00000000d6700000,0x00000000d6700000,0x00000000d6880000)
 ParOldGen       total 536576K, used 536254K [0x0000000080000000, 0x00000000a0c00000, 0x00000000d5580000)
  object space 536576K, 99% used [0x0000000080000000,0x00000000a0bafaf8,0x00000000a0c00000)
 Metaspace       used 95622K, committed 97280K, reserved 1179648K
  class space    used 10557K, committed 11328K, reserved 1048576K

Card table byte_map: [0x0000011440040000,0x0000011440450000] _byte_map_base: 0x000001143fc40000

Marking Bits: (ParMarkBitMap*) 0x00007ffe1cab3450
 Begin Bits: [0x0000011452b50000, 0x0000011454b50000)
 End Bits:   [0x0000011454b50000, 0x0000011456b50000)

Polling page: 0x000001143e730000

Metaspace:

Usage:
  Non-class:     83.07 MB used.
      Class:     10.31 MB used.
       Both:     93.38 MB used.

Virtual space:
  Non-class space:      128.00 MB reserved,      83.94 MB ( 66%) committed,  2 nodes.
      Class space:        1.00 GB reserved,      11.06 MB (  1%) committed,  1 nodes.
             Both:        1.12 GB reserved,      95.00 MB (  8%) committed. 

Chunk freelists:
   Non-Class:  12.02 MB
       Class:  4.85 MB
        Both:  16.87 MB

MaxMetaspaceSize: unlimited
CompressedClassSpaceSize: 1.00 GB
Initial GC threshold: 21.00 MB
Current GC threshold: 152.94 MB
CDS: on
 - commit_granule_bytes: 65536.
 - commit_granule_words: 8192.
 - virtual_space_node_default_size: 8388608.
 - enlarge_chunks_in_place: 1.
 - use_allocation_guard: 0.


Internal statistics:

num_allocs_failed_limit: 9.
num_arena_births: 2080.
num_arena_deaths: 670.
num_vsnodes_births: 3.
num_vsnodes_deaths: 0.
num_space_committed: 1520.
num_space_uncommitted: 0.
num_chunks_returned_to_freelist: 769.
num_chunks_taken_from_freelist: 7131.
num_chunk_merges: 216.
num_chunk_splits: 4125.
num_chunks_enlarged: 2343.
num_inconsistent_stats: 0.

CodeHeap 'non-profiled nmethods': size=120000Kb used=25665Kb max_used=25665Kb free=94335Kb
 bounds [0x000001144b370000, 0x000001144cc90000, 0x00000114528a0000]
CodeHeap 'profiled nmethods': size=120000Kb used=46667Kb max_used=46667Kb free=73332Kb
 bounds [0x00000114438a0000, 0x0000011446640000, 0x000001144add0000]
CodeHeap 'non-nmethods': size=5760Kb used=1495Kb max_used=1567Kb free=4264Kb
 bounds [0x000001144add0000, 0x000001144b040000, 0x000001144b370000]
CodeCache: size=245760Kb, used=73827Kb, max_used=73899Kb, free=171931Kb
 total_blobs=19523, nmethods=18708, adapters=716, full_count=0
Compilation: enabled, stopped_count=0, restarted_count=0

Compilation events (20 events):
Event: 10296.476 Thread 0x00000114aa3e8370 nmethod 23364 0x000001144cc72b10 code [0x000001144cc72ce0, 0x000001144cc73458]
Event: 10296.500 Thread 0x00000114aa3e8370 23365       4       java.util.TreeMap::navigableKeySet (27 bytes)
Event: 10296.503 Thread 0x00000114aa3e8370 nmethod 23365 0x000001144cc73b10 code [0x000001144cc73ca0, 0x000001144cc73db8]
Event: 10296.505 Thread 0x00000114aa3e8370 23366       4       java.util.TreeMap$KeySet::iterator (32 bytes)
Event: 10296.509 Thread 0x00000114aa3e8370 nmethod 23366 0x000001144cc73e90 code [0x000001144cc74020, 0x000001144cc741d8]
Event: 10296.557 Thread 0x00000114aa3e8a40 nmethod 23363 0x000001144cc74390 code [0x000001144cc74780, 0x000001144cc76ce8]
Event: 10296.561 Thread 0x00000114aa3e8370 23367       4       org.eclipse.jdt.internal.compiler.util.Util::scanIdentifier (71 bytes)
Event: 10296.563 Thread 0x00000114aa3e8370 nmethod 23367 0x000001144cc78e10 code [0x000001144cc78fa0, 0x000001144cc79178]
Event: 10296.618 Thread 0x000001144075b230 23368       1       org.eclipse.jdt.internal.compiler.classfmt.RecordComponentInfo::sizeInBytes (5 bytes)
Event: 10296.618 Thread 0x000001144075b230 nmethod 23368 0x000001144cc79310 code [0x000001144cc794a0, 0x000001144cc79568]
Event: 10296.625 Thread 0x00000114aa3e8a40 23369       4       jdk.internal.jrtfs.JrtFileSystem$1::close (10 bytes)
Event: 10296.628 Thread 0x00000114aa3e8a40 nmethod 23369 0x000001144cc79610 code [0x000001144cc797c0, 0x000001144cc79b20]
Event: 10296.630 Thread 0x00000114aa3e8a40 23370       4       org.eclipse.jdt.internal.compiler.classfmt.MethodInfo::decodeAnnotations (69 bytes)
Event: 10296.635 Thread 0x00000114aa3e8a40 nmethod 23370 0x000001144cc79d10 code [0x000001144cc79ec0, 0x000001144cc7a218]
Event: 10296.652 Thread 0x00000114aa3e8a40 23371       4       org.eclipse.jdt.internal.compiler.classfmt.MethodInfo::decodeMethodAnnotations (177 bytes)
Event: 10296.654 Thread 0x00000114aa3e8370 23372       4       org.eclipse.jdt.core.Signature::appendTypeSignature (513 bytes)
Event: 10296.660 Thread 0x00000114aa3e8370 nmethod 23372 0x000001144cc7a410 code [0x000001144cc7a6a0, 0x000001144cc7ac98]
Event: 10296.666 Thread 0x00000114aa3e8a40 nmethod 23371 0x000001144cc7b290 code [0x000001144cc7b460, 0x000001144cc7bc60]
Event: 10296.751 Thread 0x00000114aa3e8a40 23373       4       com.google.gson.stream.JsonWriter::value (24 bytes)
Event: 10296.751 Thread 0x00000114aa3e8370 23374       4       org.eclipse.lsp4j.adapters.SymbolInformationTypeAdapter::writeContainerName (7 bytes)

GC Heap History (20 events):
Event: 10296.521 GC heap after
{Heap after GC invocations=2453 (full 5):
 PSYoungGen      total 12288K, used 992K [0x00000000d5580000, 0x00000000d6280000, 0x0000000100000000)
  eden space 10752K, 0% used [0x00000000d5580000,0x00000000d5580000,0x00000000d6000000)
  from space 1536K, 64% used [0x00000000d6000000,0x00000000d60f8000,0x00000000d6180000)
  to   space 1024K, 0% used [0x00000000d6180000,0x00000000d6180000,0x00000000d6280000)
 ParOldGen       total 521216K, used 520705K [0x0000000080000000, 0x000000009fd00000, 0x00000000d5580000)
  object space 521216K, 99% used [0x0000000080000000,0x000000009fc80488,0x000000009fd00000)
 Metaspace       used 95622K, committed 97280K, reserved 1179648K
  class space    used 10557K, committed 11328K, reserved 1048576K
}
Event: 10296.552 GC heap before
{Heap before GC invocations=2454 (full 5):
 PSYoungGen      total 12288K, used 11744K [0x00000000d5580000, 0x00000000d6280000, 0x0000000100000000)
  eden space 10752K, 100% used [0x00000000d5580000,0x00000000d6000000,0x00000000d6000000)
  from space 1536K, 64% used [0x00000000d6000000,0x00000000d60f8000,0x00000000d6180000)
  to   space 1024K, 0% used [0x00000000d6180000,0x00000000d6180000,0x00000000d6280000)
 ParOldGen       total 521216K, used 520705K [0x0000000080000000, 0x000000009fd00000, 0x00000000d5580000)
  object space 521216K, 99% used [0x0000000080000000,0x000000009fc80488,0x000000009fd00000)
 Metaspace       used 95622K, committed 97280K, reserved 1179648K
  class space    used 10557K, committed 11328K, reserved 1048576K
}
Event: 10296.555 GC heap after
{Heap after GC invocations=2454 (full 5):
 PSYoungGen      total 11264K, used 1004K [0x00000000d5580000, 0x00000000d6400000, 0x0000000100000000)
  eden space 10240K, 0% used [0x00000000d5580000,0x00000000d5580000,0x00000000d5f80000)
  from space 1024K, 98% used [0x00000000d6180000,0x00000000d627b1e8,0x00000000d6280000)
  to   space 2048K, 0% used [0x00000000d5f80000,0x00000000d5f80000,0x00000000d6180000)
 ParOldGen       total 521728K, used 521573K [0x0000000080000000, 0x000000009fd80000, 0x00000000d5580000)
  object space 521728K, 99% used [0x0000000080000000,0x000000009fd59438,0x000000009fd80000)
 Metaspace       used 95622K, committed 97280K, reserved 1179648K
  class space    used 10557K, committed 11328K, reserved 1048576K
}
Event: 10296.581 GC heap before
{Heap before GC invocations=2455 (full 5):
 PSYoungGen      total 11264K, used 11225K [0x00000000d5580000, 0x00000000d6400000, 0x0000000100000000)
  eden space 10240K, 99% used [0x00000000d5580000,0x00000000d5f7b548,0x00000000d5f80000)
  from space 1024K, 98% used [0x00000000d6180000,0x00000000d627b1e8,0x00000000d6280000)
  to   space 2048K, 0% used [0x00000000d5f80000,0x00000000d5f80000,0x00000000d6180000)
 ParOldGen       total 521728K, used 521573K [0x0000000080000000, 0x000000009fd80000, 0x00000000d5580000)
  object space 521728K, 99% used [0x0000000080000000,0x000000009fd59438,0x000000009fd80000)
 Metaspace       used 95622K, committed 97280K, reserved 1179648K
  class space    used 10557K, committed 11328K, reserved 1048576K
}
Event: 10296.583 GC heap after
{Heap after GC invocations=2455 (full 5):
 PSYoungGen      total 11264K, used 920K [0x00000000d5580000, 0x00000000d6280000, 0x0000000100000000)
  eden space 10240K, 0% used [0x00000000d5580000,0x00000000d5580000,0x00000000d5f80000)
  from space 1024K, 89% used [0x00000000d5f80000,0x00000000d60663a0,0x00000000d6080000)
  to   space 1536K, 0% used [0x00000000d6100000,0x00000000d6100000,0x00000000d6280000)
 ParOldGen       total 522752K, used 522634K [0x0000000080000000, 0x000000009fe80000, 0x00000000d5580000)
  object space 522752K, 99% used [0x0000000080000000,0x000000009fe62930,0x000000009fe80000)
 Metaspace       used 95622K, committed 97280K, reserved 1179648K
  class space    used 10557K, committed 11328K, reserved 1048576K
}
Event: 10296.612 GC heap before
{Heap before GC invocations=2456 (full 5):
 PSYoungGen      total 11264K, used 11160K [0x00000000d5580000, 0x00000000d6280000, 0x0000000100000000)
  eden space 10240K, 100% used [0x00000000d5580000,0x00000000d5f80000,0x00000000d5f80000)
  from space 1024K, 89% used [0x00000000d5f80000,0x00000000d60663a0,0x00000000d6080000)
  to   space 1536K, 0% used [0x00000000d6100000,0x00000000d6100000,0x00000000d6280000)
 ParOldGen       total 522752K, used 522634K [0x0000000080000000, 0x000000009fe80000, 0x00000000d5580000)
  object space 522752K, 99% used [0x0000000080000000,0x000000009fe62930,0x000000009fe80000)
 Metaspace       used 95622K, committed 97280K, reserved 1179648K
  class space    used 10557K, committed 11328K, reserved 1048576K
}
Event: 10296.615 GC heap after
{Heap after GC invocations=2456 (full 5):
 PSYoungGen      total 11776K, used 1026K [0x00000000d5580000, 0x00000000d6280000, 0x0000000100000000)
  eden space 10240K, 0% used [0x00000000d5580000,0x00000000d5580000,0x00000000d5f80000)
  from space 1536K, 66% used [0x00000000d6100000,0x00000000d6200ac8,0x00000000d6280000)
  to   space 1536K, 0% used [0x00000000d5f80000,0x00000000d5f80000,0x00000000d6100000)
 ParOldGen       total 523776K, used 523450K [0x0000000080000000, 0x000000009ff80000, 0x00000000d5580000)
  object space 523776K, 99% used [0x0000000080000000,0x000000009ff2ea00,0x000000009ff80000)
 Metaspace       used 95622K, committed 97280K, reserved 1179648K
  class space    used 10557K, committed 11328K, reserved 1048576K
}
Event: 10296.644 GC heap before
{Heap before GC invocations=2457 (full 5):
 PSYoungGen      total 11776K, used 11259K [0x00000000d5580000, 0x00000000d6280000, 0x0000000100000000)
  eden space 10240K, 99% used [0x00000000d5580000,0x00000000d5f7e208,0x00000000d5f80000)
  from space 1536K, 66% used [0x00000000d6100000,0x00000000d6200ac8,0x00000000d6280000)
  to   space 1536K, 0% used [0x00000000d5f80000,0x00000000d5f80000,0x00000000d6100000)
 ParOldGen       total 523776K, used 523450K [0x0000000080000000, 0x000000009ff80000, 0x00000000d5580000)
  object space 523776K, 99% used [0x0000000080000000,0x000000009ff2ea00,0x000000009ff80000)
 Metaspace       used 95622K, committed 97280K, reserved 1179648K
  class space    used 10557K, committed 11328K, reserved 1048576K
}
Event: 10296.647 GC heap after
{Heap after GC invocations=2457 (full 5):
 PSYoungGen      total 11776K, used 1172K [0x00000000d5580000, 0x00000000d6280000, 0x0000000100000000)
  eden space 10240K, 0% used [0x00000000d5580000,0x00000000d5580000,0x00000000d5f80000)
  from space 1536K, 76% used [0x00000000d5f80000,0x00000000d60a5090,0x00000000d6100000)
  to   space 1536K, 0% used [0x00000000d6100000,0x00000000d6100000,0x00000000d6280000)
 ParOldGen       total 524800K, used 524450K [0x0000000080000000, 0x00000000a0080000, 0x00000000d5580000)
  object space 524800K, 99% used [0x0000000080000000,0x00000000a00289e0,0x00000000a0080000)
 Metaspace       used 95622K, committed 97280K, reserved 1179648K
  class space    used 10557K, committed 11328K, reserved 1048576K
}
Event: 10296.675 GC heap before
{Heap before GC invocations=2458 (full 5):
 PSYoungGen      total 11776K, used 11412K [0x00000000d5580000, 0x00000000d6280000, 0x0000000100000000)
  eden space 10240K, 100% used [0x00000000d5580000,0x00000000d5f80000,0x00000000d5f80000)
  from space 1536K, 76% used [0x00000000d5f80000,0x00000000d60a5090,0x00000000d6100000)
  to   space 1536K, 0% used [0x00000000d6100000,0x00000000d6100000,0x00000000d6280000)
 ParOldGen       total 524800K, used 524450K [0x0000000080000000, 0x00000000a0080000, 0x00000000d5580000)
  object space 524800K, 99% used [0x0000000080000000,0x00000000a00289e0,0x00000000a0080000)
 Metaspace       used 95622K, committed 97280K, reserved 1179648K
  class space    used 10557K, committed 11328K, reserved 1048576K
}
Event: 10296.677 GC heap after
{Heap after GC invocations=2458 (full 5):
 PSYoungGen      total 10240K, used 1516K [0x00000000d5580000, 0x00000000d6580000, 0x0000000100000000)
  eden space 8704K, 0% used [0x00000000d5580000,0x00000000d5580000,0x00000000d5e00000)
  from space 1536K, 98% used [0x00000000d6100000,0x00000000d627b158,0x00000000d6280000)
  to   space 3072K, 0% used [0x00000000d5e00000,0x00000000d5e00000,0x00000000d6100000)
 ParOldGen       total 525824K, used 525646K [0x0000000080000000, 0x00000000a0180000, 0x00000000d5580000)
  object space 525824K, 99% used [0x0000000080000000,0x00000000a0153a10,0x00000000a0180000)
 Metaspace       used 95622K, committed 97280K, reserved 1179648K
  class space    used 10557K, committed 11328K, reserved 1048576K
}
Event: 10296.680 GC heap before
{Heap before GC invocations=2459 (full 5):
 PSYoungGen      total 10240K, used 10220K [0x00000000d5580000, 0x00000000d6580000, 0x0000000100000000)
  eden space 8704K, 100% used [0x00000000d5580000,0x00000000d5e00000,0x00000000d5e00000)
  from space 1536K, 98% used [0x00000000d6100000,0x00000000d627b158,0x00000000d6280000)
  to   space 3072K, 0% used [0x00000000d5e00000,0x00000000d5e00000,0x00000000d6100000)
 ParOldGen       total 525824K, used 525661K [0x0000000080000000, 0x00000000a0180000, 0x00000000d5580000)
  object space 525824K, 99% used [0x0000000080000000,0x00000000a01574b0,0x00000000a0180000)
 Metaspace       used 95622K, committed 97280K, reserved 1179648K
  class space    used 10557K, committed 11328K, reserved 1048576K
}
Event: 10296.684 GC heap after
{Heap after GC invocations=2459 (full 5):
 PSYoungGen      total 11776K, used 2624K [0x00000000d5580000, 0x00000000d6580000, 0x0000000100000000)
  eden space 8704K, 0% used [0x00000000d5580000,0x00000000d5580000,0x00000000d5e00000)
  from space 3072K, 85% used [0x00000000d5e00000,0x00000000d6090000,0x00000000d6100000)
  to   space 3072K, 0% used [0x00000000d6280000,0x00000000d6280000,0x00000000d6580000)
 ParOldGen       total 527360K, used 527016K [0x0000000080000000, 0x00000000a0300000, 0x00000000d5580000)
  object space 527360K, 99% used [0x0000000080000000,0x00000000a02aa308,0x00000000a0300000)
 Metaspace       used 95622K, committed 97280K, reserved 1179648K
  class space    used 10557K, committed 11328K, reserved 1048576K
}
Event: 10296.688 GC heap before
{Heap before GC invocations=2460 (full 5):
 PSYoungGen      total 11776K, used 11328K [0x00000000d5580000, 0x00000000d6580000, 0x0000000100000000)
  eden space 8704K, 100% used [0x00000000d5580000,0x00000000d5e00000,0x00000000d5e00000)
  from space 3072K, 85% used [0x00000000d5e00000,0x00000000d6090000,0x00000000d6100000)
  to   space 3072K, 0% used [0x00000000d6280000,0x00000000d6280000,0x00000000d6580000)
 ParOldGen       total 527360K, used 527018K [0x0000000080000000, 0x00000000a0300000, 0x00000000d5580000)
  object space 527360K, 99% used [0x0000000080000000,0x00000000a02aa908,0x00000000a0300000)
 Metaspace       used 95622K, committed 97280K, reserved 1179648K
  class space    used 10557K, committed 11328K, reserved 1048576K
}
Event: 10296.692 GC heap after
{Heap after GC invocations=2460 (full 5):
 PSYoungGen      total 13312K, used 2040K [0x00000000d5580000, 0x00000000d6500000, 0x0000000100000000)
  eden space 10752K, 0% used [0x00000000d5580000,0x00000000d5580000,0x00000000d6000000)
  from space 2560K, 79% used [0x00000000d6280000,0x00000000d647e230,0x00000000d6500000)
  to   space 2560K, 0% used [0x00000000d6000000,0x00000000d6000000,0x00000000d6280000)
 ParOldGen       total 529408K, used 528992K [0x0000000080000000, 0x00000000a0500000, 0x00000000d5580000)
  object space 529408K, 99% used [0x0000000080000000,0x00000000a04980d0,0x00000000a0500000)
 Metaspace       used 95622K, committed 97280K, reserved 1179648K
  class space    used 10557K, committed 11328K, reserved 1048576K
}
Event: 10296.703 GC heap before
{Heap before GC invocations=2461 (full 5):
 PSYoungGen      total 13312K, used 12792K [0x00000000d5580000, 0x00000000d6500000, 0x0000000100000000)
  eden space 10752K, 100% used [0x00000000d5580000,0x00000000d6000000,0x00000000d6000000)
  from space 2560K, 79% used [0x00000000d6280000,0x00000000d647e230,0x00000000d6500000)
  to   space 2560K, 0% used [0x00000000d6000000,0x00000000d6000000,0x00000000d6280000)
 ParOldGen       total 529408K, used 528992K [0x0000000080000000, 0x00000000a0500000, 0x00000000d5580000)
  object space 529408K, 99% used [0x0000000080000000,0x00000000a04980d0,0x00000000a0500000)
 Metaspace       used 95622K, committed 97280K, reserved 1179648K
  class space    used 10557K, committed 11328K, reserved 1048576K
}
Event: 10296.708 GC heap after
{Heap after GC invocations=2461 (full 5):
 PSYoungGen      total 13312K, used 2537K [0x00000000d5580000, 0x00000000d6d80000, 0x0000000100000000)
  eden space 10752K, 0% used [0x00000000d5580000,0x00000000d5580000,0x00000000d6000000)
  from space 2560K, 99% used [0x00000000d6000000,0x00000000d627a640,0x00000000d6280000)
  to   space 5632K, 0% used [0x00000000d6800000,0x00000000d6800000,0x00000000d6d80000)
 ParOldGen       total 531456K, used 531365K [0x0000000080000000, 0x00000000a0700000, 0x00000000d5580000)
  object space 531456K, 99% used [0x0000000080000000,0x00000000a06e9710,0x00000000a0700000)
 Metaspace       used 95622K, committed 97280K, reserved 1179648K
  class space    used 10557K, committed 11328K, reserved 1048576K
}
Event: 10296.716 GC heap before
{Heap before GC invocations=2462 (full 5):
 PSYoungGen      total 13312K, used 13289K [0x00000000d5580000, 0x00000000d6d80000, 0x0000000100000000)
  eden space 10752K, 100% used [0x00000000d5580000,0x00000000d6000000,0x00000000d6000000)
  from space 2560K, 99% used [0x00000000d6000000,0x00000000d627a640,0x00000000d6280000)
  to   space 5632K, 0% used [0x00000000d6800000,0x00000000d6800000,0x00000000d6d80000)
 ParOldGen       total 531456K, used 531367K [0x0000000080000000, 0x00000000a0700000, 0x00000000d5580000)
  object space 531456K, 99% used [0x0000000080000000,0x00000000a06e9d10,0x00000000a0700000)
 Metaspace       used 95622K, committed 97280K, reserved 1179648K
  class space    used 10557K, committed 11328K, reserved 1048576K
}
Event: 10296.723 GC heap after
{Heap after GC invocations=2462 (full 5):
 PSYoungGen      total 16384K, used 2689K [0x00000000d5580000, 0x00000000d6b00000, 0x0000000100000000)
  eden space 13312K, 0% used [0x00000000d5580000,0x00000000d5580000,0x00000000d6280000)
  from space 3072K, 87% used [0x00000000d6800000,0x00000000d6aa06d0,0x00000000d6b00000)
  to   space 3584K, 0% used [0x00000000d6400000,0x00000000d6400000,0x00000000d6780000)
 ParOldGen       total 534016K, used 533574K [0x0000000080000000, 0x00000000a0980000, 0x00000000d5580000)
  object space 534016K, 99% used [0x0000000080000000,0x00000000a0911b70,0x00000000a0980000)
 Metaspace       used 95622K, committed 97280K, reserved 1179648K
  class space    used 10557K, committed 11328K, reserved 1048576K
}
Event: 10297.734 GC heap before
{Heap before GC invocations=2463 (full 5):
 PSYoungGen      total 16384K, used 16001K [0x00000000d5580000, 0x00000000d6b00000, 0x0000000100000000)
  eden space 13312K, 100% used [0x00000000d5580000,0x00000000d6280000,0x00000000d6280000)
  from space 3072K, 87% used [0x00000000d6800000,0x00000000d6aa06d0,0x00000000d6b00000)
  to   space 3584K, 0% used [0x00000000d6400000,0x00000000d6400000,0x00000000d6780000)
 ParOldGen       total 534016K, used 533879K [0x0000000080000000, 0x00000000a0980000, 0x00000000d5580000)
  object space 534016K, 99% used [0x0000000080000000,0x00000000a095df38,0x00000000a0980000)
 Metaspace       used 95622K, committed 97280K, reserved 1179648K
  class space    used 10557K, committed 11328K, reserved 1048576K
}

Dll operation events (16 events):
Event: 0.024 Loaded shared library c:\Users\DELL\.antigravity\extensions\redhat.java-1.54.0-win32-x64\jre\21.0.10-win32-x86_64\bin\java.dll
Event: 0.252 Loaded shared library c:\Users\DELL\.antigravity\extensions\redhat.java-1.54.0-win32-x64\jre\21.0.10-win32-x86_64\bin\zip.dll
Event: 0.309 Loaded shared library C:\Users\DELL\.antigravity\extensions\redhat.java-1.54.0-win32-x64\jre\21.0.10-win32-x86_64\bin\instrument.dll
Event: 0.338 Loaded shared library C:\Users\DELL\.antigravity\extensions\redhat.java-1.54.0-win32-x64\jre\21.0.10-win32-x86_64\bin\net.dll
Event: 0.354 Loaded shared library C:\Users\DELL\.antigravity\extensions\redhat.java-1.54.0-win32-x64\jre\21.0.10-win32-x86_64\bin\nio.dll
Event: 0.366 Loaded shared library C:\Users\DELL\.antigravity\extensions\redhat.java-1.54.0-win32-x64\jre\21.0.10-win32-x86_64\bin\zip.dll
Event: 0.432 Loaded shared library C:\Users\DELL\.antigravity\extensions\redhat.java-1.54.0-win32-x64\jre\21.0.10-win32-x86_64\bin\jimage.dll
Event: 0.680 Loaded shared library c:\Users\DELL\.antigravity\extensions\redhat.java-1.54.0-win32-x64\jre\21.0.10-win32-x86_64\bin\verify.dll
Event: 17.428 Loaded shared library C:\Users\DELL\AppData\Roaming\Antigravity\User\globalStorage\redhat.java\1.54.0\config_win\org.eclipse.equinox.launcher\org.eclipse.equinox.launcher.win32.win32.x86_64_1.3.0.v20260203-2149\eclipse_11919.dll
Event: 71.663 Loaded shared library C:\Users\DELL\AppData\Local\Temp\jna-2094529\jna1807764706819450586.dll
Event: 103.921 Loaded shared library C:\Users\DELL\.gradle\native\660c5614fbf4a5f2a75b1949f50a0caf5cd603558e7d8a26e50b933a0cfb79d1\windows-amd64\native-platform.dll
Event: 106.259 Loaded shared library C:\Users\DELL\.antigravity\extensions\redhat.java-1.54.0-win32-x64\jre\21.0.10-win32-x86_64\bin\management.dll
Event: 106.339 Loaded shared library C:\Users\DELL\.antigravity\extensions\redhat.java-1.54.0-win32-x64\jre\21.0.10-win32-x86_64\bin\management_ext.dll
Event: 116.027 Loaded shared library C:\Users\DELL\.antigravity\extensions\redhat.java-1.54.0-win32-x64\jre\21.0.10-win32-x86_64\bin\extnet.dll
Event: 117.513 Loaded shared library C:\Users\DELL\.antigravity\extensions\redhat.java-1.54.0-win32-x64\jre\21.0.10-win32-x86_64\bin\sunmscapi.dll
Event: 129.019 Loaded shared library C:\Users\DELL\.gradle\native\660c5614fbf4a5f2a75b1949f50a0caf5cd603558e7d8a26e50b933a0cfb79d1\windows-amd64-min\native-platform.dll

Deoptimization events (20 events):
Event: 10294.958 Thread 0x00000114b0029b70 DEOPT PACKING pc=0x0000011443dede50 sp=0x0000000af59ff190
Event: 10294.958 Thread 0x00000114b0029b70 DEOPT UNPACKING pc=0x000001144ae24242 sp=0x0000000af59fe660 mode 0
Event: 10294.995 Thread 0x00000114b0030470 DEOPT PACKING pc=0x0000011443dede50 sp=0x0000000af73ff340
Event: 10294.995 Thread 0x00000114b0030470 DEOPT UNPACKING pc=0x000001144ae24242 sp=0x0000000af73fe810 mode 0
Event: 10296.122 Thread 0x00000114b002a890 DEOPT PACKING pc=0x0000011444634b74 sp=0x0000000af60fdc80
Event: 10296.122 Thread 0x00000114b002a890 DEOPT UNPACKING pc=0x000001144ae24242 sp=0x0000000af60fd2d0 mode 0
Event: 10296.220 Thread 0x00000114b0030b00 DEOPT PACKING pc=0x0000011444634b74 sp=0x0000000af74fde30
Event: 10296.220 Thread 0x00000114b0030b00 DEOPT UNPACKING pc=0x000001144ae24242 sp=0x0000000af74fd480 mode 0
Event: 10296.311 Thread 0x00000114b0030b00 DEOPT PACKING pc=0x00000114446345e0 sp=0x0000000af74fde30
Event: 10296.311 Thread 0x00000114b0030b00 DEOPT UNPACKING pc=0x000001144ae24242 sp=0x0000000af74fd480 mode 0
Event: 10296.400 Thread 0x00000114b0030b00 DEOPT PACKING pc=0x000001144463488b sp=0x0000000af74fde30
Event: 10296.400 Thread 0x00000114b0030b00 DEOPT UNPACKING pc=0x000001144ae24242 sp=0x0000000af74fd480 mode 0
Event: 10296.463 Thread 0x00000114b0030b00 DEOPT PACKING pc=0x00000114446345e0 sp=0x0000000af74fde30
Event: 10296.463 Thread 0x00000114b0030b00 DEOPT UNPACKING pc=0x000001144ae24242 sp=0x0000000af74fd480 mode 0
Event: 10296.506 Thread 0x00000114b002a890 DEOPT PACKING pc=0x000001144463488b sp=0x0000000af60fdc80
Event: 10296.506 Thread 0x00000114b002a890 DEOPT UNPACKING pc=0x000001144ae24242 sp=0x0000000af60fd2d0 mode 0
Event: 10296.599 Thread 0x00000114b0030b00 DEOPT PACKING pc=0x0000011444634b74 sp=0x0000000af74fde30
Event: 10296.599 Thread 0x00000114b0030b00 DEOPT UNPACKING pc=0x000001144ae24242 sp=0x0000000af74fd480 mode 0
Event: 10296.652 Thread 0x00000114b0030b00 DEOPT PACKING pc=0x00000114446346e2 sp=0x0000000af74fde30
Event: 10296.653 Thread 0x00000114b0030b00 DEOPT UNPACKING pc=0x000001144ae24242 sp=0x0000000af74fd480 mode 0

Classes loaded (20 events):
Event: 2952.645 Loading class java/util/stream/Nodes$ToArrayTask done
Event: 2952.645 Loading class java/util/stream/Nodes$ToArrayTask$OfRef done
Event: 2952.649 Loading class java/io/ObjectOutputStream$BlockDataOutputStream
Event: 2952.650 Loading class java/io/ObjectOutputStream$BlockDataOutputStream done
Event: 2952.650 Loading class java/io/ObjectOutputStream$HandleTable
Event: 2952.650 Loading class java/io/ObjectOutputStream$HandleTable done
Event: 2952.650 Loading class java/io/ObjectOutputStream$ReplaceTable
Event: 2952.650 Loading class java/io/ObjectOutputStream$ReplaceTable done
Event: 5146.217 Loading class java/util/ImmutableCollections$SubList
Event: 5146.226 Loading class java/util/ImmutableCollections$SubList done
Event: 5248.954 Loading class java/nio/channels/CompletionHandler
Event: 5248.956 Loading class java/nio/channels/CompletionHandler done
Event: 6385.776 Loading class java/util/regex/Pattern$Behind
Event: 6385.778 Loading class java/util/regex/Pattern$Behind done
Event: 6385.778 Loading class java/util/regex/Pattern$Neg
Event: 6385.779 Loading class java/util/regex/Pattern$Neg done
Event: 8131.749 Loading class java/util/function/IntPredicate
Event: 8131.750 Loading class java/util/function/IntPredicate done
Event: 8131.831 Loading class java/util/regex/Pattern$Bound
Event: 8131.832 Loading class java/util/regex/Pattern$Bound done

Classes unloaded (20 events):
Event: 6778.084 Thread 0x000001144073fa20 Unloading class 0x0000011458017400 'java/lang/invoke/LambdaForm$MH+0x0000011458017400'
Event: 6778.084 Thread 0x000001144073fa20 Unloading class 0x0000011458016400 'java/lang/invoke/LambdaForm$MH+0x0000011458016400'
Event: 6778.085 Thread 0x000001144073fa20 Unloading class 0x000001145800d800 'java/lang/invoke/LambdaForm$MH+0x000001145800d800'
Event: 6778.085 Thread 0x000001144073fa20 Unloading class 0x000001145800d400 'java/lang/invoke/LambdaForm$MH+0x000001145800d400'
Event: 6778.085 Thread 0x000001144073fa20 Unloading class 0x000001145800d000 'java/lang/invoke/LambdaForm$MH+0x000001145800d000'
Event: 6778.085 Thread 0x000001144073fa20 Unloading class 0x000001145800cc00 'java/lang/invoke/LambdaForm$MH+0x000001145800cc00'
Event: 6778.085 Thread 0x000001144073fa20 Unloading class 0x000001145800c800 'java/lang/invoke/LambdaForm$BMH+0x000001145800c800'
Event: 6778.085 Thread 0x000001144073fa20 Unloading class 0x000001145800c000 'java/lang/invoke/LambdaForm$DMH+0x000001145800c000'
Event: 6778.085 Thread 0x000001144073fa20 Unloading class 0x0000011458008c00 'java/lang/invoke/LambdaForm$MH+0x0000011458008c00'
Event: 6778.085 Thread 0x000001144073fa20 Unloading class 0x0000011458008800 'java/lang/invoke/LambdaForm$MH+0x0000011458008800'
Event: 6778.085 Thread 0x000001144073fa20 Unloading class 0x0000011458008400 'java/lang/invoke/LambdaForm$MH+0x0000011458008400'
Event: 6778.085 Thread 0x000001144073fa20 Unloading class 0x0000011458007000 'java/lang/invoke/LambdaForm$MH+0x0000011458007000'
Event: 6778.085 Thread 0x000001144073fa20 Unloading class 0x0000011458006800 'java/lang/invoke/LambdaForm$MH+0x0000011458006800'
Event: 6778.085 Thread 0x000001144073fa20 Unloading class 0x0000011458006400 'java/lang/invoke/LambdaForm$MH+0x0000011458006400'
Event: 6778.085 Thread 0x000001144073fa20 Unloading class 0x0000011458006000 'java/lang/invoke/LambdaForm$MH+0x0000011458006000'
Event: 6778.085 Thread 0x000001144073fa20 Unloading class 0x0000011458005c00 'java/lang/invoke/LambdaForm$BMH+0x0000011458005c00'
Event: 6778.085 Thread 0x000001144073fa20 Unloading class 0x0000011458004800 'java/lang/invoke/LambdaForm$DMH+0x0000011458004800'
Event: 6778.085 Thread 0x000001144073fa20 Unloading class 0x0000011458002400 'java/lang/invoke/LambdaForm$MH+0x0000011458002400'
Event: 6778.085 Thread 0x000001144073fa20 Unloading class 0x0000011458002000 'java/lang/invoke/LambdaForm$MH+0x0000011458002000'
Event: 6778.085 Thread 0x000001144073fa20 Unloading class 0x0000011458001800 'java/lang/invoke/LambdaForm$MH+0x0000011458001800'

Classes redefined (0 events):
No events

Internal exceptions (20 events):
Event: 9027.433 Thread 0x000001149947ace0 Implicit null exception at 0x000001144630517c to 0x0000011446306bf6
Event: 9027.433 Thread 0x000001149947ace0 Exception <a 'java/lang/NullPointerException'{0x00000000d55c2488}> (0x00000000d55c2488) 
thrown [s\src\hotspot\share\runtime\sharedRuntime.cpp, line 625]
Event: 9043.469 Thread 0x000001149947ace0 Exception <a 'sun/nio/fs/WindowsException'{0x00000000d5588e08}> (0x00000000d5588e08) 
thrown [s\src\hotspot\share\prims\jni.cpp, line 520]
Event: 9043.470 Thread 0x000001149947ace0 Exception <a 'sun/nio/fs/WindowsException'{0x00000000d55899d0}> (0x00000000d55899d0) 
thrown [s\src\hotspot\share\prims\jni.cpp, line 520]
Event: 9043.472 Thread 0x000001149947ace0 Exception <a 'sun/nio/fs/WindowsException'{0x00000000d55afc98}> (0x00000000d55afc98) 
thrown [s\src\hotspot\share\prims\jni.cpp, line 520]
Event: 9043.472 Thread 0x000001149947ace0 Exception <a 'sun/nio/fs/WindowsException'{0x00000000d55b0848}> (0x00000000d55b0848) 
thrown [s\src\hotspot\share\prims\jni.cpp, line 520]
Event: 9356.781 Thread 0x00000114b0029b70 Exception <a 'sun/nio/fs/WindowsException'{0x00000000d565f8f8}> (0x00000000d565f8f8) 
thrown [s\src\hotspot\share\prims\jni.cpp, line 520]
Event: 9356.782 Thread 0x00000114b0029b70 Exception <a 'sun/nio/fs/WindowsException'{0x00000000d5660260}> (0x00000000d5660260) 
thrown [s\src\hotspot\share\prims\jni.cpp, line 520]
Event: 9356.783 Thread 0x00000114b0029b70 Exception <a 'sun/nio/fs/WindowsException'{0x00000000d5680d08}> (0x00000000d5680d08) 
thrown [s\src\hotspot\share\prims\jni.cpp, line 520]
Event: 9356.783 Thread 0x00000114b0029b70 Exception <a 'sun/nio/fs/WindowsException'{0x00000000d5681898}> (0x00000000d5681898) 
thrown [s\src\hotspot\share\prims\jni.cpp, line 520]
Event: 9745.382 Thread 0x00000114b002ea30 Exception <a 'sun/nio/fs/WindowsException'{0x00000000d56e30f0}> (0x00000000d56e30f0) 
thrown [s\src\hotspot\share\prims\jni.cpp, line 520]
Event: 9745.383 Thread 0x00000114b002ea30 Exception <a 'sun/nio/fs/WindowsException'{0x00000000d56e3ca8}> (0x00000000d56e3ca8) 
thrown [s\src\hotspot\share\prims\jni.cpp, line 520]
Event: 9745.397 Thread 0x00000114b002ea30 Exception <a 'sun/nio/fs/WindowsException'{0x00000000d5587ef8}> (0x00000000d5587ef8) 
thrown [s\src\hotspot\share\prims\jni.cpp, line 520]
Event: 9745.398 Thread 0x00000114b002ea30 Exception <a 'sun/nio/fs/WindowsException'{0x00000000d5588a98}> (0x00000000d5588a98) 
thrown [s\src\hotspot\share\prims\jni.cpp, line 520]
Event: 10142.369 Thread 0x000001149947ace0 Exception <a 'sun/nio/fs/WindowsException'{0x00000000d55d89c8}> (0x00000000d55d89c8) 
thrown [s\src\hotspot\share\prims\jni.cpp, line 520]
Event: 10142.370 Thread 0x000001149947ace0 Exception <a 'sun/nio/fs/WindowsException'{0x00000000d55d9310}> (0x00000000d55d9310) 
thrown [s\src\hotspot\share\prims\jni.cpp, line 520]
Event: 10142.371 Thread 0x000001149947ace0 Exception <a 'sun/nio/fs/WindowsException'{0x00000000d55fa598}> (0x00000000d55fa598) 
thrown [s\src\hotspot\share\prims\jni.cpp, line 520]
Event: 10142.371 Thread 0x000001149947ace0 Exception <a 'sun/nio/fs/WindowsException'{0x00000000d55faee0}> (0x00000000d55faee0) 
thrown [s\src\hotspot\share\prims\jni.cpp, line 520]
Event: 10294.633 Thread 0x00000114b0030b00 Implicit null exception at 0x000001144c6ee39a to 0x000001144c6ee874
Event: 10294.641 Thread 0x00000114b0030b00 Implicit null exception at 0x000001144c661539 to 0x000001144c661760

ZGC Phase Switch (0 events):
No events

VM Operations (20 events):
Event: 10296.615 Executing safepoint VM operation: ParallelGCFailedAllocation (Allocation Failure) done
Event: 10296.644 Executing safepoint VM operation: ParallelGCFailedAllocation (Allocation Failure)
Event: 10296.647 Executing safepoint VM operation: ParallelGCFailedAllocation (Allocation Failure) done
Event: 10296.674 Executing safepoint VM operation: ParallelGCFailedAllocation (Allocation Failure)
Event: 10296.677 Executing safepoint VM operation: ParallelGCFailedAllocation (Allocation Failure) done
Event: 10296.680 Executing safepoint VM operation: ParallelGCFailedAllocation (Allocation Failure)
Event: 10296.680 Executing safepoint VM operation: ParallelGCFailedAllocation (Allocation Failure) done
Event: 10296.680 Executing safepoint VM operation: ParallelGCSystemGC (GCLocker Initiated GC)
Event: 10296.684 Executing safepoint VM operation: ParallelGCSystemGC (GCLocker Initiated GC) done
Event: 10296.688 Executing safepoint VM operation: ParallelGCFailedAllocation (Allocation Failure)
Event: 10296.692 Executing safepoint VM operation: ParallelGCFailedAllocation (Allocation Failure) done
Event: 10296.703 Executing safepoint VM operation: ParallelGCFailedAllocation (Allocation Failure)
Event: 10296.709 Executing safepoint VM operation: ParallelGCFailedAllocation (Allocation Failure) done
Event: 10296.716 Executing safepoint VM operation: ParallelGCFailedAllocation (Allocation Failure)
Event: 10296.716 Executing safepoint VM operation: ParallelGCFailedAllocation (Allocation Failure) done
Event: 10296.716 Executing safepoint VM operation: ParallelGCFailedAllocation (Allocation Failure)
Event: 10296.723 Executing safepoint VM operation: ParallelGCFailedAllocation (Allocation Failure) done
Event: 10296.752 Executing safepoint VM operation: ParallelGCFailedAllocation (Allocation Failure)
Event: 10296.752 Executing safepoint VM operation: ParallelGCFailedAllocation (Allocation Failure) done
Event: 10297.734 Executing safepoint VM operation: ParallelGCSystemGC (GCLocker Initiated GC)

Memory protections (0 events):
No events

Nmethod flushes (20 events):
Event: 6778.382 Thread 0x000001144073fa20 flushing  nmethod 0x00000114459f1b10
Event: 6778.382 Thread 0x000001144073fa20 flushing  nmethod 0x00000114459f4310
Event: 6778.382 Thread 0x000001144073fa20 flushing  nmethod 0x00000114459f6a90
Event: 6778.382 Thread 0x000001144073fa20 flushing  nmethod 0x00000114459fc610
Event: 6778.382 Thread 0x000001144073fa20 flushing  nmethod 0x00000114459fdd10
Event: 6778.382 Thread 0x000001144073fa20 flushing  nmethod 0x00000114459ff790
Event: 6778.382 Thread 0x000001144073fa20 flushing  nmethod 0x0000011445a01110
Event: 6778.382 Thread 0x000001144073fa20 flushing osr nmethod 0x0000011445a05f90
Event: 6778.382 Thread 0x000001144073fa20 flushing  nmethod 0x0000011445a06510
Event: 6778.382 Thread 0x000001144073fa20 flushing  nmethod 0x0000011445a12490
Event: 6778.382 Thread 0x000001144073fa20 flushing  nmethod 0x0000011445a13f90
Event: 6778.382 Thread 0x000001144073fa20 flushing  nmethod 0x0000011445a15090
Event: 6778.382 Thread 0x000001144073fa20 flushing osr nmethod 0x0000011445a1a010
Event: 6778.382 Thread 0x000001144073fa20 flushing  nmethod 0x0000011445a28f10
Event: 6778.382 Thread 0x000001144073fa20 flushing  nmethod 0x0000011445a4ed90
Event: 6778.382 Thread 0x000001144073fa20 flushing  nmethod 0x0000011445a4f290
Event: 6778.382 Thread 0x000001144073fa20 flushing  nmethod 0x0000011445a5ea90
Event: 6778.382 Thread 0x000001144073fa20 flushing  nmethod 0x0000011445a60c90
Event: 6778.382 Thread 0x000001144073fa20 flushing osr nmethod 0x0000011445a64d90
Event: 6778.382 Thread 0x000001144073fa20 flushing  nmethod 0x0000011445a7f610

Events (20 events):
Event: 10204.969 Thread 0x00000114b002c960 Thread added: 0x00000114b00294e0
Event: 10204.973 Thread 0x00000114b002c960 Thread added: 0x00000114b0029b70
Event: 10205.049 Thread 0x000001144074e280 Thread added: 0x00000114aa3e8370
Event: 10205.167 Thread 0x00000114aa3e8370 Thread exited: 0x00000114aa3e8370
Event: 10205.168 Thread 0x00000114b002c960 Thread added: 0x00000114b002d680
Event: 10205.168 Thread 0x00000114b0029b70 Thread added: 0x00000114b002a200
Event: 10205.168 Thread 0x00000114b002c960 Thread added: 0x00000114b002dd10
Event: 10205.168 Thread 0x00000114b002d680 Thread added: 0x00000114b002a890
Event: 10205.168 Thread 0x00000114b002a200 Thread added: 0x00000114b002af20
Event: 10205.169 Thread 0x00000114b002dd10 Thread added: 0x00000114b002fde0
Event: 10205.173 Thread 0x00000114b0029b70 Thread added: 0x00000114b0030470
Event: 10205.176 Thread 0x00000114b002c960 Thread added: 0x00000114b0030b00
Event: 10205.229 Thread 0x000001144075b230 Thread added: 0x00000114aa3e8370
Event: 10210.666 Thread 0x00000114aa3e8370 Thread exited: 0x00000114aa3e8370
Event: 10265.252 Thread 0x00000114b00294e0 Thread exited: 0x00000114b00294e0
Event: 10294.479 Thread 0x00000114b002dd10 Thread added: 0x00000114b00294e0
Event: 10294.959 Thread 0x000001144074e280 Thread added: 0x00000114aa3e8a40
Event: 10296.071 Thread 0x00000114aa3e8a40 Thread exited: 0x00000114aa3e8a40
Event: 10296.308 Thread 0x000001144075b230 Thread added: 0x00000114aa3e8a40
Event: 10296.308 Thread 0x000001144075b230 Thread added: 0x00000114aa3e8370


Dynamic libraries:
0x00007ff79a6c0000 - 0x00007ff79a6ce000 	c:\Users\DELL\.antigravity\extensions\redhat.java-1.54.0-win32-x64\jre\21.0.10-win32-x86_64\bin\java.exe
0x00007ffee9400000 - 0x00007ffee9667000 	C:\WINDOWS\SYSTEM32\ntdll.dll
0x00007ffee82c0000 - 0x00007ffee8389000 	C:\WINDOWS\System32\KERNEL32.DLL
0x00007ffee6210000 - 0x00007ffee6604000 	C:\WINDOWS\System32\KERNELBASE.dll
0x00007ffee5f00000 - 0x00007ffee604b000 	C:\WINDOWS\System32\ucrtbase.dll
0x00007ffe1cc30000 - 0x00007ffe1cc48000 	c:\Users\DELL\.antigravity\extensions\redhat.java-1.54.0-win32-x64\jre\21.0.10-win32-x86_64\bin\jli.dll
0x00007ffee7770000 - 0x00007ffee7935000 	C:\WINDOWS\System32\USER32.dll
0x00007ffee68f0000 - 0x00007ffee6917000 	C:\WINDOWS\System32\win32u.dll
0x00007ffee8920000 - 0x00007ffee894b000 	C:\WINDOWS\System32\GDI32.dll
0x00007ffee6050000 - 0x00007ffee617b000 	C:\WINDOWS\System32\gdi32full.dll
0x00007ffee6840000 - 0x00007ffee68e3000 	C:\WINDOWS\System32\msvcp_win.dll
0x00007ffe1cc50000 - 0x00007ffe1cc6e000 	c:\Users\DELL\.antigravity\extensions\redhat.java-1.54.0-win32-x64\jre\21.0.10-win32-x86_64\bin\VCRUNTIME140.dll
0x00007ffed0120000 - 0x00007ffed03b3000 	C:\WINDOWS\WinSxS\amd64_microsoft.windows.common-controls_6595b64144ccf1df_6.0.26100.8115_none_3e075c82e3354f9c\COMCTL32.dll
0x00007ffee7190000 - 0x00007ffee7239000 	C:\WINDOWS\System32\msvcrt.dll
0x00007ffee90d0000 - 0x00007ffee9102000 	C:\WINDOWS\System32\IMM32.DLL
0x00007ffe52b60000 - 0x00007ffe52b6c000 	c:\Users\DELL\.antigravity\extensions\redhat.java-1.54.0-win32-x64\jre\21.0.10-win32-x86_64\bin\vcruntime140_1.dll
0x00007ffe1cba0000 - 0x00007ffe1cc2d000 	c:\Users\DELL\.antigravity\extensions\redhat.java-1.54.0-win32-x64\jre\21.0.10-win32-x86_64\bin\msvcp140.dll
0x00007ffe1bdf0000 - 0x00007ffe1cb91000 	c:\Users\DELL\.antigravity\extensions\redhat.java-1.54.0-win32-x64\jre\21.0.10-win32-x86_64\bin\server\jvm.dll
0x00007ffee9120000 - 0x00007ffee91d6000 	C:\WINDOWS\System32\ADVAPI32.dll
0x00007ffee7aa0000 - 0x00007ffee7b47000 	C:\WINDOWS\System32\sechost.dll
0x00007ffee75d0000 - 0x00007ffee76e8000 	C:\WINDOWS\System32\RPCRT4.dll
0x00007ffee92c0000 - 0x00007ffee9340000 	C:\WINDOWS\System32\WS2_32.dll
0x00007ffee5b50000 - 0x00007ffee5bae000 	C:\WINDOWS\SYSTEM32\POWRPROF.dll
0x00007ffee28f0000 - 0x00007ffee2926000 	C:\WINDOWS\SYSTEM32\WINMM.dll
0x00007ffed0400000 - 0x00007ffed040b000 	C:\WINDOWS\SYSTEM32\VERSION.dll
0x00007ffee5b10000 - 0x00007ffee5b24000 	C:\WINDOWS\SYSTEM32\UMPDC.dll
0x00007ffee49c0000 - 0x00007ffee49db000 	C:\WINDOWS\SYSTEM32\kernel.appcore.dll
0x00007ffe52910000 - 0x00007ffe5291a000 	c:\Users\DELL\.antigravity\extensions\redhat.java-1.54.0-win32-x64\jre\21.0.10-win32-x86_64\bin\jimage.dll
0x00007ffee3920000 - 0x00007ffee3b62000 	C:\WINDOWS\SYSTEM32\DBGHELP.DLL
0x00007ffee7240000 - 0x00007ffee75c2000 	C:\WINDOWS\System32\combase.dll
0x00007ffee80a0000 - 0x00007ffee8178000 	C:\WINDOWS\System32\OLEAUT32.dll
0x00007ffecf110000 - 0x00007ffecf14b000 	C:\WINDOWS\SYSTEM32\dbgcore.DLL
0x00007ffee5e50000 - 0x00007ffee5ef5000 	C:\WINDOWS\System32\bcryptPrimitives.dll
0x00007ffe524f0000 - 0x00007ffe524ff000 	c:\Users\DELL\.antigravity\extensions\redhat.java-1.54.0-win32-x64\jre\21.0.10-win32-x86_64\bin\instrument.dll
0x00007ffe1bdd0000 - 0x00007ffe1bdf0000 	c:\Users\DELL\.antigravity\extensions\redhat.java-1.54.0-win32-x64\jre\21.0.10-win32-x86_64\bin\java.dll
0x00007ffee8950000 - 0x00007ffee90b7000 	C:\WINDOWS\System32\SHELL32.dll
0x00007ffee66d0000 - 0x00007ffee683a000 	C:\WINDOWS\System32\wintypes.dll
0x00007ffee6920000 - 0x00007ffee7188000 	C:\WINDOWS\System32\windows.storage.dll
0x00007ffee7e00000 - 0x00007ffee7ef8000 	C:\WINDOWS\System32\SHCORE.dll
0x00007ffee8390000 - 0x00007ffee83f6000 	C:\WINDOWS\System32\shlwapi.dll
0x00007ffee5bf0000 - 0x00007ffee5c19000 	C:\WINDOWS\SYSTEM32\profapi.dll
0x00007ffe1bdb0000 - 0x00007ffe1bdc8000 	c:\Users\DELL\.antigravity\extensions\redhat.java-1.54.0-win32-x64\jre\21.0.10-win32-x86_64\bin\zip.dll
0x00007ffe52350000 - 0x00007ffe52360000 	C:\Users\DELL\.antigravity\extensions\redhat.java-1.54.0-win32-x64\jre\21.0.10-win32-x86_64\bin\net.dll
0x00007ffedcb80000 - 0x00007ffedccad000 	C:\WINDOWS\SYSTEM32\WINHTTP.dll
0x00007ffee4fd0000 - 0x00007ffee503c000 	C:\WINDOWS\system32\mswsock.dll
0x00007ffe1bd90000 - 0x00007ffe1bda6000 	C:\Users\DELL\.antigravity\extensions\redhat.java-1.54.0-win32-x64\jre\21.0.10-win32-x86_64\bin\nio.dll
0x00007ffe51260000 - 0x00007ffe51270000 	c:\Users\DELL\.antigravity\extensions\redhat.java-1.54.0-win32-x64\jre\21.0.10-win32-x86_64\bin\verify.dll
0x00007ffe9cc00000 - 0x00007ffe9cc45000 	C:\Users\DELL\AppData\Roaming\Antigravity\User\globalStorage\redhat.java\1.54.0\config_win\org.eclipse.equinox.launcher\org.eclipse.equinox.launcher.win32.win32.x86_64_1.3.0.v20260203-2149\eclipse_11919.dll
0x00007ffee7f00000 - 0x00007ffee8097000 	C:\WINDOWS\System32\ole32.dll
0x00007ffee52b0000 - 0x00007ffee52cb000 	C:\WINDOWS\SYSTEM32\CRYPTSP.dll
0x00007ffee49e0000 - 0x00007ffee4a19000 	C:\WINDOWS\system32\rsaenh.dll
0x00007ffee5080000 - 0x00007ffee50b3000 	C:\WINDOWS\SYSTEM32\USERENV.dll
0x00007ffee5bc0000 - 0x00007ffee5bea000 	C:\WINDOWS\SYSTEM32\bcrypt.dll
0x00007ffee52d0000 - 0x00007ffee52dc000 	C:\WINDOWS\SYSTEM32\CRYPTBASE.dll
0x00007ffee4460000 - 0x00007ffee4492000 	C:\WINDOWS\SYSTEM32\IPHLPAPI.DLL
0x00007ffee9110000 - 0x00007ffee911a000 	C:\WINDOWS\System32\NSI.dll
0x00007ffed4a90000 - 0x00007ffed4ad9000 	C:\Users\DELL\AppData\Local\Temp\jna-2094529\jna1807764706819450586.dll
0x00007ffee90c0000 - 0x00007ffee90c8000 	C:\WINDOWS\System32\PSAPI.DLL
0x00007ffedd710000 - 0x00007ffedd72d000 	C:\WINDOWS\SYSTEM32\dhcpcsvc6.DLL
0x00007ffedd6e0000 - 0x00007ffedd705000 	C:\WINDOWS\SYSTEM32\dhcpcsvc.DLL
0x00007ffed4a60000 - 0x00007ffed4a87000 	C:\Users\DELL\.gradle\native\660c5614fbf4a5f2a75b1949f50a0caf5cd603558e7d8a26e50b933a0cfb79d1\windows-amd64\native-platform.dll
0x00007ffed4a50000 - 0x00007ffed4a5a000 	C:\Users\DELL\.antigravity\extensions\redhat.java-1.54.0-win32-x64\jre\21.0.10-win32-x86_64\bin\management.dll
0x00007ffed4a40000 - 0x00007ffed4a4c000 	C:\Users\DELL\.antigravity\extensions\redhat.java-1.54.0-win32-x64\jre\21.0.10-win32-x86_64\bin\management_ext.dll
0x00007ffedb5a0000 - 0x00007ffedb5a9000 	C:\Users\DELL\.antigravity\extensions\redhat.java-1.54.0-win32-x64\jre\21.0.10-win32-x86_64\bin\extnet.dll
0x00007ffedb5b0000 - 0x00007ffedb5be000 	C:\Users\DELL\.antigravity\extensions\redhat.java-1.54.0-win32-x64\jre\21.0.10-win32-x86_64\bin\sunmscapi.dll
0x00007ffee5cd0000 - 0x00007ffee5e47000 	C:\WINDOWS\System32\CRYPT32.dll
0x00007ffee54d0000 - 0x00007ffee5500000 	C:\WINDOWS\SYSTEM32\ncrypt.dll
0x00007ffee5480000 - 0x00007ffee54bf000 	C:\WINDOWS\SYSTEM32\NTASN1.dll
0x00007ffeb4a70000 - 0x00007ffeb4a78000 	C:\WINDOWS\system32\wshunix.dll
0x00007ffec8360000 - 0x00007ffec8387000 	C:\Users\DELL\.gradle\native\660c5614fbf4a5f2a75b1949f50a0caf5cd603558e7d8a26e50b933a0cfb79d1\windows-amd64-min\native-platform.dll

JVMTI agents:
c:\Users\DELL\.antigravity\extensions\redhat.java-1.54.0-win32-x64\lombok\lombok-1.18.39-4050.jar path:c:\Users\DELL\.antigravity\extensions\redhat.java-1.54.0-win32-x64\jre\21.0.10-win32-x86_64\bin\instrument.dll, loaded, initialized, instrumentlib options:none

dbghelp: loaded successfully - version: 4.0.5 - missing functions: none
symbol engine: initialized successfully - sym options: 0x614 - pdb path: .;c:\Users\DELL\.antigravity\extensions\redhat.java-1.54.0-win32-x64\jre\21.0.10-win32-x86_64\bin;C:\WINDOWS\SYSTEM32;C:\WINDOWS\WinSxS\amd64_microsoft.windows.common-controls_6595b64144ccf1df_6.0.26100.8115_none_3e075c82e3354f9c;c:\Users\DELL\.antigravity\extensions\redhat.java-1.54.0-win32-x64\jre\21.0.10-win32-x86_64\bin\server;C:\Users\DELL\AppData\Roaming\Antigravity\User\globalStorage\redhat.java\1.54.0\config_win\org.eclipse.equinox.launcher\org.eclipse.equinox.launcher.win32.win32.x86_64_1.3.0.v20260203-2149;C:\Users\DELL\AppData\Local\Temp\jna-2094529;C:\Users\DELL\.gradle\native\660c5614fbf4a5f2a75b1949f50a0caf5cd603558e7d8a26e50b933a0cfb79d1\windows-amd64;C:\Users\DELL\.gradle\native\660c5614fbf4a5f2a75b1949f50a0caf5cd603558e7d8a26e50b933a0cfb79d1\windows-amd64-min

VM Arguments:
jvm_args: --add-modules=ALL-SYSTEM --add-opens=java.base/java.util=ALL-UNNAMED --add-opens=java.base/java.lang=ALL-UNNAMED --add-opens=java.base/sun.nio.fs=ALL-UNNAMED -Declipse.application=org.eclipse.jdt.ls.core.id1 -Dosgi.bundles.defaultStartLevel=4 -Declipse.product=org.eclipse.jdt.ls.core.product -Djava.import.generatesMetadataFilesAtProjectRoot=false -DDetectVMInstallationsJob.disabled=true -Dfile.encoding=utf8 -XX:+UseParallelGC -XX:GCTimeRatio=4 -XX:AdaptiveSizePolicyWeight=90 -Dsun.zip.disableMemoryMapping=true -Xmx2G -Xms100m -Xlog:disable -javaagent:c:\Users\DELL\.antigravity\extensions\redhat.java-1.54.0-win32-x64\lombok\lombok-1.18.39-4050.jar -XX:+HeapDumpOnOutOfMemoryError -XX:HeapDumpPath=c:\Users\DELL\AppData\Roaming\Antigravity\User\workspaceStorage\c76b58d2129dea57c08b9b67006052ab\redhat.java -Daether.dependencyCollector.impl=bf 
java_command: c:\Users\DELL\.antigravity\extensions\redhat.java-1.54.0-win32-x64\server\plugins\org.eclipse.equinox.launcher_1.7.100.v20251111-0406.jar -configuration c:\Users\DELL\AppData\Roaming\Antigravity\User\globalStorage\redhat.java\1.54.0\config_win -data c:\Users\DELL\AppData\Roaming\Antigravity\User\workspaceStorage\c76b58d2129dea57c08b9b67006052ab\redhat.java\jdt_ws --pipe=\\.\pipe\lsp-36b742e9bcfa806da2119ade405e24ca-sock
java_class_path (initial): c:\Users\DELL\.antigravity\extensions\redhat.java-1.54.0-win32-x64\server\plugins\org.eclipse.equinox.launcher_1.7.100.v20251111-0406.jar
Launcher Type: SUN_STANDARD

[Global flags]
    uintx AdaptiveSizePolicyWeight                 = 90                                        {product} {command line}
     intx CICompilerCount                          = 4                                         {product} {ergonomic}
    uintx GCTimeRatio                              = 4                                         {product} {command line}
     bool HeapDumpOnOutOfMemoryError               = true                                   {manageable} {command line}
    ccstr HeapDumpPath                             = c:\Users\DELL\AppData\Roaming\Antigravity\User\workspaceStorage\c76b58d2129dea57c08b9b67006052ab\redhat.java         {manageable} {command line}
   size_t InitialHeapSize                          = 104857600                                 {product} {command line}
   size_t MaxHeapSize                              = 2147483648                                {product} {command line}
   size_t MaxNewSize                               = 715653120                                 {product} {ergonomic}
   size_t MinHeapDeltaBytes                        = 524288                                    {product} {ergonomic}
   size_t MinHeapSize                              = 104857600                                 {product} {command line}
   size_t NewSize                                  = 34603008                                  {product} {ergonomic}
    uintx NonNMethodCodeHeapSize                   = 5839372                                {pd product} {ergonomic}
    uintx NonProfiledCodeHeapSize                  = 122909434                              {pd product} {ergonomic}
   size_t OldSize                                  = 70254592                                  {product} {ergonomic}
    uintx ProfiledCodeHeapSize                     = 122909434                              {pd product} {ergonomic}
    uintx ReservedCodeCacheSize                    = 251658240                              {pd product} {ergonomic}
     bool SegmentedCodeCache                       = true                                      {product} {ergonomic}
   size_t SoftMaxHeapSize                          = 2147483648                             {manageable} {ergonomic}
     bool UseCompressedOops                        = true                           {product lp64_product} {ergonomic}
     bool UseLargePagesIndividualAllocation        = false                                  {pd product} {ergonomic}
     bool UseParallelGC                            = true                                      {product} {command line}

Logging:
Log output configuration:
 #0: stdout all=off uptime,level,tags foldmultilines=false
 #1: stderr all=off uptime,level,tags foldmultilines=false

Release file:
JAVA_VERSION="21.0.10" 
MODULES="java.base java.compiler java.datatransfer java.xml java.prefs java.desktop java.instrument java.logging java.management java.security.sasl java.naming java.rmi java.management.rmi java.net.http java.scripting java.security.jgss java.transaction.xa java.sql java.sql.rowset java.xml.crypto java.se java.smartcardio jdk.accessibility jdk.internal.jvmstat jdk.attach jdk.charsets jdk.internal.opt jdk.zipfs jdk.compiler jdk.crypto.ec jdk.crypto.cryptoki jdk.crypto.mscapi jdk.dynalink jdk.internal.ed jdk.editpad jdk.hotspot.agent jdk.httpserver jdk.internal.le jdk.internal.vm.ci jdk.internal.vm.compiler jdk.internal.vm.compiler.management jdk.jartool jdk.javadoc jdk.jcmd jdk.management jdk.management.agent jdk.jconsole jdk.jdeps jdk.jdwp.agent jdk.jdi jdk.jfr jdk.jshell jdk.jsobject jdk.jstatd jdk.localedata jdk.management.jfr jdk.naming.dns jdk.naming.rmi jdk.net jdk.nio.mapmode jdk.random jdk.sctp jdk.security.auth jdk.security.jgss jdk.unsupported jdk.unsupported.desktop jdk.xml.dom" 

Environment Variables:
JAVA_HOME=C:\Program Files\Android\Android Studio\jbr
PATH=C:\Program Files (x86)\Common Files\Oracle\Java\java8path;C:\Program Files (x86)\Common Files\Oracle\Java\javapath;C:\Program Files\Microsoft MPI\Bin\;C:\WINDOWS\system32;C:\WINDOWS;C:\WINDOWS\System32\Wbem;C:\WINDOWS\System32\WindowsPowerShell\v1.0\;C:\WINDOWS\System32\OpenSSH\;C:\Program Files\dotnet\;C:\msys64\ucrt64\bin;C:\Program Files (x86)\Windows Kits\10\Windows Performance Toolkit\;C:\Program Files (x86)\Microsoft SQL Server\160\Tools\Binn\;C:\Program Files\Microsoft SQL Server\160\Tools\Binn\;C:\Program Files\Microsoft SQL Server\Client SDK\ODBC\170\Tools\Binn\;C:\Program Files\Microsoft SQL Server\160\DTS\Binn\;C:\Program Files (x86)\Microsoft SQL Server\160\DTS\Binn\;C:\Program Files\Microsoft SQL Server\170\DTS\Binn\;C:\Program Files\Git\cmd;C:\WINDOWS\system32\config\systemprofile\AppData\Local\Muse Hub\lib;C:\Program Files\PuTTY\;C:\Program Files\nodejs\;C:\Program Files\Void\bin;C:\Program Files\MySQL\MySQL Shell 8.0\bin\;C:\Users\DELL\AppData\Local\Programs\Python\Python310\Scripts\;C:\Users\DELL\AppData\Local\Programs\Python\Python310\;C:\Users\DELL\AppData\Local\Microsoft\WindowsApps;C:\Users\DELL\.dotnet\tools;C:\Users\DELL\AppData\Local\Programs\Microsoft VS Code\bin;C:\Users\DELL\AppData\Local\Pandoc\;C:\Users\DELL\AppData\Roaming\npm;C:\Program Files\MySQL\MySQL Server 8.0\bin;C:\Users\DELL\AppData\Local\Programs\cursor\resources\app\bin;C:\Users\DELL\AppData\Local\Programs\Antigravity\bin;C:\Users\DELL\AppData\Local\Microsoft\WindowsApps;C:\Program Files\Android\Android Studio\jbr\bin;
USERNAME=DELL
OS=Windows_NT
PROCESSOR_IDENTIFIER=Intel64 Family 6 Model 154 Stepping 4, GenuineIntel
TMP=C:\Users\DELL\AppData\Local\Temp
TEMP=C:\Users\DELL\AppData\Local\Temp




Periodic native trim disabled

---------------  S Y S T E M  ---------------

OS:
 Windows 11 , 64 bit Build 26100 (10.0.26100.8246)
OS uptime: 0 days 7:37 hours

CPU: total 12 (initial active 12) (12 cores per cpu, 1 threads per core) family 6 model 154 stepping 4 microcode 0x43b, cx8, cmov, fxsr, mmx, 3dnowpref, sse, sse2, sse3, ssse3, sse4.1, sse4.2, popcnt, lzcnt, tsc, tscinvbit, avx, avx2, aes, erms, clmul, bmi1, bmi2, adx, sha, fma, vzeroupper, clflush, clflushopt, clwb, serialize, rdtscp, rdpid, fsrm, f16c, pku, cet_ibt, cet_ss
Processor Information for the first 12 processors :
  Max Mhz: 1300, Current Mhz: 1300, Mhz Limit: 1300

Memory: 4k page, system-wide physical 16068M (691M free)
TotalPageFile size 31428M (AvailPageFile size 3M)
current process WorkingSet (physical memory assigned to process): 360M, peak: 1062M
current process commit charge ("private bytes"): 1000M, peak: 1348M

vm_info: OpenJDK 64-Bit Server VM (21.0.10+7-LTS) for windows-amd64 JRE (21.0.10+7-LTS), built on 2026-01-20T00:00:00Z by "admin" with MS VC++ 17.12 (VS2022)

END.
