#
# There is insufficient memory for the Java Runtime Environment to continue.
# Native memory allocation (malloc) failed to allocate 1048576 bytes. Error detail: AllocateHeap
# Possible reasons:
#   The system is out of physical RAM or swap space
#   This process is running with CompressedOops enabled, and the Java Heap may be blocking the growth of the native heap
# Possible solutions:
#   Reduce memory load on the system
#   Increase physical memory or swap space
#   Check if swap backing store is full
#   Decrease Java heap size (-Xmx/-Xms)
#   Decrease number of Java threads
#   Decrease Java thread stack sizes (-Xss)
#   Set larger code cache with -XX:ReservedCodeCacheSize=
#   JVM is running with Unscaled Compressed Oops mode in which the Java heap is
#     placed in the first 4GB address space. The Java Heap base address is the
#     maximum limit for the native heap growth. Please use -XX:HeapBaseMinAddress
#     to set the Java Heap base and to place the Java Heap above 4GB virtual address.
# This output file may be truncated or incomplete.
#
#  Out of Memory Error (allocation.cpp:44), pid=3636, tid=23036
#
# JRE version: OpenJDK Runtime Environment Temurin-21.0.10+7 (21.0.10+7) (build 21.0.10+7-LTS)
# Java VM: OpenJDK 64-Bit Server VM Temurin-21.0.10+7 (21.0.10+7-LTS, mixed mode, sharing, tiered, compressed oops, compressed class ptrs, parallel gc, windows-amd64)
# No core dump will be written. Minidumps are not enabled by default on client versions of Windows
#

---------------  S U M M A R Y ------------

Command Line: --add-modules=ALL-SYSTEM --add-opens=java.base/java.util=ALL-UNNAMED --add-opens=java.base/java.lang=ALL-UNNAMED --add-opens=java.base/sun.nio.fs=ALL-UNNAMED -Declipse.application=org.eclipse.jdt.ls.core.id1 -Dosgi.bundles.defaultStartLevel=4 -Declipse.product=org.eclipse.jdt.ls.core.product -Djava.import.generatesMetadataFilesAtProjectRoot=false -DDetectVMInstallationsJob.disabled=true -Dfile.encoding=utf8 -XX:+UseParallelGC -XX:GCTimeRatio=4 -XX:AdaptiveSizePolicyWeight=90 -Dsun.zip.disableMemoryMapping=true -Xmx2G -Xms100m -Xlog:disable -javaagent:c:\Users\DELL\.antigravity\extensions\redhat.java-1.53.0-win32-x64\lombok\lombok-1.18.39-4050.jar -XX:+HeapDumpOnOutOfMemoryError -XX:HeapDumpPath=c:\Users\DELL\AppData\Roaming\Antigravity\User\workspaceStorage\dd238b1b3ebfbab9aed1b5c802899fb3\redhat.java -Daether.dependencyCollector.impl=bf c:\Users\DELL\.antigravity\extensions\redhat.java-1.53.0-win32-x64\server\plugins\org.eclipse.equinox.launcher_1.7.100.v20251111-0406.jar -configuration c:\Users\DELL\AppData\Roaming\Antigravity\User\globalStorage\redhat.java\1.53.0\config_win -data c:\Users\DELL\AppData\Roaming\Antigravity\User\workspaceStorage\dd238b1b3ebfbab9aed1b5c802899fb3\redhat.java\jdt_ws --pipe=\\.\pipe\lsp-4ba98ab40114f4c161bb4973bee7ab74-sock

Host: 12th Gen Intel(R) Core(TM) i5-1235U, 12 cores, 15G,  Windows 11 , 64 bit Build 26100 (10.0.26100.7920)
Time: Tue Mar 31 00:51:02 2026 SE Asia Standard Time elapsed time: 511.369207 seconds (0d 0h 8m 31s)

---------------  T H R E A D  ---------------

Current thread (0x000001bbfef905e0):  JavaThread "Attach Listener" daemon [_thread_in_vm, id=23036, stack(0x000000a09d500000,0x000000a09d600000) (1024K)]

Stack: [0x000000a09d500000,0x000000a09d600000]
Native frames: (J=compiled Java code, j=interpreted, Vv=VM code, C=native code)
V  [jvm.dll+0x6d7a39]
V  [jvm.dll+0x8b4b26]
V  [jvm.dll+0x8b70de]
V  [jvm.dll+0x8b77c3]
V  [jvm.dll+0x284346]
V  [jvm.dll+0xc1277]
V  [jvm.dll+0x6d82e9]
V  [jvm.dll+0x1334a6]
V  [jvm.dll+0x3f857e]
V  [jvm.dll+0x85f59d]
V  [jvm.dll+0x6d626d]
C  [ucrtbase.dll+0x37b0]
C  [KERNEL32.DLL+0x2e8d7]
C  [ntdll.dll+0x8c48c]


---------------  P R O C E S S  ---------------

Threads class SMR info:
_java_thread_list=0x000001bbcae5a890, length=65, elements={
0x000001bbe84f32f0, 0x000001bbfef84fd0, 0x000001bbfef88270, 0x000001bbfef8da70,
0x000001bbfef905e0, 0x000001bbfef945f0, 0x000001bbfef914d0, 0x000001bbfef92310,
0x000001bbc13c64a0, 0x000001bbc1542f10, 0x000001bbc1691a90, 0x000001bbc2ab5e30,
0x000001bbc2798d00, 0x000001bbc2b0cfb0, 0x000001bbc706a070, 0x000001bbc74213b0,
0x000001bbc77ee890, 0x000001bbc759d0f0, 0x000001bbc79cdf90, 0x000001bbc79ce620,
0x000001bbc79ccbe0, 0x000001bbc79cb830, 0x000001bbc7b2b9b0, 0x000001bbc7b2c6d0,
0x000001bbc7b2cd60, 0x000001bbc7b2e110, 0x000001bbc7b2b320, 0x000001bbc7b2d3f0,
0x000001bbc7b2c040, 0x000001bbc7b2da80, 0x000001bbc7b2ac90, 0x000001bbc9b8b700,
0x000001bbc9b8bd90, 0x000001bbc9b8a350, 0x000001bbc9b8a9e0, 0x000001bbc9b8d7d0,
0x000001bbc9b8c420, 0x000001bbc9b8de60, 0x000001bbc9b8e4f0, 0x000001bbc9b8d140,
0x000001bbc9b8cab0, 0x000001bbc9b8b070, 0x000001bbc8fd0da0, 0x000001bbc8fd3500,
0x000001bbc8fd2e70, 0x000001bbc8fd6980, 0x000001bbc8fd55d0, 0x000001bbc8fd7010,
0x000001bbc8fd7d30, 0x000001bbc9b8ff30, 0x000001bbcc708e20, 0x000001bbcc70a1d0,
0x000001bbcc709b40, 0x000001bbcc70a860, 0x000001bbcc70b580, 0x000001bbcc708100,
0x000001bbcc70ea00, 0x000001bbcc70c930, 0x000001bbcc70bc10, 0x000001bbcc70dce0,
0x000001bbcc70f720, 0x000001bbd527b8e0, 0x000001bbd527a530, 0x000001bbd527c600,
0x000001bbd527cc90
}

Java Threads: ( => current thread )
  0x000001bbe84f32f0 JavaThread "main"                              [_thread_blocked, id=23276, stack(0x000000a09ce00000,0x000000a09cf00000) (1024K)]
  0x000001bbfef84fd0 JavaThread "Reference Handler"          daemon [_thread_blocked, id=936, stack(0x000000a09d200000,0x000000a09d300000) (1024K)]
  0x000001bbfef88270 JavaThread "Finalizer"                  daemon [_thread_blocked, id=6076, stack(0x000000a09d300000,0x000000a09d400000) (1024K)]
  0x000001bbfef8da70 JavaThread "Signal Dispatcher"          daemon [_thread_blocked, id=22980, stack(0x000000a09d400000,0x000000a09d500000) (1024K)]
=>0x000001bbfef905e0 JavaThread "Attach Listener"            daemon [_thread_in_vm, id=23036, stack(0x000000a09d500000,0x000000a09d600000) (1024K)]
  0x000001bbfef945f0 JavaThread "Service Thread"             daemon [_thread_blocked, id=9576, stack(0x000000a09d600000,0x000000a09d700000) (1024K)]
  0x000001bbfef914d0 JavaThread "Monitor Deflation Thread"   daemon [_thread_blocked, id=21088, stack(0x000000a09d700000,0x000000a09d800000) (1024K)]
  0x000001bbfef92310 JavaThread "C2 CompilerThread0"         daemon [_thread_blocked, id=17312, stack(0x000000a09d800000,0x000000a09d900000) (1024K)]
  0x000001bbc13c64a0 JavaThread "C1 CompilerThread0"         daemon [_thread_blocked, id=6680, stack(0x000000a09d900000,0x000000a09da00000) (1024K)]
  0x000001bbc1542f10 JavaThread "Common-Cleaner"             daemon [_thread_blocked, id=15244, stack(0x000000a09da00000,0x000000a09db00000) (1024K)]
  0x000001bbc1691a90 JavaThread "Notification Thread"        daemon [_thread_blocked, id=27244, stack(0x000000a09dc00000,0x000000a09dd00000) (1024K)]
  0x000001bbc2ab5e30 JavaThread "Active Thread: Equinox Container: 5ae7afa0-4708-4709-991e-14fa747f0542"        [_thread_blocked, id=17188, stack(0x000000a09e400000,0x000000a09e500000) (1024K)]
  0x000001bbc2798d00 JavaThread "Refresh Thread: Equinox Container: 5ae7afa0-4708-4709-991e-14fa747f0542" daemon [_thread_blocked, id=26564, stack(0x000000a09db00000,0x000000a09dc00000) (1024K)]
  0x000001bbc2b0cfb0 JavaThread "Framework Event Dispatcher: Equinox Container: 5ae7afa0-4708-4709-991e-14fa747f0542" daemon [_thread_blocked, id=26612, stack(0x000000a09e500000,0x000000a09e600000) (1024K)]
  0x000001bbc706a070 JavaThread "Start Level: Equinox Container: 5ae7afa0-4708-4709-991e-14fa747f0542" daemon [_thread_blocked, id=25652, stack(0x000000a09e600000,0x000000a09e700000) (1024K)]
  0x000001bbc74213b0 JavaThread "Bundle File Closer"         daemon [_thread_blocked, id=27424, stack(0x000000a09eb00000,0x000000a09ec00000) (1024K)]
  0x000001bbc77ee890 JavaThread "SCR Component Actor"        daemon [_thread_blocked, id=17168, stack(0x000000a09e700000,0x000000a09e800000) (1024K)]
  0x000001bbc759d0f0 JavaThread "Worker-JM"                         [_thread_blocked, id=23296, stack(0x000000a09ed00000,0x000000a09ee00000) (1024K)]
  0x000001bbc79cdf90 JavaThread "JNA Cleaner"                daemon [_thread_blocked, id=5688, stack(0x000000a09e800000,0x000000a09e900000) (1024K)]
  0x000001bbc79ce620 JavaThread "Java indexing"              daemon [_thread_blocked, id=14272, stack(0x000000a09f000000,0x000000a09f100000) (1024K)]
  0x000001bbc79ccbe0 JavaThread "Worker-2"                          [_thread_blocked, id=14320, stack(0x000000a09f100000,0x000000a09f200000) (1024K)]
  0x000001bbc79cb830 JavaThread "Worker-3"                          [_thread_blocked, id=10856, stack(0x000000a09f500000,0x000000a09f600000) (1024K)]
  0x000001bbc7b2b9b0 JavaThread "Thread-1"                   daemon [_thread_in_native, id=27392, stack(0x000000a09f800000,0x000000a09f900000) (1024K)]
  0x000001bbc7b2c6d0 JavaThread "Thread-2"                   daemon [_thread_in_native, id=4424, stack(0x000000a09f900000,0x000000a09fa00000) (1024K)]
  0x000001bbc7b2cd60 JavaThread "Thread-3"                   daemon [_thread_in_native, id=14908, stack(0x000000a09fa00000,0x000000a09fb00000) (1024K)]
  0x000001bbc7b2e110 JavaThread "Thread-4"                   daemon [_thread_in_native, id=6948, stack(0x000000a09fb00000,0x000000a09fc00000) (1024K)]
  0x000001bbc7b2b320 JavaThread "Thread-5"                   daemon [_thread_in_native, id=2224, stack(0x000000a09fc00000,0x000000a09fd00000) (1024K)]
  0x000001bbc7b2d3f0 JavaThread "Thread-6"                   daemon [_thread_in_native, id=3956, stack(0x000000a09fd00000,0x000000a09fe00000) (1024K)]
  0x000001bbc7b2c040 JavaThread "Thread-7"                   daemon [_thread_in_native, id=27260, stack(0x000000a09fe00000,0x000000a09ff00000) (1024K)]
  0x000001bbc7b2da80 JavaThread "Thread-8"                   daemon [_thread_in_native, id=20184, stack(0x000000a09ff00000,0x000000a0a0000000) (1024K)]
  0x000001bbc7b2ac90 JavaThread "Thread-9"                   daemon [_thread_in_native, id=2476, stack(0x000000a0a0000000,0x000000a0a0100000) (1024K)]
  0x000001bbc9b8b700 JavaThread "Thread-10"                  daemon [_thread_in_native, id=20760, stack(0x000000a0a0100000,0x000000a0a0200000) (1024K)]
  0x000001bbc9b8bd90 JavaThread "Thread-11"                  daemon [_thread_in_native, id=17192, stack(0x000000a0a0200000,0x000000a0a0300000) (1024K)]
  0x000001bbc9b8a350 JavaThread "Thread-12"                  daemon [_thread_in_native, id=9020, stack(0x000000a0a0300000,0x000000a0a0400000) (1024K)]
  0x000001bbc9b8a9e0 JavaThread "Thread-13"                  daemon [_thread_in_native, id=21836, stack(0x000000a0a0400000,0x000000a0a0500000) (1024K)]
  0x000001bbc9b8d7d0 JavaThread "pool-2-thread-1"                   [_thread_blocked, id=5852, stack(0x000000a0a0500000,0x000000a0a0600000) (1024K)]
  0x000001bbc9b8c420 JavaThread "Timer-0"                           [_thread_blocked, id=6284, stack(0x000000a0a0600000,0x000000a0a0700000) (1024K)]
  0x000001bbc9b8de60 JavaThread "Timer-1"                           [_thread_blocked, id=12192, stack(0x000000a0a0700000,0x000000a0a0800000) (1024K)]
  0x000001bbc9b8e4f0 JavaThread "Timer-3"                           [_thread_blocked, id=15164, stack(0x000000a0a0800000,0x000000a0a0900000) (1024K)]
  0x000001bbc9b8d140 JavaThread "Timer-2"                           [_thread_blocked, id=10840, stack(0x000000a0a0900000,0x000000a0a0a00000) (1024K)]
  0x000001bbc9b8cab0 JavaThread "WorkspaceEventsHandler"            [_thread_blocked, id=21028, stack(0x000000a0a0a00000,0x000000a0a0b00000) (1024K)]
  0x000001bbc9b8b070 JavaThread "pool-1-thread-1"                   [_thread_blocked, id=5376, stack(0x000000a0a0b00000,0x000000a0a0c00000) (1024K)]
  0x000001bbc8fd0da0 JavaThread "ForkJoinPool.commonPool-worker-2" daemon [_thread_blocked, id=26716, stack(0x000000a0a0f00000,0x000000a0a1000000) (1024K)]
  0x000001bbc8fd3500 JavaThread "ForkJoinPool.commonPool-worker-4" daemon [_thread_blocked, id=19880, stack(0x000000a0a1100000,0x000000a0a1200000) (1024K)]
  0x000001bbc8fd2e70 JavaThread "ForkJoinPool.commonPool-worker-6" daemon [_thread_blocked, id=24872, stack(0x000000a0a1300000,0x000000a0a1400000) (1024K)]
  0x000001bbc8fd6980 JavaThread "Timer-4"                           [_thread_blocked, id=26416, stack(0x000000a0a0c00000,0x000000a0a0d00000) (1024K)]
  0x000001bbc8fd55d0 JavaThread "Timer-5"                           [_thread_blocked, id=26396, stack(0x000000a0a1700000,0x000000a0a1800000) (1024K)]
  0x000001bbc8fd7010 JavaThread "Timer-6"                           [_thread_blocked, id=12416, stack(0x000000a09ef00000,0x000000a09f000000) (1024K)]
  0x000001bbc8fd7d30 JavaThread "Timer-7"                           [_thread_blocked, id=26180, stack(0x000000a09f200000,0x000000a09f300000) (1024K)]
  0x000001bbc9b8ff30 JavaThread "Timer-8"                           [_thread_blocked, id=21628, stack(0x000000a0a1900000,0x000000a0a1a00000) (1024K)]
  0x000001bbcc708e20 JavaThread "Timer-9"                           [_thread_blocked, id=22324, stack(0x000000a0a1b00000,0x000000a0a1c00000) (1024K)]
  0x000001bbcc70a1d0 JavaThread "Timer-10"                          [_thread_blocked, id=8628, stack(0x000000a0a1a00000,0x000000a0a1b00000) (1024K)]
  0x000001bbcc709b40 JavaThread "Timer-11"                          [_thread_blocked, id=25828, stack(0x000000a0a0d00000,0x000000a0a0e00000) (1024K)]
  0x000001bbcc70a860 JavaThread "Timer-12"                          [_thread_blocked, id=7852, stack(0x000000a0a1800000,0x000000a0a1900000) (1024K)]
  0x000001bbcc70b580 JavaThread "Timer-13"                          [_thread_blocked, id=18408, stack(0x000000a0a1c00000,0x000000a0a1d00000) (1024K)]
  0x000001bbcc708100 JavaThread "Timer-14"                          [_thread_blocked, id=16096, stack(0x000000a0a2200000,0x000000a0a2300000) (1024K)]
  0x000001bbcc70ea00 JavaThread "Timer-15"                          [_thread_blocked, id=26140, stack(0x000000a0a2400000,0x000000a0a2500000) (1024K)]
  0x000001bbcc70c930 JavaThread "Timer-16"                          [_thread_blocked, id=26344, stack(0x000000a0a2000000,0x000000a0a2100000) (1024K)]
  0x000001bbcc70bc10 JavaThread "Timer-17"                          [_thread_blocked, id=7256, stack(0x000000a0a2300000,0x000000a0a2400000) (1024K)]
  0x000001bbcc70dce0 JavaThread "ForkJoinPool.commonPool-worker-10" daemon [_thread_blocked, id=17564, stack(0x000000a0a2b00000,0x000000a0a2c00000) (1024K)]
  0x000001bbcc70f720 JavaThread "ForkJoinPool.commonPool-worker-11" daemon [_thread_blocked, id=12152, stack(0x000000a0a2c00000,0x000000a0a2d00000) (1024K)]
  0x000001bbd527b8e0 JavaThread "Timer-18"                          [_thread_blocked, id=19252, stack(0x000000a0a2a00000,0x000000a0a2b00000) (1024K)]
  0x000001bbd527a530 JavaThread "Timer-19"                          [_thread_blocked, id=8124, stack(0x000000a0a3100000,0x000000a0a3200000) (1024K)]
  0x000001bbd527c600 JavaThread "Timer-20"                          [_thread_blocked, id=19164, stack(0x000000a0a2700000,0x000000a0a2800000) (1024K)]
  0x000001bbd527cc90 JavaThread "Timer-21"                          [_thread_blocked, id=16056, stack(0x000000a0a2800000,0x000000a0a2900000) (1024K)]
Total: 65

Other Threads:
  0x000001bbe8595970 VMThread "VM Thread"                           [id=9616, stack(0x000000a09d100000,0x000000a09d200000) (1024K)]
  0x000001bbfee7ca00 WatcherThread "VM Periodic Task Thread"        [id=2680, stack(0x000000a09d000000,0x000000a09d100000) (1024K)]
  0x000001bbe8512850 WorkerThread "GC Thread#0"                     [id=7696, stack(0x000000a09cf00000,0x000000a09d000000) (1024K)]
  0x000001bbc2a3a040 WorkerThread "GC Thread#1"                     [id=26372, stack(0x000000a09de00000,0x000000a09df00000) (1024K)]
  0x000001bbc2a3a3f0 WorkerThread "GC Thread#2"                     [id=16216, stack(0x000000a09df00000,0x000000a09e000000) (1024K)]
  0x000001bbc2a3a7a0 WorkerThread "GC Thread#3"                     [id=24892, stack(0x000000a09e000000,0x000000a09e100000) (1024K)]
  0x000001bbc2a3ab50 WorkerThread "GC Thread#4"                     [id=22684, stack(0x000000a09e100000,0x000000a09e200000) (1024K)]
  0x000001bbc2a92440 WorkerThread "GC Thread#5"                     [id=26424, stack(0x000000a09e200000,0x000000a09e300000) (1024K)]
  0x000001bbc2a927f0 WorkerThread "GC Thread#6"                     [id=24176, stack(0x000000a09e300000,0x000000a09e400000) (1024K)]
  0x000001bbc2799370 WorkerThread "GC Thread#7"                     [id=10600, stack(0x000000a09dd00000,0x000000a09de00000) (1024K)]
  0x000001bbc75eaa50 WorkerThread "GC Thread#8"                     [id=5788, stack(0x000000a09e900000,0x000000a09ea00000) (1024K)]
  0x000001bbc77f0010 WorkerThread "GC Thread#9"                     [id=25844, stack(0x000000a09ea00000,0x000000a09eb00000) (1024K)]
Total: 12

Threads with active compile tasks:
Total: 0

VM state: not at safepoint (normal execution)

VM Mutex/Monitor currently owned by a thread: None

Heap address: 0x0000000080000000, size: 2048 MB, Compressed Oops mode: 32-bit

CDS archive(s) mapped at: [0x000001bb80000000-0x000001bb80ba0000-0x000001bb80ba0000), size 12189696, SharedBaseAddress: 0x000001bb80000000, ArchiveRelocationMode: 1.
Compressed class space mapped at: 0x000001bb81000000-0x000001bbc1000000, reserved size: 1073741824
Narrow klass base: 0x000001bb80000000, Narrow klass shift: 0, Narrow klass range: 0x100000000

GC Precious Log:
 CardTable entry size: 512
 CPUs: 12 total, 12 available
 Memory: 16068M
 Large Page Support: Disabled
 NUMA Support: Disabled
 Compressed Oops: Enabled (32-bit)
 Alignments: Space 512K, Generation 512K, Heap 2M
 Heap Min Capacity: 100M
 Heap Initial Capacity: 100M
 Heap Max Capacity: 2G
 Pre-touch: Disabled
 Parallel Workers: 10

Heap:
 PSYoungGen      total 14336K, used 6044K [0x00000000d5580000, 0x00000000d6880000, 0x0000000100000000)
  eden space 13824K, 41% used [0x00000000d5580000,0x00000000d5b171b8,0x00000000d6300000)
  from space 512K, 62% used [0x00000000d6800000,0x00000000d6850000,0x00000000d6880000)
  to   space 512K, 0% used [0x00000000d6780000,0x00000000d6780000,0x00000000d6800000)
 ParOldGen       total 82432K, used 82205K [0x0000000080000000, 0x0000000085080000, 0x00000000d5580000)
  object space 82432K, 99% used [0x0000000080000000,0x00000000850474b8,0x0000000085080000)
 Metaspace       used 85993K, committed 87744K, reserved 1179648K
  class space    used 11416K, committed 12224K, reserved 1048576K

Card table byte_map: [0x000001bbe7eb0000,0x000001bbe82c0000] _byte_map_base: 0x000001bbe7ab0000

Marking Bits: (ParMarkBitMap*) 0x00007ffe2cb63450
 Begin Bits: [0x000001bbfa9a0000, 0x000001bbfc9a0000)
 End Bits:   [0x000001bbfc9a0000, 0x000001bbfe9a0000)

Polling page: 0x000001bbe66f0000

Metaspace:

Usage:
  Non-class:     72.83 MB used.
      Class:     11.15 MB used.
       Both:     83.98 MB used.

Virtual space:
  Non-class space:      128.00 MB reserved,      73.75 MB ( 58%) committed,  2 nodes.
      Class space:        1.00 GB reserved,      11.94 MB (  1%) committed,  1 nodes.
             Both:        1.12 GB reserved,      85.69 MB (  7%) committed. 

Chunk freelists:
   Non-Class:  5.56 MB
       Class:  3.95 MB
        Both:  9.51 MB

MaxMetaspaceSize: unlimited
CompressedClassSpaceSize: 1.00 GB
Initial GC threshold: 21.00 MB
Current GC threshold: 97.31 MB
CDS: on
 - commit_granule_bytes: 65536.
 - commit_granule_words: 8192.
 - virtual_space_node_default_size: 8388608.
 - enlarge_chunks_in_place: 1.
 - use_allocation_guard: 0.


Internal statistics:

num_allocs_failed_limit: 9.
num_arena_births: 1626.
num_arena_deaths: 22.
num_vsnodes_births: 3.
num_vsnodes_deaths: 0.
num_space_committed: 1370.
num_space_uncommitted: 0.
num_chunks_returned_to_freelist: 34.
num_chunks_taken_from_freelist: 5557.
num_chunk_merges: 15.
num_chunk_splits: 3566.
num_chunks_enlarged: 2214.
num_inconsistent_stats: 0.

CodeHeap 'non-profiled nmethods': size=120000Kb used=6524Kb max_used=6524Kb free=113475Kb
 bounds [0x000001bbf31c0000, 0x000001bbf3820000, 0x000001bbfa6f0000]
CodeHeap 'profiled nmethods': size=120000Kb used=17829Kb max_used=17829Kb free=102170Kb
 bounds [0x000001bbeb6f0000, 0x000001bbec860000, 0x000001bbf2c20000]
CodeHeap 'non-nmethods': size=5760Kb used=1407Kb max_used=1467Kb free=4352Kb
 bounds [0x000001bbf2c20000, 0x000001bbf2e90000, 0x000001bbf31c0000]
CodeCache: size=245760Kb, used=25760Kb, max_used=25820Kb, free=219997Kb
 total_blobs=9470, nmethods=8756, adapters=620, full_count=0
Compilation: enabled, stopped_count=0, restarted_count=0

Compilation events (20 events):
Event: 376.335 Thread 0x000001bbc13c64a0 9456       1       org.eclipse.core.internal.resources.Project::isTeamPrivateMember (2 bytes)
Event: 376.335 Thread 0x000001bbc13c64a0 nmethod 9456 0x000001bbf381c390 code [0x000001bbf381c520, 0x000001bbf381c5e8]
Event: 420.238 Thread 0x000001bbc13c64a0 9457       3       java.nio.HeapByteBuffer::put (12 bytes)
Event: 420.239 Thread 0x000001bbc13c64a0 nmethod 9457 0x000001bbec858690 code [0x000001bbec858880, 0x000001bbec858d40]
Event: 420.240 Thread 0x000001bbfef92310 9458       4       java.lang.invoke.Invokers::checkExactType (17 bytes)
Event: 420.241 Thread 0x000001bbfef92310 nmethod 9458 0x000001bbf381c690 code [0x000001bbf381c820, 0x000001bbf381c8c8]
Event: 420.426 Thread 0x000001bbfef92310 9459       4       java.lang.reflect.Constructor::copy (72 bytes)
Event: 420.427 Thread 0x000001bbfef92310 nmethod 9459 0x000001bbf381c990 code [0x000001bbf381cb20, 0x000001bbf381ccb8]
Event: 422.107 Thread 0x000001bbfef92310 9460       4       org.eclipse.core.runtime.Path::computeSegmentCount (86 bytes)
Event: 422.112 Thread 0x000001bbfef92310 nmethod 9460 0x000001bbf381cd90 code [0x000001bbf381cf80, 0x000001bbf381d628]
Event: 422.112 Thread 0x000001bbfef92310 9461       4       org.eclipse.core.internal.filesystem.local.LocalFile::getName (8 bytes)
Event: 422.118 Thread 0x000001bbfef92310 nmethod 9461 0x000001bbf381db10 code [0x000001bbf381dce0, 0x000001bbf381e348]
Event: 428.227 Thread 0x000001bbc13c64a0 9462       1       org.eclipse.lsp4j.jsonrpc.messages.RequestMessage::getMethod (5 bytes)
Event: 428.228 Thread 0x000001bbc13c64a0 nmethod 9462 0x000001bbf381e790 code [0x000001bbf381e920, 0x000001bbf381e9e8]
Event: 428.229 Thread 0x000001bbfef92310 9463       4       org.eclipse.core.internal.registry.ConfigurationElement::getAttributeAsIs (62 bytes)
Event: 428.234 Thread 0x000001bbfef92310 nmethod 9463 0x000001bbf381ea90 code [0x000001bbf381ec20, 0x000001bbf381f130]
Event: 452.533 Thread 0x000001bbc13c64a0 9464       3       java.util.concurrent.ScheduledThreadPoolExecutor$ScheduledFutureTask::getDelay (16 bytes)
Event: 452.534 Thread 0x000001bbc13c64a0 nmethod 9464 0x000001bbec858f10 code [0x000001bbec8590c0, 0x000001bbec859258]
Event: 488.234 Thread 0x000001bbc13c64a0 9465       3       sun.nio.ch.Util$BufferCache::isEmpty (13 bytes)
Event: 488.235 Thread 0x000001bbc13c64a0 nmethod 9465 0x000001bbec859310 code [0x000001bbec8594a0, 0x000001bbec859600]

GC Heap History (20 events):
Event: 19.125 GC heap before
{Heap before GC invocations=70 (full 3):
 PSYoungGen      total 14848K, used 14560K [0x00000000d5580000, 0x00000000d6a80000, 0x0000000100000000)
  eden space 13824K, 100% used [0x00000000d5580000,0x00000000d6300000,0x00000000d6300000)
  from space 1024K, 71% used [0x00000000d6980000,0x00000000d6a38020,0x00000000d6a80000)
  to   space 2048K, 0% used [0x00000000d6680000,0x00000000d6680000,0x00000000d6880000)
 ParOldGen       total 76800K, used 76789K [0x0000000080000000, 0x0000000084b00000, 0x00000000d5580000)
  object space 76800K, 99% used [0x0000000080000000,0x0000000084afd7a0,0x0000000084b00000)
 Metaspace       used 77941K, committed 79488K, reserved 1179648K
  class space    used 10342K, committed 11072K, reserved 1048576K
}
Event: 19.127 GC heap after
{Heap after GC invocations=70 (full 3):
 PSYoungGen      total 15872K, used 512K [0x00000000d5580000, 0x00000000d6a00000, 0x0000000100000000)
  eden space 13824K, 0% used [0x00000000d5580000,0x00000000d5580000,0x00000000d6300000)
  from space 2048K, 25% used [0x00000000d6680000,0x00000000d6700000,0x00000000d6880000)
  to   space 1024K, 0% used [0x00000000d6900000,0x00000000d6900000,0x00000000d6a00000)
 ParOldGen       total 77824K, used 77429K [0x0000000080000000, 0x0000000084c00000, 0x00000000d5580000)
  object space 77824K, 99% used [0x0000000080000000,0x0000000084b9d7d0,0x0000000084c00000)
 Metaspace       used 77941K, committed 79488K, reserved 1179648K
  class space    used 10342K, committed 11072K, reserved 1048576K
}
Event: 19.276 GC heap before
{Heap before GC invocations=71 (full 3):
 PSYoungGen      total 15872K, used 14336K [0x00000000d5580000, 0x00000000d6a00000, 0x0000000100000000)
  eden space 13824K, 100% used [0x00000000d5580000,0x00000000d6300000,0x00000000d6300000)
  from space 2048K, 25% used [0x00000000d6680000,0x00000000d6700000,0x00000000d6880000)
  to   space 1024K, 0% used [0x00000000d6900000,0x00000000d6900000,0x00000000d6a00000)
 ParOldGen       total 77824K, used 77429K [0x0000000080000000, 0x0000000084c00000, 0x00000000d5580000)
  object space 77824K, 99% used [0x0000000080000000,0x0000000084b9d7d0,0x0000000084c00000)
 Metaspace       used 79493K, committed 81088K, reserved 1179648K
  class space    used 10603K, committed 11328K, reserved 1048576K
}
Event: 19.277 GC heap after
{Heap after GC invocations=71 (full 3):
 PSYoungGen      total 14848K, used 800K [0x00000000d5580000, 0x00000000d6a00000, 0x0000000100000000)
  eden space 13824K, 0% used [0x00000000d5580000,0x00000000d5580000,0x00000000d6300000)
  from space 1024K, 78% used [0x00000000d6900000,0x00000000d69c8000,0x00000000d6a00000)
  to   space 1024K, 0% used [0x00000000d6800000,0x00000000d6800000,0x00000000d6900000)
 ParOldGen       total 77824K, used 77773K [0x0000000080000000, 0x0000000084c00000, 0x00000000d5580000)
  object space 77824K, 99% used [0x0000000080000000,0x0000000084bf37d0,0x0000000084c00000)
 Metaspace       used 79493K, committed 81088K, reserved 1179648K
  class space    used 10603K, committed 11328K, reserved 1048576K
}
Event: 21.190 GC heap before
{Heap before GC invocations=72 (full 3):
 PSYoungGen      total 14848K, used 14624K [0x00000000d5580000, 0x00000000d6a00000, 0x0000000100000000)
  eden space 13824K, 100% used [0x00000000d5580000,0x00000000d6300000,0x00000000d6300000)
  from space 1024K, 78% used [0x00000000d6900000,0x00000000d69c8000,0x00000000d6a00000)
  to   space 1024K, 0% used [0x00000000d6800000,0x00000000d6800000,0x00000000d6900000)
 ParOldGen       total 77824K, used 77773K [0x0000000080000000, 0x0000000084c00000, 0x00000000d5580000)
  object space 77824K, 99% used [0x0000000080000000,0x0000000084bf37d0,0x0000000084c00000)
 Metaspace       used 80297K, committed 82048K, reserved 1179648K
  class space    used 10705K, committed 11520K, reserved 1048576K
}
Event: 21.192 GC heap after
{Heap after GC invocations=72 (full 3):
 PSYoungGen      total 14848K, used 1024K [0x00000000d5580000, 0x00000000d6980000, 0x0000000100000000)
  eden space 13824K, 0% used [0x00000000d5580000,0x00000000d5580000,0x00000000d6300000)
  from space 1024K, 100% used [0x00000000d6800000,0x00000000d6900000,0x00000000d6900000)
  to   space 512K, 0% used [0x00000000d6900000,0x00000000d6900000,0x00000000d6980000)
 ParOldGen       total 78848K, used 78373K [0x0000000080000000, 0x0000000084d00000, 0x00000000d5580000)
  object space 78848K, 99% used [0x0000000080000000,0x0000000084c894f0,0x0000000084d00000)
 Metaspace       used 80297K, committed 82048K, reserved 1179648K
  class space    used 10705K, committed 11520K, reserved 1048576K
}
Event: 22.380 GC heap before
{Heap before GC invocations=73 (full 3):
 PSYoungGen      total 14848K, used 14848K [0x00000000d5580000, 0x00000000d6980000, 0x0000000100000000)
  eden space 13824K, 100% used [0x00000000d5580000,0x00000000d6300000,0x00000000d6300000)
  from space 1024K, 100% used [0x00000000d6800000,0x00000000d6900000,0x00000000d6900000)
  to   space 512K, 0% used [0x00000000d6900000,0x00000000d6900000,0x00000000d6980000)
 ParOldGen       total 78848K, used 78373K [0x0000000080000000, 0x0000000084d00000, 0x00000000d5580000)
  object space 78848K, 99% used [0x0000000080000000,0x0000000084c894f0,0x0000000084d00000)
 Metaspace       used 81257K, committed 82944K, reserved 1179648K
  class space    used 10830K, committed 11648K, reserved 1048576K
}
Event: 22.381 GC heap after
{Heap after GC invocations=73 (full 3):
 PSYoungGen      total 14336K, used 512K [0x00000000d5580000, 0x00000000d6980000, 0x0000000100000000)
  eden space 13824K, 0% used [0x00000000d5580000,0x00000000d5580000,0x00000000d6300000)
  from space 512K, 100% used [0x00000000d6900000,0x00000000d6980000,0x00000000d6980000)
  to   space 2048K, 0% used [0x00000000d6580000,0x00000000d6580000,0x00000000d6780000)
 ParOldGen       total 79360K, used 79357K [0x0000000080000000, 0x0000000084d80000, 0x00000000d5580000)
  object space 79360K, 99% used [0x0000000080000000,0x0000000084d7f4f0,0x0000000084d80000)
 Metaspace       used 81257K, committed 82944K, reserved 1179648K
  class space    used 10830K, committed 11648K, reserved 1048576K
}
Event: 23.941 GC heap before
{Heap before GC invocations=74 (full 3):
 PSYoungGen      total 14336K, used 14335K [0x00000000d5580000, 0x00000000d6980000, 0x0000000100000000)
  eden space 13824K, 99% used [0x00000000d5580000,0x00000000d62fffc8,0x00000000d6300000)
  from space 512K, 100% used [0x00000000d6900000,0x00000000d6980000,0x00000000d6980000)
  to   space 2048K, 0% used [0x00000000d6580000,0x00000000d6580000,0x00000000d6780000)
 ParOldGen       total 79360K, used 79357K [0x0000000080000000, 0x0000000084d80000, 0x00000000d5580000)
  object space 79360K, 99% used [0x0000000080000000,0x0000000084d7f4f0,0x0000000084d80000)
 Metaspace       used 82707K, committed 84480K, reserved 1179648K
  class space    used 11053K, committed 11904K, reserved 1048576K
}
Event: 23.943 GC heap after
{Heap after GC invocations=74 (full 3):
 PSYoungGen      total 15872K, used 576K [0x00000000d5580000, 0x00000000d6980000, 0x0000000100000000)
  eden space 13824K, 0% used [0x00000000d5580000,0x00000000d5580000,0x00000000d6300000)
  from space 2048K, 28% used [0x00000000d6580000,0x00000000d6610000,0x00000000d6780000)
  to   space 1024K, 0% used [0x00000000d6880000,0x00000000d6880000,0x00000000d6980000)
 ParOldGen       total 79872K, used 79861K [0x0000000080000000, 0x0000000084e00000, 0x00000000d5580000)
  object space 79872K, 99% used [0x0000000080000000,0x0000000084dfd4f0,0x0000000084e00000)
 Metaspace       used 82707K, committed 84480K, reserved 1179648K
  class space    used 11053K, committed 11904K, reserved 1048576K
}
Event: 32.347 GC heap before
{Heap before GC invocations=75 (full 3):
 PSYoungGen      total 15872K, used 14399K [0x00000000d5580000, 0x00000000d6980000, 0x0000000100000000)
  eden space 13824K, 99% used [0x00000000d5580000,0x00000000d62ffd40,0x00000000d6300000)
  from space 2048K, 28% used [0x00000000d6580000,0x00000000d6610000,0x00000000d6780000)
  to   space 1024K, 0% used [0x00000000d6880000,0x00000000d6880000,0x00000000d6980000)
 ParOldGen       total 79872K, used 79861K [0x0000000080000000, 0x0000000084e00000, 0x00000000d5580000)
  object space 79872K, 99% used [0x0000000080000000,0x0000000084dfd4f0,0x0000000084e00000)
 Metaspace       used 83348K, committed 85184K, reserved 1179648K
  class space    used 11139K, committed 11968K, reserved 1048576K
}
Event: 32.348 GC heap after
{Heap after GC invocations=75 (full 3):
 PSYoungGen      total 14848K, used 928K [0x00000000d5580000, 0x00000000d6980000, 0x0000000100000000)
  eden space 13824K, 0% used [0x00000000d5580000,0x00000000d5580000,0x00000000d6300000)
  from space 1024K, 90% used [0x00000000d6880000,0x00000000d6968000,0x00000000d6980000)
  to   space 1024K, 0% used [0x00000000d6780000,0x00000000d6780000,0x00000000d6880000)
 ParOldGen       total 80384K, used 80221K [0x0000000080000000, 0x0000000084e80000, 0x00000000d5580000)
  object space 80384K, 99% used [0x0000000080000000,0x0000000084e57500,0x0000000084e80000)
 Metaspace       used 83348K, committed 85184K, reserved 1179648K
  class space    used 11139K, committed 11968K, reserved 1048576K
}
Event: 32.554 GC heap before
{Heap before GC invocations=76 (full 3):
 PSYoungGen      total 14848K, used 14752K [0x00000000d5580000, 0x00000000d6980000, 0x0000000100000000)
  eden space 13824K, 100% used [0x00000000d5580000,0x00000000d6300000,0x00000000d6300000)
  from space 1024K, 90% used [0x00000000d6880000,0x00000000d6968000,0x00000000d6980000)
  to   space 1024K, 0% used [0x00000000d6780000,0x00000000d6780000,0x00000000d6880000)
 ParOldGen       total 80384K, used 80221K [0x0000000080000000, 0x0000000084e80000, 0x00000000d5580000)
  object space 80384K, 99% used [0x0000000080000000,0x0000000084e57500,0x0000000084e80000)
 Metaspace       used 83872K, committed 85696K, reserved 1179648K
  class space    used 11189K, committed 12032K, reserved 1048576K
}
Event: 32.559 GC heap after
{Heap after GC invocations=76 (full 3):
 PSYoungGen      total 14848K, used 664K [0x00000000d5580000, 0x00000000d6900000, 0x0000000100000000)
  eden space 13824K, 0% used [0x00000000d5580000,0x00000000d5580000,0x00000000d6300000)
  from space 1024K, 64% used [0x00000000d6780000,0x00000000d68261a8,0x00000000d6880000)
  to   space 512K, 0% used [0x00000000d6880000,0x00000000d6880000,0x00000000d6900000)
 ParOldGen       total 81408K, used 80989K [0x0000000080000000, 0x0000000084f80000, 0x00000000d5580000)
  object space 81408K, 99% used [0x0000000080000000,0x0000000084f17500,0x0000000084f80000)
 Metaspace       used 83872K, committed 85696K, reserved 1179648K
  class space    used 11189K, committed 12032K, reserved 1048576K
}
Event: 32.732 GC heap before
{Heap before GC invocations=77 (full 3):
 PSYoungGen      total 14848K, used 14485K [0x00000000d5580000, 0x00000000d6900000, 0x0000000100000000)
  eden space 13824K, 99% used [0x00000000d5580000,0x00000000d62ff5e0,0x00000000d6300000)
  from space 1024K, 64% used [0x00000000d6780000,0x00000000d68261a8,0x00000000d6880000)
  to   space 512K, 0% used [0x00000000d6880000,0x00000000d6880000,0x00000000d6900000)
 ParOldGen       total 81408K, used 80989K [0x0000000080000000, 0x0000000084f80000, 0x00000000d5580000)
  object space 81408K, 99% used [0x0000000080000000,0x0000000084f17500,0x0000000084f80000)
 Metaspace       used 84837K, committed 86592K, reserved 1179648K
  class space    used 11287K, committed 12096K, reserved 1048576K
}
Event: 32.735 GC heap after
{Heap after GC invocations=77 (full 3):
 PSYoungGen      total 14336K, used 500K [0x00000000d5580000, 0x00000000d6900000, 0x0000000100000000)
  eden space 13824K, 0% used [0x00000000d5580000,0x00000000d5580000,0x00000000d6300000)
  from space 512K, 97% used [0x00000000d6880000,0x00000000d68fd0f0,0x00000000d6900000)
  to   space 1024K, 0% used [0x00000000d6700000,0x00000000d6700000,0x00000000d6800000)
 ParOldGen       total 81408K, used 81396K [0x0000000080000000, 0x0000000084f80000, 0x00000000d5580000)
  object space 81408K, 99% used [0x0000000080000000,0x0000000084f7d0f8,0x0000000084f80000)
 Metaspace       used 84837K, committed 86592K, reserved 1179648K
  class space    used 11287K, committed 12096K, reserved 1048576K
}
Event: 33.295 GC heap before
{Heap before GC invocations=78 (full 3):
 PSYoungGen      total 14336K, used 14324K [0x00000000d5580000, 0x00000000d6900000, 0x0000000100000000)
  eden space 13824K, 100% used [0x00000000d5580000,0x00000000d6300000,0x00000000d6300000)
  from space 512K, 97% used [0x00000000d6880000,0x00000000d68fd0f0,0x00000000d6900000)
  to   space 1024K, 0% used [0x00000000d6700000,0x00000000d6700000,0x00000000d6800000)
 ParOldGen       total 81408K, used 81396K [0x0000000080000000, 0x0000000084f80000, 0x00000000d5580000)
  object space 81408K, 99% used [0x0000000080000000,0x0000000084f7d0f8,0x0000000084f80000)
 Metaspace       used 85451K, committed 87232K, reserved 1179648K
  class space    used 11357K, committed 12160K, reserved 1048576K
}
Event: 33.296 GC heap after
{Heap after GC invocations=78 (full 3):
 PSYoungGen      total 14848K, used 718K [0x00000000d5580000, 0x00000000d6900000, 0x0000000100000000)
  eden space 13824K, 0% used [0x00000000d5580000,0x00000000d5580000,0x00000000d6300000)
  from space 1024K, 70% used [0x00000000d6700000,0x00000000d67b3ba8,0x00000000d6800000)
  to   space 1024K, 0% used [0x00000000d6800000,0x00000000d6800000,0x00000000d6900000)
 ParOldGen       total 81920K, used 81705K [0x0000000080000000, 0x0000000085000000, 0x00000000d5580000)
  object space 81920K, 99% used [0x0000000080000000,0x0000000084fca798,0x0000000085000000)
 Metaspace       used 85451K, committed 87232K, reserved 1179648K
  class space    used 11357K, committed 12160K, reserved 1048576K
}
Event: 371.550 GC heap before
{Heap before GC invocations=79 (full 3):
 PSYoungGen      total 14848K, used 14542K [0x00000000d5580000, 0x00000000d6900000, 0x0000000100000000)
  eden space 13824K, 100% used [0x00000000d5580000,0x00000000d6300000,0x00000000d6300000)
  from space 1024K, 70% used [0x00000000d6700000,0x00000000d67b3ba8,0x00000000d6800000)
  to   space 1024K, 0% used [0x00000000d6800000,0x00000000d6800000,0x00000000d6900000)
 ParOldGen       total 81920K, used 81705K [0x0000000080000000, 0x0000000085000000, 0x00000000d5580000)
  object space 81920K, 99% used [0x0000000080000000,0x0000000084fca798,0x0000000085000000)
 Metaspace       used 85906K, committed 87680K, reserved 1179648K
  class space    used 11406K, committed 12224K, reserved 1048576K
}
Event: 371.551 GC heap after
{Heap after GC invocations=79 (full 3):
 PSYoungGen      total 14336K, used 320K [0x00000000d5580000, 0x00000000d6880000, 0x0000000100000000)
  eden space 13824K, 0% used [0x00000000d5580000,0x00000000d5580000,0x00000000d6300000)
  from space 512K, 62% used [0x00000000d6800000,0x00000000d6850000,0x00000000d6880000)
  to   space 512K, 0% used [0x00000000d6780000,0x00000000d6780000,0x00000000d6800000)
 ParOldGen       total 82432K, used 82205K [0x0000000080000000, 0x0000000085080000, 0x00000000d5580000)
  object space 82432K, 99% used [0x0000000080000000,0x00000000850474b8,0x0000000085080000)
 Metaspace       used 85906K, committed 87680K, reserved 1179648K
  class space    used 11406K, committed 12224K, reserved 1048576K
}

Dll operation events (17 events):
Event: 0.025 Loaded shared library c:\Users\DELL\.antigravity\extensions\redhat.java-1.53.0-win32-x64\jre\21.0.10-win32-x86_64\bin\java.dll
Event: 0.166 Loaded shared library c:\Users\DELL\.antigravity\extensions\redhat.java-1.53.0-win32-x64\jre\21.0.10-win32-x86_64\bin\zip.dll
Event: 0.233 Loaded shared library C:\Users\DELL\.antigravity\extensions\redhat.java-1.53.0-win32-x64\jre\21.0.10-win32-x86_64\bin\instrument.dll
Event: 0.255 Loaded shared library C:\Users\DELL\.antigravity\extensions\redhat.java-1.53.0-win32-x64\jre\21.0.10-win32-x86_64\bin\net.dll
Event: 0.261 Loaded shared library C:\Users\DELL\.antigravity\extensions\redhat.java-1.53.0-win32-x64\jre\21.0.10-win32-x86_64\bin\nio.dll
Event: 0.274 Loaded shared library C:\Users\DELL\.antigravity\extensions\redhat.java-1.53.0-win32-x64\jre\21.0.10-win32-x86_64\bin\zip.dll
Event: 0.382 Loaded shared library C:\Users\DELL\.antigravity\extensions\redhat.java-1.53.0-win32-x64\jre\21.0.10-win32-x86_64\bin\jimage.dll
Event: 0.633 Loaded shared library c:\Users\DELL\.antigravity\extensions\redhat.java-1.53.0-win32-x64\jre\21.0.10-win32-x86_64\bin\verify.dll
Event: 2.934 Loaded shared library C:\Users\DELL\AppData\Roaming\Antigravity\User\globalStorage\redhat.java\1.53.0\config_win\org.eclipse.equinox.launcher\org.eclipse.equinox.launcher.win32.win32.x86_64_1.3.0.v20260203-2149\eclipse_11919.dll
Event: 5.542 Loaded shared library C:\Users\DELL\AppData\Local\Temp\jna-2094529\jna16026849402198937956.dll
Event: 9.349 Loaded shared library C:\Users\DELL\.gradle\native\660c5614fbf4a5f2a75b1949f50a0caf5cd603558e7d8a26e50b933a0cfb79d1\windows-amd64\native-platform.dll
Event: 11.964 Loaded shared library C:\Users\DELL\.antigravity\extensions\redhat.java-1.53.0-win32-x64\jre\21.0.10-win32-x86_64\bin\management.dll
Event: 11.971 Loaded shared library C:\Users\DELL\.antigravity\extensions\redhat.java-1.53.0-win32-x64\jre\21.0.10-win32-x86_64\bin\management_ext.dll
Event: 12.415 Loaded shared library C:\Users\DELL\.gradle\native\660c5614fbf4a5f2a75b1949f50a0caf5cd603558e7d8a26e50b933a0cfb79d1\windows-amd64-min\native-platform.dll
Event: 16.306 Loaded shared library C:\Users\DELL\.antigravity\extensions\redhat.java-1.53.0-win32-x64\jre\21.0.10-win32-x86_64\bin\extnet.dll
Event: 18.315 Loaded shared library C:\Users\DELL\.gradle\native\c067742578af261105cb4f569cf0c3c89f3d7b1fecec35dd04571415982c5e48\windows-amd64\native-platform.dll
Event: 19.258 Loaded shared library C:\Users\DELL\.antigravity\extensions\redhat.java-1.53.0-win32-x64\jre\21.0.10-win32-x86_64\bin\sunmscapi.dll

Deoptimization events (20 events):
Event: 371.503 Thread 0x000001bbc9b8b070 Uncommon trap: trap_request=0xffffffc6 fr.pc=0x000001bbf37991c4 relative=0x0000000000000ec4
Event: 371.503 Thread 0x000001bbc9b8b070 Uncommon trap: reason=bimorphic_or_optimized_type_check action=maybe_recompile pc=0x000001bbf37991c4 method=java.util.HashMap.putVal(ILjava/lang/Object;Ljava/lang/Object;ZZ)Ljava/lang/Object; @ 203 c2
Event: 371.503 Thread 0x000001bbc9b8b070 DEOPT PACKING pc=0x000001bbf37991c4 sp=0x000000a0a0bfe6d0
Event: 371.503 Thread 0x000001bbc9b8b070 DEOPT UNPACKING pc=0x000001bbf2c73aa2 sp=0x000000a0a0bfe568 mode 2
Event: 371.503 Thread 0x000001bbc9b8b070 Uncommon trap: trap_request=0xffffffc6 fr.pc=0x000001bbf37991c4 relative=0x0000000000000ec4
Event: 371.503 Thread 0x000001bbc9b8b070 Uncommon trap: reason=bimorphic_or_optimized_type_check action=maybe_recompile pc=0x000001bbf37991c4 method=java.util.HashMap.putVal(ILjava/lang/Object;Ljava/lang/Object;ZZ)Ljava/lang/Object; @ 203 c2
Event: 371.503 Thread 0x000001bbc9b8b070 DEOPT PACKING pc=0x000001bbf37991c4 sp=0x000000a0a0bfe6d0
Event: 371.503 Thread 0x000001bbc9b8b070 DEOPT UNPACKING pc=0x000001bbf2c73aa2 sp=0x000000a0a0bfe568 mode 2
Event: 371.563 Thread 0x000001bbc9b8cab0 Uncommon trap: trap_request=0xffffff45 fr.pc=0x000001bbf3816288 relative=0x0000000000000068
Event: 371.563 Thread 0x000001bbc9b8cab0 Uncommon trap: reason=unstable_if action=reinterpret pc=0x000001bbf3816288 method=java.net.URI.isAbsolute()Z @ 4 c2
Event: 371.563 Thread 0x000001bbc9b8cab0 DEOPT PACKING pc=0x000001bbf3816288 sp=0x000000a0a0afed80
Event: 371.563 Thread 0x000001bbc9b8cab0 DEOPT UNPACKING pc=0x000001bbf2c73aa2 sp=0x000000a0a0afed10 mode 2
Event: 371.583 Thread 0x000001bbc9b8cab0 Uncommon trap: trap_request=0xffffffde fr.pc=0x000001bbf37f90e4 relative=0x0000000000001c04
Event: 371.583 Thread 0x000001bbc9b8cab0 Uncommon trap: reason=class_check action=maybe_recompile pc=0x000001bbf37f90e4 method=org.eclipse.core.internal.dtree.AbstractDataTreeNode.assembleWith([Lorg/eclipse/core/internal/dtree/AbstractDataTreeNode;[Lorg/eclipse/core/internal/dtree/AbstractDataTr
Event: 371.583 Thread 0x000001bbc9b8cab0 DEOPT PACKING pc=0x000001bbf37f90e4 sp=0x000000a0a0afe0e0
Event: 371.583 Thread 0x000001bbc9b8cab0 DEOPT UNPACKING pc=0x000001bbf2c73aa2 sp=0x000000a0a0afe0a0 mode 2
Event: 371.583 Thread 0x000001bbc9b8cab0 Uncommon trap: trap_request=0xffffffde fr.pc=0x000001bbf37f90e4 relative=0x0000000000001c04
Event: 371.583 Thread 0x000001bbc9b8cab0 Uncommon trap: reason=class_check action=maybe_recompile pc=0x000001bbf37f90e4 method=org.eclipse.core.internal.dtree.AbstractDataTreeNode.assembleWith([Lorg/eclipse/core/internal/dtree/AbstractDataTreeNode;[Lorg/eclipse/core/internal/dtree/AbstractDataTr
Event: 371.583 Thread 0x000001bbc9b8cab0 DEOPT PACKING pc=0x000001bbf37f90e4 sp=0x000000a0a0afe240
Event: 371.583 Thread 0x000001bbc9b8cab0 DEOPT UNPACKING pc=0x000001bbf2c73aa2 sp=0x000000a0a0afe200 mode 2

Classes loaded (20 events):
Event: 32.600 Loading class java/util/concurrent/CompletableFuture$UniAccept
Event: 32.600 Loading class java/util/concurrent/CompletableFuture$UniAccept done
Event: 32.601 Loading class java/util/concurrent/CompletableFuture$UniExceptionally
Event: 32.601 Loading class java/util/concurrent/CompletableFuture$UniExceptionally done
Event: 32.772 Loading class java/io/SequenceInputStream
Event: 32.772 Loading class java/io/SequenceInputStream done
Event: 315.598 Loading class java/util/stream/Nodes$CollectorTask$OfRef
Event: 315.598 Loading class java/util/stream/Nodes$CollectorTask
Event: 315.598 Loading class java/util/stream/Nodes$CollectorTask done
Event: 315.598 Loading class java/util/stream/Nodes$CollectorTask$OfRef done
Event: 315.599 Loading class java/util/stream/Nodes$ConcNode
Event: 315.599 Loading class java/util/stream/Nodes$AbstractConcNode
Event: 315.599 Loading class java/util/stream/Nodes$AbstractConcNode done
Event: 315.599 Loading class java/util/stream/Nodes$ConcNode done
Event: 371.499 Loading class java/util/stream/DistinctOps
Event: 371.499 Loading class java/util/stream/DistinctOps done
Event: 371.499 Loading class java/util/stream/DistinctOps$1
Event: 371.500 Loading class java/util/stream/DistinctOps$1 done
Event: 371.502 Loading class java/util/stream/DistinctOps$1$2
Event: 371.502 Loading class java/util/stream/DistinctOps$1$2 done

Classes unloaded (11 events):
Event: 6.348 Thread 0x000001bbe8595970 Unloading class 0x000001bb811acc00 'java/lang/invoke/LambdaForm$MH+0x000001bb811acc00'
Event: 6.348 Thread 0x000001bbe8595970 Unloading class 0x000001bb811ac800 'java/lang/invoke/LambdaForm$MH+0x000001bb811ac800'
Event: 6.348 Thread 0x000001bbe8595970 Unloading class 0x000001bb811ac400 'java/lang/invoke/LambdaForm$MH+0x000001bb811ac400'
Event: 6.348 Thread 0x000001bbe8595970 Unloading class 0x000001bb811ac000 'java/lang/invoke/LambdaForm$MH+0x000001bb811ac000'
Event: 6.348 Thread 0x000001bbe8595970 Unloading class 0x000001bb811abc00 'java/lang/invoke/LambdaForm$BMH+0x000001bb811abc00'
Event: 6.348 Thread 0x000001bbe8595970 Unloading class 0x000001bb811ab800 'java/lang/invoke/LambdaForm$DMH+0x000001bb811ab800'
Event: 6.348 Thread 0x000001bbe8595970 Unloading class 0x000001bb811aa400 'java/lang/invoke/LambdaForm$DMH+0x000001bb811aa400'
Event: 7.913 Thread 0x000001bbe8595970 Unloading class 0x000001bb8131f000 'java/lang/invoke/LambdaForm$MH+0x000001bb8131f000'
Event: 7.913 Thread 0x000001bbe8595970 Unloading class 0x000001bb8131e400 'java/lang/invoke/LambdaForm$MH+0x000001bb8131e400'
Event: 7.913 Thread 0x000001bbe8595970 Unloading class 0x000001bb8131dc00 'java/lang/invoke/LambdaForm$MH+0x000001bb8131dc00'
Event: 7.913 Thread 0x000001bbe8595970 Unloading class 0x000001bb8131d400 'java/lang/invoke/LambdaForm$MH+0x000001bb8131d400'

Classes redefined (0 events):
No events

Internal exceptions (20 events):
Event: 32.585 Thread 0x000001bbc9b8b070 Exception <a 'sun/nio/fs/WindowsException'{0x00000000d5759c60}> (0x00000000d5759c60) 
thrown [s\src\hotspot\share\prims\jni.cpp, line 520]
Event: 32.585 Thread 0x000001bbc9b8b070 Exception <a 'sun/nio/fs/WindowsException'{0x00000000d575a560}> (0x00000000d575a560) 
thrown [s\src\hotspot\share\prims\jni.cpp, line 520]
Event: 32.586 Thread 0x000001bbc9b8b070 Exception <a 'sun/nio/fs/WindowsException'{0x00000000d576b628}> (0x00000000d576b628) 
thrown [s\src\hotspot\share\prims\jni.cpp, line 520]
Event: 32.586 Thread 0x000001bbc9b8b070 Exception <a 'sun/nio/fs/WindowsException'{0x00000000d576c0b8}> (0x00000000d576c0b8) 
thrown [s\src\hotspot\share\prims\jni.cpp, line 520]
Event: 32.589 Thread 0x000001bbc9b8b070 Exception <a 'sun/nio/fs/WindowsException'{0x00000000d577e4b0}> (0x00000000d577e4b0) 
thrown [s\src\hotspot\share\prims\jni.cpp, line 520]
Event: 32.589 Thread 0x000001bbc9b8b070 Exception <a 'sun/nio/fs/WindowsException'{0x00000000d577ec90}> (0x00000000d577ec90) 
thrown [s\src\hotspot\share\prims\jni.cpp, line 520]
Event: 32.590 Thread 0x000001bbc9b8b070 Exception <a 'sun/nio/fs/WindowsException'{0x00000000d577fc90}> (0x00000000d577fc90) 
thrown [s\src\hotspot\share\prims\jni.cpp, line 520]
Event: 32.590 Thread 0x000001bbc9b8b070 Exception <a 'sun/nio/fs/WindowsException'{0x00000000d5780470}> (0x00000000d5780470) 
thrown [s\src\hotspot\share\prims\jni.cpp, line 520]
Event: 32.596 Thread 0x000001bbc9b8b070 Exception <a 'java/lang/IncompatibleClassChangeError'{0x00000000d57e87d0}: Found class java.lang.Object, but interface was expected> (0x00000000d57e87d0) 
thrown [s\src\hotspot\share\interpreter\linkResolver.cpp, line 840]
Event: 32.609 Thread 0x000001bbc9b8b070 Exception <a 'java/lang/IncompatibleClassChangeError'{0x00000000d59346f0}: Found class java.lang.Object, but interface was expected> (0x00000000d59346f0) 
thrown [s\src\hotspot\share\interpreter\linkResolver.cpp, line 840]
Event: 32.725 Thread 0x000001bbc9b8b070 Exception <a 'java/lang/IncompatibleClassChangeError'{0x00000000d62b1c58}: Found class java.lang.Object, but interface was expected> (0x00000000d62b1c58) 
thrown [s\src\hotspot\share\interpreter\linkResolver.cpp, line 840]
Event: 32.725 Thread 0x000001bbc8fd1ac0 Implicit null exception at 0x000001bbf3500ce4 to 0x000001bbf3501a08
Event: 32.736 Thread 0x000001bbc79cecb0 Exception <a 'java/lang/NoSuchMethodError'{0x00000000d5586038}: 'java.lang.Object java.lang.invoke.DirectMethodHandle$Holder.invokeStatic(java.lang.Object, java.lang.Object, int, java.lang.Object)'> (0x00000000d5586038) 
thrown [s\src\hotspot\share\interpreter\linkResolver.cpp, line 773]
Event: 32.827 Thread 0x000001bbc79cecb0 Exception <a 'java/io/FileNotFoundException'{0x00000000d5a6f758}> (0x00000000d5a6f758) 
thrown [s\src\hotspot\share\prims\jni.cpp, line 520]
Event: 32.827 Thread 0x000001bbc79cecb0 Exception <a 'java/io/FileNotFoundException'{0x00000000d5a704d0}> (0x00000000d5a704d0) 
thrown [s\src\hotspot\share\prims\jni.cpp, line 520]
Event: 35.810 Thread 0x000001bbc9b8b070 Exception <a 'java/lang/IncompatibleClassChangeError'{0x00000000d5a82208}: Found class java.lang.Object, but interface was expected> (0x00000000d5a82208) 
thrown [s\src\hotspot\share\interpreter\linkResolver.cpp, line 840]
Event: 315.609 Thread 0x000001bbc79ccbe0 Implicit null exception at 0x000001bbf327aaa6 to 0x000001bbf327aca8
Event: 371.656 Thread 0x000001bbc9b8b070 Exception <a 'java/lang/IncompatibleClassChangeError'{0x00000000d586a708}: Found class java.lang.Object, but interface was expected> (0x00000000d586a708) 
thrown [s\src\hotspot\share\interpreter\linkResolver.cpp, line 840]
Event: 371.799 Thread 0x000001bbc9b8b070 Exception <a 'java/lang/IncompatibleClassChangeError'{0x00000000d58b7528}: Found class java.lang.Object, but interface was expected> (0x00000000d58b7528) 
thrown [s\src\hotspot\share\interpreter\linkResolver.cpp, line 840]
Event: 420.240 Thread 0x000001bbc9b8b070 Exception <a 'java/lang/IncompatibleClassChangeError'{0x00000000d59fbf80}: Found class java.lang.Object, but interface was expected> (0x00000000d59fbf80) 
thrown [s\src\hotspot\share\interpreter\linkResolver.cpp, line 840]

ZGC Phase Switch (0 events):
No events

VM Operations (20 events):
Event: 315.646 Executing non-safepoint VM operation: HandshakeAllThreads (Deoptimize)
Event: 315.647 Executing non-safepoint VM operation: HandshakeAllThreads (Deoptimize) done
Event: 316.647 Executing safepoint VM operation: Cleanup
Event: 316.647 Executing safepoint VM operation: Cleanup done
Event: 360.808 Executing non-safepoint VM operation: HandshakeAllThreads (HandshakeForDeflation)
Event: 360.808 Executing non-safepoint VM operation: HandshakeAllThreads (HandshakeForDeflation) done
Event: 360.809 Executing non-safepoint VM operation: RendezvousGCThreads
Event: 360.809 Executing non-safepoint VM operation: RendezvousGCThreads done
Event: 371.501 Executing non-safepoint VM operation: HandshakeAllThreads (Deoptimize)
Event: 371.501 Executing non-safepoint VM operation: HandshakeAllThreads (Deoptimize) done
Event: 371.501 Executing safepoint VM operation: Cleanup
Event: 371.501 Executing safepoint VM operation: Cleanup done
Event: 371.550 Executing safepoint VM operation: ParallelGCFailedAllocation (Allocation Failure)
Event: 371.551 Executing safepoint VM operation: ParallelGCFailedAllocation (Allocation Failure) done
Event: 372.552 Executing safepoint VM operation: Cleanup
Event: 372.552 Executing safepoint VM operation: Cleanup done
Event: 421.004 Executing non-safepoint VM operation: HandshakeAllThreads (HandshakeForDeflation)
Event: 421.004 Executing non-safepoint VM operation: HandshakeAllThreads (HandshakeForDeflation) done
Event: 421.004 Executing non-safepoint VM operation: RendezvousGCThreads
Event: 421.004 Executing non-safepoint VM operation: RendezvousGCThreads done

Memory protections (0 events):
No events

Nmethod flushes (20 events):
Event: 13.604 Thread 0x000001bbe8595970 flushing  nmethod 0x000001bbebe9b010
Event: 13.604 Thread 0x000001bbe8595970 flushing  nmethod 0x000001bbebf03b10
Event: 13.604 Thread 0x000001bbe8595970 flushing  nmethod 0x000001bbebf04490
Event: 13.604 Thread 0x000001bbe8595970 flushing  nmethod 0x000001bbebf05390
Event: 13.604 Thread 0x000001bbe8595970 flushing  nmethod 0x000001bbebf07010
Event: 13.604 Thread 0x000001bbe8595970 flushing  nmethod 0x000001bbebf07610
Event: 13.604 Thread 0x000001bbe8595970 flushing  nmethod 0x000001bbebf25b90
Event: 13.604 Thread 0x000001bbe8595970 flushing  nmethod 0x000001bbebf2e190
Event: 13.604 Thread 0x000001bbe8595970 flushing  nmethod 0x000001bbebf31690
Event: 13.604 Thread 0x000001bbe8595970 flushing  nmethod 0x000001bbebf32590
Event: 13.604 Thread 0x000001bbe8595970 flushing  nmethod 0x000001bbebf32c90
Event: 13.604 Thread 0x000001bbe8595970 flushing  nmethod 0x000001bbebf33790
Event: 13.604 Thread 0x000001bbe8595970 flushing  nmethod 0x000001bbebf34210
Event: 13.604 Thread 0x000001bbe8595970 flushing  nmethod 0x000001bbebf35090
Event: 13.604 Thread 0x000001bbe8595970 flushing  nmethod 0x000001bbebf35390
Event: 13.604 Thread 0x000001bbe8595970 flushing  nmethod 0x000001bbebf37a10
Event: 13.604 Thread 0x000001bbe8595970 flushing  nmethod 0x000001bbebf60910
Event: 13.604 Thread 0x000001bbe8595970 flushing  nmethod 0x000001bbebf9ee10
Event: 13.604 Thread 0x000001bbe8595970 flushing  nmethod 0x000001bbebfa3510
Event: 13.604 Thread 0x000001bbe8595970 flushing  nmethod 0x000001bbebfa7c10

Events (20 events):
Event: 93.125 Thread 0x000001bbcc7094b0 Thread exited: 0x000001bbcc7094b0
Event: 93.566 Thread 0x000001bbd5279ea0 Thread exited: 0x000001bbd5279ea0
Event: 93.566 Thread 0x000001bbd527d320 Thread exited: 0x000001bbd527d320
Event: 93.571 Thread 0x000001bbc9b905c0 Thread exited: 0x000001bbc9b905c0
Event: 93.698 Thread 0x000001bbc79cbec0 Thread exited: 0x000001bbc79cbec0
Event: 93.751 Thread 0x000001bbc79cc550 Thread exited: 0x000001bbc79cc550
Event: 93.829 Thread 0x000001bbc79cecb0 Thread exited: 0x000001bbc79cecb0
Event: 95.814 Thread 0x000001bbc8fd48b0 Thread exited: 0x000001bbc8fd48b0
Event: 153.726 Thread 0x000001bbc79cd270 Thread exited: 0x000001bbc79cd270
Event: 155.814 Thread 0x000001bbc8fd2150 Thread exited: 0x000001bbc8fd2150
Event: 215.815 Thread 0x000001bbc8fd1ac0 Thread exited: 0x000001bbc8fd1ac0
Event: 275.815 Thread 0x000001bbc8fd4f40 Thread exited: 0x000001bbc8fd4f40
Event: 315.597 Thread 0x000001bbc79ccbe0 Thread added: 0x000001bbd5279ea0
Event: 315.599 Thread 0x000001bbd5279ea0 Thread exited: 0x000001bbd5279ea0
Event: 315.610 Thread 0x000001bbc79ccbe0 Thread added: 0x000001bbd527abc0
Event: 315.612 Thread 0x000001bbd527abc0 Thread exited: 0x000001bbd527abc0
Event: 335.816 Thread 0x000001bbc8fd1430 Thread exited: 0x000001bbc8fd1430
Event: 371.541 Thread 0x000001bbfef92310 Thread added: 0x000001bbc9ea76f0
Event: 371.764 Thread 0x000001bbc9ea76f0 Thread exited: 0x000001bbc9ea76f0
Event: 488.235 Thread 0x000001bbc8fd27e0 Thread exited: 0x000001bbc8fd27e0


Dynamic libraries:
0x00007ff660470000 - 0x00007ff66047e000 	c:\Users\DELL\.antigravity\extensions\redhat.java-1.53.0-win32-x64\jre\21.0.10-win32-x86_64\bin\java.exe
0x00007ffefb520000 - 0x00007ffefb787000 	C:\WINDOWS\SYSTEM32\ntdll.dll
0x00007ffefa4b0000 - 0x00007ffefa579000 	C:\WINDOWS\System32\KERNEL32.DLL
0x00007ffef8aa0000 - 0x00007ffef8e91000 	C:\WINDOWS\System32\KERNELBASE.dll
0x00007ffef87e0000 - 0x00007ffef892b000 	C:\WINDOWS\System32\ucrtbase.dll
0x00007ffeb8da0000 - 0x00007ffeb8db8000 	c:\Users\DELL\.antigravity\extensions\redhat.java-1.53.0-win32-x64\jre\21.0.10-win32-x86_64\bin\jli.dll
0x00007ffeb9530000 - 0x00007ffeb954e000 	c:\Users\DELL\.antigravity\extensions\redhat.java-1.53.0-win32-x64\jre\21.0.10-win32-x86_64\bin\VCRUNTIME140.dll
0x00007ffefa580000 - 0x00007ffefa745000 	C:\WINDOWS\System32\USER32.dll
0x00007ffee1a50000 - 0x00007ffee1ce3000 	C:\WINDOWS\WinSxS\amd64_microsoft.windows.common-controls_6595b64144ccf1df_6.0.26100.8037_none_3e092faae333b53b\COMCTL32.dll
0x00007ffef9290000 - 0x00007ffef92b7000 	C:\WINDOWS\System32\win32u.dll
0x00007ffefa840000 - 0x00007ffefa8e9000 	C:\WINDOWS\System32\msvcrt.dll
0x00007ffefa470000 - 0x00007ffefa49b000 	C:\WINDOWS\System32\GDI32.dll
0x00007ffef90b0000 - 0x00007ffef91db000 	C:\WINDOWS\System32\gdi32full.dll
0x00007ffef91e0000 - 0x00007ffef9283000 	C:\WINDOWS\System32\msvcp_win.dll
0x00007ffefa780000 - 0x00007ffefa7b1000 	C:\WINDOWS\System32\IMM32.DLL
0x00007ffef03b0000 - 0x00007ffef03bc000 	c:\Users\DELL\.antigravity\extensions\redhat.java-1.53.0-win32-x64\jre\21.0.10-win32-x86_64\bin\vcruntime140_1.dll
0x00007ffea9e50000 - 0x00007ffea9edd000 	c:\Users\DELL\.antigravity\extensions\redhat.java-1.53.0-win32-x64\jre\21.0.10-win32-x86_64\bin\msvcp140.dll
0x00007ffe2bea0000 - 0x00007ffe2cc41000 	c:\Users\DELL\.antigravity\extensions\redhat.java-1.53.0-win32-x64\jre\21.0.10-win32-x86_64\bin\server\jvm.dll
0x00007ffefa1d0000 - 0x00007ffefa28b000 	C:\WINDOWS\System32\ADVAPI32.dll
0x00007ffef9790000 - 0x00007ffef9837000 	C:\WINDOWS\System32\sechost.dll
0x00007ffefb070000 - 0x00007ffefb188000 	C:\WINDOWS\System32\RPCRT4.dll
0x00007ffefb460000 - 0x00007ffefb4d4000 	C:\WINDOWS\System32\WS2_32.dll
0x00007ffef7c60000 - 0x00007ffef7cbe000 	C:\WINDOWS\SYSTEM32\POWRPROF.dll
0x00007ffee47c0000 - 0x00007ffee47cb000 	C:\WINDOWS\SYSTEM32\VERSION.dll
0x00007ffef2e70000 - 0x00007ffef2ea5000 	C:\WINDOWS\SYSTEM32\WINMM.dll
0x00007ffef7c40000 - 0x00007ffef7c54000 	C:\WINDOWS\SYSTEM32\UMPDC.dll
0x00007ffef6b90000 - 0x00007ffef6bab000 	C:\WINDOWS\SYSTEM32\kernel.appcore.dll
0x00007ffede7c0000 - 0x00007ffede7ca000 	c:\Users\DELL\.antigravity\extensions\redhat.java-1.53.0-win32-x64\jre\21.0.10-win32-x86_64\bin\jimage.dll
0x00007ffef5be0000 - 0x00007ffef5e22000 	C:\WINDOWS\SYSTEM32\DBGHELP.DLL
0x00007ffef9840000 - 0x00007ffef9bc2000 	C:\WINDOWS\System32\combase.dll
0x00007ffefa290000 - 0x00007ffefa367000 	C:\WINDOWS\System32\OLEAUT32.dll
0x00007ffedcc60000 - 0x00007ffedcc9b000 	C:\WINDOWS\SYSTEM32\dbgcore.DLL
0x00007ffef89f0000 - 0x00007ffef8a95000 	C:\WINDOWS\System32\bcryptPrimitives.dll
0x00007ffed77e0000 - 0x00007ffed77ef000 	c:\Users\DELL\.antigravity\extensions\redhat.java-1.53.0-win32-x64\jre\21.0.10-win32-x86_64\bin\instrument.dll
0x00007ffeb1f20000 - 0x00007ffeb1f40000 	c:\Users\DELL\.antigravity\extensions\redhat.java-1.53.0-win32-x64\jre\21.0.10-win32-x86_64\bin\java.dll
0x00007ffefa8f0000 - 0x00007ffefb04f000 	C:\WINDOWS\System32\SHELL32.dll
0x00007ffef7e00000 - 0x00007ffef7f6a000 	C:\WINDOWS\System32\wintypes.dll
0x00007ffef7f70000 - 0x00007ffef87d4000 	C:\WINDOWS\System32\windows.storage.dll
0x00007ffef9690000 - 0x00007ffef9787000 	C:\WINDOWS\System32\SHCORE.dll
0x00007ffefb3f0000 - 0x00007ffefb457000 	C:\WINDOWS\System32\shlwapi.dll
0x00007ffef7d20000 - 0x00007ffef7d49000 	C:\WINDOWS\SYSTEM32\profapi.dll
0x00007ffeb0730000 - 0x00007ffeb0748000 	c:\Users\DELL\.antigravity\extensions\redhat.java-1.53.0-win32-x64\jre\21.0.10-win32-x86_64\bin\zip.dll
0x00007ffed79c0000 - 0x00007ffed79d0000 	C:\Users\DELL\.antigravity\extensions\redhat.java-1.53.0-win32-x64\jre\21.0.10-win32-x86_64\bin\net.dll
0x00007ffeecdb0000 - 0x00007ffeeced7000 	C:\WINDOWS\SYSTEM32\WINHTTP.dll
0x00007ffef7100000 - 0x00007ffef716b000 	C:\WINDOWS\system32\mswsock.dll
0x00007ffeb0710000 - 0x00007ffeb0726000 	C:\Users\DELL\.antigravity\extensions\redhat.java-1.53.0-win32-x64\jre\21.0.10-win32-x86_64\bin\nio.dll
0x00007ffebe2e0000 - 0x00007ffebe2f0000 	c:\Users\DELL\.antigravity\extensions\redhat.java-1.53.0-win32-x64\jre\21.0.10-win32-x86_64\bin\verify.dll
0x00007ffeabc90000 - 0x00007ffeabcd5000 	C:\Users\DELL\AppData\Roaming\Antigravity\User\globalStorage\redhat.java\1.53.0\config_win\org.eclipse.equinox.launcher\org.eclipse.equinox.launcher.win32.win32.x86_64_1.3.0.v20260203-2149\eclipse_11919.dll
0x00007ffefb190000 - 0x00007ffefb325000 	C:\WINDOWS\System32\ole32.dll
0x00007ffef73f0000 - 0x00007ffef740b000 	C:\WINDOWS\SYSTEM32\CRYPTSP.dll
0x00007ffef6af0000 - 0x00007ffef6b29000 	C:\WINDOWS\system32\rsaenh.dll
0x00007ffef71b0000 - 0x00007ffef71e2000 	C:\WINDOWS\SYSTEM32\USERENV.dll
0x00007ffef7cf0000 - 0x00007ffef7d1a000 	C:\WINDOWS\SYSTEM32\bcrypt.dll
0x00007ffef73e0000 - 0x00007ffef73ec000 	C:\WINDOWS\SYSTEM32\CRYPTBASE.dll
0x00007ffef65f0000 - 0x00007ffef6623000 	C:\WINDOWS\SYSTEM32\IPHLPAPI.DLL
0x00007ffef9320000 - 0x00007ffef932a000 	C:\WINDOWS\System32\NSI.dll
0x00007ffea9af0000 - 0x00007ffea9b39000 	C:\Users\DELL\AppData\Local\Temp\jna-2094529\jna16026849402198937956.dll
0x00007ffefa1c0000 - 0x00007ffefa1c8000 	C:\WINDOWS\System32\PSAPI.DLL
0x00007ffeef810000 - 0x00007ffeef82d000 	C:\WINDOWS\SYSTEM32\dhcpcsvc6.DLL
0x00007ffeef6e0000 - 0x00007ffeef703000 	C:\WINDOWS\SYSTEM32\dhcpcsvc.DLL
0x00007ffebe960000 - 0x00007ffebe987000 	C:\Users\DELL\.gradle\native\660c5614fbf4a5f2a75b1949f50a0caf5cd603558e7d8a26e50b933a0cfb79d1\windows-amd64\native-platform.dll
0x00007ffeb9900000 - 0x00007ffeb990a000 	C:\Users\DELL\.antigravity\extensions\redhat.java-1.53.0-win32-x64\jre\21.0.10-win32-x86_64\bin\management.dll
0x00007ffeb9520000 - 0x00007ffeb952c000 	C:\Users\DELL\.antigravity\extensions\redhat.java-1.53.0-win32-x64\jre\21.0.10-win32-x86_64\bin\management_ext.dll
0x00007ffed2d40000 - 0x00007ffed2d67000 	C:\Users\DELL\.gradle\native\660c5614fbf4a5f2a75b1949f50a0caf5cd603558e7d8a26e50b933a0cfb79d1\windows-amd64-min\native-platform.dll
0x00007ffeb0700000 - 0x00007ffeb0709000 	C:\Users\DELL\.antigravity\extensions\redhat.java-1.53.0-win32-x64\jre\21.0.10-win32-x86_64\bin\extnet.dll
0x00007ffeb9ab0000 - 0x00007ffeb9ad7000 	C:\Users\DELL\.gradle\native\c067742578af261105cb4f569cf0c3c89f3d7b1fecec35dd04571415982c5e48\windows-amd64\native-platform.dll
0x00007ffeb1740000 - 0x00007ffeb174e000 	C:\Users\DELL\.antigravity\extensions\redhat.java-1.53.0-win32-x64\jre\21.0.10-win32-x86_64\bin\sunmscapi.dll
0x00007ffef8f30000 - 0x00007ffef90a7000 	C:\WINDOWS\System32\CRYPT32.dll
0x00007ffef7600000 - 0x00007ffef7630000 	C:\WINDOWS\SYSTEM32\ncrypt.dll
0x00007ffef75b0000 - 0x00007ffef75ef000 	C:\WINDOWS\SYSTEM32\NTASN1.dll
0x00007ffedf900000 - 0x00007ffedf908000 	C:\WINDOWS\system32\wshunix.dll

JVMTI agents:
c:\Users\DELL\.antigravity\extensions\redhat.java-1.53.0-win32-x64\lombok\lombok-1.18.39-4050.jar path:c:\Users\DELL\.antigravity\extensions\redhat.java-1.53.0-win32-x64\jre\21.0.10-win32-x86_64\bin\instrument.dll, loaded, initialized, instrumentlib options:none

dbghelp: loaded successfully - version: 4.0.5 - missing functions: none
symbol engine: initialized successfully - sym options: 0x614 - pdb path: .;c:\Users\DELL\.antigravity\extensions\redhat.java-1.53.0-win32-x64\jre\21.0.10-win32-x86_64\bin;C:\WINDOWS\SYSTEM32;C:\WINDOWS\WinSxS\amd64_microsoft.windows.common-controls_6595b64144ccf1df_6.0.26100.8037_none_3e092faae333b53b;c:\Users\DELL\.antigravity\extensions\redhat.java-1.53.0-win32-x64\jre\21.0.10-win32-x86_64\bin\server;C:\Users\DELL\AppData\Roaming\Antigravity\User\globalStorage\redhat.java\1.53.0\config_win\org.eclipse.equinox.launcher\org.eclipse.equinox.launcher.win32.win32.x86_64_1.3.0.v20260203-2149;C:\Users\DELL\AppData\Local\Temp\jna-2094529;C:\Users\DELL\.gradle\native\660c5614fbf4a5f2a75b1949f50a0caf5cd603558e7d8a26e50b933a0cfb79d1\windows-amd64;C:\Users\DELL\.gradle\native\660c5614fbf4a5f2a75b1949f50a0caf5cd603558e7d8a26e50b933a0cfb79d1\windows-amd64-min;C:\Users\DELL\.gradle\native\c067742578af261105cb4f569cf0c3c89f3d7b1fecec35dd04571415982c5e48\windows-amd64

VM Arguments:
jvm_args: --add-modules=ALL-SYSTEM --add-opens=java.base/java.util=ALL-UNNAMED --add-opens=java.base/java.lang=ALL-UNNAMED --add-opens=java.base/sun.nio.fs=ALL-UNNAMED -Declipse.application=org.eclipse.jdt.ls.core.id1 -Dosgi.bundles.defaultStartLevel=4 -Declipse.product=org.eclipse.jdt.ls.core.product -Djava.import.generatesMetadataFilesAtProjectRoot=false -DDetectVMInstallationsJob.disabled=true -Dfile.encoding=utf8 -XX:+UseParallelGC -XX:GCTimeRatio=4 -XX:AdaptiveSizePolicyWeight=90 -Dsun.zip.disableMemoryMapping=true -Xmx2G -Xms100m -Xlog:disable -javaagent:c:\Users\DELL\.antigravity\extensions\redhat.java-1.53.0-win32-x64\lombok\lombok-1.18.39-4050.jar -XX:+HeapDumpOnOutOfMemoryError -XX:HeapDumpPath=c:\Users\DELL\AppData\Roaming\Antigravity\User\workspaceStorage\dd238b1b3ebfbab9aed1b5c802899fb3\redhat.java -Daether.dependencyCollector.impl=bf 
java_command: c:\Users\DELL\.antigravity\extensions\redhat.java-1.53.0-win32-x64\server\plugins\org.eclipse.equinox.launcher_1.7.100.v20251111-0406.jar -configuration c:\Users\DELL\AppData\Roaming\Antigravity\User\globalStorage\redhat.java\1.53.0\config_win -data c:\Users\DELL\AppData\Roaming\Antigravity\User\workspaceStorage\dd238b1b3ebfbab9aed1b5c802899fb3\redhat.java\jdt_ws --pipe=\\.\pipe\lsp-4ba98ab40114f4c161bb4973bee7ab74-sock
java_class_path (initial): c:\Users\DELL\.antigravity\extensions\redhat.java-1.53.0-win32-x64\server\plugins\org.eclipse.equinox.launcher_1.7.100.v20251111-0406.jar
Launcher Type: SUN_STANDARD

[Global flags]
    uintx AdaptiveSizePolicyWeight                 = 90                                        {product} {command line}
     intx CICompilerCount                          = 4                                         {product} {ergonomic}
    uintx GCTimeRatio                              = 4                                         {product} {command line}
     bool HeapDumpOnOutOfMemoryError               = true                                   {manageable} {command line}
    ccstr HeapDumpPath                             = c:\Users\DELL\AppData\Roaming\Antigravity\User\workspaceStorage\dd238b1b3ebfbab9aed1b5c802899fb3\redhat.java         {manageable} {command line}
   size_t InitialHeapSize                          = 104857600                                 {product} {command line}
   size_t MaxHeapSize                              = 2147483648                                {product} {command line}
   size_t MaxNewSize                               = 715653120                                 {product} {ergonomic}
   size_t MinHeapDeltaBytes                        = 524288                                    {product} {ergonomic}
   size_t MinHeapSize                              = 104857600                                 {product} {command line}
   size_t NewSize                                  = 34603008                                  {product} {ergonomic}
    uintx NonNMethodCodeHeapSize                   = 5839372                                {pd product} {ergonomic}
    uintx NonProfiledCodeHeapSize                  = 122909434                              {pd product} {ergonomic}
   size_t OldSize                                  = 70254592                                  {product} {ergonomic}
    uintx ProfiledCodeHeapSize                     = 122909434                              {pd product} {ergonomic}
    uintx ReservedCodeCacheSize                    = 251658240                              {pd product} {ergonomic}
     bool SegmentedCodeCache                       = true                                      {product} {ergonomic}
   size_t SoftMaxHeapSize                          = 2147483648                             {manageable} {ergonomic}
     bool UseCompressedOops                        = true                           {product lp64_product} {ergonomic}
     bool UseLargePagesIndividualAllocation        = false                                  {pd product} {ergonomic}
     bool UseParallelGC                            = true                                      {product} {command line}

Logging:
Log output configuration:
 #0: stdout all=off uptime,level,tags foldmultilines=false
 #1: stderr all=off uptime,level,tags foldmultilines=false

Release file:
JAVA_VERSION="21.0.10" 
MODULES="java.base java.compiler java.datatransfer java.xml java.prefs java.desktop java.instrument java.logging java.management java.security.sasl java.naming java.rmi java.management.rmi java.net.http java.scripting java.security.jgss java.transaction.xa java.sql java.sql.rowset java.xml.crypto java.se java.smartcardio jdk.accessibility jdk.internal.jvmstat jdk.attach jdk.charsets jdk.internal.opt jdk.zipfs jdk.compiler jdk.crypto.ec jdk.crypto.cryptoki jdk.crypto.mscapi jdk.dynalink jdk.internal.ed jdk.editpad jdk.hotspot.agent jdk.httpserver jdk.internal.le jdk.internal.vm.ci jdk.internal.vm.compiler jdk.internal.vm.compiler.management jdk.jartool jdk.javadoc jdk.jcmd jdk.management jdk.management.agent jdk.jconsole jdk.jdeps jdk.jdwp.agent jdk.jdi jdk.jfr jdk.jshell jdk.jsobject jdk.jstatd jdk.localedata jdk.management.jfr jdk.naming.dns jdk.naming.rmi jdk.net jdk.nio.mapmode jdk.random jdk.sctp jdk.security.auth jdk.security.jgss jdk.unsupported jdk.unsupported.desktop jdk.xml.dom" 

Environment Variables:
PATH=C:\Program Files (x86)\Common Files\Oracle\Java\java8path;C:\Program Files (x86)\Common Files\Oracle\Java\javapath;C:\Program Files\Microsoft MPI\Bin\;C:\WINDOWS\system32;C:\WINDOWS;C:\WINDOWS\System32\Wbem;C:\WINDOWS\System32\WindowsPowerShell\v1.0\;C:\WINDOWS\System32\OpenSSH\;C:\Program Files\dotnet\;C:\msys64\ucrt64\bin;C:\Program Files (x86)\Windows Kits\10\Windows Performance Toolkit\;C:\Program Files (x86)\Microsoft SQL Server\160\Tools\Binn\;C:\Program Files\Microsoft SQL Server\160\Tools\Binn\;C:\Program Files\Microsoft SQL Server\Client SDK\ODBC\170\Tools\Binn\;C:\Program Files\Microsoft SQL Server\160\DTS\Binn\;C:\Program Files (x86)\Microsoft SQL Server\160\DTS\Binn\;C:\Program Files\Microsoft SQL Server\170\DTS\Binn\;C:\Program Files\Git\cmd;C:\Users\DELL\AppData\Local\Muse Hub\lib;C:\Program Files\PuTTY\;C:\Program Files\nodejs\;c:\Users\DELL\AppData\Local\Programs\Trae\bin;C:\Users\DELL\AppData\Local\Programs\Python\Python310\Scripts\;C:\Users\DELL\AppData\Local\Programs\Python\Python310\;C:\Users\DELL\AppData\Local\Microsoft\WindowsApps;C:\Users\DELL\.dotnet\tools;C:\Users\DELL\AppData\Local\Programs\Microsoft VS Code\bin;C:\Users\DELL\AppData\Local\Programs\Antigravity\bin;C:\Users\DELL\AppData\Local\Pandoc\;C:\Users\DELL\AppData\Roaming\npm
USERNAME=DELL
OS=Windows_NT
PROCESSOR_IDENTIFIER=Intel64 Family 6 Model 154 Stepping 4, GenuineIntel
TMP=C:\Users\DELL\AppData\Local\Temp
TEMP=C:\Users\DELL\AppData\Local\Temp




Periodic native trim disabled

---------------  S Y S T E M  ---------------

OS:
 Windows 11 , 64 bit Build 26100 (10.0.26100.7920)
OS uptime: 0 days 2:12 hours

CPU: total 12 (initial active 12) (12 cores per cpu, 1 threads per core) family 6 model 154 stepping 4 microcode 0x43b, cx8, cmov, fxsr, mmx, 3dnowpref, sse, sse2, sse3, ssse3, sse4.1, sse4.2, popcnt, lzcnt, tsc, tscinvbit, avx, avx2, aes, erms, clmul, bmi1, bmi2, adx, sha, fma, vzeroupper, clflush, clflushopt, clwb, serialize, rdtscp, rdpid, fsrm, f16c, pku, cet_ibt, cet_ss
Processor Information for the first 12 processors :
  Max Mhz: 1300, Current Mhz: 1300, Mhz Limit: 1300

Memory: 4k page, system-wide physical 16068M (1257M free)
TotalPageFile size 26308M (AvailPageFile size 69M)
current process WorkingSet (physical memory assigned to process): 42M, peak: 391M
current process commit charge ("private bytes"): 473M, peak: 486M

vm_info: OpenJDK 64-Bit Server VM (21.0.10+7-LTS) for windows-amd64 JRE (21.0.10+7-LTS), built on 2026-01-20T00:00:00Z by "admin" with MS VC++ 17.12 (VS2022)

END.
