#
# There is insufficient memory for the Java Runtime Environment to continue.
# Native memory allocation (malloc) failed to allocate 1655472 bytes. Error detail: Chunk::new
# Possible reasons:
#   The system is out of physical RAM or swap space
#   This process is running with CompressedOops enabled, and the Java Heap may be blocking the growth of the native heap
# Possible solutions:
#   Reduce memory load on the system
#   Increase physical memory or swap space
#   Check if swap backing store is full
#   Decrease Java heap size (-Xmx/-Xms)
#   Decrease number of Java threads
#   Decrease Java thread stack sizes (-Xss)
#   Set larger code cache with -XX:ReservedCodeCacheSize=
#   JVM is running with Unscaled Compressed Oops mode in which the Java heap is
#     placed in the first 4GB address space. The Java Heap base address is the
#     maximum limit for the native heap growth. Please use -XX:HeapBaseMinAddress
#     to set the Java Heap base and to place the Java Heap above 4GB virtual address.
# This output file may be truncated or incomplete.
#
#  Out of Memory Error (arena.cpp:168), pid=23100, tid=44520
#
# JRE version: OpenJDK Runtime Environment Temurin-21.0.10+7 (21.0.10+7) (build 21.0.10+7-LTS)
# Java VM: OpenJDK 64-Bit Server VM Temurin-21.0.10+7 (21.0.10+7-LTS, mixed mode, sharing, tiered, compressed oops, compressed class ptrs, parallel gc, windows-amd64)
# No core dump will be written. Minidumps are not enabled by default on client versions of Windows
#

---------------  S U M M A R Y ------------

Command Line: --add-modules=ALL-SYSTEM --add-opens=java.base/java.util=ALL-UNNAMED --add-opens=java.base/java.lang=ALL-UNNAMED --add-opens=java.base/sun.nio.fs=ALL-UNNAMED -Declipse.application=org.eclipse.jdt.ls.core.id1 -Dosgi.bundles.defaultStartLevel=4 -Declipse.product=org.eclipse.jdt.ls.core.product -Djava.import.generatesMetadataFilesAtProjectRoot=false -DDetectVMInstallationsJob.disabled=true -Dfile.encoding=utf8 -XX:+UseParallelGC -XX:GCTimeRatio=4 -XX:AdaptiveSizePolicyWeight=90 -Dsun.zip.disableMemoryMapping=true -Xmx2G -Xms100m -Xlog:disable -javaagent:c:\Users\DELL\.antigravity\extensions\redhat.java-1.54.0-win32-x64\lombok\lombok-1.18.39-4050.jar -XX:+HeapDumpOnOutOfMemoryError -XX:HeapDumpPath=c:\Users\DELL\AppData\Roaming\Antigravity\User\workspaceStorage\c76b58d2129dea57c08b9b67006052ab\redhat.java -Daether.dependencyCollector.impl=bf c:\Users\DELL\.antigravity\extensions\redhat.java-1.54.0-win32-x64\server\plugins\org.eclipse.equinox.launcher_1.7.100.v20251111-0406.jar -configuration c:\Users\DELL\AppData\Roaming\Antigravity\User\globalStorage\redhat.java\1.54.0\config_win -data c:\Users\DELL\AppData\Roaming\Antigravity\User\workspaceStorage\c76b58d2129dea57c08b9b67006052ab\redhat.java\jdt_ws --pipe=\\.\pipe\lsp-b00bf979d0c8538b32446678452750a0-sock

Host: 12th Gen Intel(R) Core(TM) i5-1235U, 12 cores, 15G,  Windows 11 , 64 bit Build 26100 (10.0.26100.8328)
Time: Fri May 15 20:49:51 2026 SE Asia Standard Time elapsed time: 10.043025 seconds (0d 0h 0m 10s)

---------------  T H R E A D  ---------------

Current thread (0x000001fe9c11f460):  JavaThread "C2 CompilerThread2" daemon [_thread_in_native, id=44520, stack(0x000000885a800000,0x000000885a900000) (1024K)]


Current CompileTask:
C2:10043 3450       4       java.lang.invoke.MethodType::makeImpl (109 bytes)

Stack: [0x000000885a800000,0x000000885a900000]
Native frames: (J=compiled Java code, j=interpreted, Vv=VM code, C=native code)
V  [jvm.dll+0x6d7a39]
V  [jvm.dll+0x8b4b26]
V  [jvm.dll+0x8b70de]
V  [jvm.dll+0x8b77c3]
V  [jvm.dll+0x284346]
V  [jvm.dll+0xc66ed]
V  [jvm.dll+0xc6c31]
V  [jvm.dll+0x3bec3b]
V  [jvm.dll+0x38b162]
V  [jvm.dll+0x38a5aa]
V  [jvm.dll+0x24c560]
V  [jvm.dll+0x24bb40]
V  [jvm.dll+0x1cb34e]
V  [jvm.dll+0x25b85d]
V  [jvm.dll+0x259dea]
V  [jvm.dll+0x3f857e]
V  [jvm.dll+0x85f59d]
V  [jvm.dll+0x6d626d]
C  [ucrtbase.dll+0x37b0]
C  [KERNEL32.DLL+0x2e957]
C  [ntdll.dll+0x427c]


---------------  P R O C E S S  ---------------

Threads class SMR info:
_java_thread_list=0x000001fe9caea7a0, length=20, elements={
0x000001fe3df8e1d0, 0x000001fe3e031fb0, 0x000001fe3e035560, 0x000001fe3e03af90,
0x000001fe3e03eac0, 0x000001fe3e0405c0, 0x000001fe3e042690, 0x000001fe96e02720,
0x000001fe96e2f5d0, 0x000001fe3e0412e0, 0x000001fe3e043a40, 0x000001fe3e041970,
0x000001fe3e042000, 0x000001fe3e042d20, 0x000001fe3e040c50, 0x000001fe3e0433b0,
0x000001fe9caf5d60, 0x000001fe9d04a0b0, 0x000001fe9caf7110, 0x000001fe9c11f460
}

Java Threads: ( => current thread )
  0x000001fe3df8e1d0 JavaThread "main"                              [_thread_blocked, id=49512, stack(0x0000008858800000,0x0000008858900000) (1024K)]
  0x000001fe3e031fb0 JavaThread "Reference Handler"          daemon [_thread_blocked, id=49468, stack(0x0000008858c00000,0x0000008858d00000) (1024K)]
  0x000001fe3e035560 JavaThread "Finalizer"                  daemon [_thread_blocked, id=50780, stack(0x0000008858d00000,0x0000008858e00000) (1024K)]
  0x000001fe3e03af90 JavaThread "Signal Dispatcher"          daemon [_thread_blocked, id=50500, stack(0x0000008858e00000,0x0000008858f00000) (1024K)]
  0x000001fe3e03eac0 JavaThread "Attach Listener"            daemon [_thread_blocked, id=47732, stack(0x0000008858f00000,0x0000008859000000) (1024K)]
  0x000001fe3e0405c0 JavaThread "Service Thread"             daemon [_thread_blocked, id=50200, stack(0x0000008859000000,0x0000008859100000) (1024K)]
  0x000001fe3e042690 JavaThread "Monitor Deflation Thread"   daemon [_thread_blocked, id=49332, stack(0x0000008859100000,0x0000008859200000) (1024K)]
  0x000001fe96e02720 JavaThread "C2 CompilerThread0"         daemon [_thread_blocked, id=22440, stack(0x0000008859200000,0x0000008859300000) (1024K)]
  0x000001fe96e2f5d0 JavaThread "C1 CompilerThread0"         daemon [_thread_blocked, id=50032, stack(0x0000008859300000,0x0000008859400000) (1024K)]
  0x000001fe3e0412e0 JavaThread "Common-Cleaner"             daemon [_thread_blocked, id=2516, stack(0x0000008859500000,0x0000008859600000) (1024K)]
  0x000001fe3e043a40 JavaThread "Notification Thread"        daemon [_thread_blocked, id=30360, stack(0x0000008859600000,0x0000008859700000) (1024K)]
  0x000001fe3e041970 JavaThread "Active Thread: Equinox Container: f617b92d-d64e-436e-9849-c9ea7e1816d1"        [_thread_blocked, id=45356, stack(0x0000008859f00000,0x000000885a000000) (1024K)]
  0x000001fe3e042000 JavaThread "Refresh Thread: Equinox Container: f617b92d-d64e-436e-9849-c9ea7e1816d1" daemon [_thread_blocked, id=20096, stack(0x000000885a000000,0x000000885a100000) (1024K)]
  0x000001fe3e042d20 JavaThread "Framework Event Dispatcher: Equinox Container: f617b92d-d64e-436e-9849-c9ea7e1816d1" daemon [_thread_blocked, id=50360, stack(0x000000885a100000,0x000000885a200000) (1024K)]
  0x000001fe3e040c50 JavaThread "Start Level: Equinox Container: f617b92d-d64e-436e-9849-c9ea7e1816d1" daemon [_thread_in_native, id=3496, stack(0x000000885a200000,0x000000885a300000) (1024K)]
  0x000001fe3e0433b0 JavaThread "Bundle File Closer"         daemon [_thread_blocked, id=50676, stack(0x000000885a600000,0x000000885a700000) (1024K)]
  0x000001fe9caf5d60 JavaThread "SCR Component Actor"        daemon [_thread_blocked, id=20676, stack(0x0000008859400000,0x0000008859500000) (1024K)]
  0x000001fe9d04a0b0 JavaThread "C2 CompilerThread1"         daemon [_thread_blocked, id=50128, stack(0x000000885a300000,0x000000885a400000) (1024K)]
  0x000001fe9caf7110 JavaThread "Worker-JM"                         [_thread_blocked, id=50432, stack(0x000000885a700000,0x000000885a800000) (1024K)]
=>0x000001fe9c11f460 JavaThread "C2 CompilerThread2"         daemon [_thread_in_native, id=44520, stack(0x000000885a800000,0x000000885a900000) (1024K)]
Total: 20

Other Threads:
  0x000001fe54a223e0 VMThread "VM Thread"                           [id=33320, stack(0x0000008858b00000,0x0000008858c00000) (1024K)]
  0x000001fe5491ca10 WatcherThread "VM Periodic Task Thread"        [id=47052, stack(0x0000008858a00000,0x0000008858b00000) (1024K)]
  0x000001fe3dfad3c0 WorkerThread "GC Thread#0"                     [id=49408, stack(0x0000008858900000,0x0000008858a00000) (1024K)]
  0x000001fe9c5053f0 WorkerThread "GC Thread#1"                     [id=37852, stack(0x0000008859900000,0x0000008859a00000) (1024K)]
  0x000001fe9c534970 WorkerThread "GC Thread#2"                     [id=50744, stack(0x0000008859a00000,0x0000008859b00000) (1024K)]
  0x000001fe9c534d20 WorkerThread "GC Thread#3"                     [id=24204, stack(0x0000008859b00000,0x0000008859c00000) (1024K)]
  0x000001fe9c5350d0 WorkerThread "GC Thread#4"                     [id=47156, stack(0x0000008859c00000,0x0000008859d00000) (1024K)]
  0x000001fe9c535480 WorkerThread "GC Thread#5"                     [id=6500, stack(0x0000008859d00000,0x0000008859e00000) (1024K)]
  0x000001fe9c544570 WorkerThread "GC Thread#6"                     [id=49952, stack(0x0000008859e00000,0x0000008859f00000) (1024K)]
  0x000001fe9c86de00 WorkerThread "GC Thread#7"                     [id=38352, stack(0x0000008859700000,0x0000008859800000) (1024K)]
  0x000001fe9ccf3ac0 WorkerThread "GC Thread#8"                     [id=50756, stack(0x000000885a400000,0x000000885a500000) (1024K)]
  0x000001fe9cc9b260 WorkerThread "GC Thread#9"                     [id=10484, stack(0x000000885a500000,0x000000885a600000) (1024K)]
Total: 12

Threads with active compile tasks:
C2 CompilerThread2  10130 3450       4       java.lang.invoke.MethodType::makeImpl (109 bytes)
Total: 1

VM state: not at safepoint (normal execution)

VM Mutex/Monitor currently owned by a thread:  ([mutex/lock_event])
[0x00007ff95f68d060] MethodCompileQueue_lock - owner thread: 0x000001fe9caf5d60

Heap address: 0x0000000080000000, size: 2048 MB, Compressed Oops mode: 32-bit

CDS archive(s) mapped at: [0x000001fe55000000-0x000001fe55ba0000-0x000001fe55ba0000), size 12189696, SharedBaseAddress: 0x000001fe55000000, ArchiveRelocationMode: 1.
Compressed class space mapped at: 0x000001fe56000000-0x000001fe96000000, reserved size: 1073741824
Narrow klass base: 0x000001fe55000000, Narrow klass shift: 0, Narrow klass range: 0x100000000

GC Precious Log:
 CardTable entry size: 512
 CPUs: 12 total, 12 available
 Memory: 16068M
 Large Page Support: Disabled
 NUMA Support: Disabled
 Compressed Oops: Enabled (32-bit)
 Alignments: Space 512K, Generation 512K, Heap 2M
 Heap Min Capacity: 100M
 Heap Initial Capacity: 100M
 Heap Max Capacity: 2G
 Pre-touch: Disabled
 Parallel Workers: 10

Heap:
 PSYoungGen      total 29184K, used 28429K [0x00000000d5580000, 0x00000000d7900000, 0x0000000100000000)
  eden space 25088K, 97% used [0x00000000d5580000,0x00000000d6d473d0,0x00000000d6e00000)
  from space 4096K, 99% used [0x00000000d6e80000,0x00000000d727c1c8,0x00000000d7280000)
  to   space 5632K, 0% used [0x00000000d7380000,0x00000000d7380000,0x00000000d7900000)
 ParOldGen       total 68608K, used 7575K [0x0000000080000000, 0x0000000084300000, 0x00000000d5580000)
  object space 68608K, 11% used [0x0000000080000000,0x0000000080765e50,0x0000000084300000)
 Metaspace       used 16888K, committed 17472K, reserved 1114112K
  class space    used 1729K, committed 1984K, reserved 1048576K

Card table byte_map: [0x000001fe3d930000,0x000001fe3dd40000] _byte_map_base: 0x000001fe3d530000

Marking Bits: (ParMarkBitMap*) 0x00007ff95f693450
 Begin Bits: [0x000001fe50440000, 0x000001fe52440000)
 End Bits:   [0x000001fe52440000, 0x000001fe54440000)

Polling page: 0x000001fe3bdd0000

Metaspace:

Usage:
  Non-class:     14.80 MB used.
      Class:      1.69 MB used.
       Both:     16.49 MB used.

Virtual space:
  Non-class space:       64.00 MB reserved,      15.12 MB ( 24%) committed,  1 nodes.
      Class space:        1.00 GB reserved,       1.94 MB ( <1%) committed,  1 nodes.
             Both:        1.06 GB reserved,      17.06 MB (  2%) committed. 

Chunk freelists:
   Non-Class:  838.00 KB
       Class:  13.91 MB
        Both:  14.73 MB

MaxMetaspaceSize: unlimited
CompressedClassSpaceSize: 1.00 GB
Initial GC threshold: 21.00 MB
Current GC threshold: 21.00 MB
CDS: on
 - commit_granule_bytes: 65536.
 - commit_granule_words: 8192.
 - virtual_space_node_default_size: 8388608.
 - enlarge_chunks_in_place: 1.
 - use_allocation_guard: 0.


Internal statistics:

num_allocs_failed_limit: 0.
num_arena_births: 454.
num_arena_deaths: 0.
num_vsnodes_births: 2.
num_vsnodes_deaths: 0.
num_space_committed: 273.
num_space_uncommitted: 0.
num_chunks_returned_to_freelist: 0.
num_chunks_taken_from_freelist: 1039.
num_chunk_merges: 0.
num_chunk_splits: 654.
num_chunks_enlarged: 423.
num_inconsistent_stats: 0.

CodeHeap 'non-profiled nmethods': size=120000Kb used=1602Kb max_used=1602Kb free=118397Kb
 bounds [0x000001fe48c60000, 0x000001fe48ed0000, 0x000001fe50190000]
CodeHeap 'profiled nmethods': size=120000Kb used=7081Kb max_used=7081Kb free=112918Kb
 bounds [0x000001fe41190000, 0x000001fe41880000, 0x000001fe486c0000]
CodeHeap 'non-nmethods': size=5760Kb used=1277Kb max_used=1311Kb free=4483Kb
 bounds [0x000001fe486c0000, 0x000001fe48930000, 0x000001fe48c60000]
CodeCache: size=245760Kb, used=9960Kb, max_used=9994Kb, free=235798Kb
 total_blobs=4043, nmethods=3492, adapters=457, full_count=0
Compilation: enabled, stopped_count=0, restarted_count=0

Compilation events (20 events):
Event: 7.981 Thread 0x000001fe96e2f5d0 nmethod 3485 0x000001fe41876890 code [0x000001fe41876a40, 0x000001fe41876ca8]
Event: 7.981 Thread 0x000001fe96e2f5d0 3486       3       java.util.Random::nextBoolean (14 bytes)
Event: 7.981 Thread 0x000001fe96e2f5d0 nmethod 3486 0x000001fe41876e10 code [0x000001fe41876fc0, 0x000001fe418771e8]
Event: 7.988 Thread 0x000001fe96e02720 nmethod 3483% 0x000001fe48dee390 code [0x000001fe48dee540, 0x000001fe48deedf8]
Event: 7.989 Thread 0x000001fe96e02720 3487 %     4       sun.security.provider.SHA::implCompress0 @ 27 (478 bytes)
Event: 7.993 Thread 0x000001fe96e2f5d0 3488       3       java.lang.invoke.MethodTypeForm::<init> (322 bytes)
Event: 7.995 Thread 0x000001fe96e2f5d0 nmethod 3488 0x000001fe41877290 code [0x000001fe41877580, 0x000001fe418789f8]
Event: 7.998 Thread 0x000001fe9d04a0b0 

Event: 7.999 Thread 0x000001fe9d04a0b0 

Event: 7.999 Thread 0x000001fe9d04a0b0 3490       4       jdk.internal.misc.Unsafe::putIntUnaligned (14 bytes)
Event: 7.999 Thread 0x000001fe9d04a0b0 nmethod 3490 0x000001fe48def310 code [0x000001fe48def4a0, 0x000001fe48def558]
Event: 8.005 Thread 0x000001fe96e2f5d0 3492   !   3       java.io.FileOutputStream::write (47 bytes)
Event: 8.006 Thread 0x000001fe96e2f5d0 nmethod 3492 0x000001fe41879010 code [0x000001fe41879200, 0x000001fe418794c8]
Event: 8.006 Thread 0x000001fe96e2f5d0 3493       3       java.io.FileDescriptor$1::getAppend (5 bytes)
Event: 8.006 Thread 0x000001fe96e2f5d0 nmethod 3493 0x000001fe41879690 code [0x000001fe41879820, 0x000001fe41879938]
Event: 8.007 Thread 0x000001fe96e02720 nmethod 3487% 0x000001fe48defa10 code [0x000001fe48defbc0, 0x000001fe48df04d8]
Event: 8.514 Thread 0x000001fe96e2f5d0 3495       3       java.util.concurrent.locks.AbstractQueuedSynchronizer$Node::clearStatus (12 bytes)
Event: 8.514 Thread 0x000001fe96e2f5d0 nmethod 3495 0x000001fe41879a10 code [0x000001fe41879bc0, 0x000001fe41879d78]
Event: 8.514 Thread 0x000001fe96e2f5d0 3496       3       jdk.internal.misc.Unsafe::putIntOpaque (9 bytes)
Event: 8.514 Thread 0x000001fe96e2f5d0 nmethod 3496 0x000001fe41879e10 code [0x000001fe41879fa0, 0x000001fe4187a0b8]

GC Heap History (10 events):
Event: 0.983 GC heap before
{Heap before GC invocations=1 (full 0):
 PSYoungGen      total 29696K, used 25600K [0x00000000d5580000, 0x00000000d7680000, 0x0000000100000000)
  eden space 25600K, 100% used [0x00000000d5580000,0x00000000d6e80000,0x00000000d6e80000)
  from space 4096K, 0% used [0x00000000d7280000,0x00000000d7280000,0x00000000d7680000)
  to   space 4096K, 0% used [0x00000000d6e80000,0x00000000d6e80000,0x00000000d7280000)
 ParOldGen       total 68608K, used 0K [0x0000000080000000, 0x0000000084300000, 0x00000000d5580000)
  object space 68608K, 0% used [0x0000000080000000,0x0000000080000000,0x0000000084300000)
 Metaspace       used 4331K, committed 4608K, reserved 1114112K
  class space    used 473K, committed 576K, reserved 1048576K
}
Event: 0.993 GC heap after
{Heap after GC invocations=1 (full 0):
 PSYoungGen      total 29696K, used 3319K [0x00000000d5580000, 0x00000000d7680000, 0x0000000100000000)
  eden space 25600K, 0% used [0x00000000d5580000,0x00000000d5580000,0x00000000d6e80000)
  from space 4096K, 81% used [0x00000000d6e80000,0x00000000d71bdea8,0x00000000d7280000)
  to   space 4096K, 0% used [0x00000000d7280000,0x00000000d7280000,0x00000000d7680000)
 ParOldGen       total 68608K, used 16K [0x0000000080000000, 0x0000000084300000, 0x00000000d5580000)
  object space 68608K, 0% used [0x0000000080000000,0x0000000080004000,0x0000000084300000)
 Metaspace       used 4331K, committed 4608K, reserved 1114112K
  class space    used 473K, committed 576K, reserved 1048576K
}
Event: 1.981 GC heap before
{Heap before GC invocations=2 (full 0):
 PSYoungGen      total 29696K, used 28919K [0x00000000d5580000, 0x00000000d7680000, 0x0000000100000000)
  eden space 25600K, 100% used [0x00000000d5580000,0x00000000d6e80000,0x00000000d6e80000)
  from space 4096K, 81% used [0x00000000d6e80000,0x00000000d71bdea8,0x00000000d7280000)
  to   space 4096K, 0% used [0x00000000d7280000,0x00000000d7280000,0x00000000d7680000)
 ParOldGen       total 68608K, used 16K [0x0000000080000000, 0x0000000084300000, 0x00000000d5580000)
  object space 68608K, 0% used [0x0000000080000000,0x0000000080004000,0x0000000084300000)
 Metaspace       used 7992K, committed 8256K, reserved 1114112K
  class space    used 831K, committed 960K, reserved 1048576K
}
Event: 1.988 GC heap after
{Heap after GC invocations=2 (full 0):
 PSYoungGen      total 29696K, used 4070K [0x00000000d5580000, 0x00000000d7680000, 0x0000000100000000)
  eden space 25600K, 0% used [0x00000000d5580000,0x00000000d5580000,0x00000000d6e80000)
  from space 4096K, 99% used [0x00000000d7280000,0x00000000d7679800,0x00000000d7680000)
  to   space 4096K, 0% used [0x00000000d6e80000,0x00000000d6e80000,0x00000000d7280000)
 ParOldGen       total 68608K, used 2065K [0x0000000080000000, 0x0000000084300000, 0x00000000d5580000)
  object space 68608K, 3% used [0x0000000080000000,0x0000000080204648,0x0000000084300000)
 Metaspace       used 7992K, committed 8256K, reserved 1114112K
  class space    used 831K, committed 960K, reserved 1048576K
}
Event: 2.488 GC heap before
{Heap before GC invocations=3 (full 0):
 PSYoungGen      total 29696K, used 29670K [0x00000000d5580000, 0x00000000d7680000, 0x0000000100000000)
  eden space 25600K, 100% used [0x00000000d5580000,0x00000000d6e80000,0x00000000d6e80000)
  from space 4096K, 99% used [0x00000000d7280000,0x00000000d7679800,0x00000000d7680000)
  to   space 4096K, 0% used [0x00000000d6e80000,0x00000000d6e80000,0x00000000d7280000)
 ParOldGen       total 68608K, used 2065K [0x0000000080000000, 0x0000000084300000, 0x00000000d5580000)
  object space 68608K, 3% used [0x0000000080000000,0x0000000080204648,0x0000000084300000)
 Metaspace       used 9424K, committed 9728K, reserved 1114112K
  class space    used 1006K, committed 1152K, reserved 1048576K
}
Event: 2.495 GC heap after
{Heap after GC invocations=3 (full 0):
 PSYoungGen      total 29696K, used 4075K [0x00000000d5580000, 0x00000000d7680000, 0x0000000100000000)
  eden space 25600K, 0% used [0x00000000d5580000,0x00000000d5580000,0x00000000d6e80000)
  from space 4096K, 99% used [0x00000000d6e80000,0x00000000d727adb8,0x00000000d7280000)
  to   space 4096K, 0% used [0x00000000d7280000,0x00000000d7280000,0x00000000d7680000)
 ParOldGen       total 68608K, used 4994K [0x0000000080000000, 0x0000000084300000, 0x00000000d5580000)
  object space 68608K, 7% used [0x0000000080000000,0x00000000804e0a98,0x0000000084300000)
 Metaspace       used 9424K, committed 9728K, reserved 1114112K
  class space    used 1006K, committed 1152K, reserved 1048576K
}
Event: 4.768 GC heap before
{Heap before GC invocations=4 (full 0):
 PSYoungGen      total 29696K, used 29675K [0x00000000d5580000, 0x00000000d7680000, 0x0000000100000000)
  eden space 25600K, 100% used [0x00000000d5580000,0x00000000d6e80000,0x00000000d6e80000)
  from space 4096K, 99% used [0x00000000d6e80000,0x00000000d727adb8,0x00000000d7280000)
  to   space 4096K, 0% used [0x00000000d7280000,0x00000000d7280000,0x00000000d7680000)
 ParOldGen       total 68608K, used 4994K [0x0000000080000000, 0x0000000084300000, 0x00000000d5580000)
  object space 68608K, 7% used [0x0000000080000000,0x00000000804e0a98,0x0000000084300000)
 Metaspace       used 11643K, committed 12032K, reserved 1114112K
  class space    used 1229K, committed 1408K, reserved 1048576K
}
Event: 4.773 GC heap after
{Heap after GC invocations=4 (full 0):
 PSYoungGen      total 29696K, used 4072K [0x00000000d5580000, 0x00000000d7680000, 0x0000000100000000)
  eden space 25600K, 0% used [0x00000000d5580000,0x00000000d5580000,0x00000000d6e80000)
  from space 4096K, 99% used [0x00000000d7280000,0x00000000d767a1a8,0x00000000d7680000)
  to   space 4096K, 0% used [0x00000000d6e80000,0x00000000d6e80000,0x00000000d7280000)
 ParOldGen       total 68608K, used 6751K [0x0000000080000000, 0x0000000084300000, 0x00000000d5580000)
  object space 68608K, 9% used [0x0000000080000000,0x0000000080697c88,0x0000000084300000)
 Metaspace       used 11643K, committed 12032K, reserved 1114112K
  class space    used 1229K, committed 1408K, reserved 1048576K
}
Event: 5.385 GC heap before
{Heap before GC invocations=5 (full 0):
 PSYoungGen      total 29696K, used 29672K [0x00000000d5580000, 0x00000000d7680000, 0x0000000100000000)
  eden space 25600K, 100% used [0x00000000d5580000,0x00000000d6e80000,0x00000000d6e80000)
  from space 4096K, 99% used [0x00000000d7280000,0x00000000d767a1a8,0x00000000d7680000)
  to   space 4096K, 0% used [0x00000000d6e80000,0x00000000d6e80000,0x00000000d7280000)
 ParOldGen       total 68608K, used 6751K [0x0000000080000000, 0x0000000084300000, 0x00000000d5580000)
  object space 68608K, 9% used [0x0000000080000000,0x0000000080697c88,0x0000000084300000)
 Metaspace       used 14728K, committed 15232K, reserved 1114112K
  class space    used 1509K, committed 1728K, reserved 1048576K
}
Event: 5.389 GC heap after
{Heap after GC invocations=5 (full 0):
 PSYoungGen      total 29184K, used 4080K [0x00000000d5580000, 0x00000000d7900000, 0x0000000100000000)
  eden space 25088K, 0% used [0x00000000d5580000,0x00000000d5580000,0x00000000d6e00000)
  from space 4096K, 99% used [0x00000000d6e80000,0x00000000d727c1c8,0x00000000d7280000)
  to   space 5632K, 0% used [0x00000000d7380000,0x00000000d7380000,0x00000000d7900000)
 ParOldGen       total 68608K, used 7575K [0x0000000080000000, 0x0000000084300000, 0x00000000d5580000)
  object space 68608K, 11% used [0x0000000080000000,0x0000000080765e50,0x0000000084300000)
 Metaspace       used 14728K, committed 15232K, reserved 1114112K
  class space    used 1509K, committed 1728K, reserved 1048576K
}

Dll operation events (9 events):
Event: 0.026 Loaded shared library c:\Users\DELL\.antigravity\extensions\redhat.java-1.54.0-win32-x64\jre\21.0.10-win32-x86_64\bin\java.dll
Event: 0.142 Loaded shared library c:\Users\DELL\.antigravity\extensions\redhat.java-1.54.0-win32-x64\jre\21.0.10-win32-x86_64\bin\zip.dll
Event: 0.179 Loaded shared library C:\Users\DELL\.antigravity\extensions\redhat.java-1.54.0-win32-x64\jre\21.0.10-win32-x86_64\bin\instrument.dll
Event: 0.186 Loaded shared library C:\Users\DELL\.antigravity\extensions\redhat.java-1.54.0-win32-x64\jre\21.0.10-win32-x86_64\bin\net.dll
Event: 0.189 Loaded shared library C:\Users\DELL\.antigravity\extensions\redhat.java-1.54.0-win32-x64\jre\21.0.10-win32-x86_64\bin\nio.dll
Event: 0.195 Loaded shared library C:\Users\DELL\.antigravity\extensions\redhat.java-1.54.0-win32-x64\jre\21.0.10-win32-x86_64\bin\zip.dll
Event: 0.222 Loaded shared library C:\Users\DELL\.antigravity\extensions\redhat.java-1.54.0-win32-x64\jre\21.0.10-win32-x86_64\bin\jimage.dll
Event: 0.317 Loaded shared library c:\Users\DELL\.antigravity\extensions\redhat.java-1.54.0-win32-x64\jre\21.0.10-win32-x86_64\bin\verify.dll
Event: 2.010 Loaded shared library C:\Users\DELL\AppData\Roaming\Antigravity\User\globalStorage\redhat.java\1.54.0\config_win\org.eclipse.equinox.launcher\org.eclipse.equinox.launcher.win32.win32.x86_64_1.3.0.v20260203-2149\eclipse_11919.dll

Deoptimization events (20 events):
Event: 5.813 Thread 0x000001fe3e040c50 DEOPT PACKING pc=0x000001fe48dd883c sp=0x000000885a2f9520
Event: 5.813 Thread 0x000001fe3e040c50 DEOPT UNPACKING pc=0x000001fe48713aa2 sp=0x000000885a2f94c8 mode 2
Event: 5.824 Thread 0x000001fe3e040c50 Uncommon trap: trap_request=0xffffff45 fr.pc=0x000001fe48dcb274 relative=0x00000000000000d4
Event: 5.824 Thread 0x000001fe3e040c50 Uncommon trap: reason=unstable_if action=reinterpret pc=0x000001fe48dcb274 method=org.eclipse.core.runtime.Path.equals(Ljava/lang/Object;)Z @ 61 c2
Event: 5.824 Thread 0x000001fe3e040c50 DEOPT PACKING pc=0x000001fe48dcb274 sp=0x000000885a2f9480
Event: 5.824 Thread 0x000001fe3e040c50 DEOPT UNPACKING pc=0x000001fe48713aa2 sp=0x000000885a2f93f8 mode 2
Event: 5.843 Thread 0x000001fe3e040c50 Uncommon trap: trap_request=0xffffff45 fr.pc=0x000001fe48d8d418 relative=0x0000000000000378
Event: 5.843 Thread 0x000001fe3e040c50 Uncommon trap: reason=unstable_if action=reinterpret pc=0x000001fe48d8d418 method=com.sun.org.apache.xerces.internal.impl.XMLEntityScanner.skipSpaces()Z @ 88 c2
Event: 5.844 Thread 0x000001fe3e040c50 DEOPT PACKING pc=0x000001fe48d8d418 sp=0x000000885a2f9270
Event: 5.844 Thread 0x000001fe3e040c50 DEOPT UNPACKING pc=0x000001fe48713aa2 sp=0x000000885a2f9208 mode 2
Event: 5.844 Thread 0x000001fe3e040c50 Uncommon trap: trap_request=0xffffff45 fr.pc=0x000001fe48d8ccfc relative=0x00000000000000dc
Event: 5.844 Thread 0x000001fe3e040c50 Uncommon trap: reason=unstable_if action=reinterpret pc=0x000001fe48d8ccfc method=com.sun.org.apache.xerces.internal.impl.XMLEntityScanner.peekChar()I @ 51 c2
Event: 5.844 Thread 0x000001fe3e040c50 DEOPT PACKING pc=0x000001fe48d8ccfc sp=0x000000885a2f91c0
Event: 5.844 Thread 0x000001fe3e040c50 DEOPT UNPACKING pc=0x000001fe48713aa2 sp=0x000000885a2f9148 mode 2
Event: 5.854 Thread 0x000001fe3e040c50 DEOPT PACKING pc=0x000001fe41570d1f sp=0x000000885a2f67c0
Event: 5.854 Thread 0x000001fe3e040c50 DEOPT UNPACKING pc=0x000001fe48714242 sp=0x000000885a2f5d40 mode 0
Event: 5.878 Thread 0x000001fe3e040c50 Uncommon trap: trap_request=0xffffff45 fr.pc=0x000001fe48c98500 relative=0x0000000000000660
Event: 5.878 Thread 0x000001fe3e040c50 Uncommon trap: reason=unstable_if action=reinterpret pc=0x000001fe48c98500 method=java.lang.String.replace(Ljava/lang/CharSequence;Ljava/lang/CharSequence;)Ljava/lang/String; @ 42 c2
Event: 5.878 Thread 0x000001fe3e040c50 DEOPT PACKING pc=0x000001fe48c98500 sp=0x000000885a2f7760
Event: 5.878 Thread 0x000001fe3e040c50 DEOPT UNPACKING pc=0x000001fe48713aa2 sp=0x000000885a2f76e0 mode 2

Classes loaded (20 events):
Event: 6.937 Loading class sun/security/provider/SeedGenerator$1
Event: 6.937 Loading class sun/security/provider/SeedGenerator$1 done
Event: 6.956 Loading class java/net/NetworkInterface$1
Event: 6.956 Loading class java/net/NetworkInterface$1 done
Event: 6.957 Loading class java/nio/file/Files$AcceptAllFilter
Event: 6.957 Loading class java/nio/file/DirectoryStream$Filter
Event: 6.957 Loading class java/nio/file/DirectoryStream$Filter done
Event: 6.958 Loading class java/nio/file/Files$AcceptAllFilter done
Event: 6.958 Loading class sun/nio/fs/WindowsDirectoryStream
Event: 6.958 Loading class java/nio/file/DirectoryStream
Event: 6.958 Loading class java/nio/file/DirectoryStream done
Event: 6.958 Loading class sun/nio/fs/WindowsDirectoryStream done
Event: 6.959 Loading class sun/nio/fs/WindowsDirectoryStream$WindowsDirectoryIterator
Event: 6.959 Loading class sun/nio/fs/WindowsDirectoryStream$WindowsDirectoryIterator done
Event: 6.960 Loading class sun/nio/fs/WindowsPath$WindowsPathWithAttributes
Event: 6.960 Loading class sun/nio/fs/BasicFileAttributesHolder
Event: 6.960 Loading class sun/nio/fs/BasicFileAttributesHolder done
Event: 6.960 Loading class sun/nio/fs/WindowsPath$WindowsPathWithAttributes done
Event: 7.996 Loading class sun/security/provider/AbstractDrbg$NonceProvider
Event: 7.997 Loading class sun/security/provider/AbstractDrbg$NonceProvider done

Classes unloaded (0 events):
No events

Classes redefined (0 events):
No events

Internal exceptions (20 events):
Event: 2.042 Thread 0x000001fe3e042000 Exception <a 'java/lang/NoSuchMethodError'{0x00000000d586b3a0}: 'void java.lang.invoke.DirectMethodHandle$Holder.invokeInterface(java.lang.Object, java.lang.Object, java.lang.Object)'> (0x00000000d586b3a0) 
thrown [s\src\hotspot\share\interpreter\linkResolver.cpp, line 773]
Event: 2.132 Thread 0x000001fe3e040c50 Exception <a 'java/lang/NoSuchMethodError'{0x00000000d5cce8f0}: 'java.lang.Object java.lang.invoke.DirectMethodHandle$Holder.newInvokeSpecial(java.lang.Object, java.lang.Object, int, java.lang.Object)'> (0x00000000d5cce8f0) 
thrown [s\src\hotspot\share\interpreter\linkResolver.cpp, line 773]
Event: 2.133 Thread 0x000001fe3e040c50 Exception <a 'java/lang/NoSuchMethodError'{0x00000000d5cd2720}: 'java.lang.Object java.lang.invoke.DirectMethodHandle$Holder.invokeSpecial(java.lang.Object, java.lang.Object, java.lang.Object, int, java.lang.Object)'> (0x00000000d5cd2720) 
thrown [s\src\hotspot\share\interpreter\linkResolver.cpp, line 773]
Event: 2.153 Thread 0x000001fe3e040c50 Exception <a 'java/lang/NoClassDefFoundError'{0x00000000d5d79678}: jakarta/servlet/ServletContainerInitializer> (0x00000000d5d79678) 
thrown [s\src\hotspot\share\classfile\systemDictionary.cpp, line 301]
Event: 2.185 Thread 0x000001fe3e040c50 Exception <a 'java/lang/ClassNotFoundException'{0x00000000d5ed5118}: sun/util/logging/resources/spi/loggingProvider> (0x00000000d5ed5118) 
thrown [s\src\hotspot\share\classfile\systemDictionary.cpp, line 312]
Event: 4.669 Thread 0x000001fe3e040c50 Exception <a 'java/lang/NullPointerException'{0x00000000d67352e0}> (0x00000000d67352e0) 
thrown [s\src\hotspot\share\interpreter\linkResolver.cpp, line 1372]
Event: 4.669 Thread 0x000001fe3e040c50 Exception <a 'java/lang/NullPointerException'{0x00000000d67355c0}> (0x00000000d67355c0) 
thrown [s\src\hotspot\share\interpreter\linkResolver.cpp, line 1372]
Event: 4.811 Thread 0x000001fe3e040c50 Exception <a 'java/lang/NoSuchMethodError'{0x00000000d5814b60}: 'long java.lang.invoke.DirectMethodHandle$Holder.invokeSpecial(java.lang.Object, java.lang.Object)'> (0x00000000d5814b60) 
thrown [s\src\hotspot\share\interpreter\linkResolver.cpp, line 773]
Event: 4.830 Thread 0x000001fe3e040c50 Exception <a 'java/lang/NoSuchMethodError'{0x00000000d58d5e08}: 'void java.lang.invoke.Invokers$Holder.invokeExact_MT(java.lang.Object, java.lang.Object, java.lang.Object)'> (0x00000000d58d5e08) 
thrown [s\src\hotspot\share\interpreter\linkResolver.cpp, line 773]
Event: 5.060 Thread 0x000001fe3e040c50 Exception <a 'java/io/FileNotFoundException'{0x00000000d61f6d38}> (0x00000000d61f6d38) 
thrown [s\src\hotspot\share\prims\jni.cpp, line 520]
Event: 5.216 Thread 0x000001fe3e040c50 Exception <a 'java/lang/NoSuchMethodError'{0x00000000d66d0f10}: 'java.lang.Object java.lang.invoke.Invokers$Holder.linkToTargetMethod(java.lang.Object, long, java.lang.Object)'> (0x00000000d66d0f10) 
thrown [s\src\hotspot\share\interpreter\linkResolver.cpp, line 773]
Event: 5.397 Thread 0x000001fe3e040c50 Exception <a 'java/lang/NoSuchMethodError'{0x00000000d55e0c60}: 'java.lang.Object java.lang.invoke.DirectMethodHandle$Holder.invokeVirtual(java.lang.Object, java.lang.Object, java.lang.Object)'> (0x00000000d55e0c60) 
thrown [s\src\hotspot\share\interpreter\linkResolver.cpp, line 773]
Event: 5.400 Thread 0x000001fe3e040c50 Exception <a 'java/lang/NoSuchMethodError'{0x00000000d561ad48}: 'java.lang.Object java.lang.invoke.DelegatingMethodHandle$Holder.reinvoke_L(java.lang.Object, java.lang.Object, java.lang.Object, java.lang.Object, int, int)'> (0x00000000d561ad48) 
thrown [s\src\hotspot\share\interpreter\linkResolver.cpp, line 773]
Event: 5.404 Thread 0x000001fe3e040c50 Exception <a 'java/lang/NoSuchMethodError'{0x00000000d5637838}: 'java.lang.Object java.lang.invoke.DirectMethodHandle$Holder.newInvokeSpecial(java.lang.Object, java.lang.Object, java.lang.Object, java.lang.Object, java.lang.Object, java.lang.Object)'> (0x00000000d5637838) 
thrown [s\src\hotspot\share\interpreter\linkResolver.cpp, line 773]
Event: 5.409 Thread 0x000001fe3e040c50 Exception <a 'java/lang/NoSuchMethodError'{0x00000000d5663cc0}: 'void java.lang.invoke.Invokers$Holder.invokeExact_MT(java.lang.Object, java.lang.Object, java.lang.Object, java.lang.Object)'> (0x00000000d5663cc0) 
thrown [s\src\hotspot\share\interpreter\linkResolver.cpp, line 773]
Event: 5.476 Thread 0x000001fe3e040c50 Exception <a 'java/io/FileNotFoundException'{0x00000000d5913be0}> (0x00000000d5913be0) 
thrown [s\src\hotspot\share\prims\jni.cpp, line 520]
Event: 5.478 Thread 0x000001fe3e040c50 Exception <a 'java/io/FileNotFoundException'{0x00000000d591b6b8}> (0x00000000d591b6b8) 
thrown [s\src\hotspot\share\prims\jni.cpp, line 520]
Event: 5.820 Thread 0x000001fe3e040c50 Exception <a 'java/lang/NoSuchMethodError'{0x00000000d6872548}: 'java.lang.Object java.lang.invoke.DirectMethodHandle$Holder.invokeStaticInit(java.lang.Object, int)'> (0x00000000d6872548) 
thrown [s\src\hotspot\share\interpreter\linkResolver.cpp, line 773]
Event: 5.926 Thread 0x000001fe3e040c50 Exception <a 'java/lang/NoSuchMethodError'{0x00000000d6af0150}: 'java.lang.Object java.lang.invoke.DirectMethodHandle$Holder.invokeStaticInit(java.lang.Object, int, int, int, int)'> (0x00000000d6af0150) 
thrown [s\src\hotspot\share\interpreter\linkResolver.cpp, line 773]
Event: 7.994 Thread 0x000001fe3e040c50 Exception <a 'java/lang/NoSuchMethodError'{0x00000000d6c6eae0}: 'java.lang.Object java.lang.invoke.DirectMethodHandle$Holder.invokeStaticInit(java.lang.Object, java.lang.Object, int, int, int, int)'> (0x00000000d6c6eae0) 
thrown [s\src\hotspot\share\interpreter\linkResolver.cpp, line 773]

ZGC Phase Switch (0 events):
No events

VM Operations (20 events):
Event: 5.158 Executing safepoint VM operation: ICBufferFull
Event: 5.158 Executing safepoint VM operation: ICBufferFull done
Event: 5.385 Executing safepoint VM operation: ParallelGCFailedAllocation (Allocation Failure)
Event: 5.389 Executing safepoint VM operation: ParallelGCFailedAllocation (Allocation Failure) done
Event: 5.496 Executing non-safepoint VM operation: HandshakeAllThreads (Deoptimize)
Event: 5.496 Executing non-safepoint VM operation: HandshakeAllThreads (Deoptimize) done
Event: 5.836 Executing non-safepoint VM operation: HandshakeAllThreads (Deoptimize)
Event: 5.836 Executing non-safepoint VM operation: HandshakeAllThreads (Deoptimize) done
Event: 6.836 Executing safepoint VM operation: Cleanup
Event: 6.936 Executing safepoint VM operation: Cleanup done
Event: 6.950 Executing non-safepoint VM operation: HandshakeAllThreads (Deoptimize)
Event: 6.950 Executing non-safepoint VM operation: HandshakeAllThreads (Deoptimize) done
Event: 6.961 Executing non-safepoint VM operation: HandshakeAllThreads (Deoptimize)
Event: 6.961 Executing non-safepoint VM operation: HandshakeAllThreads (Deoptimize) done
Event: 7.961 Executing safepoint VM operation: Cleanup
Event: 7.964 Executing safepoint VM operation: Cleanup done
Event: 8.964 Executing safepoint VM operation: Cleanup
Event: 8.964 Executing safepoint VM operation: Cleanup done
Event: 9.965 Executing safepoint VM operation: Cleanup
Event: 9.965 Executing safepoint VM operation: Cleanup done

Memory protections (0 events):
No events

Nmethod flushes (0 events):
No events

Events (20 events):
Event: 0.182 Thread 0x000001fe3df8e1d0 Thread added: 0x000001fe3e0412e0
Event: 0.415 Thread 0x000001fe3df8e1d0 Thread added: 0x000001fe3e043a40
Event: 0.509 Thread 0x000001fe96e2f5d0 Thread added: 0x000001fe971700e0
Event: 1.062 Thread 0x000001fe971700e0 Thread exited: 0x000001fe971700e0
Event: 1.118 Thread 0x000001fe97008190 Thread exited: 0x000001fe97008190
Event: 1.295 Thread 0x000001fe96e2f5d0 Thread added: 0x000001fe9c357bb0
Event: 1.296 Thread 0x000001fe9c357bb0 Thread added: 0x000001fe9c358260
Event: 1.598 Thread 0x000001fe3df8e1d0 Thread added: 0x000001fe3e041970
Event: 1.745 Thread 0x000001fe9c358260 Thread exited: 0x000001fe9c358260
Event: 2.003 Thread 0x000001fe3df8e1d0 Thread added: 0x000001fe3e042000
Event: 2.045 Thread 0x000001fe3e042000 Thread added: 0x000001fe3e042d20
Event: 2.049 Thread 0x000001fe3df8e1d0 Thread added: 0x000001fe3e040c50
Event: 2.233 Thread 0x000001fe9c357bb0 Thread added: 0x000001fe9caaed30
Event: 2.567 Thread 0x000001fe3e040c50 Thread added: 0x000001fe3e0433b0
Event: 2.660 Thread 0x000001fe9caaed30 Thread exited: 0x000001fe9caaed30
Event: 2.972 Thread 0x000001fe9c357bb0 Thread exited: 0x000001fe9c357bb0
Event: 4.734 Thread 0x000001fe3e040c50 Thread added: 0x000001fe9caf5d60
Event: 4.886 Thread 0x000001fe96e2f5d0 Thread added: 0x000001fe9d04a0b0
Event: 5.284 Thread 0x000001fe3e040c50 Thread added: 0x000001fe9caf7110
Event: 5.564 Thread 0x000001fe96e2f5d0 Thread added: 0x000001fe9c11f460


Dynamic libraries:
0x00007ff6aa6d0000 - 0x00007ff6aa6de000 	c:\Users\DELL\.antigravity\extensions\redhat.java-1.54.0-win32-x64\jre\21.0.10-win32-x86_64\bin\java.exe
0x00007ff9d52e0000 - 0x00007ff9d5547000 	C:\WINDOWS\SYSTEM32\ntdll.dll
0x00007ff9d46b0000 - 0x00007ff9d4779000 	C:\WINDOWS\System32\KERNEL32.DLL
0x00007ff9d1d10000 - 0x00007ff9d2107000 	C:\WINDOWS\System32\KERNELBASE.dll
0x00007ff9d2500000 - 0x00007ff9d264b000 	C:\WINDOWS\System32\ucrtbase.dll
0x00007ff9af1b0000 - 0x00007ff9af1ce000 	c:\Users\DELL\.antigravity\extensions\redhat.java-1.54.0-win32-x64\jre\21.0.10-win32-x86_64\bin\VCRUNTIME140.dll
0x00007ff9a1fa0000 - 0x00007ff9a1fb8000 	c:\Users\DELL\.antigravity\extensions\redhat.java-1.54.0-win32-x64\jre\21.0.10-win32-x86_64\bin\jli.dll
0x00007ff9d3e80000 - 0x00007ff9d4046000 	C:\WINDOWS\System32\USER32.dll
0x00007ff9b9a90000 - 0x00007ff9b9d22000 	C:\WINDOWS\WinSxS\amd64_microsoft.windows.common-controls_6595b64144ccf1df_6.0.26100.8457_none_3e0b2faee331e92d\COMCTL32.dll
0x00007ff9d3030000 - 0x00007ff9d3057000 	C:\WINDOWS\System32\win32u.dll
0x00007ff9d45f0000 - 0x00007ff9d4699000 	C:\WINDOWS\System32\msvcrt.dll
0x00007ff9d50d0000 - 0x00007ff9d50fb000 	C:\WINDOWS\System32\GDI32.dll
0x00007ff9d23d0000 - 0x00007ff9d24fc000 	C:\WINDOWS\System32\gdi32full.dll
0x00007ff9d2110000 - 0x00007ff9d21b3000 	C:\WINDOWS\System32\msvcp_win.dll
0x00007ff9d4c20000 - 0x00007ff9d4c52000 	C:\WINDOWS\System32\IMM32.DLL
0x00007ff9bfff0000 - 0x00007ff9bfffc000 	c:\Users\DELL\.antigravity\extensions\redhat.java-1.54.0-win32-x64\jre\21.0.10-win32-x86_64\bin\vcruntime140_1.dll
0x00007ff9614a0000 - 0x00007ff96152d000 	c:\Users\DELL\.antigravity\extensions\redhat.java-1.54.0-win32-x64\jre\21.0.10-win32-x86_64\bin\msvcp140.dll
0x00007ff95e9d0000 - 0x00007ff95f771000 	c:\Users\DELL\.antigravity\extensions\redhat.java-1.54.0-win32-x64\jre\21.0.10-win32-x86_64\bin\server\jvm.dll
0x00007ff9d4d40000 - 0x00007ff9d4df6000 	C:\WINDOWS\System32\ADVAPI32.dll
0x00007ff9d43e0000 - 0x00007ff9d4487000 	C:\WINDOWS\System32\sechost.dll
0x00007ff9d4fb0000 - 0x00007ff9d50c8000 	C:\WINDOWS\System32\RPCRT4.dll
0x00007ff9d4e10000 - 0x00007ff9d4e90000 	C:\WINDOWS\System32\WS2_32.dll
0x00007ff9d1b90000 - 0x00007ff9d1bee000 	C:\WINDOWS\SYSTEM32\POWRPROF.dll
0x00007ff9ccd80000 - 0x00007ff9ccdb6000 	C:\WINDOWS\SYSTEM32\WINMM.dll
0x00007ff9baeb0000 - 0x00007ff9baebb000 	C:\WINDOWS\SYSTEM32\VERSION.dll
0x00007ff9d1b70000 - 0x00007ff9d1b84000 	C:\WINDOWS\SYSTEM32\UMPDC.dll
0x00007ff9d0a00000 - 0x00007ff9d0a1b000 	C:\WINDOWS\SYSTEM32\kernel.appcore.dll
0x00007ff9bffc0000 - 0x00007ff9bffca000 	c:\Users\DELL\.antigravity\extensions\redhat.java-1.54.0-win32-x64\jre\21.0.10-win32-x86_64\bin\jimage.dll
0x00007ff9cfaf0000 - 0x00007ff9cfd32000 	C:\WINDOWS\SYSTEM32\DBGHELP.DLL
0x00007ff9d4050000 - 0x00007ff9d43d3000 	C:\WINDOWS\System32\combase.dll
0x00007ff9d4960000 - 0x00007ff9d4a39000 	C:\WINDOWS\System32\OLEAUT32.dll
0x00007ff9b5d60000 - 0x00007ff9b5d9b000 	C:\WINDOWS\SYSTEM32\dbgcore.DLL
0x00007ff9d2650000 - 0x00007ff9d26f8000 	C:\WINDOWS\System32\bcryptPrimitives.dll
0x00007ff9c8950000 - 0x00007ff9c895f000 	c:\Users\DELL\.antigravity\extensions\redhat.java-1.54.0-win32-x64\jre\21.0.10-win32-x86_64\bin\instrument.dll
0x00007ff9a1ba0000 - 0x00007ff9a1bc0000 	c:\Users\DELL\.antigravity\extensions\redhat.java-1.54.0-win32-x64\jre\21.0.10-win32-x86_64\bin\java.dll
0x00007ff9d3570000 - 0x00007ff9d3cde000 	C:\WINDOWS\System32\SHELL32.dll
0x00007ff9d2700000 - 0x00007ff9d2f6c000 	C:\WINDOWS\System32\windows.storage.dll
0x00007ff9d4eb0000 - 0x00007ff9d4fa6000 	C:\WINDOWS\System32\SHCORE.dll
0x00007ff9d4cb0000 - 0x00007ff9d4d16000 	C:\WINDOWS\System32\shlwapi.dll
0x00007ff9d1c30000 - 0x00007ff9d1c59000 	C:\WINDOWS\SYSTEM32\profapi.dll
0x00007ff9963b0000 - 0x00007ff9963c8000 	c:\Users\DELL\.antigravity\extensions\redhat.java-1.54.0-win32-x64\jre\21.0.10-win32-x86_64\bin\zip.dll
0x00007ff9bf990000 - 0x00007ff9bf9a0000 	C:\Users\DELL\.antigravity\extensions\redhat.java-1.54.0-win32-x64\jre\21.0.10-win32-x86_64\bin\net.dll
0x00007ff9c8a60000 - 0x00007ff9c8b89000 	C:\WINDOWS\SYSTEM32\WINHTTP.dll
0x00007ff9d1010000 - 0x00007ff9d107c000 	C:\WINDOWS\system32\mswsock.dll
0x00007ff990e00000 - 0x00007ff990e16000 	C:\Users\DELL\.antigravity\extensions\redhat.java-1.54.0-win32-x64\jre\21.0.10-win32-x86_64\bin\nio.dll
0x00007ff994f50000 - 0x00007ff994f60000 	c:\Users\DELL\.antigravity\extensions\redhat.java-1.54.0-win32-x64\jre\21.0.10-win32-x86_64\bin\verify.dll
0x00007ff99d3b0000 - 0x00007ff99d3f5000 	C:\Users\DELL\AppData\Roaming\Antigravity\User\globalStorage\redhat.java\1.54.0\config_win\org.eclipse.equinox.launcher\org.eclipse.equinox.launcher.win32.win32.x86_64_1.3.0.v20260203-2149\eclipse_11919.dll
0x00007ff9d5100000 - 0x00007ff9d5297000 	C:\WINDOWS\System32\ole32.dll
0x00007ff9d12f0000 - 0x00007ff9d130b000 	C:\WINDOWS\SYSTEM32\CRYPTSP.dll
0x00007ff9d0a20000 - 0x00007ff9d0a59000 	C:\WINDOWS\system32\rsaenh.dll
0x00007ff9d10c0000 - 0x00007ff9d10f3000 	C:\WINDOWS\SYSTEM32\USERENV.dll
0x00007ff9d1c00000 - 0x00007ff9d1c2a000 	C:\WINDOWS\SYSTEM32\bcrypt.dll
0x00007ff9d1310000 - 0x00007ff9d131c000 	C:\WINDOWS\SYSTEM32\CRYPTBASE.dll
0x00007ff9d04b0000 - 0x00007ff9d04e2000 	C:\WINDOWS\SYSTEM32\IPHLPAPI.DLL
0x00007ff9d46a0000 - 0x00007ff9d46aa000 	C:\WINDOWS\System32\NSI.dll
0x00007ff99d1f0000 - 0x00007ff99d239000 	C:\Users\DELL\AppData\Local\Temp\jna-2094529\jna2632175415152903205.dll
0x00007ff9d4ea0000 - 0x00007ff9d4ea8000 	C:\WINDOWS\System32\PSAPI.DLL

JVMTI agents:
c:\Users\DELL\.antigravity\extensions\redhat.java-1.54.0-win32-x64\lombok\lombok-1.18.39-4050.jar path:c:\Users\DELL\.antigravity\extensions\redhat.java-1.54.0-win32-x64\jre\21.0.10-win32-x86_64\bin\instrument.dll, loaded, initialized, instrumentlib options:none

dbghelp: loaded successfully - version: 4.0.5 - missing functions: none
symbol engine: initialized successfully - sym options: 0x614 - pdb path: .;c:\Users\DELL\.antigravity\extensions\redhat.java-1.54.0-win32-x64\jre\21.0.10-win32-x86_64\bin;C:\WINDOWS\SYSTEM32;C:\WINDOWS\WinSxS\amd64_microsoft.windows.common-controls_6595b64144ccf1df_6.0.26100.8457_none_3e0b2faee331e92d;c:\Users\DELL\.antigravity\extensions\redhat.java-1.54.0-win32-x64\jre\21.0.10-win32-x86_64\bin\server;C:\Users\DELL\AppData\Roaming\Antigravity\User\globalStorage\redhat.java\1.54.0\config_win\org.eclipse.equinox.launcher\org.eclipse.equinox.launcher.win32.win32.x86_64_1.3.0.v20260203-2149;C:\Users\DELL\AppData\Local\Temp\jna-2094529

VM Arguments:
jvm_args: --add-modules=ALL-SYSTEM --add-opens=java.base/java.util=ALL-UNNAMED --add-opens=java.base/java.lang=ALL-UNNAMED --add-opens=java.base/sun.nio.fs=ALL-UNNAMED -Declipse.application=org.eclipse.jdt.ls.core.id1 -Dosgi.bundles.defaultStartLevel=4 -Declipse.product=org.eclipse.jdt.ls.core.product -Djava.import.generatesMetadataFilesAtProjectRoot=false -DDetectVMInstallationsJob.disabled=true -Dfile.encoding=utf8 -XX:+UseParallelGC -XX:GCTimeRatio=4 -XX:AdaptiveSizePolicyWeight=90 -Dsun.zip.disableMemoryMapping=true -Xmx2G -Xms100m -Xlog:disable -javaagent:c:\Users\DELL\.antigravity\extensions\redhat.java-1.54.0-win32-x64\lombok\lombok-1.18.39-4050.jar -XX:+HeapDumpOnOutOfMemoryError -XX:HeapDumpPath=c:\Users\DELL\AppData\Roaming\Antigravity\User\workspaceStorage\c76b58d2129dea57c08b9b67006052ab\redhat.java -Daether.dependencyCollector.impl=bf 
java_command: c:\Users\DELL\.antigravity\extensions\redhat.java-1.54.0-win32-x64\server\plugins\org.eclipse.equinox.launcher_1.7.100.v20251111-0406.jar -configuration c:\Users\DELL\AppData\Roaming\Antigravity\User\globalStorage\redhat.java\1.54.0\config_win -data c:\Users\DELL\AppData\Roaming\Antigravity\User\workspaceStorage\c76b58d2129dea57c08b9b67006052ab\redhat.java\jdt_ws --pipe=\\.\pipe\lsp-b00bf979d0c8538b32446678452750a0-sock
java_class_path (initial): c:\Users\DELL\.antigravity\extensions\redhat.java-1.54.0-win32-x64\server\plugins\org.eclipse.equinox.launcher_1.7.100.v20251111-0406.jar
Launcher Type: SUN_STANDARD

[Global flags]
    uintx AdaptiveSizePolicyWeight                 = 90                                        {product} {command line}
     intx CICompilerCount                          = 4                                         {product} {ergonomic}
    uintx GCTimeRatio                              = 4                                         {product} {command line}
     bool HeapDumpOnOutOfMemoryError               = true                                   {manageable} {command line}
    ccstr HeapDumpPath                             = c:\Users\DELL\AppData\Roaming\Antigravity\User\workspaceStorage\c76b58d2129dea57c08b9b67006052ab\redhat.java         {manageable} {command line}
   size_t InitialHeapSize                          = 104857600                                 {product} {command line}
   size_t MaxHeapSize                              = 2147483648                                {product} {command line}
   size_t MaxNewSize                               = 715653120                                 {product} {ergonomic}
   size_t MinHeapDeltaBytes                        = 524288                                    {product} {ergonomic}
   size_t MinHeapSize                              = 104857600                                 {product} {command line}
   size_t NewSize                                  = 34603008                                  {product} {ergonomic}
    uintx NonNMethodCodeHeapSize                   = 5839372                                {pd product} {ergonomic}
    uintx NonProfiledCodeHeapSize                  = 122909434                              {pd product} {ergonomic}
   size_t OldSize                                  = 70254592                                  {product} {ergonomic}
    uintx ProfiledCodeHeapSize                     = 122909434                              {pd product} {ergonomic}
    uintx ReservedCodeCacheSize                    = 251658240                              {pd product} {ergonomic}
     bool SegmentedCodeCache                       = true                                      {product} {ergonomic}
   size_t SoftMaxHeapSize                          = 2147483648                             {manageable} {ergonomic}
     bool UseCompressedOops                        = true                           {product lp64_product} {ergonomic}
     bool UseLargePagesIndividualAllocation        = false                                  {pd product} {ergonomic}
     bool UseParallelGC                            = true                                      {product} {command line}

Logging:
Log output configuration:
 #0: stdout all=off uptime,level,tags foldmultilines=false
 #1: stderr all=off uptime,level,tags foldmultilines=false

Release file:
JAVA_VERSION="21.0.10" 
MODULES="java.base java.compiler java.datatransfer java.xml java.prefs java.desktop java.instrument java.logging java.management java.security.sasl java.naming java.rmi java.management.rmi java.net.http java.scripting java.security.jgss java.transaction.xa java.sql java.sql.rowset java.xml.crypto java.se java.smartcardio jdk.accessibility jdk.internal.jvmstat jdk.attach jdk.charsets jdk.internal.opt jdk.zipfs jdk.compiler jdk.crypto.ec jdk.crypto.cryptoki jdk.crypto.mscapi jdk.dynalink jdk.internal.ed jdk.editpad jdk.hotspot.agent jdk.httpserver jdk.internal.le jdk.internal.vm.ci jdk.internal.vm.compiler jdk.internal.vm.compiler.management jdk.jartool jdk.javadoc jdk.jcmd jdk.management jdk.management.agent jdk.jconsole jdk.jdeps jdk.jdwp.agent jdk.jdi jdk.jfr jdk.jshell jdk.jsobject jdk.jstatd jdk.localedata jdk.management.jfr jdk.naming.dns jdk.naming.rmi jdk.net jdk.nio.mapmode jdk.random jdk.sctp jdk.security.auth jdk.security.jgss jdk.unsupported jdk.unsupported.desktop jdk.xml.dom" 

Environment Variables:
JAVA_HOME=C:\Program Files\Microsoft\jdk-21.0.11.10-hotspot\
PATH=C:\Program Files\Microsoft\jdk-21.0.11.10-hotspot\bin;C:\Program Files (x86)\Common Files\Oracle\Java\java8path;C:\Program Files (x86)\Common Files\Oracle\Java\javapath;C:\Program Files\Microsoft MPI\Bin\;C:\WINDOWS\system32;C:\WINDOWS;C:\WINDOWS\System32\Wbem;C:\WINDOWS\System32\WindowsPowerShell\v1.0\;C:\WINDOWS\System32\OpenSSH\;C:\Program Files\dotnet\;C:\msys64\ucrt64\bin;C:\Program Files (x86)\Windows Kits\10\Windows Performance Toolkit\;C:\Program Files (x86)\Microsoft SQL Server\160\Tools\Binn\;C:\Program Files\Microsoft SQL Server\160\Tools\Binn\;C:\Program Files\Microsoft SQL Server\Client SDK\ODBC\170\Tools\Binn\;C:\Program Files\Microsoft SQL Server\160\DTS\Binn\;C:\Program Files (x86)\Microsoft SQL Server\160\DTS\Binn\;C:\Program Files\Microsoft SQL Server\170\DTS\Binn\;C:\Program Files\Git\cmd;C:\WINDOWS\system32\config\systemprofile\AppData\Local\Muse Hub\lib;C:\Program Files\PuTTY\;C:\Program Files\nodejs\;C:\Program Files\Void\bin;C:\Program Files\Docker\Docker\resources\bin;C:\Program Files\MySQL\MySQL Shell 8.0\bin\;C:\Users\DELL\AppData\Local\Programs\Python\Python310\Scripts\;C:\Users\DELL\AppData\Local\Programs\Python\Python310\;C:\Users\DELL\AppData\Local\Microsoft\WindowsApps;C:\Users\DELL\.dotnet\tools;C:\Users\DELL\AppData\Local\Programs\Microsoft VS Code\bin;C:\Users\DELL\AppData\Local\Pandoc\;C:\Users\DELL\AppData\Roaming\npm;C:\Program Files\MySQL\MySQL Server 8.0\bin;C:\Users\DELL\AppData\Local\Programs\cursor\resources\app\bin;C:\Users\DELL\AppData\Local\Programs\Antigravity\bin;C:\Users\DELL\AppData\Local\Microsoft\WindowsApps;C:\Program Files\Microsoft\jdk-21.0.11.10-hotspot\\bin;
USERNAME=DELL
OS=Windows_NT
PROCESSOR_IDENTIFIER=Intel64 Family 6 Model 154 Stepping 4, GenuineIntel
TMP=C:\Users\DELL\AppData\Local\Temp
TEMP=C:\Users\DELL\AppData\Local\Temp




Periodic native trim disabled

---------------  S Y S T E M  ---------------

OS:
 Windows 11 , 64 bit Build 26100 (10.0.26100.8328)
OS uptime: 0 days 4:40 hours

CPU: total 12 (initial active 12) (12 cores per cpu, 1 threads per core) family 6 model 154 stepping 4 microcode 0x43b, cx8, cmov, fxsr, mmx, 3dnowpref, sse, sse2, sse3, ssse3, sse4.1, sse4.2, popcnt, lzcnt, tsc, tscinvbit, avx, avx2, aes, erms, clmul, bmi1, bmi2, adx, sha, fma, vzeroupper, clflush, clflushopt, clwb, serialize, rdtscp, rdpid, fsrm, f16c, pku, cet_ibt, cet_ss
Processor Information for the first 12 processors :
  Max Mhz: 1300, Current Mhz: 1300, Mhz Limit: 1300

Memory: 4k page, system-wide physical 16068M (745M free)
TotalPageFile size 31428M (AvailPageFile size 5M)
current process WorkingSet (physical memory assigned to process): 140M, peak: 140M
current process commit charge ("private bytes"): 285M, peak: 286M

vm_info: OpenJDK 64-Bit Server VM (21.0.10+7-LTS) for windows-amd64 JRE (21.0.10+7-LTS), built on 2026-01-20T00:00:00Z by "admin" with MS VC++ 17.12 (VS2022)

END.
